#
# There is insufficient memory for the Java Runtime Environment to continue.
# Native memory allocation (malloc) failed to allocate 159216 bytes. Error detail: Chunk::new
# Possible reasons:
#   The system is out of physical RAM or swap space
#   This process is running with CompressedOops enabled, and the Java Heap may be blocking the growth of the native heap
# Possible solutions:
#   Reduce memory load on the system
#   Increase physical memory or swap space
#   Check if swap backing store is full
#   Decrease Java heap size (-Xmx/-Xms)
#   Decrease number of Java threads
#   Decrease Java thread stack sizes (-Xss)
#   Set larger code cache with -XX:ReservedCodeCacheSize=
#   JVM is running with Unscaled Compressed Oops mode in which the Java heap is
#     placed in the first 4GB address space. The Java Heap base address is the
#     maximum limit for the native heap growth. Please use -XX:HeapBaseMinAddress
#     to set the Java Heap base and to place the Java Heap above 4GB virtual address.
# This output file may be truncated or incomplete.
#
#  Out of Memory Error (arena.cpp:168), pid=14092, tid=36404
#
# JRE version: OpenJDK Runtime Environment Temurin-21.0.12.1+1 (21.0.12.1+1) (build 21.0.12.1+1-LTS)
# Java VM: OpenJDK 64-Bit Server VM Temurin-21.0.12.1+1 (21.0.12.1+1-LTS, mixed mode, sharing, tiered, compressed oops, compressed class ptrs, g1 gc, windows-amd64)
# No core dump will be written. Minidumps are not enabled by default on client versions of Windows
#

---------------  S U M M A R Y ------------

Command Line: -Dfile.encoding=UTF-8 --add-opens=java.base/java.lang=ALL-UNNAMED --add-opens=java.base/java.lang.invoke=ALL-UNNAMED --add-opens=java.base/java.util=ALL-UNNAMED --add-opens=java.prefs/java.util.prefs=ALL-UNNAMED --add-exports=jdk.compiler/com.sun.tools.javac.api=ALL-UNNAMED --add-exports=jdk.compiler/com.sun.tools.javac.util=ALL-UNNAMED --add-opens=java.base/java.nio.charset=ALL-UNNAMED --add-opens=java.base/java.net=ALL-UNNAMED --add-opens=java.base/java.util.concurrent=ALL-UNNAMED --add-opens=java.base/java.util.concurrent.atomic=ALL-UNNAMED --add-opens=java.xml/javax.xml.namespace=ALL-UNNAMED --add-opens=java.base/java.time=ALL-UNNAMED -XX:MaxMetaspaceSize=384m -XX:+HeapDumpOnOutOfMemoryError -Xms256m -Xmx512m -Dfile.encoding=UTF-8 -Duser.country=KR -Duser.language=ko -Duser.variant -javaagent:C:\Users\harry\.gradle\wrapper\dists\gradle-9.7.1-bin\1w1c7tv4s851m17nbqdsro2tv\gradle-9.7.1\lib\agents\gradle-instrumentation-agent-9.7.1.jar org.gradle.launcher.daemon.bootstrap.GradleDaemon 9.7.1

Host: 13th Gen Intel(R) Core(TM) i5-1335U, 12 cores, 15G,  Windows 11 , 64 bit Build 26100 (10.0.26100.9444)
Time: Wed Sep 16 10:38:36 2026 elapsed time: 213.011980 seconds (0d 0h 3m 33s)

---------------  T H R E A D  ---------------

Current thread (0x0000024c9a96ece0):  JavaThread "C2 CompilerThread0" daemon [_thread_in_native, id=36404, stack(0x000000c2ee700000,0x000000c2ee800000) (1024K)]


Current CompileTask:
C2:213014 4992       4       java.util.HashMap::put (13 bytes)

Stack: [0x000000c2ee700000,0x000000c2ee800000]
Native frames: (J=compiled Java code, j=interpreted, Vv=VM code, C=native code)
V  [jvm.dll+0x6d83e9]
V  [jvm.dll+0x8b5736]
V  [jvm.dll+0x8b7cee]
V  [jvm.dll+0x8b83d3]
V  [jvm.dll+0x284596]
V  [jvm.dll+0xc685d]
V  [jvm.dll+0xc6da1]
V  [jvm.dll+0x3bf151]
V  [jvm.dll+0x38b6d2]
V  [jvm.dll+0x38ab1a]
V  [jvm.dll+0x24c700]
V  [jvm.dll+0x24bce0]
V  [jvm.dll+0x1cb4ae]
V  [jvm.dll+0x25baad]
V  [jvm.dll+0x25a03a]
V  [jvm.dll+0x3f8aae]
V  [jvm.dll+0x8600cd]
V  [jvm.dll+0x6d6c1d]
C  [ucrtbase.dll+0x2cd30]
C  [KERNEL32.DLL+0x2cd87]
C  [ntdll.dll+0xacaec]


---------------  P R O C E S S  ---------------

Threads class SMR info:
_java_thread_list=0x0000024cb89b5c70, length=37, elements={
0x0000024c82928620, 0x0000024c9a964f10, 0x0000024c9a966790, 0x0000024c9a96c030,
0x0000024c9a96ca90, 0x0000024c9a96d4f0, 0x0000024c9a96df50, 0x0000024c9a96ece0,
0x0000024c9a9704a0, 0x0000024c9ab3a530, 0x0000024c9ac919a0, 0x0000024cb5ffb530,
0x0000024cb5c854f0, 0x0000024cb54ee0a0, 0x0000024cb5fd6ba0, 0x0000024cb541f3f0,
0x0000024cb5eb7600, 0x0000024cb4e260d0, 0x0000024cb4e28830, 0x0000024cb4e253b0,
0x0000024cb4e281a0, 0x0000024cb4e25a40, 0x0000024cb4e27480, 0x0000024cb4e26760,
0x0000024cb6b24ea0, 0x0000024cb6b25530, 0x0000024cb6b220b0, 0x0000024cb6b22740,
0x0000024cb6b268e0, 0x0000024cb6b23460, 0x0000024cb6b23af0, 0x0000024cb6b26f70,
0x0000024cb6b24180, 0x0000024cb6b289b0, 0x0000024cb6b29040, 0x0000024cb6b296d0,
0x0000024cb6b28320
}

Java Threads: ( => current thread )
  0x0000024c82928620 JavaThread "main"                              [_thread_blocked, id=20696, stack(0x000000c2ed900000,0x000000c2eda00000) (1024K)]
  0x0000024c9a964f10 JavaThread "Reference Handler"          daemon [_thread_blocked, id=3504, stack(0x000000c2ee100000,0x000000c2ee200000) (1024K)]
  0x0000024c9a966790 JavaThread "Finalizer"                  daemon [_thread_blocked, id=16092, stack(0x000000c2ee200000,0x000000c2ee300000) (1024K)]
  0x0000024c9a96c030 JavaThread "Signal Dispatcher"          daemon [_thread_blocked, id=18812, stack(0x000000c2ee300000,0x000000c2ee400000) (1024K)]
  0x0000024c9a96ca90 JavaThread "Attach Listener"            daemon [_thread_blocked, id=27680, stack(0x000000c2ee400000,0x000000c2ee500000) (1024K)]
  0x0000024c9a96d4f0 JavaThread "Service Thread"             daemon [_thread_blocked, id=24788, stack(0x000000c2ee500000,0x000000c2ee600000) (1024K)]
  0x0000024c9a96df50 JavaThread "Monitor Deflation Thread"   daemon [_thread_blocked, id=32036, stack(0x000000c2ee600000,0x000000c2ee700000) (1024K)]
=>0x0000024c9a96ece0 JavaThread "C2 CompilerThread0"         daemon [_thread_in_native, id=36404, stack(0x000000c2ee700000,0x000000c2ee800000) (1024K)]
  0x0000024c9a9704a0 JavaThread "C1 CompilerThread0"         daemon [_thread_blocked, id=39592, stack(0x000000c2ee800000,0x000000c2ee900000) (1024K)]
  0x0000024c9ab3a530 JavaThread "Common-Cleaner"             daemon [_thread_blocked, id=29848, stack(0x000000c2ee900000,0x000000c2eea00000) (1024K)]
  0x0000024c9ac919a0 JavaThread "Notification Thread"        daemon [_thread_blocked, id=9588, stack(0x000000c2eea00000,0x000000c2eeb00000) (1024K)]
  0x0000024cb5ffb530 JavaThread "Daemon health stats"               [_thread_blocked, id=34412, stack(0x000000c2ef000000,0x000000c2ef100000) (1024K)]
  0x0000024cb5c854f0 JavaThread "Incoming local TCP Connector on port 52318"        [_thread_in_native, id=41464, stack(0x000000c2ef100000,0x000000c2ef200000) (1024K)]
  0x0000024cb54ee0a0 JavaThread "Daemon periodic checks"            [_thread_in_native, id=51360, stack(0x000000c2ef200000,0x000000c2ef300000) (1024K)]
  0x0000024cb5fd6ba0 JavaThread "Daemon"                            [_thread_blocked, id=45628, stack(0x000000c2ef300000,0x000000c2ef400000) (1024K)]
  0x0000024cb541f3f0 JavaThread "Handler for socket connection from /127.0.0.1:52318 to /127.0.0.1:59885"        [_thread_in_native, id=18604, stack(0x000000c2ef400000,0x000000c2ef500000) (1024K)]
  0x0000024cb5eb7600 JavaThread "Cancel handler"                    [_thread_blocked, id=41912, stack(0x000000c2ef500000,0x000000c2ef600000) (1024K)]
  0x0000024cb4e260d0 JavaThread "Daemon worker"                     [_thread_in_vm, id=34516, stack(0x000000c2ef600000,0x000000c2ef700000) (1024K)]
  0x0000024cb4e28830 JavaThread "Asynchronous log dispatcher for DefaultDaemonConnection: socket connection from /127.0.0.1:52318 to /127.0.0.1:59885"        [_thread_blocked, id=11004, stack(0x000000c2ef700000,0x000000c2ef800000) (1024K)]
  0x0000024cb4e253b0 JavaThread "Stdin handler"                     [_thread_blocked, id=31448, stack(0x000000c2ef800000,0x000000c2ef900000) (1024K)]
  0x0000024cb4e281a0 JavaThread "Daemon client event forwarder"        [_thread_blocked, id=49852, stack(0x000000c2ef900000,0x000000c2efa00000) (1024K)]
  0x0000024cb4e25a40 JavaThread "Cache worker for journal cache (C:\Users\harry\.gradle\caches\journal-1)"        [_thread_blocked, id=19968, stack(0x000000c2efa00000,0x000000c2efb00000) (1024K)]
  0x0000024cb4e27480 JavaThread "File lock request listener"        [_thread_in_native, id=43492, stack(0x000000c2efb00000,0x000000c2efc00000) (1024K)]
  0x0000024cb4e26760 JavaThread "Cache worker for file hash cache (C:\Users\harry\.gradle\caches\9.7.1\fileHashes)"        [_thread_blocked, id=21200, stack(0x000000c2efd00000,0x000000c2efe00000) (1024K)]
  0x0000024cb6b24ea0 JavaThread "Cache worker for file hash cache (C:\Users\harry\Desktop\KDT_2026\2026B_Spring\demo\.gradle\9.7.1\fileHashes)"        [_thread_blocked, id=49096, stack(0x000000c2f0200000,0x000000c2f0300000) (1024K)]
  0x0000024cb6b25530 JavaThread "Cache worker for Build Output Cleanup Cache (C:\Users\harry\Desktop\KDT_2026\2026B_Spring\demo\.gradle\buildOutputCleanup)"        [_thread_blocked, id=49836, stack(0x000000c2f0500000,0x000000c2f0600000) (1024K)]
  0x0000024cb6b220b0 JavaThread "File watcher server"        daemon [_thread_in_native, id=41140, stack(0x000000c2f0600000,0x000000c2f0700000) (1024K)]
  0x0000024cb6b22740 JavaThread "File watcher consumer"      daemon [_thread_blocked, id=4748, stack(0x000000c2f0700000,0x000000c2f0800000) (1024K)]
  0x0000024cb6b268e0 JavaThread "Cache worker for file content cache (C:\Users\harry\.gradle\caches\9.7.1\fileContent)"        [_thread_blocked, id=2976, stack(0x000000c2f0800000,0x000000c2f0900000) (1024K)]
  0x0000024cb6b23460 JavaThread "Cache worker for checksums cache (C:\Users\harry\Desktop\KDT_2026\2026B_Spring\demo\.gradle\9.7.1\checksums)"        [_thread_blocked, id=21776, stack(0x000000c2f0a00000,0x000000c2f0b00000) (1024K)]
  0x0000024cb6b23af0 JavaThread "Cache worker for cache directory md-supplier (C:\Users\harry\.gradle\caches\9.7.1\md-supplier)"        [_thread_blocked, id=18200, stack(0x000000c2f0900000,0x000000c2f0a00000) (1024K)]
  0x0000024cb6b26f70 JavaThread "Cache worker for cache directory md-rule (C:\Users\harry\.gradle\caches\9.7.1\md-rule)"        [_thread_blocked, id=52556, stack(0x000000c2f0b00000,0x000000c2f0c00000) (1024K)]
  0x0000024cb6b24180 JavaThread "jar transforms"                    [_thread_blocked, id=25636, stack(0x000000c2f0c00000,0x000000c2f0d00000) (1024K)]
  0x0000024cb6b289b0 JavaThread "jar transforms Thread 2"           [_thread_blocked, id=17908, stack(0x000000c2ed700000,0x000000c2ed800000) (1024K)]
  0x0000024cb6b29040 JavaThread "File lock release action executor Thread 2"        [_thread_blocked, id=54392, stack(0x000000c2ed800000,0x000000c2ed900000) (1024K)]
  0x0000024cb6b296d0 JavaThread "jar transforms Thread 3"           [_thread_blocked, id=55532, stack(0x000000c2efc00000,0x000000c2efd00000) (1024K)]
  0x0000024cb6b28320 JavaThread "jar transforms Thread 4"           [_thread_blocked, id=30440, stack(0x000000c2f0d00000,0x000000c2f0e00000) (1024K)]
Total: 37

Other Threads:
  0x0000024c9a943e90 VMThread "VM Thread"                           [id=23184, stack(0x000000c2ee000000,0x000000c2ee100000) (1024K)]
  0x0000024c9a932b70 WatcherThread "VM Periodic Task Thread"        [id=47244, stack(0x000000c2edf00000,0x000000c2ee000000) (1024K)]
  0x0000024c82e3dd70 WorkerThread "GC Thread#0"                     [id=45400, stack(0x000000c2eda00000,0x000000c2edb00000) (1024K)]
  0x0000024cb4ac5b30 WorkerThread "GC Thread#1"                     [id=30864, stack(0x000000c2eeb00000,0x000000c2eec00000) (1024K)]
  0x0000024cb4aa1ff0 WorkerThread "GC Thread#2"                     [id=31872, stack(0x000000c2eec00000,0x000000c2eed00000) (1024K)]
  0x0000024cb4aa23a0 WorkerThread "GC Thread#3"                     [id=32780, stack(0x000000c2eed00000,0x000000c2eee00000) (1024K)]
  0x0000024cb4aa2750 WorkerThread "GC Thread#4"                     [id=2344, stack(0x000000c2eee00000,0x000000c2eef00000) (1024K)]
  0x0000024cb4aa2b00 WorkerThread "GC Thread#5"                     [id=15984, stack(0x000000c2eef00000,0x000000c2ef000000) (1024K)]
  0x0000024cb4e49ee0 WorkerThread "GC Thread#6"                     [id=41516, stack(0x000000c2efe00000,0x000000c2eff00000) (1024K)]
  0x0000024cb4e48510 WorkerThread "GC Thread#7"                     [id=46572, stack(0x000000c2eff00000,0x000000c2f0000000) (1024K)]
  0x0000024cb4e48c70 WorkerThread "GC Thread#8"                     [id=41484, stack(0x000000c2f0000000,0x000000c2f0100000) (1024K)]
  0x0000024cb4e493d0 WorkerThread "GC Thread#9"                     [id=25632, stack(0x000000c2f0100000,0x000000c2f0200000) (1024K)]
  0x0000024c82e42c70 ConcurrentGCThread "G1 Main Marker"            [id=21688, stack(0x000000c2edb00000,0x000000c2edc00000) (1024K)]
  0x0000024c82e43690 WorkerThread "G1 Conc#0"                       [id=15920, stack(0x000000c2edc00000,0x000000c2edd00000) (1024K)]
  0x0000024cb7f75ef0 WorkerThread "G1 Conc#1"                       [id=25848, stack(0x000000c2f0300000,0x000000c2f0400000) (1024K)]
  0x0000024cb7f762a0 WorkerThread "G1 Conc#2"                       [id=40076, stack(0x000000c2f0400000,0x000000c2f0500000) (1024K)]
  0x0000024c9a7fea40 ConcurrentGCThread "G1 Refine#0"               [id=45864, stack(0x000000c2edd00000,0x000000c2ede00000) (1024K)]
  0x0000024c9a7ff270 ConcurrentGCThread "G1 Service"                [id=51872, stack(0x000000c2ede00000,0x000000c2edf00000) (1024K)]
Total: 18

Threads with active compile tasks:
C2 CompilerThread0  218062 4992       4       java.util.HashMap::put (13 bytes)
Total: 1

VM state: not at safepoint (normal execution)

VM Mutex/Monitor currently owned by a thread: None

Heap address: 0x00000000e0000000, size: 512 MB, Compressed Oops mode: 32-bit

CDS archive(s) mapped at: [0x0000024c9b000000-0x0000024c9bba0000-0x0000024c9bba0000), size 12189696, SharedBaseAddress: 0x0000024c9b000000, ArchiveRelocationMode: 1.
Compressed class space mapped at: 0x0000024c9c000000-0x0000024cb0000000, reserved size: 335544320
Narrow klass base: 0x0000024c9b000000, Narrow klass shift: 0, Narrow klass range: 0x100000000

GC Precious Log:
 CardTable entry size: 512
 Card Set container configuration: InlinePtr #cards 5 size 8 Array Of Cards #cards 12 size 40 Howl #buckets 4 coarsen threshold 1843 Howl Bitmap #cards 512 size 80 coarsen threshold 460 Card regions per heap region 1 cards per card region 2048
 CPUs: 12 total, 12 available
 Memory: 16067M
 Large Page Support: Disabled
 NUMA Support: Disabled
 Compressed Oops: Enabled (32-bit)
 Heap Region Size: 1M
 Heap Min Capacity: 256M
 Heap Initial Capacity: 256M
 Heap Max Capacity: 512M
 Pre-touch: Disabled
 Parallel Workers: 10
 Concurrent Workers: 3
 Concurrent Refinement Workers: 10
 Periodic GC: Disabled

Heap:
 garbage-first heap   total 262144K, used 43910K [0x00000000e0000000, 0x0000000100000000)
  region size 1024K, 12 young (12288K), 2 survivors (2048K)
 Metaspace       used 39302K, committed 40896K, reserved 393216K
  class space    used 5853K, committed 6656K, reserved 327680K

Heap Regions: E=young(eden), S=young(survivor), O=old, HS=humongous(starts), HC=humongous(continues), CS=collection set, F=free, TAMS=top-at-mark-start, PB=parsable bottom
|   0|0x00000000e0000000, 0x00000000e0100000, 0x00000000e0100000|100%|HS|  |TAMS 0x00000000e0000000| PB 0x00000000e0000000| Complete 
|   1|0x00000000e0100000, 0x00000000e0200000, 0x00000000e0200000|100%|HC|  |TAMS 0x00000000e0100000| PB 0x00000000e0100000| Complete 
|   2|0x00000000e0200000, 0x00000000e0300000, 0x00000000e0300000|100%|HC|  |TAMS 0x00000000e0200000| PB 0x00000000e0200000| Complete 
|   3|0x00000000e0300000, 0x00000000e0400000, 0x00000000e0400000|100%|HC|  |TAMS 0x00000000e0300000| PB 0x00000000e0300000| Complete 
|   4|0x00000000e0400000, 0x00000000e0500000, 0x00000000e0500000|100%| O|  |TAMS 0x00000000e0400000| PB 0x00000000e0400000| Untracked 
|   5|0x00000000e0500000, 0x00000000e0600000, 0x00000000e0600000|100%| O|  |TAMS 0x00000000e0500000| PB 0x00000000e0500000| Untracked 
|   6|0x00000000e0600000, 0x00000000e0700000, 0x00000000e0700000|100%| O|  |TAMS 0x00000000e0600000| PB 0x00000000e0600000| Untracked 
|   7|0x00000000e0700000, 0x00000000e0800000, 0x00000000e0800000|100%| O|  |TAMS 0x00000000e0700000| PB 0x00000000e0700000| Untracked 
|   8|0x00000000e0800000, 0x00000000e0900000, 0x00000000e0900000|100%| O|  |TAMS 0x00000000e0800000| PB 0x00000000e0800000| Untracked 
|   9|0x00000000e0900000, 0x00000000e0a00000, 0x00000000e0a00000|100%| O|  |TAMS 0x00000000e0900000| PB 0x00000000e0900000| Untracked 
|  10|0x00000000e0a00000, 0x00000000e0b00000, 0x00000000e0b00000|100%| O|  |TAMS 0x00000000e0a00000| PB 0x00000000e0a00000| Untracked 
|  11|0x00000000e0b00000, 0x00000000e0c00000, 0x00000000e0c00000|100%|HS|  |TAMS 0x00000000e0b00000| PB 0x00000000e0b00000| Complete 
|  12|0x00000000e0c00000, 0x00000000e0d00000, 0x00000000e0d00000|100%| O|  |TAMS 0x00000000e0c00000| PB 0x00000000e0c00000| Untracked 
|  13|0x00000000e0d00000, 0x00000000e0e00000, 0x00000000e0e00000|100%| O|  |TAMS 0x00000000e0d00000| PB 0x00000000e0d00000| Untracked 
|  14|0x00000000e0e00000, 0x00000000e0f00000, 0x00000000e0f00000|100%| O|  |TAMS 0x00000000e0e00000| PB 0x00000000e0e00000| Untracked 
|  15|0x00000000e0f00000, 0x00000000e1000000, 0x00000000e1000000|100%| O|  |TAMS 0x00000000e0f00000| PB 0x00000000e0f00000| Untracked 
|  16|0x00000000e1000000, 0x00000000e1100000, 0x00000000e1100000|100%| O|  |TAMS 0x00000000e1000000| PB 0x00000000e1000000| Untracked 
|  17|0x00000000e1100000, 0x00000000e1200000, 0x00000000e1200000|100%| O|  |TAMS 0x00000000e1100000| PB 0x00000000e1100000| Untracked 
|  18|0x00000000e1200000, 0x00000000e1300000, 0x00000000e1300000|100%| O|  |TAMS 0x00000000e1200000| PB 0x00000000e1200000| Untracked 
|  19|0x00000000e1300000, 0x00000000e1400000, 0x00000000e1400000|100%| O|  |TAMS 0x00000000e1300000| PB 0x00000000e1300000| Untracked 
|  20|0x00000000e1400000, 0x00000000e1500000, 0x00000000e1500000|100%| O|  |TAMS 0x00000000e1400000| PB 0x00000000e1400000| Untracked 
|  21|0x00000000e1500000, 0x00000000e1600000, 0x00000000e1600000|100%| O|  |TAMS 0x00000000e1500000| PB 0x00000000e1500000| Untracked 
|  22|0x00000000e1600000, 0x00000000e1700000, 0x00000000e1700000|100%| O|  |TAMS 0x00000000e1600000| PB 0x00000000e1600000| Untracked 
|  23|0x00000000e1700000, 0x00000000e1800000, 0x00000000e1800000|100%| O|  |TAMS 0x00000000e1700000| PB 0x00000000e1700000| Untracked 
|  24|0x00000000e1800000, 0x00000000e1900000, 0x00000000e1900000|100%| O|  |TAMS 0x00000000e1800000| PB 0x00000000e1800000| Untracked 
|  25|0x00000000e1900000, 0x00000000e1a00000, 0x00000000e1a00000|100%| O|  |TAMS 0x00000000e1900000| PB 0x00000000e1900000| Untracked 
|  26|0x00000000e1a00000, 0x00000000e1b00000, 0x00000000e1b00000|100%| O|  |TAMS 0x00000000e1a00000| PB 0x00000000e1a00000| Untracked 
|  27|0x00000000e1b00000, 0x00000000e1c00000, 0x00000000e1c00000|100%| O|  |TAMS 0x00000000e1b00000| PB 0x00000000e1b00000| Untracked 
|  28|0x00000000e1c00000, 0x00000000e1d00000, 0x00000000e1d00000|100%| O|  |TAMS 0x00000000e1c00000| PB 0x00000000e1c00000| Untracked 
|  29|0x00000000e1d00000, 0x00000000e1e00000, 0x00000000e1e00000|100%| O|  |TAMS 0x00000000e1d00000| PB 0x00000000e1d00000| Untracked 
|  30|0x00000000e1e00000, 0x00000000e1f00000, 0x00000000e1f00000|100%| O|  |TAMS 0x00000000e1e00000| PB 0x00000000e1e00000| Untracked 
|  31|0x00000000e1f00000, 0x00000000e2000000, 0x00000000e2000000|100%| O|  |TAMS 0x00000000e1f00000| PB 0x00000000e1f00000| Untracked 
|  32|0x00000000e2000000, 0x00000000e2000000, 0x00000000e2100000|  0%| F|  |TAMS 0x00000000e2000000| PB 0x00000000e2000000| Untracked 
|  33|0x00000000e2100000, 0x00000000e2100000, 0x00000000e2200000|  0%| F|  |TAMS 0x00000000e2100000| PB 0x00000000e2100000| Untracked 
|  34|0x00000000e2200000, 0x00000000e2200000, 0x00000000e2300000|  0%| F|  |TAMS 0x00000000e2200000| PB 0x00000000e2200000| Untracked 
|  35|0x00000000e2300000, 0x00000000e2300000, 0x00000000e2400000|  0%| F|  |TAMS 0x00000000e2300000| PB 0x00000000e2300000| Untracked 
|  36|0x00000000e2400000, 0x00000000e2400000, 0x00000000e2500000|  0%| F|  |TAMS 0x00000000e2400000| PB 0x00000000e2400000| Untracked 
|  37|0x00000000e2500000, 0x00000000e2500000, 0x00000000e2600000|  0%| F|  |TAMS 0x00000000e2500000| PB 0x00000000e2500000| Untracked 
|  38|0x00000000e2600000, 0x00000000e2600000, 0x00000000e2700000|  0%| F|  |TAMS 0x00000000e2600000| PB 0x00000000e2600000| Untracked 
|  39|0x00000000e2700000, 0x00000000e2700000, 0x00000000e2800000|  0%| F|  |TAMS 0x00000000e2700000| PB 0x00000000e2700000| Untracked 
|  40|0x00000000e2800000, 0x00000000e2800000, 0x00000000e2900000|  0%| F|  |TAMS 0x00000000e2800000| PB 0x00000000e2800000| Untracked 
|  41|0x00000000e2900000, 0x00000000e2900000, 0x00000000e2a00000|  0%| F|  |TAMS 0x00000000e2900000| PB 0x00000000e2900000| Untracked 
|  42|0x00000000e2a00000, 0x00000000e2a00000, 0x00000000e2b00000|  0%| F|  |TAMS 0x00000000e2a00000| PB 0x00000000e2a00000| Untracked 
|  43|0x00000000e2b00000, 0x00000000e2b00000, 0x00000000e2c00000|  0%| F|  |TAMS 0x00000000e2b00000| PB 0x00000000e2b00000| Untracked 
|  44|0x00000000e2c00000, 0x00000000e2c00000, 0x00000000e2d00000|  0%| F|  |TAMS 0x00000000e2c00000| PB 0x00000000e2c00000| Untracked 
|  45|0x00000000e2d00000, 0x00000000e2d00000, 0x00000000e2e00000|  0%| F|  |TAMS 0x00000000e2d00000| PB 0x00000000e2d00000| Untracked 
|  46|0x00000000e2e00000, 0x00000000e2e00000, 0x00000000e2f00000|  0%| F|  |TAMS 0x00000000e2e00000| PB 0x00000000e2e00000| Untracked 
|  47|0x00000000e2f00000, 0x00000000e2f00000, 0x00000000e3000000|  0%| F|  |TAMS 0x00000000e2f00000| PB 0x00000000e2f00000| Untracked 
|  48|0x00000000e3000000, 0x00000000e3000000, 0x00000000e3100000|  0%| F|  |TAMS 0x00000000e3000000| PB 0x00000000e3000000| Untracked 
|  49|0x00000000e3100000, 0x00000000e3100000, 0x00000000e3200000|  0%| F|  |TAMS 0x00000000e3100000| PB 0x00000000e3100000| Untracked 
|  50|0x00000000e3200000, 0x00000000e3200000, 0x00000000e3300000|  0%| F|  |TAMS 0x00000000e3200000| PB 0x00000000e3200000| Untracked 
|  51|0x00000000e3300000, 0x00000000e3300000, 0x00000000e3400000|  0%| F|  |TAMS 0x00000000e3300000| PB 0x00000000e3300000| Untracked 
|  52|0x00000000e3400000, 0x00000000e3400000, 0x00000000e3500000|  0%| F|  |TAMS 0x00000000e3400000| PB 0x00000000e3400000| Untracked 
|  53|0x00000000e3500000, 0x00000000e3500000, 0x00000000e3600000|  0%| F|  |TAMS 0x00000000e3500000| PB 0x00000000e3500000| Untracked 
|  54|0x00000000e3600000, 0x00000000e3600000, 0x00000000e3700000|  0%| F|  |TAMS 0x00000000e3600000| PB 0x00000000e3600000| Untracked 
|  55|0x00000000e3700000, 0x00000000e3700000, 0x00000000e3800000|  0%| F|  |TAMS 0x00000000e3700000| PB 0x00000000e3700000| Untracked 
|  56|0x00000000e3800000, 0x00000000e3800000, 0x00000000e3900000|  0%| F|  |TAMS 0x00000000e3800000| PB 0x00000000e3800000| Untracked 
|  57|0x00000000e3900000, 0x00000000e3900000, 0x00000000e3a00000|  0%| F|  |TAMS 0x00000000e3900000| PB 0x00000000e3900000| Untracked 
|  58|0x00000000e3a00000, 0x00000000e3a00000, 0x00000000e3b00000|  0%| F|  |TAMS 0x00000000e3a00000| PB 0x00000000e3a00000| Untracked 
|  59|0x00000000e3b00000, 0x00000000e3b00000, 0x00000000e3c00000|  0%| F|  |TAMS 0x00000000e3b00000| PB 0x00000000e3b00000| Untracked 
|  60|0x00000000e3c00000, 0x00000000e3c00000, 0x00000000e3d00000|  0%| F|  |TAMS 0x00000000e3c00000| PB 0x00000000e3c00000| Untracked 
|  61|0x00000000e3d00000, 0x00000000e3d00000, 0x00000000e3e00000|  0%| F|  |TAMS 0x00000000e3d00000| PB 0x00000000e3d00000| Untracked 
|  62|0x00000000e3e00000, 0x00000000e3e00000, 0x00000000e3f00000|  0%| F|  |TAMS 0x00000000e3e00000| PB 0x00000000e3e00000| Untracked 
|  63|0x00000000e3f00000, 0x00000000e3f00000, 0x00000000e4000000|  0%| F|  |TAMS 0x00000000e3f00000| PB 0x00000000e3f00000| Untracked 
|  64|0x00000000e4000000, 0x00000000e4000000, 0x00000000e4100000|  0%| F|  |TAMS 0x00000000e4000000| PB 0x00000000e4000000| Untracked 
|  65|0x00000000e4100000, 0x00000000e4100000, 0x00000000e4200000|  0%| F|  |TAMS 0x00000000e4100000| PB 0x00000000e4100000| Untracked 
|  66|0x00000000e4200000, 0x00000000e4200000, 0x00000000e4300000|  0%| F|  |TAMS 0x00000000e4200000| PB 0x00000000e4200000| Untracked 
|  67|0x00000000e4300000, 0x00000000e4300000, 0x00000000e4400000|  0%| F|  |TAMS 0x00000000e4300000| PB 0x00000000e4300000| Untracked 
|  68|0x00000000e4400000, 0x00000000e4400000, 0x00000000e4500000|  0%| F|  |TAMS 0x00000000e4400000| PB 0x00000000e4400000| Untracked 
|  69|0x00000000e4500000, 0x00000000e4500000, 0x00000000e4600000|  0%| F|  |TAMS 0x00000000e4500000| PB 0x00000000e4500000| Untracked 
|  70|0x00000000e4600000, 0x00000000e4600000, 0x00000000e4700000|  0%| F|  |TAMS 0x00000000e4600000| PB 0x00000000e4600000| Untracked 
|  71|0x00000000e4700000, 0x00000000e4700000, 0x00000000e4800000|  0%| F|  |TAMS 0x00000000e4700000| PB 0x00000000e4700000| Untracked 
|  72|0x00000000e4800000, 0x00000000e4800000, 0x00000000e4900000|  0%| F|  |TAMS 0x00000000e4800000| PB 0x00000000e4800000| Untracked 
|  73|0x00000000e4900000, 0x00000000e4900000, 0x00000000e4a00000|  0%| F|  |TAMS 0x00000000e4900000| PB 0x00000000e4900000| Untracked 
|  74|0x00000000e4a00000, 0x00000000e4a00000, 0x00000000e4b00000|  0%| F|  |TAMS 0x00000000e4a00000| PB 0x00000000e4a00000| Untracked 
|  75|0x00000000e4b00000, 0x00000000e4b00000, 0x00000000e4c00000|  0%| F|  |TAMS 0x00000000e4b00000| PB 0x00000000e4b00000| Untracked 
|  76|0x00000000e4c00000, 0x00000000e4c00000, 0x00000000e4d00000|  0%| F|  |TAMS 0x00000000e4c00000| PB 0x00000000e4c00000| Untracked 
|  77|0x00000000e4d00000, 0x00000000e4d00000, 0x00000000e4e00000|  0%| F|  |TAMS 0x00000000e4d00000| PB 0x00000000e4d00000| Untracked 
|  78|0x00000000e4e00000, 0x00000000e4e00000, 0x00000000e4f00000|  0%| F|  |TAMS 0x00000000e4e00000| PB 0x00000000e4e00000| Untracked 
|  79|0x00000000e4f00000, 0x00000000e4f00000, 0x00000000e5000000|  0%| F|  |TAMS 0x00000000e4f00000| PB 0x00000000e4f00000| Untracked 
|  80|0x00000000e5000000, 0x00000000e5000000, 0x00000000e5100000|  0%| F|  |TAMS 0x00000000e5000000| PB 0x00000000e5000000| Untracked 
|  81|0x00000000e5100000, 0x00000000e5100000, 0x00000000e5200000|  0%| F|  |TAMS 0x00000000e5100000| PB 0x00000000e5100000| Untracked 
|  82|0x00000000e5200000, 0x00000000e5200000, 0x00000000e5300000|  0%| F|  |TAMS 0x00000000e5200000| PB 0x00000000e5200000| Untracked 
|  83|0x00000000e5300000, 0x00000000e5300000, 0x00000000e5400000|  0%| F|  |TAMS 0x00000000e5300000| PB 0x00000000e5300000| Untracked 
|  84|0x00000000e5400000, 0x00000000e5400000, 0x00000000e5500000|  0%| F|  |TAMS 0x00000000e5400000| PB 0x00000000e5400000| Untracked 
|  85|0x00000000e5500000, 0x00000000e5500000, 0x00000000e5600000|  0%| F|  |TAMS 0x00000000e5500000| PB 0x00000000e5500000| Untracked 
|  86|0x00000000e5600000, 0x00000000e5600000, 0x00000000e5700000|  0%| F|  |TAMS 0x00000000e5600000| PB 0x00000000e5600000| Untracked 
|  87|0x00000000e5700000, 0x00000000e5700000, 0x00000000e5800000|  0%| F|  |TAMS 0x00000000e5700000| PB 0x00000000e5700000| Untracked 
|  88|0x00000000e5800000, 0x00000000e5800000, 0x00000000e5900000|  0%| F|  |TAMS 0x00000000e5800000| PB 0x00000000e5800000| Untracked 
|  89|0x00000000e5900000, 0x00000000e5900000, 0x00000000e5a00000|  0%| F|  |TAMS 0x00000000e5900000| PB 0x00000000e5900000| Untracked 
|  90|0x00000000e5a00000, 0x00000000e5a00000, 0x00000000e5b00000|  0%| F|  |TAMS 0x00000000e5a00000| PB 0x00000000e5a00000| Untracked 
|  91|0x00000000e5b00000, 0x00000000e5b00000, 0x00000000e5c00000|  0%| F|  |TAMS 0x00000000e5b00000| PB 0x00000000e5b00000| Untracked 
|  92|0x00000000e5c00000, 0x00000000e5c00000, 0x00000000e5d00000|  0%| F|  |TAMS 0x00000000e5c00000| PB 0x00000000e5c00000| Untracked 
|  93|0x00000000e5d00000, 0x00000000e5d00000, 0x00000000e5e00000|  0%| F|  |TAMS 0x00000000e5d00000| PB 0x00000000e5d00000| Untracked 
|  94|0x00000000e5e00000, 0x00000000e5e00000, 0x00000000e5f00000|  0%| F|  |TAMS 0x00000000e5e00000| PB 0x00000000e5e00000| Untracked 
|  95|0x00000000e5f00000, 0x00000000e5f00000, 0x00000000e6000000|  0%| F|  |TAMS 0x00000000e5f00000| PB 0x00000000e5f00000| Untracked 
|  96|0x00000000e6000000, 0x00000000e6000000, 0x00000000e6100000|  0%| F|  |TAMS 0x00000000e6000000| PB 0x00000000e6000000| Untracked 
|  97|0x00000000e6100000, 0x00000000e6100000, 0x00000000e6200000|  0%| F|  |TAMS 0x00000000e6100000| PB 0x00000000e6100000| Untracked 
|  98|0x00000000e6200000, 0x00000000e6200000, 0x00000000e6300000|  0%| F|  |TAMS 0x00000000e6200000| PB 0x00000000e6200000| Untracked 
|  99|0x00000000e6300000, 0x00000000e6300000, 0x00000000e6400000|  0%| F|  |TAMS 0x00000000e6300000| PB 0x00000000e6300000| Untracked 
| 100|0x00000000e6400000, 0x00000000e6400000, 0x00000000e6500000|  0%| F|  |TAMS 0x00000000e6400000| PB 0x00000000e6400000| Untracked 
| 101|0x00000000e6500000, 0x00000000e6500000, 0x00000000e6600000|  0%| F|  |TAMS 0x00000000e6500000| PB 0x00000000e6500000| Untracked 
| 102|0x00000000e6600000, 0x00000000e6600000, 0x00000000e6700000|  0%| F|  |TAMS 0x00000000e6600000| PB 0x00000000e6600000| Untracked 
| 103|0x00000000e6700000, 0x00000000e6700000, 0x00000000e6800000|  0%| F|  |TAMS 0x00000000e6700000| PB 0x00000000e6700000| Untracked 
| 104|0x00000000e6800000, 0x00000000e6800000, 0x00000000e6900000|  0%| F|  |TAMS 0x00000000e6800000| PB 0x00000000e6800000| Untracked 
| 105|0x00000000e6900000, 0x00000000e6900000, 0x00000000e6a00000|  0%| F|  |TAMS 0x00000000e6900000| PB 0x00000000e6900000| Untracked 
| 106|0x00000000e6a00000, 0x00000000e6a00000, 0x00000000e6b00000|  0%| F|  |TAMS 0x00000000e6a00000| PB 0x00000000e6a00000| Untracked 
| 107|0x00000000e6b00000, 0x00000000e6b00000, 0x00000000e6c00000|  0%| F|  |TAMS 0x00000000e6b00000| PB 0x00000000e6b00000| Untracked 
| 108|0x00000000e6c00000, 0x00000000e6c00000, 0x00000000e6d00000|  0%| F|  |TAMS 0x00000000e6c00000| PB 0x00000000e6c00000| Untracked 
| 109|0x00000000e6d00000, 0x00000000e6d00000, 0x00000000e6e00000|  0%| F|  |TAMS 0x00000000e6d00000| PB 0x00000000e6d00000| Untracked 
| 110|0x00000000e6e00000, 0x00000000e6e00000, 0x00000000e6f00000|  0%| F|  |TAMS 0x00000000e6e00000| PB 0x00000000e6e00000| Untracked 
| 111|0x00000000e6f00000, 0x00000000e6f00000, 0x00000000e7000000|  0%| F|  |TAMS 0x00000000e6f00000| PB 0x00000000e6f00000| Untracked 
| 112|0x00000000e7000000, 0x00000000e7000000, 0x00000000e7100000|  0%| F|  |TAMS 0x00000000e7000000| PB 0x00000000e7000000| Untracked 
| 113|0x00000000e7100000, 0x00000000e7100000, 0x00000000e7200000|  0%| F|  |TAMS 0x00000000e7100000| PB 0x00000000e7100000| Untracked 
| 114|0x00000000e7200000, 0x00000000e7200000, 0x00000000e7300000|  0%| F|  |TAMS 0x00000000e7200000| PB 0x00000000e7200000| Untracked 
| 115|0x00000000e7300000, 0x00000000e7300000, 0x00000000e7400000|  0%| F|  |TAMS 0x00000000e7300000| PB 0x00000000e7300000| Untracked 
| 116|0x00000000e7400000, 0x00000000e7400000, 0x00000000e7500000|  0%| F|  |TAMS 0x00000000e7400000| PB 0x00000000e7400000| Untracked 
| 117|0x00000000e7500000, 0x00000000e7500000, 0x00000000e7600000|  0%| F|  |TAMS 0x00000000e7500000| PB 0x00000000e7500000| Untracked 
| 118|0x00000000e7600000, 0x00000000e7600000, 0x00000000e7700000|  0%| F|  |TAMS 0x00000000e7600000| PB 0x00000000e7600000| Untracked 
| 119|0x00000000e7700000, 0x00000000e7700000, 0x00000000e7800000|  0%| F|  |TAMS 0x00000000e7700000| PB 0x00000000e7700000| Untracked 
| 120|0x00000000e7800000, 0x00000000e7800000, 0x00000000e7900000|  0%| F|  |TAMS 0x00000000e7800000| PB 0x00000000e7800000| Untracked 
| 121|0x00000000e7900000, 0x00000000e7900000, 0x00000000e7a00000|  0%| F|  |TAMS 0x00000000e7900000| PB 0x00000000e7900000| Untracked 
| 122|0x00000000e7a00000, 0x00000000e7a00000, 0x00000000e7b00000|  0%| F|  |TAMS 0x00000000e7a00000| PB 0x00000000e7a00000| Untracked 
| 123|0x00000000e7b00000, 0x00000000e7b00000, 0x00000000e7c00000|  0%| F|  |TAMS 0x00000000e7b00000| PB 0x00000000e7b00000| Untracked 
| 124|0x00000000e7c00000, 0x00000000e7c00000, 0x00000000e7d00000|  0%| F|  |TAMS 0x00000000e7c00000| PB 0x00000000e7c00000| Untracked 
| 125|0x00000000e7d00000, 0x00000000e7d00000, 0x00000000e7e00000|  0%| F|  |TAMS 0x00000000e7d00000| PB 0x00000000e7d00000| Untracked 
| 126|0x00000000e7e00000, 0x00000000e7e00000, 0x00000000e7f00000|  0%| F|  |TAMS 0x00000000e7e00000| PB 0x00000000e7e00000| Untracked 
| 127|0x00000000e7f00000, 0x00000000e7f00000, 0x00000000e8000000|  0%| F|  |TAMS 0x00000000e7f00000| PB 0x00000000e7f00000| Untracked 
| 128|0x00000000e8000000, 0x00000000e8000000, 0x00000000e8100000|  0%| F|  |TAMS 0x00000000e8000000| PB 0x00000000e8000000| Untracked 
| 129|0x00000000e8100000, 0x00000000e8100000, 0x00000000e8200000|  0%| F|  |TAMS 0x00000000e8100000| PB 0x00000000e8100000| Untracked 
| 130|0x00000000e8200000, 0x00000000e8200000, 0x00000000e8300000|  0%| F|  |TAMS 0x00000000e8200000| PB 0x00000000e8200000| Untracked 
| 131|0x00000000e8300000, 0x00000000e8300000, 0x00000000e8400000|  0%| F|  |TAMS 0x00000000e8300000| PB 0x00000000e8300000| Untracked 
| 132|0x00000000e8400000, 0x00000000e8400000, 0x00000000e8500000|  0%| F|  |TAMS 0x00000000e8400000| PB 0x00000000e8400000| Untracked 
| 133|0x00000000e8500000, 0x00000000e8500000, 0x00000000e8600000|  0%| F|  |TAMS 0x00000000e8500000| PB 0x00000000e8500000| Untracked 
| 134|0x00000000e8600000, 0x00000000e8600000, 0x00000000e8700000|  0%| F|  |TAMS 0x00000000e8600000| PB 0x00000000e8600000| Untracked 
| 135|0x00000000e8700000, 0x00000000e8700000, 0x00000000e8800000|  0%| F|  |TAMS 0x00000000e8700000| PB 0x00000000e8700000| Untracked 
| 136|0x00000000e8800000, 0x00000000e8800000, 0x00000000e8900000|  0%| F|  |TAMS 0x00000000e8800000| PB 0x00000000e8800000| Untracked 
| 137|0x00000000e8900000, 0x00000000e8900000, 0x00000000e8a00000|  0%| F|  |TAMS 0x00000000e8900000| PB 0x00000000e8900000| Untracked 
| 138|0x00000000e8a00000, 0x00000000e8a00000, 0x00000000e8b00000|  0%| F|  |TAMS 0x00000000e8a00000| PB 0x00000000e8a00000| Untracked 
| 139|0x00000000e8b00000, 0x00000000e8b00000, 0x00000000e8c00000|  0%| F|  |TAMS 0x00000000e8b00000| PB 0x00000000e8b00000| Untracked 
| 140|0x00000000e8c00000, 0x00000000e8c00000, 0x00000000e8d00000|  0%| F|  |TAMS 0x00000000e8c00000| PB 0x00000000e8c00000| Untracked 
| 141|0x00000000e8d00000, 0x00000000e8d00000, 0x00000000e8e00000|  0%| F|  |TAMS 0x00000000e8d00000| PB 0x00000000e8d00000| Untracked 
| 142|0x00000000e8e00000, 0x00000000e8e00000, 0x00000000e8f00000|  0%| F|  |TAMS 0x00000000e8e00000| PB 0x00000000e8e00000| Untracked 
| 143|0x00000000e8f00000, 0x00000000e8f00000, 0x00000000e9000000|  0%| F|  |TAMS 0x00000000e8f00000| PB 0x00000000e8f00000| Untracked 
| 144|0x00000000e9000000, 0x00000000e9000000, 0x00000000e9100000|  0%| F|  |TAMS 0x00000000e9000000| PB 0x00000000e9000000| Untracked 
| 145|0x00000000e9100000, 0x00000000e9100000, 0x00000000e9200000|  0%| F|  |TAMS 0x00000000e9100000| PB 0x00000000e9100000| Untracked 
| 146|0x00000000e9200000, 0x00000000e9200000, 0x00000000e9300000|  0%| F|  |TAMS 0x00000000e9200000| PB 0x00000000e9200000| Untracked 
| 147|0x00000000e9300000, 0x00000000e9300000, 0x00000000e9400000|  0%| F|  |TAMS 0x00000000e9300000| PB 0x00000000e9300000| Untracked 
| 148|0x00000000e9400000, 0x00000000e9400000, 0x00000000e9500000|  0%| F|  |TAMS 0x00000000e9400000| PB 0x00000000e9400000| Untracked 
| 149|0x00000000e9500000, 0x00000000e9500000, 0x00000000e9600000|  0%| F|  |TAMS 0x00000000e9500000| PB 0x00000000e9500000| Untracked 
| 150|0x00000000e9600000, 0x00000000e9600000, 0x00000000e9700000|  0%| F|  |TAMS 0x00000000e9600000| PB 0x00000000e9600000| Untracked 
| 151|0x00000000e9700000, 0x00000000e9700000, 0x00000000e9800000|  0%| F|  |TAMS 0x00000000e9700000| PB 0x00000000e9700000| Untracked 
| 152|0x00000000e9800000, 0x00000000e9800000, 0x00000000e9900000|  0%| F|  |TAMS 0x00000000e9800000| PB 0x00000000e9800000| Untracked 
| 153|0x00000000e9900000, 0x00000000e9900000, 0x00000000e9a00000|  0%| F|  |TAMS 0x00000000e9900000| PB 0x00000000e9900000| Untracked 
| 154|0x00000000e9a00000, 0x00000000e9a00000, 0x00000000e9b00000|  0%| F|  |TAMS 0x00000000e9a00000| PB 0x00000000e9a00000| Untracked 
| 155|0x00000000e9b00000, 0x00000000e9b00000, 0x00000000e9c00000|  0%| F|  |TAMS 0x00000000e9b00000| PB 0x00000000e9b00000| Untracked 
| 156|0x00000000e9c00000, 0x00000000e9c00000, 0x00000000e9d00000|  0%| F|  |TAMS 0x00000000e9c00000| PB 0x00000000e9c00000| Untracked 
| 157|0x00000000e9d00000, 0x00000000e9d00000, 0x00000000e9e00000|  0%| F|  |TAMS 0x00000000e9d00000| PB 0x00000000e9d00000| Untracked 
| 158|0x00000000e9e00000, 0x00000000e9e00000, 0x00000000e9f00000|  0%| F|  |TAMS 0x00000000e9e00000| PB 0x00000000e9e00000| Untracked 
| 159|0x00000000e9f00000, 0x00000000e9f00000, 0x00000000ea000000|  0%| F|  |TAMS 0x00000000e9f00000| PB 0x00000000e9f00000| Untracked 
| 160|0x00000000ea000000, 0x00000000ea000000, 0x00000000ea100000|  0%| F|  |TAMS 0x00000000ea000000| PB 0x00000000ea000000| Untracked 
| 161|0x00000000ea100000, 0x00000000ea100000, 0x00000000ea200000|  0%| F|  |TAMS 0x00000000ea100000| PB 0x00000000ea100000| Untracked 
| 162|0x00000000ea200000, 0x00000000ea200000, 0x00000000ea300000|  0%| F|  |TAMS 0x00000000ea200000| PB 0x00000000ea200000| Untracked 
| 163|0x00000000ea300000, 0x00000000ea300000, 0x00000000ea400000|  0%| F|  |TAMS 0x00000000ea300000| PB 0x00000000ea300000| Untracked 
| 164|0x00000000ea400000, 0x00000000ea400000, 0x00000000ea500000|  0%| F|  |TAMS 0x00000000ea400000| PB 0x00000000ea400000| Untracked 
| 165|0x00000000ea500000, 0x00000000ea500000, 0x00000000ea600000|  0%| F|  |TAMS 0x00000000ea500000| PB 0x00000000ea500000| Untracked 
| 166|0x00000000ea600000, 0x00000000ea600000, 0x00000000ea700000|  0%| F|  |TAMS 0x00000000ea600000| PB 0x00000000ea600000| Untracked 
| 167|0x00000000ea700000, 0x00000000ea700000, 0x00000000ea800000|  0%| F|  |TAMS 0x00000000ea700000| PB 0x00000000ea700000| Untracked 
| 168|0x00000000ea800000, 0x00000000ea800000, 0x00000000ea900000|  0%| F|  |TAMS 0x00000000ea800000| PB 0x00000000ea800000| Untracked 
| 169|0x00000000ea900000, 0x00000000ea900000, 0x00000000eaa00000|  0%| F|  |TAMS 0x00000000ea900000| PB 0x00000000ea900000| Untracked 
| 170|0x00000000eaa00000, 0x00000000eaa00000, 0x00000000eab00000|  0%| F|  |TAMS 0x00000000eaa00000| PB 0x00000000eaa00000| Untracked 
| 171|0x00000000eab00000, 0x00000000eab00000, 0x00000000eac00000|  0%| F|  |TAMS 0x00000000eab00000| PB 0x00000000eab00000| Untracked 
| 172|0x00000000eac00000, 0x00000000eac00000, 0x00000000ead00000|  0%| F|  |TAMS 0x00000000eac00000| PB 0x00000000eac00000| Untracked 
| 173|0x00000000ead00000, 0x00000000ead00000, 0x00000000eae00000|  0%| F|  |TAMS 0x00000000ead00000| PB 0x00000000ead00000| Untracked 
| 174|0x00000000eae00000, 0x00000000eae00000, 0x00000000eaf00000|  0%| F|  |TAMS 0x00000000eae00000| PB 0x00000000eae00000| Untracked 
| 175|0x00000000eaf00000, 0x00000000eaf00000, 0x00000000eb000000|  0%| F|  |TAMS 0x00000000eaf00000| PB 0x00000000eaf00000| Untracked 
| 176|0x00000000eb000000, 0x00000000eb000000, 0x00000000eb100000|  0%| F|  |TAMS 0x00000000eb000000| PB 0x00000000eb000000| Untracked 
| 177|0x00000000eb100000, 0x00000000eb100000, 0x00000000eb200000|  0%| F|  |TAMS 0x00000000eb100000| PB 0x00000000eb100000| Untracked 
| 178|0x00000000eb200000, 0x00000000eb200000, 0x00000000eb300000|  0%| F|  |TAMS 0x00000000eb200000| PB 0x00000000eb200000| Untracked 
| 179|0x00000000eb300000, 0x00000000eb300000, 0x00000000eb400000|  0%| F|  |TAMS 0x00000000eb300000| PB 0x00000000eb300000| Untracked 
| 180|0x00000000eb400000, 0x00000000eb400000, 0x00000000eb500000|  0%| F|  |TAMS 0x00000000eb400000| PB 0x00000000eb400000| Untracked 
| 181|0x00000000eb500000, 0x00000000eb500000, 0x00000000eb600000|  0%| F|  |TAMS 0x00000000eb500000| PB 0x00000000eb500000| Untracked 
| 182|0x00000000eb600000, 0x00000000eb600000, 0x00000000eb700000|  0%| F|  |TAMS 0x00000000eb600000| PB 0x00000000eb600000| Untracked 
| 183|0x00000000eb700000, 0x00000000eb700000, 0x00000000eb800000|  0%| F|  |TAMS 0x00000000eb700000| PB 0x00000000eb700000| Untracked 
| 184|0x00000000eb800000, 0x00000000eb800000, 0x00000000eb900000|  0%| F|  |TAMS 0x00000000eb800000| PB 0x00000000eb800000| Untracked 
| 185|0x00000000eb900000, 0x00000000eb900000, 0x00000000eba00000|  0%| F|  |TAMS 0x00000000eb900000| PB 0x00000000eb900000| Untracked 
| 186|0x00000000eba00000, 0x00000000eba00000, 0x00000000ebb00000|  0%| F|  |TAMS 0x00000000eba00000| PB 0x00000000eba00000| Untracked 
| 187|0x00000000ebb00000, 0x00000000ebb00000, 0x00000000ebc00000|  0%| F|  |TAMS 0x00000000ebb00000| PB 0x00000000ebb00000| Untracked 
| 188|0x00000000ebc00000, 0x00000000ebc00000, 0x00000000ebd00000|  0%| F|  |TAMS 0x00000000ebc00000| PB 0x00000000ebc00000| Untracked 
| 189|0x00000000ebd00000, 0x00000000ebd00000, 0x00000000ebe00000|  0%| F|  |TAMS 0x00000000ebd00000| PB 0x00000000ebd00000| Untracked 
| 190|0x00000000ebe00000, 0x00000000ebe00000, 0x00000000ebf00000|  0%| F|  |TAMS 0x00000000ebe00000| PB 0x00000000ebe00000| Untracked 
| 191|0x00000000ebf00000, 0x00000000ebf00000, 0x00000000ec000000|  0%| F|  |TAMS 0x00000000ebf00000| PB 0x00000000ebf00000| Untracked 
| 192|0x00000000ec000000, 0x00000000ec000000, 0x00000000ec100000|  0%| F|  |TAMS 0x00000000ec000000| PB 0x00000000ec000000| Untracked 
| 193|0x00000000ec100000, 0x00000000ec100000, 0x00000000ec200000|  0%| F|  |TAMS 0x00000000ec100000| PB 0x00000000ec100000| Untracked 
| 194|0x00000000ec200000, 0x00000000ec200000, 0x00000000ec300000|  0%| F|  |TAMS 0x00000000ec200000| PB 0x00000000ec200000| Untracked 
| 195|0x00000000ec300000, 0x00000000ec300000, 0x00000000ec400000|  0%| F|  |TAMS 0x00000000ec300000| PB 0x00000000ec300000| Untracked 
| 196|0x00000000ec400000, 0x00000000ec400000, 0x00000000ec500000|  0%| F|  |TAMS 0x00000000ec400000| PB 0x00000000ec400000| Untracked 
| 197|0x00000000ec500000, 0x00000000ec500000, 0x00000000ec600000|  0%| F|  |TAMS 0x00000000ec500000| PB 0x00000000ec500000| Untracked 
| 198|0x00000000ec600000, 0x00000000ec600000, 0x00000000ec700000|  0%| F|  |TAMS 0x00000000ec600000| PB 0x00000000ec600000| Untracked 
| 199|0x00000000ec700000, 0x00000000ec700000, 0x00000000ec800000|  0%| F|  |TAMS 0x00000000ec700000| PB 0x00000000ec700000| Untracked 
| 200|0x00000000ec800000, 0x00000000ec800000, 0x00000000ec900000|  0%| F|  |TAMS 0x00000000ec800000| PB 0x00000000ec800000| Untracked 
| 201|0x00000000ec900000, 0x00000000ec900000, 0x00000000eca00000|  0%| F|  |TAMS 0x00000000ec900000| PB 0x00000000ec900000| Untracked 
| 202|0x00000000eca00000, 0x00000000eca00000, 0x00000000ecb00000|  0%| F|  |TAMS 0x00000000eca00000| PB 0x00000000eca00000| Untracked 
| 203|0x00000000ecb00000, 0x00000000ecb00000, 0x00000000ecc00000|  0%| F|  |TAMS 0x00000000ecb00000| PB 0x00000000ecb00000| Untracked 
| 204|0x00000000ecc00000, 0x00000000ecc00000, 0x00000000ecd00000|  0%| F|  |TAMS 0x00000000ecc00000| PB 0x00000000ecc00000| Untracked 
| 205|0x00000000ecd00000, 0x00000000ecd00000, 0x00000000ece00000|  0%| F|  |TAMS 0x00000000ecd00000| PB 0x00000000ecd00000| Untracked 
| 206|0x00000000ece00000, 0x00000000ece00000, 0x00000000ecf00000|  0%| F|  |TAMS 0x00000000ece00000| PB 0x00000000ece00000| Untracked 
| 207|0x00000000ecf00000, 0x00000000ecf00000, 0x00000000ed000000|  0%| F|  |TAMS 0x00000000ecf00000| PB 0x00000000ecf00000| Untracked 
| 208|0x00000000ed000000, 0x00000000ed000000, 0x00000000ed100000|  0%| F|  |TAMS 0x00000000ed000000| PB 0x00000000ed000000| Untracked 
| 209|0x00000000ed100000, 0x00000000ed100000, 0x00000000ed200000|  0%| F|  |TAMS 0x00000000ed100000| PB 0x00000000ed100000| Untracked 
| 210|0x00000000ed200000, 0x00000000ed200000, 0x00000000ed300000|  0%| F|  |TAMS 0x00000000ed200000| PB 0x00000000ed200000| Untracked 
| 211|0x00000000ed300000, 0x00000000ed300000, 0x00000000ed400000|  0%| F|  |TAMS 0x00000000ed300000| PB 0x00000000ed300000| Untracked 
| 212|0x00000000ed400000, 0x00000000ed400000, 0x00000000ed500000|  0%| F|  |TAMS 0x00000000ed400000| PB 0x00000000ed400000| Untracked 
| 213|0x00000000ed500000, 0x00000000ed500000, 0x00000000ed600000|  0%| F|  |TAMS 0x00000000ed500000| PB 0x00000000ed500000| Untracked 
| 214|0x00000000ed600000, 0x00000000ed600000, 0x00000000ed700000|  0%| F|  |TAMS 0x00000000ed600000| PB 0x00000000ed600000| Untracked 
| 215|0x00000000ed700000, 0x00000000ed700000, 0x00000000ed800000|  0%| F|  |TAMS 0x00000000ed700000| PB 0x00000000ed700000| Untracked 
| 216|0x00000000ed800000, 0x00000000ed800000, 0x00000000ed900000|  0%| F|  |TAMS 0x00000000ed800000| PB 0x00000000ed800000| Untracked 
| 217|0x00000000ed900000, 0x00000000ed900000, 0x00000000eda00000|  0%| F|  |TAMS 0x00000000ed900000| PB 0x00000000ed900000| Untracked 
| 218|0x00000000eda00000, 0x00000000eda00000, 0x00000000edb00000|  0%| F|  |TAMS 0x00000000eda00000| PB 0x00000000eda00000| Untracked 
| 219|0x00000000edb00000, 0x00000000edb00000, 0x00000000edc00000|  0%| F|  |TAMS 0x00000000edb00000| PB 0x00000000edb00000| Untracked 
| 220|0x00000000edc00000, 0x00000000edc00000, 0x00000000edd00000|  0%| F|  |TAMS 0x00000000edc00000| PB 0x00000000edc00000| Untracked 
| 221|0x00000000edd00000, 0x00000000edd00000, 0x00000000ede00000|  0%| F|  |TAMS 0x00000000edd00000| PB 0x00000000edd00000| Untracked 
| 222|0x00000000ede00000, 0x00000000ede00000, 0x00000000edf00000|  0%| F|  |TAMS 0x00000000ede00000| PB 0x00000000ede00000| Untracked 
| 223|0x00000000edf00000, 0x00000000edf00000, 0x00000000ee000000|  0%| F|  |TAMS 0x00000000edf00000| PB 0x00000000edf00000| Untracked 
| 224|0x00000000ee000000, 0x00000000ee000000, 0x00000000ee100000|  0%| F|  |TAMS 0x00000000ee000000| PB 0x00000000ee000000| Untracked 
| 225|0x00000000ee100000, 0x00000000ee100000, 0x00000000ee200000|  0%| F|  |TAMS 0x00000000ee100000| PB 0x00000000ee100000| Untracked 
| 226|0x00000000ee200000, 0x00000000ee200000, 0x00000000ee300000|  0%| F|  |TAMS 0x00000000ee200000| PB 0x00000000ee200000| Untracked 
| 227|0x00000000ee300000, 0x00000000ee300000, 0x00000000ee400000|  0%| F|  |TAMS 0x00000000ee300000| PB 0x00000000ee300000| Untracked 
| 228|0x00000000ee400000, 0x00000000ee400000, 0x00000000ee500000|  0%| F|  |TAMS 0x00000000ee400000| PB 0x00000000ee400000| Untracked 
| 229|0x00000000ee500000, 0x00000000ee500000, 0x00000000ee600000|  0%| F|  |TAMS 0x00000000ee500000| PB 0x00000000ee500000| Untracked 
| 230|0x00000000ee600000, 0x00000000ee600000, 0x00000000ee700000|  0%| F|  |TAMS 0x00000000ee600000| PB 0x00000000ee600000| Untracked 
| 231|0x00000000ee700000, 0x00000000ee700000, 0x00000000ee800000|  0%| F|  |TAMS 0x00000000ee700000| PB 0x00000000ee700000| Untracked 
| 232|0x00000000ee800000, 0x00000000ee800000, 0x00000000ee900000|  0%| F|  |TAMS 0x00000000ee800000| PB 0x00000000ee800000| Untracked 
| 233|0x00000000ee900000, 0x00000000ee900000, 0x00000000eea00000|  0%| F|  |TAMS 0x00000000ee900000| PB 0x00000000ee900000| Untracked 
| 234|0x00000000eea00000, 0x00000000eea00000, 0x00000000eeb00000|  0%| F|  |TAMS 0x00000000eea00000| PB 0x00000000eea00000| Untracked 
| 235|0x00000000eeb00000, 0x00000000eeb00000, 0x00000000eec00000|  0%| F|  |TAMS 0x00000000eeb00000| PB 0x00000000eeb00000| Untracked 
| 236|0x00000000eec00000, 0x00000000eec00000, 0x00000000eed00000|  0%| F|  |TAMS 0x00000000eec00000| PB 0x00000000eec00000| Untracked 
| 237|0x00000000eed00000, 0x00000000eed00000, 0x00000000eee00000|  0%| F|  |TAMS 0x00000000eed00000| PB 0x00000000eed00000| Untracked 
| 238|0x00000000eee00000, 0x00000000eee00000, 0x00000000eef00000|  0%| F|  |TAMS 0x00000000eee00000| PB 0x00000000eee00000| Untracked 
| 239|0x00000000eef00000, 0x00000000eef00000, 0x00000000ef000000|  0%| F|  |TAMS 0x00000000eef00000| PB 0x00000000eef00000| Untracked 
| 240|0x00000000ef000000, 0x00000000ef000000, 0x00000000ef100000|  0%| F|  |TAMS 0x00000000ef000000| PB 0x00000000ef000000| Untracked 
| 241|0x00000000ef100000, 0x00000000ef100000, 0x00000000ef200000|  0%| F|  |TAMS 0x00000000ef100000| PB 0x00000000ef100000| Untracked 
| 242|0x00000000ef200000, 0x00000000ef2e1b00, 0x00000000ef300000| 88%| S|CS|TAMS 0x00000000ef200000| PB 0x00000000ef200000| Complete 
| 243|0x00000000ef300000, 0x00000000ef400000, 0x00000000ef400000|100%| S|CS|TAMS 0x00000000ef300000| PB 0x00000000ef300000| Complete 
| 244|0x00000000ef400000, 0x00000000ef400000, 0x00000000ef500000|  0%| F|  |TAMS 0x00000000ef400000| PB 0x00000000ef400000| Untracked 
| 245|0x00000000ef500000, 0x00000000ef500000, 0x00000000ef600000|  0%| F|  |TAMS 0x00000000ef500000| PB 0x00000000ef500000| Untracked 
| 246|0x00000000ef600000, 0x00000000ef6dc6b8, 0x00000000ef700000| 86%| E|  |TAMS 0x00000000ef600000| PB 0x00000000ef600000| Complete 
| 247|0x00000000ef700000, 0x00000000ef800000, 0x00000000ef800000|100%| E|CS|TAMS 0x00000000ef700000| PB 0x00000000ef700000| Complete 
| 248|0x00000000ef800000, 0x00000000ef900000, 0x00000000ef900000|100%| E|CS|TAMS 0x00000000ef800000| PB 0x00000000ef800000| Complete 
| 249|0x00000000ef900000, 0x00000000efa00000, 0x00000000efa00000|100%| E|CS|TAMS 0x00000000ef900000| PB 0x00000000ef900000| Complete 
| 250|0x00000000efa00000, 0x00000000efb00000, 0x00000000efb00000|100%| E|CS|TAMS 0x00000000efa00000| PB 0x00000000efa00000| Complete 
| 251|0x00000000efb00000, 0x00000000efc00000, 0x00000000efc00000|100%| E|CS|TAMS 0x00000000efb00000| PB 0x00000000efb00000| Complete 
| 252|0x00000000efc00000, 0x00000000efd00000, 0x00000000efd00000|100%| E|CS|TAMS 0x00000000efc00000| PB 0x00000000efc00000| Complete 
| 253|0x00000000efd00000, 0x00000000efe00000, 0x00000000efe00000|100%| E|CS|TAMS 0x00000000efd00000| PB 0x00000000efd00000| Complete 
| 254|0x00000000efe00000, 0x00000000eff00000, 0x00000000eff00000|100%| E|CS|TAMS 0x00000000efe00000| PB 0x00000000efe00000| Complete 
| 255|0x00000000eff00000, 0x00000000f0000000, 0x00000000f0000000|100%| E|CS|TAMS 0x00000000eff00000| PB 0x00000000eff00000| Complete 

Card table byte_map: [0x0000024c973c0000,0x0000024c974c0000] _byte_map_base: 0x0000024c96cc0000

Marking Bits: (CMBitMap*) 0x0000024c82e3e390
 Bits: [0x0000024c974c0000, 0x0000024c97cc0000)

Polling page: 0x0000024c82b40000

Metaspace:

Usage:
  Non-class:     32.66 MB used.
      Class:      5.72 MB used.
       Both:     38.38 MB used.

Virtual space:
  Non-class space:       64.00 MB reserved,      33.44 MB ( 52%) committed,  1 nodes.
      Class space:      320.00 MB reserved,       6.50 MB (  2%) committed,  1 nodes.
             Both:      384.00 MB reserved,      39.94 MB ( 10%) committed. 

Chunk freelists:
   Non-Class:  14.33 MB
       Class:  9.48 MB
        Both:  23.81 MB

MaxMetaspaceSize: 384.00 MB
CompressedClassSpaceSize: 320.00 MB
Initial GC threshold: 21.00 MB
Current GC threshold: 59.50 MB
CDS: on
 - commit_granule_bytes: 65536.
 - commit_granule_words: 8192.
 - virtual_space_node_default_size: 8388608.
 - enlarge_chunks_in_place: 1.
 - use_allocation_guard: 0.


Internal statistics:

num_allocs_failed_limit: 6.
num_arena_births: 2828.
num_arena_deaths: 0.
num_vsnodes_births: 2.
num_vsnodes_deaths: 0.
num_space_committed: 639.
num_space_uncommitted: 0.
num_chunks_returned_to_freelist: 6.
num_chunks_taken_from_freelist: 4731.
num_chunk_merges: 6.
num_chunk_splits: 3056.
num_chunks_enlarged: 1835.
num_inconsistent_stats: 0.

CodeHeap 'non-profiled nmethods': size=120000Kb used=2604Kb max_used=2604Kb free=117395Kb
 bounds [0x0000024c8f110000, 0x0000024c8f3a0000, 0x0000024c96640000]
CodeHeap 'profiled nmethods': size=120000Kb used=8677Kb max_used=8677Kb free=111322Kb
 bounds [0x0000024c87640000, 0x0000024c87ec0000, 0x0000024c8eb70000]
CodeHeap 'non-nmethods': size=5760Kb used=1837Kb max_used=1860Kb free=3922Kb
 bounds [0x0000024c8eb70000, 0x0000024c8ede0000, 0x0000024c8f110000]
CodeCache: size=245760Kb, used=13118Kb, max_used=13141Kb, free=232639Kb
 total_blobs=5269, nmethods=4561, adapters=613, full_count=0
Compilation: enabled, stopped_count=0, restarted_count=0

Compilation events (20 events):
Event: 211.159 Thread 0x0000024c9a9704a0 5009       3       java.util.Collections$UnmodifiableMap$UnmodifiableEntrySet$1::next (5 bytes)
Event: 211.159 Thread 0x0000024c9a9704a0 nmethod 5009 0x0000024c87ea1710 code [0x0000024c87ea1920, 0x0000024c87ea2060]
Event: 211.159 Thread 0x0000024c9a9704a0 5010       3       java.util.Collections$UnmodifiableMap$UnmodifiableEntrySet$1::next (20 bytes)
Event: 211.159 Thread 0x0000024c9a9704a0 nmethod 5010 0x0000024c87ea2290 code [0x0000024c87ea24a0, 0x0000024c87ea2b68]
Event: 211.159 Thread 0x0000024c9a9704a0 5011       3       java.lang.Math::min (46 bytes)
Event: 211.159 Thread 0x0000024c9a9704a0 nmethod 5011 0x0000024c87ea2d10 code [0x0000024c87ea2ec0, 0x0000024c87ea31e0]
Event: 211.159 Thread 0x0000024c9a9704a0 5001       1       sun.reflect.generics.tree.Wildcard::getUpperBounds (5 bytes)
Event: 211.159 Thread 0x0000024c9a9704a0 nmethod 5001 0x0000024c8f39ab10 code [0x0000024c8f39aca0, 0x0000024c8f39ad68]
Event: 211.159 Thread 0x0000024c9a9704a0 5012       3       java.beans.PropertyDescriptor::setPropertyType (9 bytes)
Event: 211.159 Thread 0x0000024c9a9704a0 nmethod 5012 0x0000024c87ea3290 code [0x0000024c87ea3460, 0x0000024c87ea37e8]
Event: 211.159 Thread 0x0000024c9a9704a0 5014       3       java.beans.Introspector::addPropertyDescriptor (265 bytes)
Event: 211.161 Thread 0x0000024c9a9704a0 nmethod 5014 0x0000024c87ea3910 code [0x0000024c87ea3fc0, 0x0000024c87ea8a18]
Event: 211.161 Thread 0x0000024c9a9704a0 5016       3       groovy.lang.MetaClassImpl$$Lambda/0x0000024c9c5bb4b8::apply (8 bytes)
Event: 211.161 Thread 0x0000024c9a9704a0 nmethod 5016 0x0000024c87ea9d90 code [0x0000024c87ea9f60, 0x0000024c87eaa338]
Event: 211.161 Thread 0x0000024c9a9704a0 5015       3       java.beans.FeatureDescriptor::<init> (137 bytes)
Event: 211.161 Thread 0x0000024c9a9704a0 nmethod 5015 0x0000024c87eaa490 code [0x0000024c87eaa740, 0x0000024c87eab518]
Event: 211.204 Thread 0x0000024c9a96ece0 nmethod 4990 0x0000024c8f39ae10 code [0x0000024c8f39afa0, 0x0000024c8f39b090]
Event: 211.204 Thread 0x0000024c9a96ece0 4992       4       java.util.HashMap::put (13 bytes)
Event: 211.649 Thread 0x0000024c9a9704a0 5017       3       java.lang.ThreadLocal$ThreadLocalMap::expungeStaleEntry (146 bytes)
Event: 211.649 Thread 0x0000024c9a9704a0 nmethod 5017 0x0000024c87eab890 code [0x0000024c87eabae0, 0x0000024c87eac880]

GC Heap History (18 events):
Event: 3.493 GC heap before
{Heap before GC invocations=0 (full 0):
 garbage-first heap   total 262144K, used 26624K [0x00000000e0000000, 0x0000000100000000)
  region size 1024K, 23 young (23552K), 0 survivors (0K)
 Metaspace       used 2814K, committed 2944K, reserved 393216K
  class space    used 331K, committed 384K, reserved 327680K
}
Event: 3.763 GC heap after
{Heap after GC invocations=1 (full 0):
 garbage-first heap   total 262144K, used 11093K [0x00000000e0000000, 0x0000000100000000)
  region size 1024K, 3 young (3072K), 3 survivors (3072K)
 Metaspace       used 2814K, committed 2944K, reserved 393216K
  class space    used 331K, committed 384K, reserved 327680K
}
Event: 6.383 GC heap before
{Heap before GC invocations=1 (full 0):
 garbage-first heap   total 262144K, used 37717K [0x00000000e0000000, 0x0000000100000000)
  region size 1024K, 29 young (29696K), 3 survivors (3072K)
 Metaspace       used 4606K, committed 4800K, reserved 393216K
  class space    used 599K, committed 704K, reserved 327680K
}
Event: 6.386 GC heap after
{Heap after GC invocations=2 (full 0):
 garbage-first heap   total 262144K, used 12559K [0x00000000e0000000, 0x0000000100000000)
  region size 1024K, 2 young (2048K), 2 survivors (2048K)
 Metaspace       used 4606K, committed 4800K, reserved 393216K
  class space    used 599K, committed 704K, reserved 327680K
}
Event: 24.874 GC heap before
{Heap before GC invocations=2 (full 0):
 garbage-first heap   total 262144K, used 111887K [0x00000000e0000000, 0x0000000100000000)
  region size 1024K, 97 young (99328K), 2 survivors (2048K)
 Metaspace       used 18398K, committed 19008K, reserved 393216K
  class space    used 2578K, committed 2880K, reserved 327680K
}
Event: 25.112 GC heap after
{Heap after GC invocations=3 (full 0):
 garbage-first heap   total 262144K, used 23494K [0x00000000e0000000, 0x0000000100000000)
  region size 1024K, 11 young (11264K), 11 survivors (11264K)
 Metaspace       used 18398K, committed 19008K, reserved 393216K
  class space    used 2578K, committed 2880K, reserved 327680K
}
Event: 26.332 GC heap before
{Heap before GC invocations=3 (full 0):
 garbage-first heap   total 262144K, used 41926K [0x00000000e0000000, 0x0000000100000000)
  region size 1024K, 30 young (30720K), 11 survivors (11264K)
 Metaspace       used 20841K, committed 21504K, reserved 393216K
  class space    used 2987K, committed 3328K, reserved 327680K
}
Event: 26.340 GC heap after
{Heap after GC invocations=4 (full 0):
 garbage-first heap   total 262144K, used 25392K [0x00000000e0000000, 0x0000000100000000)
  region size 1024K, 2 young (2048K), 2 survivors (2048K)
 Metaspace       used 20841K, committed 21504K, reserved 393216K
  class space    used 2987K, committed 3328K, reserved 327680K
}
Event: 102.464 GC heap before
{Heap before GC invocations=5 (full 0):
 garbage-first heap   total 262144K, used 135984K [0x00000000e0000000, 0x0000000100000000)
  region size 1024K, 112 young (114688K), 2 survivors (2048K)
 Metaspace       used 34968K, committed 36416K, reserved 393216K
  class space    used 5178K, committed 5888K, reserved 327680K
}
Event: 109.156 GC heap after
{Heap after GC invocations=6 (full 0):
 garbage-first heap   total 262144K, used 31739K [0x00000000e0000000, 0x0000000100000000)
  region size 1024K, 9 young (9216K), 9 survivors (9216K)
 Metaspace       used 34968K, committed 36416K, reserved 393216K
  class space    used 5178K, committed 5888K, reserved 327680K
}
Event: 120.723 GC heap before
{Heap before GC invocations=7 (full 0):
 garbage-first heap   total 262144K, used 34811K [0x00000000e0000000, 0x0000000100000000)
  region size 1024K, 12 young (12288K), 9 survivors (9216K)
 Metaspace       used 35269K, committed 36736K, reserved 393216K
  class space    used 5224K, committed 5952K, reserved 327680K
}
Event: 121.174 GC heap after
{Heap after GC invocations=8 (full 0):
 garbage-first heap   total 262144K, used 32439K [0x00000000e0000000, 0x0000000100000000)
  region size 1024K, 2 young (2048K), 2 survivors (2048K)
 Metaspace       used 35269K, committed 36736K, reserved 393216K
  class space    used 5224K, committed 5952K, reserved 327680K
}
Event: 123.860 GC heap before
{Heap before GC invocations=8 (full 0):
 garbage-first heap   total 262144K, used 42679K [0x00000000e0000000, 0x0000000100000000)
  region size 1024K, 12 young (12288K), 2 survivors (2048K)
 Metaspace       used 36488K, committed 38016K, reserved 393216K
  class space    used 5404K, committed 6144K, reserved 327680K
}
Event: 124.009 GC heap after
{Heap after GC invocations=9 (full 0):
 garbage-first heap   total 262144K, used 32867K [0x00000000e0000000, 0x0000000100000000)
  region size 1024K, 2 young (2048K), 2 survivors (2048K)
 Metaspace       used 36488K, committed 38016K, reserved 393216K
  class space    used 5404K, committed 6144K, reserved 327680K
}
Event: 163.878 GC heap before
{Heap before GC invocations=9 (full 0):
 garbage-first heap   total 262144K, used 42083K [0x00000000e0000000, 0x0000000100000000)
  region size 1024K, 12 young (12288K), 2 survivors (2048K)
 Metaspace       used 37375K, committed 38912K, reserved 393216K
  class space    used 5544K, committed 6272K, reserved 327680K
}
Event: 165.064 GC heap after
{Heap after GC invocations=10 (full 0):
 garbage-first heap   total 262144K, used 33768K [0x00000000e0000000, 0x0000000100000000)
  region size 1024K, 1 young (1024K), 1 survivors (1024K)
 Metaspace       used 37375K, committed 38912K, reserved 393216K
  class space    used 5544K, committed 6272K, reserved 327680K
}
Event: 198.348 GC heap before
{Heap before GC invocations=10 (full 0):
 garbage-first heap   total 262144K, used 45032K [0x00000000e0000000, 0x0000000100000000)
  region size 1024K, 12 young (12288K), 1 survivors (1024K)
 Metaspace       used 38410K, committed 40000K, reserved 393216K
  class space    used 5700K, committed 6464K, reserved 327680K
}
Event: 199.288 GC heap after
{Heap after GC invocations=11 (full 0):
 garbage-first heap   total 262144K, used 34694K [0x00000000e0000000, 0x0000000100000000)
  region size 1024K, 2 young (2048K), 2 survivors (2048K)
 Metaspace       used 38410K, committed 40000K, reserved 393216K
  class space    used 5700K, committed 6464K, reserved 327680K
}

Dll operation events (20 events):
Event: 0.361 Attempting to load shared library C:\Users\harry\.vscode\extensions\redhat.java-1.56.0-win32-x64\jre\21.0.12.1-win32-x86_64\bin\nio.dll
Event: 0.363 Loaded shared library C:\Users\harry\.vscode\extensions\redhat.java-1.56.0-win32-x64\jre\21.0.12.1-win32-x86_64\bin\nio.dll
Event: 0.377 Attempting to load shared library C:\Users\harry\.vscode\extensions\redhat.java-1.56.0-win32-x64\jre\21.0.12.1-win32-x86_64\bin\zip.dll
Event: 0.377 Loaded shared library C:\Users\harry\.vscode\extensions\redhat.java-1.56.0-win32-x64\jre\21.0.12.1-win32-x86_64\bin\zip.dll
Event: 1.492 Attempting to load shared library C:\Users\harry\.vscode\extensions\redhat.java-1.56.0-win32-x64\jre\21.0.12.1-win32-x86_64\bin\jimage.dll
Event: 1.492 Loaded shared library C:\Users\harry\.vscode\extensions\redhat.java-1.56.0-win32-x64\jre\21.0.12.1-win32-x86_64\bin\jimage.dll
Event: 3.082 Attempting to load shared library C:\Users\harry\.vscode\extensions\redhat.java-1.56.0-win32-x64\jre\21.0.12.1-win32-x86_64\bin\verify.dll
Event: 3.084 Loaded shared library C:\Users\harry\.vscode\extensions\redhat.java-1.56.0-win32-x64\jre\21.0.12.1-win32-x86_64\bin\verify.dll
Event: 3.171 Attempting to load shared library C:\Users\harry\.gradle\native\660c5614fbf4a5f2a75b1949f50a0caf5cd603558e7d8a26e50b933a0cfb79d1\windows-amd64\native-platform.dll
Event: 3.175 Loaded shared library C:\Users\harry\.gradle\native\660c5614fbf4a5f2a75b1949f50a0caf5cd603558e7d8a26e50b933a0cfb79d1\windows-amd64\native-platform.dll
Event: 3.203 Attempting to load shared library C:\Users\harry\.gradle\native\0.2.8\x86_64-windows-gnu\gradle-fileevents.dll
Event: 3.206 Loaded shared library C:\Users\harry\.gradle\native\0.2.8\x86_64-windows-gnu\gradle-fileevents.dll
Event: 10.495 Attempting to load shared library C:\Users\harry\.vscode\extensions\redhat.java-1.56.0-win32-x64\jre\21.0.12.1-win32-x86_64\bin\management.dll
Event: 10.497 Loaded shared library C:\Users\harry\.vscode\extensions\redhat.java-1.56.0-win32-x64\jre\21.0.12.1-win32-x86_64\bin\management.dll
Event: 10.507 Attempting to load shared library C:\Users\harry\.vscode\extensions\redhat.java-1.56.0-win32-x64\jre\21.0.12.1-win32-x86_64\bin\management_ext.dll
Event: 10.508 Loaded shared library C:\Users\harry\.vscode\extensions\redhat.java-1.56.0-win32-x64\jre\21.0.12.1-win32-x86_64\bin\management_ext.dll
Event: 12.517 Attempting to load shared library C:\Users\harry\.vscode\extensions\redhat.java-1.56.0-win32-x64\jre\21.0.12.1-win32-x86_64\bin\extnet.dll
Event: 12.520 Loaded shared library C:\Users\harry\.vscode\extensions\redhat.java-1.56.0-win32-x64\jre\21.0.12.1-win32-x86_64\bin\extnet.dll
Event: 18.209 Attempting to load shared library C:\Users\harry\.vscode\extensions\redhat.java-1.56.0-win32-x64\jre\21.0.12.1-win32-x86_64\bin\sunmscapi.dll
Event: 18.224 Loaded shared library C:\Users\harry\.vscode\extensions\redhat.java-1.56.0-win32-x64\jre\21.0.12.1-win32-x86_64\bin\sunmscapi.dll

Deoptimization events (20 events):
Event: 200.227 Thread 0x0000024cb4e260d0 Uncommon trap: trap_request=0xffffff45 fr.pc=0x0000024c8f3497d4 relative=0x0000000000000294
Event: 200.227 Thread 0x0000024cb4e260d0 Uncommon trap: reason=unstable_if action=reinterpret pc=0x0000024c8f3497d4 method=java.util.HashMap.getNode(Ljava/lang/Object;)Ljava/util/HashMap$Node; @ 85 c2
Event: 200.227 Thread 0x0000024cb4e260d0 DEOPT PACKING pc=0x0000024c8f3497d4 sp=0x000000c2ef6f8950
Event: 200.227 Thread 0x0000024cb4e260d0 DEOPT UNPACKING pc=0x0000024c8ebc4422 sp=0x000000c2ef6f8850 mode 2
Event: 200.227 Thread 0x0000024cb4e260d0 Uncommon trap: trap_request=0xffffff45 fr.pc=0x0000024c8f138acc relative=0x00000000000009ac
Event: 200.233 Thread 0x0000024cb4e260d0 Uncommon trap: reason=unstable_if action=reinterpret pc=0x0000024c8f138acc method=java.util.HashMap.resize()[Ljava/util/HashMap$Node; @ 203 c2
Event: 200.233 Thread 0x0000024cb4e260d0 DEOPT PACKING pc=0x0000024c8f138acc sp=0x000000c2ef6f87a0
Event: 200.233 Thread 0x0000024cb4e260d0 DEOPT UNPACKING pc=0x0000024c8ebc4422 sp=0x000000c2ef6f8738 mode 2
Event: 200.233 Thread 0x0000024cb4e260d0 Uncommon trap: trap_request=0xffffff45 fr.pc=0x0000024c8f30d300 relative=0x0000000000000240
Event: 200.233 Thread 0x0000024cb4e260d0 Uncommon trap: reason=unstable_if action=reinterpret pc=0x0000024c8f30d300 method=java.util.HashMap.getNode(Ljava/lang/Object;)Ljava/util/HashMap$Node; @ 85 c2
Event: 200.233 Thread 0x0000024cb4e260d0 DEOPT PACKING pc=0x0000024c8f30d300 sp=0x000000c2ef6f88d0
Event: 200.233 Thread 0x0000024cb4e260d0 DEOPT UNPACKING pc=0x0000024c8ebc4422 sp=0x000000c2ef6f8850 mode 2
Event: 208.494 Thread 0x0000024cb4e260d0 Uncommon trap: trap_request=0xffffffde fr.pc=0x0000024c8f22b194 relative=0x00000000000002b4
Event: 208.494 Thread 0x0000024cb4e260d0 Uncommon trap: reason=class_check action=maybe_recompile pc=0x0000024c8f22b194 method=java.util.Collections$SetFromMap.remove(Ljava/lang/Object;)Z @ 5 c2
Event: 208.494 Thread 0x0000024cb4e260d0 DEOPT PACKING pc=0x0000024c8f22b194 sp=0x000000c2ef6fac10
Event: 208.494 Thread 0x0000024cb4e260d0 DEOPT UNPACKING pc=0x0000024c8ebc4422 sp=0x000000c2ef6fabf8 mode 2
Event: 211.156 Thread 0x0000024cb4e260d0 Uncommon trap: trap_request=0xffffff45 fr.pc=0x0000024c8f1f83c4 relative=0x00000000000000a4
Event: 211.156 Thread 0x0000024cb4e260d0 Uncommon trap: reason=unstable_if action=reinterpret pc=0x0000024c8f1f83c4 method=java.lang.ref.ReferenceQueue.poll()Ljava/lang/ref/Reference; @ 4 c2
Event: 211.156 Thread 0x0000024cb4e260d0 DEOPT PACKING pc=0x0000024c8f1f83c4 sp=0x000000c2ef6f5210
Event: 211.156 Thread 0x0000024cb4e260d0 DEOPT UNPACKING pc=0x0000024c8ebc4422 sp=0x000000c2ef6f50f8 mode 2

Classes loaded (20 events):
Event: 124.067 Loading class java/lang/Override
Event: 124.067 Loading class java/lang/Override done
Event: 124.140 Loading class java/util/BitSet$1BitSetSpliterator
Event: 124.140 Loading class java/util/BitSet$1BitSetSpliterator done
Event: 124.169 Loading class sun/nio/fs/WindowsException
Event: 124.170 Loading class sun/nio/fs/WindowsException done
Event: 124.170 Loading class java/nio/file/FileAlreadyExistsException
Event: 124.170 Loading class java/nio/file/FileAlreadyExistsException done
Event: 124.438 Loading class java/nio/file/AccessMode
Event: 124.439 Loading class java/nio/file/AccessMode done
Event: 166.723 Loading class java/lang/StringLatin1$CharsSpliterator
Event: 166.724 Loading class java/lang/StringLatin1$CharsSpliterator done
Event: 166.725 Loading class java/util/stream/Nodes$IntFixedNodeBuilder
Event: 166.810 Loading class java/util/stream/Node$Builder$OfInt
Event: 166.810 Loading class java/util/stream/Node$Builder$OfInt done
Event: 166.810 Loading class java/util/stream/Nodes$IntArrayNode
Event: 166.811 Loading class java/util/stream/Nodes$IntArrayNode done
Event: 166.811 Loading class java/util/stream/Nodes$IntFixedNodeBuilder done
Event: 211.157 Loading class sun/reflect/generics/tree/BooleanSignature
Event: 211.157 Loading class sun/reflect/generics/tree/BooleanSignature done

Classes unloaded (0 events):
No events

Classes redefined (0 events):
No events

Internal exceptions (20 events):
Event: 163.797 Thread 0x0000024cb4e260d0 Exception <a 'java/lang/ClassNotFoundException'{0x00000000ef6f9230}: org/gradle/initialization/SettingsScriptBeanInfo> (0x00000000ef6f9230) 
thrown [s\src\hotspot\share\classfile\systemDictionary.cpp, line 313]
Event: 165.217 Thread 0x0000024cb4e260d0 Exception <a 'java/lang/ClassNotFoundException'{0x00000000eff03c68}: org/gradle/plugin/use/internal/PluginsAwareScriptBeanInfo> (0x00000000eff03c68) 
thrown [s\src\hotspot\share\classfile\systemDictionary.cpp, line 313]
Event: 165.218 Thread 0x0000024cb4e260d0 Exception <a 'java/lang/ClassNotFoundException'{0x00000000eff0e408}: org/gradle/plugin/use/internal/PluginsAwareScriptCustomizer> (0x00000000eff0e408) 
thrown [s\src\hotspot\share\classfile\systemDictionary.cpp, line 313]
Event: 165.223 Thread 0x0000024cb4e260d0 Exception <a 'java/lang/ClassNotFoundException'{0x00000000eff20510}: org/gradle/initialization/SettingsScriptCustomizer> (0x00000000eff20510) 
thrown [s\src\hotspot\share\classfile\systemDictionary.cpp, line 313]
Event: 165.236 Thread 0x0000024cb4e260d0 Exception <a 'java/lang/ClassNotFoundException'{0x00000000eff3a8a0}: settings_7fsp7qv2373ehrrpdodravt9rCustomizer> (0x00000000eff3a8a0) 
thrown [s\src\hotspot\share\classfile\systemDictionary.cpp, line 313]
Event: 166.045 Thread 0x0000024cb4e260d0 Implicit null exception at 0x0000024c8f11e42a to 0x0000024c8f11e82c
Event: 166.514 Thread 0x0000024cb4e260d0 Exception <a 'java/lang/NoSuchMethodError'{0x00000000eff90758}: 'java.lang.Object java.lang.invoke.DelegatingMethodHandle$Holder.reinvoke_L(java.lang.Object, java.lang.Object, java.lang.Object, java.lang.Object, int, int)'> (0x00000000eff90758) 
thrown [s\src\hotspot\share\interpreter\linkResolver.cpp, line 773]
Event: 166.819 Thread 0x0000024cb4e260d0 Exception <a 'java/lang/ClassNotFoundException'{0x00000000efe10e88}: org/gradle/initialization/DefaultSettings_DecoratedBeanInfo> (0x00000000efe10e88) 
thrown [s\src\hotspot\share\classfile\systemDictionary.cpp, line 313]
Event: 166.820 Thread 0x0000024cb4e260d0 Exception <a 'java/lang/ClassNotFoundException'{0x00000000efe20008}: org/gradle/initialization/DefaultSettingsBeanInfo> (0x00000000efe20008) 
thrown [s\src\hotspot\share\classfile\systemDictionary.cpp, line 313]
Event: 166.821 Thread 0x0000024cb4e260d0 Exception <a 'java/lang/ClassNotFoundException'{0x00000000efe2f150}: org/gradle/initialization/DefaultSettingsCustomizer> (0x00000000efe2f150) 
thrown [s\src\hotspot\share\classfile\systemDictionary.cpp, line 313]
Event: 167.036 Thread 0x0000024cb4e260d0 Exception <a 'java/lang/ClassNotFoundException'{0x00000000efe7cbf0}: org/gradle/initialization/DefaultSettings_DecoratedCustomizer> (0x00000000efe7cbf0) 
thrown [s\src\hotspot\share\classfile\systemDictionary.cpp, line 313]
Event: 167.439 Thread 0x0000024cb4e260d0 Exception <a 'java/lang/ClassNotFoundException'{0x00000000efd34470}: org/gradle/initialization/DefaultProjectDescriptorBeanInfo> (0x00000000efd34470) 
thrown [s\src\hotspot\share\classfile\systemDictionary.cpp, line 313]
Event: 167.440 Thread 0x0000024cb4e260d0 Exception <a 'java/lang/ClassNotFoundException'{0x00000000efd42140}: org/gradle/initialization/DefaultProjectDescriptorCustomizer> (0x00000000efd42140) 
thrown [s\src\hotspot\share\classfile\systemDictionary.cpp, line 313]
Event: 208.196 Thread 0x0000024cb4e260d0 Exception <a 'java/lang/IncompatibleClassChangeError'{0x00000000efcebad8}: Found class java.lang.Object, but interface was expected> (0x00000000efcebad8) 
thrown [s\src\hotspot\share\interpreter\linkResolver.cpp, line 840]
Event: 209.616 Thread 0x0000024cb4e260d0 Exception <a 'java/lang/ClassNotFoundException'{0x00000000efbbfdb8}: org/gradle/internal/metaobject/ConfigureDelegateBeanInfo> (0x00000000efbbfdb8) 
thrown [s\src\hotspot\share\classfile\systemDictionary.cpp, line 313]
Event: 209.616 Thread 0x0000024cb4e260d0 Exception <a 'java/lang/ClassNotFoundException'{0x00000000efbccad8}: org/gradle/internal/metaobject/ConfigureDelegateCustomizer> (0x00000000efbccad8) 
thrown [s\src\hotspot\share\classfile\systemDictionary.cpp, line 313]
Event: 211.155 Thread 0x0000024cb4e260d0 Exception <a 'java/lang/ClassNotFoundException'{0x00000000ef995988}: org/gradle/api/internal/project/DefaultProject_DecoratedBeanInfo> (0x00000000ef995988) 
thrown [s\src\hotspot\share\classfile\systemDictionary.cpp, line 313]
Event: 211.155 Thread 0x0000024cb4e260d0 Exception <a 'java/lang/ClassNotFoundException'{0x00000000ef9a2768}: org/gradle/api/internal/project/DefaultProjectBeanInfo> (0x00000000ef9a2768) 
thrown [s\src\hotspot\share\classfile\systemDictionary.cpp, line 313]
Event: 211.155 Thread 0x0000024cb4e260d0 Exception <a 'java/lang/ClassNotFoundException'{0x00000000ef9af440}: org/gradle/api/internal/project/DefaultProjectCustomizer> (0x00000000ef9af440) 
thrown [s\src\hotspot\share\classfile\systemDictionary.cpp, line 313]
Event: 211.159 Thread 0x0000024cb4e260d0 Exception <a 'java/lang/ClassNotFoundException'{0x00000000ef866170}: org/gradle/api/internal/project/DefaultProject_DecoratedCustomizer> (0x00000000ef866170) 
thrown [s\src\hotspot\share\classfile\systemDictionary.cpp, line 313]

ZGC Phase Switch (0 events):
No events

VM Operations (20 events):
Event: 198.348 Executing safepoint VM operation: G1CollectForAllocation (G1 Evacuation Pause)
Event: 199.288 Executing safepoint VM operation: G1CollectForAllocation (G1 Evacuation Pause) done
Event: 200.289 Executing safepoint VM operation: Cleanup
Event: 200.367 Executing safepoint VM operation: Cleanup done
Event: 201.373 Executing safepoint VM operation: Cleanup
Event: 201.654 Executing safepoint VM operation: Cleanup done
Event: 202.661 Executing safepoint VM operation: Cleanup
Event: 202.661 Executing safepoint VM operation: Cleanup done
Event: 203.675 Executing safepoint VM operation: Cleanup
Event: 203.800 Executing safepoint VM operation: Cleanup done
Event: 206.812 Executing safepoint VM operation: Cleanup
Event: 207.935 Executing safepoint VM operation: Cleanup done
Event: 208.943 Executing safepoint VM operation: Cleanup
Event: 209.005 Executing safepoint VM operation: Cleanup done
Event: 210.009 Executing safepoint VM operation: Cleanup
Event: 210.107 Executing safepoint VM operation: Cleanup done
Event: 211.109 Executing safepoint VM operation: Cleanup
Event: 211.125 Executing safepoint VM operation: Cleanup done
Event: 212.136 Executing safepoint VM operation: Cleanup
Event: 212.136 Executing safepoint VM operation: Cleanup done

Memory protections (0 events):
No events

Nmethod flushes (20 events):
Event: 114.221 Thread 0x0000024c9a943e90 flushing  nmethod 0x0000024c876a3590
Event: 114.221 Thread 0x0000024c9a943e90 flushing  nmethod 0x0000024c876a4710
Event: 114.221 Thread 0x0000024c9a943e90 flushing  nmethod 0x0000024c876a5910
Event: 114.221 Thread 0x0000024c9a943e90 flushing  nmethod 0x0000024c876a6290
Event: 114.221 Thread 0x0000024c9a943e90 flushing  nmethod 0x0000024c876a6c90
Event: 114.221 Thread 0x0000024c9a943e90 flushing  nmethod 0x0000024c876f7190
Event: 114.221 Thread 0x0000024c9a943e90 flushing  nmethod 0x0000024c876f7a90
Event: 114.221 Thread 0x0000024c9a943e90 flushing  nmethod 0x0000024c876f8710
Event: 114.221 Thread 0x0000024c9a943e90 flushing  nmethod 0x0000024c876f8c10
Event: 114.221 Thread 0x0000024c9a943e90 flushing  nmethod 0x0000024c876f9910
Event: 114.221 Thread 0x0000024c9a943e90 flushing  nmethod 0x0000024c876fd710
Event: 114.221 Thread 0x0000024c9a943e90 flushing  nmethod 0x0000024c877a1b90
Event: 114.221 Thread 0x0000024c9a943e90 flushing  nmethod 0x0000024c877a4d10
Event: 114.221 Thread 0x0000024c9a943e90 flushing  nmethod 0x0000024c877a8990
Event: 114.221 Thread 0x0000024c9a943e90 flushing  nmethod 0x0000024c877ab810
Event: 114.221 Thread 0x0000024c9a943e90 flushing  nmethod 0x0000024c877ac390
Event: 114.221 Thread 0x0000024c9a943e90 flushing  nmethod 0x0000024c877ad110
Event: 114.221 Thread 0x0000024c9a943e90 flushing  nmethod 0x0000024c877ad590
Event: 114.221 Thread 0x0000024c9a943e90 flushing  nmethod 0x0000024c877ada10
Event: 114.221 Thread 0x0000024c9a943e90 flushing  nmethod 0x0000024c877aeb10

Events (20 events):
Event: 28.415 Thread 0x0000024cb4e260d0 Thread added: 0x0000024cb6b220b0
Event: 28.553 Thread 0x0000024cb4e260d0 Thread added: 0x0000024cb6b22740
Event: 28.903 Thread 0x0000024cb4e260d0 Thread added: 0x0000024cb6b268e0
Event: 29.137 Thread 0x0000024c9a96ece0 Thread added: 0x0000024cb66a8400
Event: 29.237 Thread 0x0000024cb4e260d0 Thread added: 0x0000024cb6b23460
Event: 29.274 Thread 0x0000024cb66a8400 Thread exited: 0x0000024cb66a8400
Event: 29.540 Thread 0x0000024c9a9704a0 Thread added: 0x0000024cb84dbc60
Event: 29.651 Thread 0x0000024cb84dbc60 Thread exited: 0x0000024cb84dbc60
Event: 29.941 Thread 0x0000024cb4e260d0 Thread added: 0x0000024cb6b23af0
Event: 30.179 Thread 0x0000024cb4e260d0 Thread added: 0x0000024cb6b26f70
Event: 47.876 Thread 0x0000024cb4e260d0 Thread added: 0x0000024cb6b24180
Event: 63.360 Thread 0x0000024cb4e260d0 Thread added: 0x0000024cb6b289b0
Event: 123.051 Thread 0x0000024c9a9704a0 Thread added: 0x0000024cb52eba20
Event: 123.493 Thread 0x0000024cb52eba20 Thread exited: 0x0000024cb52eba20
Event: 124.232 Thread 0x0000024c9a96ece0 Thread added: 0x0000024cb52eba20
Event: 124.445 Thread 0x0000024cb52eba20 Thread exited: 0x0000024cb52eba20
Event: 129.369 Thread 0x0000024cb4e26df0 Thread exited: 0x0000024cb4e26df0
Event: 129.459 Thread 0x0000024cb4e27480 Thread added: 0x0000024cb6b29040
Event: 136.183 Thread 0x0000024cb4e260d0 Thread added: 0x0000024cb6b296d0
Event: 153.735 Thread 0x0000024cb4e260d0 Thread added: 0x0000024cb6b28320


Dynamic libraries:
0x00007ff61b8f0000 - 0x00007ff61b8fe000 	C:\Users\harry\.vscode\extensions\redhat.java-1.56.0-win32-x64\jre\21.0.12.1-win32-x86_64\bin\java.exe
0x00007ff880d60000 - 0x00007ff880fc7000 	C:\WINDOWS\SYSTEM32\ntdll.dll
0x00007ff87ef60000 - 0x00007ff87f02b000 	C:\WINDOWS\System32\KERNEL32.DLL
0x00007ff87e670000 - 0x00007ff87ea72000 	C:\WINDOWS\System32\KERNELBASE.dll
0x00007ff87e510000 - 0x00007ff87e65c000 	C:\WINDOWS\System32\ucrtbase.dll
0x00007ff865630000 - 0x00007ff865648000 	C:\Users\harry\.vscode\extensions\redhat.java-1.56.0-win32-x64\jre\21.0.12.1-win32-x86_64\bin\jli.dll
0x00007ff87f300000 - 0x00007ff87f4cf000 	C:\WINDOWS\System32\USER32.dll
0x00007ff87e020000 - 0x00007ff87e047000 	C:\WINDOWS\System32\win32u.dll
0x00007ff87f260000 - 0x00007ff87f28b000 	C:\WINDOWS\System32\GDI32.dll
0x00007ff87e100000 - 0x00007ff87e229000 	C:\WINDOWS\System32\gdi32full.dll
0x00007ff87e050000 - 0x00007ff87e0f3000 	C:\WINDOWS\System32\msvcp_win.dll
0x00007ff8101c0000 - 0x00007ff8101de000 	C:\Users\harry\.vscode\extensions\redhat.java-1.56.0-win32-x64\jre\21.0.12.1-win32-x86_64\bin\VCRUNTIME140.dll
0x00007ff864f90000 - 0x00007ff865220000 	C:\WINDOWS\WinSxS\amd64_microsoft.windows.common-controls_6595b64144ccf1df_6.0.26100.9278_none_3e0d1ba8e3303201\COMCTL32.dll
0x00007ff87f510000 - 0x00007ff87f5b9000 	C:\WINDOWS\System32\msvcrt.dll
0x00007ff87ee90000 - 0x00007ff87eec1000 	C:\WINDOWS\System32\IMM32.DLL
0x00007ff8787c0000 - 0x00007ff8787cc000 	C:\Users\harry\.vscode\extensions\redhat.java-1.56.0-win32-x64\jre\21.0.12.1-win32-x86_64\bin\vcruntime140_1.dll
0x00007ff810130000 - 0x00007ff8101bd000 	C:\Users\harry\.vscode\extensions\redhat.java-1.56.0-win32-x64\jre\21.0.12.1-win32-x86_64\bin\msvcp140.dll
0x00007ff80f380000 - 0x00007ff810122000 	C:\Users\harry\.vscode\extensions\redhat.java-1.56.0-win32-x64\jre\21.0.12.1-win32-x86_64\bin\server\jvm.dll
0x00007ff880c50000 - 0x00007ff880d0c000 	C:\WINDOWS\System32\ADVAPI32.dll
0x00007ff880b90000 - 0x00007ff880c39000 	C:\WINDOWS\System32\sechost.dll
0x00007ff87eae0000 - 0x00007ff87ebf8000 	C:\WINDOWS\System32\RPCRT4.dll
0x00007ff87eed0000 - 0x00007ff87ef50000 	C:\WINDOWS\System32\WS2_32.dll
0x00007ff87dde0000 - 0x00007ff87de3e000 	C:\WINDOWS\SYSTEM32\POWRPROF.dll
0x00007ff873a90000 - 0x00007ff873ac6000 	C:\WINDOWS\SYSTEM32\WINMM.dll
0x00007ff873ff0000 - 0x00007ff873ffb000 	C:\WINDOWS\SYSTEM32\VERSION.dll
0x00007ff87ddc0000 - 0x00007ff87ddd5000 	C:\WINDOWS\SYSTEM32\UMPDC.dll
0x00007ff87cc10000 - 0x00007ff87cc2b000 	C:\WINDOWS\SYSTEM32\kernel.appcore.dll
0x00007ff877a00000 - 0x00007ff877a0a000 	C:\Users\harry\.vscode\extensions\redhat.java-1.56.0-win32-x64\jre\21.0.12.1-win32-x86_64\bin\jimage.dll
0x00007ff87b3a0000 - 0x00007ff87b5ec000 	C:\WINDOWS\SYSTEM32\DBGHELP.DLL
0x00007ff880290000 - 0x00007ff880615000 	C:\WINDOWS\System32\combase.dll
0x00007ff87f7b0000 - 0x00007ff87f889000 	C:\WINDOWS\System32\OLEAUT32.dll
0x00007ff8638b0000 - 0x00007ff8638eb000 	C:\WINDOWS\SYSTEM32\dbgcore.DLL
0x00007ff87e450000 - 0x00007ff87e4fc000 	C:\WINDOWS\System32\bcryptPrimitives.dll
0x00007ff85acf0000 - 0x00007ff85acff000 	C:\Users\harry\.vscode\extensions\redhat.java-1.56.0-win32-x64\jre\21.0.12.1-win32-x86_64\bin\instrument.dll
0x00007ff80f360000 - 0x00007ff80f380000 	C:\Users\harry\.vscode\extensions\redhat.java-1.56.0-win32-x64\jre\21.0.12.1-win32-x86_64\bin\java.dll
0x00007ff87f910000 - 0x00007ff8800a8000 	C:\WINDOWS\System32\SHELL32.dll
0x00007ff87b980000 - 0x00007ff87c22e000 	C:\WINDOWS\SYSTEM32\windows.storage.dll
0x00007ff87ec90000 - 0x00007ff87ed8b000 	C:\WINDOWS\System32\SHCORE.dll
0x00007ff87f290000 - 0x00007ff87f2f6000 	C:\WINDOWS\System32\shlwapi.dll
0x00007ff87de80000 - 0x00007ff87dea9000 	C:\WINDOWS\SYSTEM32\profapi.dll
0x00007ff80f340000 - 0x00007ff80f358000 	C:\Users\harry\.vscode\extensions\redhat.java-1.56.0-win32-x64\jre\21.0.12.1-win32-x86_64\bin\zip.dll
0x00007ff854f90000 - 0x00007ff854fa0000 	C:\Users\harry\.vscode\extensions\redhat.java-1.56.0-win32-x64\jre\21.0.12.1-win32-x86_64\bin\net.dll
0x00007ff877d60000 - 0x00007ff877e8a000 	C:\WINDOWS\SYSTEM32\WINHTTP.dll
0x00007ff87d1f0000 - 0x00007ff87d25c000 	C:\WINDOWS\system32\mswsock.dll
0x00007ff80bbf0000 - 0x00007ff80bc06000 	C:\Users\harry\.vscode\extensions\redhat.java-1.56.0-win32-x64\jre\21.0.12.1-win32-x86_64\bin\nio.dll
0x00007ff8546c0000 - 0x00007ff8546d0000 	C:\Users\harry\.vscode\extensions\redhat.java-1.56.0-win32-x64\jre\21.0.12.1-win32-x86_64\bin\verify.dll
0x00007ff80a9a0000 - 0x00007ff80a9c7000 	C:\Users\harry\.gradle\native\660c5614fbf4a5f2a75b1949f50a0caf5cd603558e7d8a26e50b933a0cfb79d1\windows-amd64\native-platform.dll
0x00007ff874b00000 - 0x00007ff874b77000 	C:\Users\harry\.gradle\native\0.2.8\x86_64-windows-gnu\gradle-fileevents.dll
0x00007ff8785b0000 - 0x00007ff8785ba000 	C:\Users\harry\.vscode\extensions\redhat.java-1.56.0-win32-x64\jre\21.0.12.1-win32-x86_64\bin\management.dll
0x00007ff8785a0000 - 0x00007ff8785ac000 	C:\Users\harry\.vscode\extensions\redhat.java-1.56.0-win32-x64\jre\21.0.12.1-win32-x86_64\bin\management_ext.dll
0x00007ff87ec00000 - 0x00007ff87ec08000 	C:\WINDOWS\System32\PSAPI.DLL
0x00007ff87c580000 - 0x00007ff87c5b3000 	C:\WINDOWS\SYSTEM32\IPHLPAPI.DLL
0x00007ff880c40000 - 0x00007ff880c4a000 	C:\WINDOWS\System32\NSI.dll
0x00007ff878590000 - 0x00007ff878599000 	C:\Users\harry\.vscode\extensions\redhat.java-1.56.0-win32-x64\jre\21.0.12.1-win32-x86_64\bin\extnet.dll
0x00007ff87d4e0000 - 0x00007ff87d4fb000 	C:\WINDOWS\SYSTEM32\CRYPTSP.dll
0x00007ff87cb60000 - 0x00007ff87cb99000 	C:\WINDOWS\system32\rsaenh.dll
0x00007ff87d2a0000 - 0x00007ff87d2d4000 	C:\WINDOWS\SYSTEM32\USERENV.dll
0x00007ff87de50000 - 0x00007ff87de7a000 	C:\WINDOWS\SYSTEM32\bcrypt.dll
0x00007ff87d500000 - 0x00007ff87d50c000 	C:\WINDOWS\SYSTEM32\CRYPTBASE.dll
0x00007ff875bb0000 - 0x00007ff875bbe000 	C:\Users\harry\.vscode\extensions\redhat.java-1.56.0-win32-x64\jre\21.0.12.1-win32-x86_64\bin\sunmscapi.dll
0x00007ff87e2c0000 - 0x00007ff87e43e000 	C:\WINDOWS\System32\CRYPT32.dll
0x00007ff87d720000 - 0x00007ff87d750000 	C:\WINDOWS\SYSTEM32\ncrypt.dll
0x00007ff87d6d0000 - 0x00007ff87d70f000 	C:\WINDOWS\SYSTEM32\NTASN1.dll
0x00007ff856150000 - 0x00007ff856158000 	C:\WINDOWS\system32\wshunix.dll

JVMTI agents:
C:\Users\harry\.gradle\wrapper\dists\gradle-9.7.1-bin\1w1c7tv4s851m17nbqdsro2tv\gradle-9.7.1\lib\agents\gradle-instrumentation-agent-9.7.1.jar path:C:\Users\harry\.vscode\extensions\redhat.java-1.56.0-win32-x64\jre\21.0.12.1-win32-x86_64\bin\instrument.dll, loaded, initialized, instrumentlib options:none

dbghelp: loaded successfully - version: 4.0.5 - missing functions: none
symbol engine: initialized successfully - sym options: 0x614 - pdb path: .;C:\Users\harry\.vscode\extensions\redhat.java-1.56.0-win32-x64\jre\21.0.12.1-win32-x86_64\bin;C:\WINDOWS\SYSTEM32;C:\WINDOWS\WinSxS\amd64_microsoft.windows.common-controls_6595b64144ccf1df_6.0.26100.9278_none_3e0d1ba8e3303201;C:\Users\harry\.vscode\extensions\redhat.java-1.56.0-win32-x64\jre\21.0.12.1-win32-x86_64\bin\server;C:\Users\harry\.gradle\native\660c5614fbf4a5f2a75b1949f50a0caf5cd603558e7d8a26e50b933a0cfb79d1\windows-amd64;C:\Users\harry\.gradle\native\0.2.8\x86_64-windows-gnu

VM Arguments:
jvm_args: -Dfile.encoding=UTF-8 --add-opens=java.base/java.lang=ALL-UNNAMED --add-opens=java.base/java.lang.invoke=ALL-UNNAMED --add-opens=java.base/java.util=ALL-UNNAMED --add-opens=java.prefs/java.util.prefs=ALL-UNNAMED --add-exports=jdk.compiler/com.sun.tools.javac.api=ALL-UNNAMED --add-exports=jdk.compiler/com.sun.tools.javac.util=ALL-UNNAMED --add-opens=java.base/java.nio.charset=ALL-UNNAMED --add-opens=java.base/java.net=ALL-UNNAMED --add-opens=java.base/java.util.concurrent=ALL-UNNAMED --add-opens=java.base/java.util.concurrent.atomic=ALL-UNNAMED --add-opens=java.xml/javax.xml.namespace=ALL-UNNAMED --add-opens=java.base/java.time=ALL-UNNAMED -XX:MaxMetaspaceSize=384m -XX:+HeapDumpOnOutOfMemoryError -Xms256m -Xmx512m -Dfile.encoding=UTF-8 -Duser.country=KR -Duser.language=ko -Duser.variant -javaagent:C:\Users\harry\.gradle\wrapper\dists\gradle-9.7.1-bin\1w1c7tv4s851m17nbqdsro2tv\gradle-9.7.1\lib\agents\gradle-instrumentation-agent-9.7.1.jar 
java_command: org.gradle.launcher.daemon.bootstrap.GradleDaemon 9.7.1
java_class_path (initial): C:\Users\harry\.gradle\wrapper\dists\gradle-9.7.1-bin\1w1c7tv4s851m17nbqdsro2tv\gradle-9.7.1\lib\gradle-daemon-main-9.7.1.jar
Launcher Type: SUN_STANDARD

[Global flags]
     intx CICompilerCount                          = 4                                         {product} {ergonomic}
   size_t CompressedClassSpaceSize                 = 335544320                                 {product} {ergonomic}
     uint ConcGCThreads                            = 3                                         {product} {ergonomic}
     uint G1ConcRefinementThreads                  = 10                                        {product} {ergonomic}
   size_t G1HeapRegionSize                         = 1048576                                   {product} {ergonomic}
    uintx GCDrainStackTargetSize                   = 64                                        {product} {ergonomic}
     bool HeapDumpOnOutOfMemoryError               = true                                   {manageable} {command line}
   size_t InitialHeapSize                          = 268435456                                 {product} {command line}
   size_t MarkStackSize                            = 4194304                                   {product} {ergonomic}
   size_t MaxHeapSize                              = 536870912                                 {product} {command line}
   size_t MaxMetaspaceSize                         = 402653184                                 {product} {command line}
   size_t MaxNewSize                               = 321912832                                 {product} {ergonomic}
   size_t MinHeapDeltaBytes                        = 1048576                                   {product} {ergonomic}
   size_t MinHeapSize                              = 268435456                                 {product} {command line}
    uintx NonNMethodCodeHeapSize                   = 5839372                                {pd product} {ergonomic}
    uintx NonProfiledCodeHeapSize                  = 122909434                              {pd product} {ergonomic}
    uintx ProfiledCodeHeapSize                     = 122909434                              {pd product} {ergonomic}
    uintx ReservedCodeCacheSize                    = 251658240                              {pd product} {ergonomic}
     bool SegmentedCodeCache                       = true                                      {product} {ergonomic}
   size_t SoftMaxHeapSize                          = 536870912                              {manageable} {ergonomic}
     bool UseCompressedOops                        = true                           {product lp64_product} {ergonomic}
     bool UseG1GC                                  = true                                      {product} {ergonomic}
     bool UseLargePagesIndividualAllocation        = false                                  {pd product} {ergonomic}

Logging:
Log output configuration:
 #0: stdout all=warning uptime,level,tags foldmultilines=false
 #1: stderr all=off uptime,level,tags foldmultilines=false

Release file:
JAVA_VERSION="21.0.12.1" 
MODULES="java.base java.compiler java.datatransfer java.xml java.prefs java.desktop java.instrument java.logging java.management java.security.sasl java.naming java.rmi java.management.rmi java.net.http java.scripting java.security.jgss java.transaction.xa java.sql java.sql.rowset java.xml.crypto java.se java.smartcardio jdk.accessibility jdk.internal.jvmstat jdk.attach jdk.charsets jdk.internal.opt jdk.zipfs jdk.compiler jdk.crypto.ec jdk.crypto.cryptoki jdk.crypto.mscapi jdk.dynalink jdk.internal.ed jdk.editpad jdk.hotspot.agent jdk.httpserver jdk.internal.le jdk.internal.vm.ci jdk.internal.vm.compiler jdk.internal.vm.compiler.management jdk.jartool jdk.javadoc jdk.jcmd jdk.management jdk.management.agent jdk.jconsole jdk.jdeps jdk.jdwp.agent jdk.jdi jdk.jfr jdk.jshell jdk.jsobject jdk.jstatd jdk.localedata jdk.management.jfr jdk.naming.dns jdk.naming.rmi jdk.net jdk.nio.mapmode jdk.random jdk.sctp jdk.security.auth jdk.security.jgss jdk.unsupported jdk.unsupported.desktop jdk.xml.dom" 

Environment Variables:
JAVA_TOOL_OPTIONS=-Dfile.encoding=UTF-8
PATH=C:\Program Files\Common Files\Oracle\Java\javapath;C:\Program Files (x86)\VMware\VMware Workstation\bin\;C:\WINDOWS\system32;C:\WINDOWS;C:\WINDOWS\System32\Wbem;C:\WINDOWS\System32\WindowsPowerShell\v1.0\;C:\WINDOWS\System32\OpenSSH\;C:\Program Files\nodejs\;C:\Program Files\Git\cmd;C:\apache-maven-3.9.12-bin\apache-maven-3.9.12\bin;C:\Program Files\Microsoft SQL Server\Client SDK\ODBC\170\Tools\Binn\;C:\Program Files\Microsoft SQL Server\160\DTS\Binn\;C:\Program Files (x86)\cloudflared\;C:\Users\harry\.local\bin;C:\Users\harry\AppData\Local\Microsoft\WindowsApps;C:\Users\harry\AppData\Local\Programs\Microsoft VS Code\bin;C:\Users\harry\AppData\Roaming\npm;C:\Users\harry\AppData\Local\GitHubDesktop\bin;C:\Users\harry\.lmstudio\bin;C:\Program Files\JetBrains\IntelliJ IDEA 2026.2.1\bin;C:\Users\harry\AppData\Local\Programs\DockerDesktop\resources\bin
USERNAME=harry
OS=Windows_NT
PROCESSOR_IDENTIFIER=Intel64 Family 6 Model 186 Stepping 3, GenuineIntel
TMP=C:\Users\harry\AppData\Local\Temp
TEMP=C:\Users\harry\AppData\Local\Temp




Periodic native trim disabled

---------------  S Y S T E M  ---------------

OS:
 Windows 11 , 64 bit Build 26100 (10.0.26100.9444)
OS uptime: 5 days 0:53 hours
Hyper-V role detected

CPU: total 12 (initial active 12) (6 cores per cpu, 2 threads per core) family 6 model 186 stepping 3 microcode 0x411f, cx8, cmov, fxsr, ht, mmx, 3dnowpref, sse, sse2, sse3, ssse3, sse4.1, sse4.2, popcnt, lzcnt, tsc, tscinvbit, avx, avx2, aes, erms, clmul, bmi1, bmi2, adx, sha, fma, vzeroupper, clflush, clflushopt, clwb, hv, serialize, rdtscp, rdpid, fsrm, f16c, cet_ibt, cet_ss
Processor Information for processor 0
  Max Mhz: 1300, Current Mhz: 1300, Mhz Limit: 1300
Processor Information for processor 1
  Max Mhz: 1300, Current Mhz: 1300, Mhz Limit: 1300
Processor Information for processor 2
  Max Mhz: 1300, Current Mhz: 1300, Mhz Limit: 1300
Processor Information for processor 3
  Max Mhz: 1300, Current Mhz: 1300, Mhz Limit: 1300
Processor Information for processor 4
  Max Mhz: 1300, Current Mhz: 900, Mhz Limit: 897
Processor Information for processor 5
  Max Mhz: 1300, Current Mhz: 900, Mhz Limit: 897
Processor Information for processor 6
  Max Mhz: 1300, Current Mhz: 900, Mhz Limit: 897
Processor Information for processor 7
  Max Mhz: 1300, Current Mhz: 900, Mhz Limit: 897
Processor Information for processor 8
  Max Mhz: 1300, Current Mhz: 900, Mhz Limit: 897
Processor Information for processor 9
  Max Mhz: 1300, Current Mhz: 900, Mhz Limit: 897
Processor Information for processor 10
  Max Mhz: 1300, Current Mhz: 900, Mhz Limit: 897
Processor Information for processor 11
  Max Mhz: 1300, Current Mhz: 900, Mhz Limit: 897

Memory: 4k page, system-wide physical 16067M (1646M free)
TotalPageFile size 65219M (AvailPageFile size 8904M)
current process WorkingSet (physical memory assigned to process): 93M, peak: 278M
current process commit charge ("private bytes"): 442M, peak: 483M

vm_info: OpenJDK 64-Bit Server VM (21.0.12.1+1-LTS) for windows-amd64 JRE (21.0.12.1+1-LTS), built on 2026-08-18T00:00:00Z by "admin" with MS VC++ 17.12 (VS2022)

END.
