#
# There is insufficient memory for the Java Runtime Environment to continue.
# Native memory allocation (malloc) failed to allocate 353776 bytes. Error detail: Chunk::new
# Possible reasons:
#   The system is out of physical RAM or swap space
#   This process is running with CompressedOops enabled, and the Java Heap may be blocking the growth of the native heap
# Possible solutions:
#   Reduce memory load on the system
#   Increase physical memory or swap space
#   Check if swap backing store is full
#   Decrease Java heap size (-Xmx/-Xms)
#   Decrease number of Java threads
#   Decrease Java thread stack sizes (-Xss)
#   Set larger code cache with -XX:ReservedCodeCacheSize=
#   JVM is running with Unscaled Compressed Oops mode in which the Java heap is
#     placed in the first 4GB address space. The Java Heap base address is the
#     maximum limit for the native heap growth. Please use -XX:HeapBaseMinAddress
#     to set the Java Heap base and to place the Java Heap above 4GB virtual address.
# This output file may be truncated or incomplete.
#
#  Out of Memory Error (arena.cpp:168), pid=50100, tid=49964
#
# JRE version: OpenJDK Runtime Environment Temurin-21.0.12.1+1 (21.0.12.1+1) (build 21.0.12.1+1-LTS)
# Java VM: OpenJDK 64-Bit Server VM Temurin-21.0.12.1+1 (21.0.12.1+1-LTS, mixed mode, sharing, tiered, compressed oops, compressed class ptrs, g1 gc, windows-amd64)
# No core dump will be written. Minidumps are not enabled by default on client versions of Windows
#

---------------  S U M M A R Y ------------

Command Line: -Dfile.encoding=UTF-8 --add-opens=java.base/java.lang=ALL-UNNAMED --add-opens=java.base/java.lang.invoke=ALL-UNNAMED --add-opens=java.base/java.util=ALL-UNNAMED --add-opens=java.prefs/java.util.prefs=ALL-UNNAMED --add-exports=jdk.compiler/com.sun.tools.javac.api=ALL-UNNAMED --add-exports=jdk.compiler/com.sun.tools.javac.util=ALL-UNNAMED --add-opens=java.base/java.nio.charset=ALL-UNNAMED --add-opens=java.base/java.net=ALL-UNNAMED --add-opens=java.base/java.util.concurrent=ALL-UNNAMED --add-opens=java.base/java.util.concurrent.atomic=ALL-UNNAMED --add-opens=java.xml/javax.xml.namespace=ALL-UNNAMED --add-opens=java.base/java.time=ALL-UNNAMED -XX:MaxMetaspaceSize=384m -XX:+HeapDumpOnOutOfMemoryError -Xms256m -Xmx512m -Dfile.encoding=UTF-8 -Duser.country=KR -Duser.language=ko -Duser.variant -javaagent:C:\Users\harry\.gradle\wrapper\dists\gradle-9.7.1-bin\1w1c7tv4s851m17nbqdsro2tv\gradle-9.7.1\lib\agents\gradle-instrumentation-agent-9.7.1.jar org.gradle.launcher.daemon.bootstrap.GradleDaemon 9.7.1

Host: 13th Gen Intel(R) Core(TM) i5-1335U, 12 cores, 15G,  Windows 11 , 64 bit Build 26100 (10.0.26100.9444)
Time: Wed Sep 16 10:38:38 2026 elapsed time: 214.670357 seconds (0d 0h 3m 34s)

---------------  T H R E A D  ---------------

Current thread (0x00000216c71fad70):  JavaThread "C2 CompilerThread0" daemon [_thread_in_native, id=49964, stack(0x0000005e53800000,0x0000005e53900000) (1024K)]


Current CompileTask:
C2:214670 4410       4       java.lang.ClassLoader::defineClass (43 bytes)

Stack: [0x0000005e53800000,0x0000005e53900000]
Native frames: (J=compiled Java code, j=interpreted, Vv=VM code, C=native code)
V  [jvm.dll+0x6d83e9]
V  [jvm.dll+0x8b5736]
V  [jvm.dll+0x8b7cee]
V  [jvm.dll+0x8b83d3]
V  [jvm.dll+0x284596]
V  [jvm.dll+0xc685d]
V  [jvm.dll+0xc6da1]
V  [jvm.dll+0x2fb5ae]
V  [jvm.dll+0x5fee94]
V  [jvm.dll+0x255d67]
V  [jvm.dll+0x24ddab]
V  [jvm.dll+0x24bbe6]
V  [jvm.dll+0x1cb4ae]
V  [jvm.dll+0x25baad]
V  [jvm.dll+0x25a03a]
V  [jvm.dll+0x3f8aae]
V  [jvm.dll+0x8600cd]
V  [jvm.dll+0x6d6c1d]
C  [ucrtbase.dll+0x2cd30]
C  [KERNEL32.DLL+0x2cd87]
C  [ntdll.dll+0xacaec]


---------------  P R O C E S S  ---------------

Threads class SMR info:
_java_thread_list=0x00000216e5121b70, length=35, elements={
0x00000216af118620, 0x00000216c71f0ea0, 0x00000216c71f2820, 0x00000216c71f80c0,
0x00000216c71f8b20, 0x00000216c71f9580, 0x00000216c71f9fe0, 0x00000216c71fad70,
0x00000216c7207360, 0x00000216c73244a0, 0x00000216c7452880, 0x00000216e2697230,
0x00000216c78fc3d0, 0x00000216c7b03770, 0x00000216c77edb80, 0x00000216c774b3d0,
0x00000216c767aee0, 0x00000216c767b550, 0x00000216c7aff490, 0x00000216c7b00ed0,
0x00000216c7b01bf0, 0x00000216c7afe770, 0x00000216c7affb20, 0x00000216c7b01560,
0x00000216c7b001b0, 0x00000216e36564c0, 0x00000216e36571e0, 0x00000216e3656b50,
0x00000216e3653d60, 0x00000216e36543f0, 0x00000216e3657f00, 0x00000216e3654a80,
0x00000216e3658590, 0x00000216e3658c20, 0x00000216e36557a0
}

Java Threads: ( => current thread )
  0x00000216af118620 JavaThread "main"                              [_thread_blocked, id=27600, stack(0x0000005e52a00000,0x0000005e52b00000) (1024K)]
  0x00000216c71f0ea0 JavaThread "Reference Handler"          daemon [_thread_blocked, id=8048, stack(0x0000005e53200000,0x0000005e53300000) (1024K)]
  0x00000216c71f2820 JavaThread "Finalizer"                  daemon [_thread_blocked, id=6776, stack(0x0000005e53300000,0x0000005e53400000) (1024K)]
  0x00000216c71f80c0 JavaThread "Signal Dispatcher"          daemon [_thread_blocked, id=51748, stack(0x0000005e53400000,0x0000005e53500000) (1024K)]
  0x00000216c71f8b20 JavaThread "Attach Listener"            daemon [_thread_blocked, id=19816, stack(0x0000005e53500000,0x0000005e53600000) (1024K)]
  0x00000216c71f9580 JavaThread "Service Thread"             daemon [_thread_in_vm, id=14680, stack(0x0000005e53600000,0x0000005e53700000) (1024K)]
  0x00000216c71f9fe0 JavaThread "Monitor Deflation Thread"   daemon [_thread_blocked, id=1540, stack(0x0000005e53700000,0x0000005e53800000) (1024K)]
=>0x00000216c71fad70 JavaThread "C2 CompilerThread0"         daemon [_thread_in_native, id=49964, stack(0x0000005e53800000,0x0000005e53900000) (1024K)]
  0x00000216c7207360 JavaThread "C1 CompilerThread0"         daemon [_thread_blocked, id=21312, stack(0x0000005e53900000,0x0000005e53a00000) (1024K)]
  0x00000216c73244a0 JavaThread "Common-Cleaner"             daemon [_thread_blocked, id=31220, stack(0x0000005e53a00000,0x0000005e53b00000) (1024K)]
  0x00000216c7452880 JavaThread "Notification Thread"        daemon [_thread_blocked, id=50280, stack(0x0000005e53b00000,0x0000005e53c00000) (1024K)]
  0x00000216e2697230 JavaThread "Daemon health stats"               [_thread_blocked, id=46284, stack(0x0000005e54100000,0x0000005e54200000) (1024K)]
  0x00000216c78fc3d0 JavaThread "Incoming local TCP Connector on port 52314"        [_thread_in_native, id=936, stack(0x0000005e54200000,0x0000005e54300000) (1024K)]
  0x00000216c7b03770 JavaThread "Daemon periodic checks"            [_thread_blocked, id=39992, stack(0x0000005e54300000,0x0000005e54400000) (1024K)]
  0x00000216c77edb80 JavaThread "Daemon"                            [_thread_blocked, id=25556, stack(0x0000005e54400000,0x0000005e54500000) (1024K)]
  0x00000216c774b3d0 JavaThread "Handler for socket connection from /127.0.0.1:52314 to /127.0.0.1:52323"        [_thread_in_native, id=19308, stack(0x0000005e54500000,0x0000005e54600000) (1024K)]
  0x00000216c767aee0 JavaThread "Cancel handler"                    [_thread_blocked, id=25332, stack(0x0000005e54600000,0x0000005e54700000) (1024K)]
  0x00000216c767b550 JavaThread "Daemon worker"                     [_thread_in_native, id=47692, stack(0x0000005e54700000,0x0000005e54800000) (1024K)]
  0x00000216c7aff490 JavaThread "Asynchronous log dispatcher for DefaultDaemonConnection: socket connection from /127.0.0.1:52314 to /127.0.0.1:52323"        [_thread_blocked, id=7888, stack(0x0000005e54800000,0x0000005e54900000) (1024K)]
  0x00000216c7b00ed0 JavaThread "Stdin handler"                     [_thread_blocked, id=42056, stack(0x0000005e54900000,0x0000005e54a00000) (1024K)]
  0x00000216c7b01bf0 JavaThread "Daemon client event forwarder"        [_thread_blocked, id=32060, stack(0x0000005e54a00000,0x0000005e54b00000) (1024K)]
  0x00000216c7afe770 JavaThread "Cache worker for journal cache (C:\Users\harry\.gradle\caches\journal-1)"        [_thread_blocked, id=3800, stack(0x0000005e54b00000,0x0000005e54c00000) (1024K)]
  0x00000216c7affb20 JavaThread "File lock request listener"        [_thread_in_native, id=53360, stack(0x0000005e54c00000,0x0000005e54d00000) (1024K)]
  0x00000216c7b01560 JavaThread "File lock release action executor"        [_thread_blocked, id=54580, stack(0x0000005e54d00000,0x0000005e54e00000) (1024K)]
  0x00000216c7b001b0 JavaThread "Cache worker for file hash cache (C:\Users\harry\.gradle\caches\9.7.1\fileHashes)"        [_thread_blocked, id=54808, stack(0x0000005e54e00000,0x0000005e54f00000) (1024K)]
  0x00000216e36564c0 JavaThread "Cache worker for file hash cache (C:\Users\harry\Desktop\KDT_2026\2026B_Spring\demo\.gradle\9.7.1\fileHashes)"        [_thread_blocked, id=56452, stack(0x0000005e55500000,0x0000005e55600000) (1024K)]
  0x00000216e36571e0 JavaThread "Cache worker for Build Output Cleanup Cache (C:\Users\harry\Desktop\KDT_2026\2026B_Spring\demo\.gradle\buildOutputCleanup)"        [_thread_blocked, id=56540, stack(0x0000005e55600000,0x0000005e55700000) (1024K)]
  0x00000216e3656b50 JavaThread "File watcher server"        daemon [_thread_in_native, id=1460, stack(0x0000005e52800000,0x0000005e52900000) (1024K)]
  0x00000216e3653d60 JavaThread "File watcher consumer"      daemon [_thread_blocked, id=57364, stack(0x0000005e52900000,0x0000005e52a00000) (1024K)]
  0x00000216e36543f0 JavaThread "Cache worker for file content cache (C:\Users\harry\.gradle\caches\9.7.1\fileContent)"        [_thread_blocked, id=52816, stack(0x0000005e55700000,0x0000005e55800000) (1024K)]
  0x00000216e3657f00 JavaThread "Cache worker for checksums cache (C:\Users\harry\Desktop\KDT_2026\2026B_Spring\demo\.gradle\9.7.1\checksums)"        [_thread_blocked, id=57608, stack(0x0000005e55800000,0x0000005e55900000) (1024K)]
  0x00000216e3654a80 JavaThread "Cache worker for cache directory md-supplier (C:\Users\harry\.gradle\caches\9.7.1\md-supplier)"        [_thread_blocked, id=54752, stack(0x0000005e55900000,0x0000005e55a00000) (1024K)]
  0x00000216e3658590 JavaThread "Cache worker for cache directory md-rule (C:\Users\harry\.gradle\caches\9.7.1\md-rule)"        [_thread_blocked, id=55660, stack(0x0000005e55a00000,0x0000005e55b00000) (1024K)]
  0x00000216e3658c20 JavaThread "jar transforms"                    [_thread_blocked, id=43668, stack(0x0000005e55b00000,0x0000005e55c00000) (1024K)]
  0x00000216e36557a0 JavaThread "jar transforms Thread 2"           [_thread_blocked, id=58192, stack(0x0000005e55c00000,0x0000005e55d00000) (1024K)]
Total: 35

Other Threads:
  0x00000216c71cc850 VMThread "VM Thread"                           [id=33936, stack(0x0000005e53100000,0x0000005e53200000) (1024K)]
  0x00000216c71bb820 WatcherThread "VM Periodic Task Thread"        [id=5800, stack(0x0000005e53000000,0x0000005e53100000) (1024K)]
  0x00000216b141dd70 WorkerThread "GC Thread#0"                     [id=27116, stack(0x0000005e52b00000,0x0000005e52c00000) (1024K)]
  0x00000216c7881cd0 WorkerThread "GC Thread#1"                     [id=44408, stack(0x0000005e53c00000,0x0000005e53d00000) (1024K)]
  0x00000216c7882080 WorkerThread "GC Thread#2"                     [id=48180, stack(0x0000005e53d00000,0x0000005e53e00000) (1024K)]
  0x00000216c7882430 WorkerThread "GC Thread#3"                     [id=45644, stack(0x0000005e53e00000,0x0000005e53f00000) (1024K)]
  0x00000216c78827e0 WorkerThread "GC Thread#4"                     [id=50312, stack(0x0000005e53f00000,0x0000005e54000000) (1024K)]
  0x00000216c7882b90 WorkerThread "GC Thread#5"                     [id=864, stack(0x0000005e54000000,0x0000005e54100000) (1024K)]
  0x00000216e2804e60 WorkerThread "GC Thread#6"                     [id=54452, stack(0x0000005e54f00000,0x0000005e55000000) (1024K)]
  0x00000216e28055c0 WorkerThread "GC Thread#7"                     [id=52120, stack(0x0000005e55000000,0x0000005e55100000) (1024K)]
  0x00000216e2805970 WorkerThread "GC Thread#8"                     [id=54408, stack(0x0000005e55100000,0x0000005e55200000) (1024K)]
  0x00000216e2804350 WorkerThread "GC Thread#9"                     [id=47552, stack(0x0000005e55200000,0x0000005e55300000) (1024K)]
  0x00000216b1422c70 ConcurrentGCThread "G1 Main Marker"            [id=12660, stack(0x0000005e52c00000,0x0000005e52d00000) (1024K)]
  0x00000216b1423690 WorkerThread "G1 Conc#0"                       [id=10984, stack(0x0000005e52d00000,0x0000005e52e00000) (1024K)]
  0x00000216e4776d50 WorkerThread "G1 Conc#1"                       [id=55404, stack(0x0000005e55300000,0x0000005e55400000) (1024K)]
  0x00000216e4774fd0 WorkerThread "G1 Conc#2"                       [id=55408, stack(0x0000005e55400000,0x0000005e55500000) (1024K)]
  0x00000216c708ea40 ConcurrentGCThread "G1 Refine#0"               [id=36508, stack(0x0000005e52e00000,0x0000005e52f00000) (1024K)]
  0x00000216c708f270 ConcurrentGCThread "G1 Service"                [id=30604, stack(0x0000005e52f00000,0x0000005e53000000) (1024K)]
Total: 18

Threads with active compile tasks:
C2 CompilerThread0  217734 4410       4       java.lang.ClassLoader::defineClass (43 bytes)
Total: 1

VM state: not at safepoint (normal execution)

VM Mutex/Monitor currently owned by a thread: None

Heap address: 0x00000000e0000000, size: 512 MB, Compressed Oops mode: 32-bit

CDS archive(s) mapped at: [0x00000216c8000000-0x00000216c8ba0000-0x00000216c8ba0000), size 12189696, SharedBaseAddress: 0x00000216c8000000, ArchiveRelocationMode: 1.
Compressed class space mapped at: 0x00000216c9000000-0x00000216dd000000, reserved size: 335544320
Narrow klass base: 0x00000216c8000000, Narrow klass shift: 0, Narrow klass range: 0x100000000

GC Precious Log:
 CardTable entry size: 512
 Card Set container configuration: InlinePtr #cards 5 size 8 Array Of Cards #cards 12 size 40 Howl #buckets 4 coarsen threshold 1843 Howl Bitmap #cards 512 size 80 coarsen threshold 460 Card regions per heap region 1 cards per card region 2048
 CPUs: 12 total, 12 available
 Memory: 16067M
 Large Page Support: Disabled
 NUMA Support: Disabled
 Compressed Oops: Enabled (32-bit)
 Heap Region Size: 1M
 Heap Min Capacity: 256M
 Heap Initial Capacity: 256M
 Heap Max Capacity: 512M
 Pre-touch: Disabled
 Parallel Workers: 10
 Concurrent Workers: 3
 Concurrent Refinement Workers: 10
 Periodic GC: Disabled

Heap:
 garbage-first heap   total 262144K, used 32011K [0x00000000e0000000, 0x0000000100000000)
  region size 1024K, 10 young (10240K), 9 survivors (9216K)
 Metaspace       used 35031K, committed 36480K, reserved 393216K
  class space    used 5183K, committed 5888K, reserved 327680K

Heap Regions: E=young(eden), S=young(survivor), O=old, HS=humongous(starts), HC=humongous(continues), CS=collection set, F=free, TAMS=top-at-mark-start, PB=parsable bottom
|   0|0x00000000e0000000, 0x00000000e0100000, 0x00000000e0100000|100%|HS|  |TAMS 0x00000000e0000000| PB 0x00000000e0000000| Complete 
|   1|0x00000000e0100000, 0x00000000e0200000, 0x00000000e0200000|100%|HC|  |TAMS 0x00000000e0100000| PB 0x00000000e0100000| Complete 
|   2|0x00000000e0200000, 0x00000000e0300000, 0x00000000e0300000|100%|HC|  |TAMS 0x00000000e0200000| PB 0x00000000e0200000| Complete 
|   3|0x00000000e0300000, 0x00000000e0400000, 0x00000000e0400000|100%|HC|  |TAMS 0x00000000e0300000| PB 0x00000000e0300000| Complete 
|   4|0x00000000e0400000, 0x00000000e0500000, 0x00000000e0500000|100%| O|  |TAMS 0x00000000e0400000| PB 0x00000000e0400000| Untracked 
|   5|0x00000000e0500000, 0x00000000e0600000, 0x00000000e0600000|100%| O|  |TAMS 0x00000000e0500000| PB 0x00000000e0500000| Untracked 
|   6|0x00000000e0600000, 0x00000000e0700000, 0x00000000e0700000|100%| O|  |TAMS 0x00000000e0600000| PB 0x00000000e0600000| Untracked 
|   7|0x00000000e0700000, 0x00000000e0800000, 0x00000000e0800000|100%| O|Cm|TAMS 0x00000000e0700000| PB 0x00000000e0700000| Complete 
|   8|0x00000000e0800000, 0x00000000e0900000, 0x00000000e0900000|100%| O|  |TAMS 0x00000000e0800000| PB 0x00000000e0800000| Untracked 
|   9|0x00000000e0900000, 0x00000000e0a00000, 0x00000000e0a00000|100%| O|  |TAMS 0x00000000e0900000| PB 0x00000000e0900000| Untracked 
|  10|0x00000000e0a00000, 0x00000000e0b00000, 0x00000000e0b00000|100%| O|  |TAMS 0x00000000e0a00000| PB 0x00000000e0a00000| Untracked 
|  11|0x00000000e0b00000, 0x00000000e0c00000, 0x00000000e0c00000|100%| O|  |TAMS 0x00000000e0b00000| PB 0x00000000e0b00000| Untracked 
|  12|0x00000000e0c00000, 0x00000000e0d00000, 0x00000000e0d00000|100%|HS|  |TAMS 0x00000000e0c00000| PB 0x00000000e0c00000| Complete 
|  13|0x00000000e0d00000, 0x00000000e0e00000, 0x00000000e0e00000|100%| O|  |TAMS 0x00000000e0d00000| PB 0x00000000e0d00000| Untracked 
|  14|0x00000000e0e00000, 0x00000000e0f00000, 0x00000000e0f00000|100%| O|  |TAMS 0x00000000e0e00000| PB 0x00000000e0e00000| Untracked 
|  15|0x00000000e0f00000, 0x00000000e1000000, 0x00000000e1000000|100%| O|  |TAMS 0x00000000e0f00000| PB 0x00000000e0f00000| Untracked 
|  16|0x00000000e1000000, 0x00000000e1100000, 0x00000000e1100000|100%| O|  |TAMS 0x00000000e1000000| PB 0x00000000e1000000| Untracked 
|  17|0x00000000e1100000, 0x00000000e1200000, 0x00000000e1200000|100%| O|  |TAMS 0x00000000e1100000| PB 0x00000000e1100000| Untracked 
|  18|0x00000000e1200000, 0x00000000e1300000, 0x00000000e1300000|100%| O|  |TAMS 0x00000000e1200000| PB 0x00000000e1200000| Untracked 
|  19|0x00000000e1300000, 0x00000000e1400000, 0x00000000e1400000|100%| O|  |TAMS 0x00000000e1300000| PB 0x00000000e1300000| Untracked 
|  20|0x00000000e1400000, 0x00000000e1500000, 0x00000000e1500000|100%| O|  |TAMS 0x00000000e1400000| PB 0x00000000e1400000| Untracked 
|  21|0x00000000e1500000, 0x00000000e1600000, 0x00000000e1600000|100%| O|  |TAMS 0x00000000e1500000| PB 0x00000000e1500000| Untracked 
|  22|0x00000000e1600000, 0x00000000e1642d88, 0x00000000e1700000| 26%| O|  |TAMS 0x00000000e1600000| PB 0x00000000e1600000| Untracked 
|  23|0x00000000e1700000, 0x00000000e1700000, 0x00000000e1800000|  0%| F|  |TAMS 0x00000000e1700000| PB 0x00000000e1700000| Untracked 
|  24|0x00000000e1800000, 0x00000000e1800000, 0x00000000e1900000|  0%| F|  |TAMS 0x00000000e1800000| PB 0x00000000e1800000| Untracked 
|  25|0x00000000e1900000, 0x00000000e1900000, 0x00000000e1a00000|  0%| F|  |TAMS 0x00000000e1900000| PB 0x00000000e1900000| Untracked 
|  26|0x00000000e1a00000, 0x00000000e1a00000, 0x00000000e1b00000|  0%| F|  |TAMS 0x00000000e1a00000| PB 0x00000000e1a00000| Untracked 
|  27|0x00000000e1b00000, 0x00000000e1b00000, 0x00000000e1c00000|  0%| F|  |TAMS 0x00000000e1b00000| PB 0x00000000e1b00000| Untracked 
|  28|0x00000000e1c00000, 0x00000000e1c00000, 0x00000000e1d00000|  0%| F|  |TAMS 0x00000000e1c00000| PB 0x00000000e1c00000| Untracked 
|  29|0x00000000e1d00000, 0x00000000e1d00000, 0x00000000e1e00000|  0%| F|  |TAMS 0x00000000e1d00000| PB 0x00000000e1d00000| Untracked 
|  30|0x00000000e1e00000, 0x00000000e1e00000, 0x00000000e1f00000|  0%| F|  |TAMS 0x00000000e1e00000| PB 0x00000000e1e00000| Untracked 
|  31|0x00000000e1f00000, 0x00000000e1f00000, 0x00000000e2000000|  0%| F|  |TAMS 0x00000000e1f00000| PB 0x00000000e1f00000| Untracked 
|  32|0x00000000e2000000, 0x00000000e2000000, 0x00000000e2100000|  0%| F|  |TAMS 0x00000000e2000000| PB 0x00000000e2000000| Untracked 
|  33|0x00000000e2100000, 0x00000000e2100000, 0x00000000e2200000|  0%| F|  |TAMS 0x00000000e2100000| PB 0x00000000e2100000| Untracked 
|  34|0x00000000e2200000, 0x00000000e2200000, 0x00000000e2300000|  0%| F|  |TAMS 0x00000000e2200000| PB 0x00000000e2200000| Untracked 
|  35|0x00000000e2300000, 0x00000000e2300000, 0x00000000e2400000|  0%| F|  |TAMS 0x00000000e2300000| PB 0x00000000e2300000| Untracked 
|  36|0x00000000e2400000, 0x00000000e2400000, 0x00000000e2500000|  0%| F|  |TAMS 0x00000000e2400000| PB 0x00000000e2400000| Untracked 
|  37|0x00000000e2500000, 0x00000000e2500000, 0x00000000e2600000|  0%| F|  |TAMS 0x00000000e2500000| PB 0x00000000e2500000| Untracked 
|  38|0x00000000e2600000, 0x00000000e2600000, 0x00000000e2700000|  0%| F|  |TAMS 0x00000000e2600000| PB 0x00000000e2600000| Untracked 
|  39|0x00000000e2700000, 0x00000000e2700000, 0x00000000e2800000|  0%| F|  |TAMS 0x00000000e2700000| PB 0x00000000e2700000| Untracked 
|  40|0x00000000e2800000, 0x00000000e2800000, 0x00000000e2900000|  0%| F|  |TAMS 0x00000000e2800000| PB 0x00000000e2800000| Untracked 
|  41|0x00000000e2900000, 0x00000000e2900000, 0x00000000e2a00000|  0%| F|  |TAMS 0x00000000e2900000| PB 0x00000000e2900000| Untracked 
|  42|0x00000000e2a00000, 0x00000000e2a00000, 0x00000000e2b00000|  0%| F|  |TAMS 0x00000000e2a00000| PB 0x00000000e2a00000| Untracked 
|  43|0x00000000e2b00000, 0x00000000e2b00000, 0x00000000e2c00000|  0%| F|  |TAMS 0x00000000e2b00000| PB 0x00000000e2b00000| Untracked 
|  44|0x00000000e2c00000, 0x00000000e2c00000, 0x00000000e2d00000|  0%| F|  |TAMS 0x00000000e2c00000| PB 0x00000000e2c00000| Untracked 
|  45|0x00000000e2d00000, 0x00000000e2d00000, 0x00000000e2e00000|  0%| F|  |TAMS 0x00000000e2d00000| PB 0x00000000e2d00000| Untracked 
|  46|0x00000000e2e00000, 0x00000000e2e00000, 0x00000000e2f00000|  0%| F|  |TAMS 0x00000000e2e00000| PB 0x00000000e2e00000| Untracked 
|  47|0x00000000e2f00000, 0x00000000e2f00000, 0x00000000e3000000|  0%| F|  |TAMS 0x00000000e2f00000| PB 0x00000000e2f00000| Untracked 
|  48|0x00000000e3000000, 0x00000000e3000000, 0x00000000e3100000|  0%| F|  |TAMS 0x00000000e3000000| PB 0x00000000e3000000| Untracked 
|  49|0x00000000e3100000, 0x00000000e3100000, 0x00000000e3200000|  0%| F|  |TAMS 0x00000000e3100000| PB 0x00000000e3100000| Untracked 
|  50|0x00000000e3200000, 0x00000000e3200000, 0x00000000e3300000|  0%| F|  |TAMS 0x00000000e3200000| PB 0x00000000e3200000| Untracked 
|  51|0x00000000e3300000, 0x00000000e3300000, 0x00000000e3400000|  0%| F|  |TAMS 0x00000000e3300000| PB 0x00000000e3300000| Untracked 
|  52|0x00000000e3400000, 0x00000000e3400000, 0x00000000e3500000|  0%| F|  |TAMS 0x00000000e3400000| PB 0x00000000e3400000| Untracked 
|  53|0x00000000e3500000, 0x00000000e3500000, 0x00000000e3600000|  0%| F|  |TAMS 0x00000000e3500000| PB 0x00000000e3500000| Untracked 
|  54|0x00000000e3600000, 0x00000000e3600000, 0x00000000e3700000|  0%| F|  |TAMS 0x00000000e3600000| PB 0x00000000e3600000| Untracked 
|  55|0x00000000e3700000, 0x00000000e3700000, 0x00000000e3800000|  0%| F|  |TAMS 0x00000000e3700000| PB 0x00000000e3700000| Untracked 
|  56|0x00000000e3800000, 0x00000000e3800000, 0x00000000e3900000|  0%| F|  |TAMS 0x00000000e3800000| PB 0x00000000e3800000| Untracked 
|  57|0x00000000e3900000, 0x00000000e3900000, 0x00000000e3a00000|  0%| F|  |TAMS 0x00000000e3900000| PB 0x00000000e3900000| Untracked 
|  58|0x00000000e3a00000, 0x00000000e3a00000, 0x00000000e3b00000|  0%| F|  |TAMS 0x00000000e3a00000| PB 0x00000000e3a00000| Untracked 
|  59|0x00000000e3b00000, 0x00000000e3b00000, 0x00000000e3c00000|  0%| F|  |TAMS 0x00000000e3b00000| PB 0x00000000e3b00000| Untracked 
|  60|0x00000000e3c00000, 0x00000000e3c00000, 0x00000000e3d00000|  0%| F|  |TAMS 0x00000000e3c00000| PB 0x00000000e3c00000| Untracked 
|  61|0x00000000e3d00000, 0x00000000e3d00000, 0x00000000e3e00000|  0%| F|  |TAMS 0x00000000e3d00000| PB 0x00000000e3d00000| Untracked 
|  62|0x00000000e3e00000, 0x00000000e3e00000, 0x00000000e3f00000|  0%| F|  |TAMS 0x00000000e3e00000| PB 0x00000000e3e00000| Untracked 
|  63|0x00000000e3f00000, 0x00000000e3f00000, 0x00000000e4000000|  0%| F|  |TAMS 0x00000000e3f00000| PB 0x00000000e3f00000| Untracked 
|  64|0x00000000e4000000, 0x00000000e4000000, 0x00000000e4100000|  0%| F|  |TAMS 0x00000000e4000000| PB 0x00000000e4000000| Untracked 
|  65|0x00000000e4100000, 0x00000000e4100000, 0x00000000e4200000|  0%| F|  |TAMS 0x00000000e4100000| PB 0x00000000e4100000| Untracked 
|  66|0x00000000e4200000, 0x00000000e4200000, 0x00000000e4300000|  0%| F|  |TAMS 0x00000000e4200000| PB 0x00000000e4200000| Untracked 
|  67|0x00000000e4300000, 0x00000000e4300000, 0x00000000e4400000|  0%| F|  |TAMS 0x00000000e4300000| PB 0x00000000e4300000| Untracked 
|  68|0x00000000e4400000, 0x00000000e4400000, 0x00000000e4500000|  0%| F|  |TAMS 0x00000000e4400000| PB 0x00000000e4400000| Untracked 
|  69|0x00000000e4500000, 0x00000000e4500000, 0x00000000e4600000|  0%| F|  |TAMS 0x00000000e4500000| PB 0x00000000e4500000| Untracked 
|  70|0x00000000e4600000, 0x00000000e4600000, 0x00000000e4700000|  0%| F|  |TAMS 0x00000000e4600000| PB 0x00000000e4600000| Untracked 
|  71|0x00000000e4700000, 0x00000000e4700000, 0x00000000e4800000|  0%| F|  |TAMS 0x00000000e4700000| PB 0x00000000e4700000| Untracked 
|  72|0x00000000e4800000, 0x00000000e4800000, 0x00000000e4900000|  0%| F|  |TAMS 0x00000000e4800000| PB 0x00000000e4800000| Untracked 
|  73|0x00000000e4900000, 0x00000000e4900000, 0x00000000e4a00000|  0%| F|  |TAMS 0x00000000e4900000| PB 0x00000000e4900000| Untracked 
|  74|0x00000000e4a00000, 0x00000000e4a00000, 0x00000000e4b00000|  0%| F|  |TAMS 0x00000000e4a00000| PB 0x00000000e4a00000| Untracked 
|  75|0x00000000e4b00000, 0x00000000e4b00000, 0x00000000e4c00000|  0%| F|  |TAMS 0x00000000e4b00000| PB 0x00000000e4b00000| Untracked 
|  76|0x00000000e4c00000, 0x00000000e4c00000, 0x00000000e4d00000|  0%| F|  |TAMS 0x00000000e4c00000| PB 0x00000000e4c00000| Untracked 
|  77|0x00000000e4d00000, 0x00000000e4d00000, 0x00000000e4e00000|  0%| F|  |TAMS 0x00000000e4d00000| PB 0x00000000e4d00000| Untracked 
|  78|0x00000000e4e00000, 0x00000000e4e00000, 0x00000000e4f00000|  0%| F|  |TAMS 0x00000000e4e00000| PB 0x00000000e4e00000| Untracked 
|  79|0x00000000e4f00000, 0x00000000e4f00000, 0x00000000e5000000|  0%| F|  |TAMS 0x00000000e4f00000| PB 0x00000000e4f00000| Untracked 
|  80|0x00000000e5000000, 0x00000000e5000000, 0x00000000e5100000|  0%| F|  |TAMS 0x00000000e5000000| PB 0x00000000e5000000| Untracked 
|  81|0x00000000e5100000, 0x00000000e5100000, 0x00000000e5200000|  0%| F|  |TAMS 0x00000000e5100000| PB 0x00000000e5100000| Untracked 
|  82|0x00000000e5200000, 0x00000000e5200000, 0x00000000e5300000|  0%| F|  |TAMS 0x00000000e5200000| PB 0x00000000e5200000| Untracked 
|  83|0x00000000e5300000, 0x00000000e5300000, 0x00000000e5400000|  0%| F|  |TAMS 0x00000000e5300000| PB 0x00000000e5300000| Untracked 
|  84|0x00000000e5400000, 0x00000000e5400000, 0x00000000e5500000|  0%| F|  |TAMS 0x00000000e5400000| PB 0x00000000e5400000| Untracked 
|  85|0x00000000e5500000, 0x00000000e5500000, 0x00000000e5600000|  0%| F|  |TAMS 0x00000000e5500000| PB 0x00000000e5500000| Untracked 
|  86|0x00000000e5600000, 0x00000000e5600000, 0x00000000e5700000|  0%| F|  |TAMS 0x00000000e5600000| PB 0x00000000e5600000| Untracked 
|  87|0x00000000e5700000, 0x00000000e5700000, 0x00000000e5800000|  0%| F|  |TAMS 0x00000000e5700000| PB 0x00000000e5700000| Untracked 
|  88|0x00000000e5800000, 0x00000000e5800000, 0x00000000e5900000|  0%| F|  |TAMS 0x00000000e5800000| PB 0x00000000e5800000| Untracked 
|  89|0x00000000e5900000, 0x00000000e5900000, 0x00000000e5a00000|  0%| F|  |TAMS 0x00000000e5900000| PB 0x00000000e5900000| Untracked 
|  90|0x00000000e5a00000, 0x00000000e5a00000, 0x00000000e5b00000|  0%| F|  |TAMS 0x00000000e5a00000| PB 0x00000000e5a00000| Untracked 
|  91|0x00000000e5b00000, 0x00000000e5b00000, 0x00000000e5c00000|  0%| F|  |TAMS 0x00000000e5b00000| PB 0x00000000e5b00000| Untracked 
|  92|0x00000000e5c00000, 0x00000000e5c00000, 0x00000000e5d00000|  0%| F|  |TAMS 0x00000000e5c00000| PB 0x00000000e5c00000| Untracked 
|  93|0x00000000e5d00000, 0x00000000e5d00000, 0x00000000e5e00000|  0%| F|  |TAMS 0x00000000e5d00000| PB 0x00000000e5d00000| Untracked 
|  94|0x00000000e5e00000, 0x00000000e5e00000, 0x00000000e5f00000|  0%| F|  |TAMS 0x00000000e5e00000| PB 0x00000000e5e00000| Untracked 
|  95|0x00000000e5f00000, 0x00000000e5f00000, 0x00000000e6000000|  0%| F|  |TAMS 0x00000000e5f00000| PB 0x00000000e5f00000| Untracked 
|  96|0x00000000e6000000, 0x00000000e6000000, 0x00000000e6100000|  0%| F|  |TAMS 0x00000000e6000000| PB 0x00000000e6000000| Untracked 
|  97|0x00000000e6100000, 0x00000000e6100000, 0x00000000e6200000|  0%| F|  |TAMS 0x00000000e6100000| PB 0x00000000e6100000| Untracked 
|  98|0x00000000e6200000, 0x00000000e6200000, 0x00000000e6300000|  0%| F|  |TAMS 0x00000000e6200000| PB 0x00000000e6200000| Untracked 
|  99|0x00000000e6300000, 0x00000000e6300000, 0x00000000e6400000|  0%| F|  |TAMS 0x00000000e6300000| PB 0x00000000e6300000| Untracked 
| 100|0x00000000e6400000, 0x00000000e6400000, 0x00000000e6500000|  0%| F|  |TAMS 0x00000000e6400000| PB 0x00000000e6400000| Untracked 
| 101|0x00000000e6500000, 0x00000000e6500000, 0x00000000e6600000|  0%| F|  |TAMS 0x00000000e6500000| PB 0x00000000e6500000| Untracked 
| 102|0x00000000e6600000, 0x00000000e6600000, 0x00000000e6700000|  0%| F|  |TAMS 0x00000000e6600000| PB 0x00000000e6600000| Untracked 
| 103|0x00000000e6700000, 0x00000000e6700000, 0x00000000e6800000|  0%| F|  |TAMS 0x00000000e6700000| PB 0x00000000e6700000| Untracked 
| 104|0x00000000e6800000, 0x00000000e6800000, 0x00000000e6900000|  0%| F|  |TAMS 0x00000000e6800000| PB 0x00000000e6800000| Untracked 
| 105|0x00000000e6900000, 0x00000000e6900000, 0x00000000e6a00000|  0%| F|  |TAMS 0x00000000e6900000| PB 0x00000000e6900000| Untracked 
| 106|0x00000000e6a00000, 0x00000000e6a00000, 0x00000000e6b00000|  0%| F|  |TAMS 0x00000000e6a00000| PB 0x00000000e6a00000| Untracked 
| 107|0x00000000e6b00000, 0x00000000e6b00000, 0x00000000e6c00000|  0%| F|  |TAMS 0x00000000e6b00000| PB 0x00000000e6b00000| Untracked 
| 108|0x00000000e6c00000, 0x00000000e6c00000, 0x00000000e6d00000|  0%| F|  |TAMS 0x00000000e6c00000| PB 0x00000000e6c00000| Untracked 
| 109|0x00000000e6d00000, 0x00000000e6d00000, 0x00000000e6e00000|  0%| F|  |TAMS 0x00000000e6d00000| PB 0x00000000e6d00000| Untracked 
| 110|0x00000000e6e00000, 0x00000000e6e00000, 0x00000000e6f00000|  0%| F|  |TAMS 0x00000000e6e00000| PB 0x00000000e6e00000| Untracked 
| 111|0x00000000e6f00000, 0x00000000e6f00000, 0x00000000e7000000|  0%| F|  |TAMS 0x00000000e6f00000| PB 0x00000000e6f00000| Untracked 
| 112|0x00000000e7000000, 0x00000000e7000000, 0x00000000e7100000|  0%| F|  |TAMS 0x00000000e7000000| PB 0x00000000e7000000| Untracked 
| 113|0x00000000e7100000, 0x00000000e7100000, 0x00000000e7200000|  0%| F|  |TAMS 0x00000000e7100000| PB 0x00000000e7100000| Untracked 
| 114|0x00000000e7200000, 0x00000000e7200000, 0x00000000e7300000|  0%| F|  |TAMS 0x00000000e7200000| PB 0x00000000e7200000| Untracked 
| 115|0x00000000e7300000, 0x00000000e7300000, 0x00000000e7400000|  0%| F|  |TAMS 0x00000000e7300000| PB 0x00000000e7300000| Untracked 
| 116|0x00000000e7400000, 0x00000000e7400000, 0x00000000e7500000|  0%| F|  |TAMS 0x00000000e7400000| PB 0x00000000e7400000| Untracked 
| 117|0x00000000e7500000, 0x00000000e7500000, 0x00000000e7600000|  0%| F|  |TAMS 0x00000000e7500000| PB 0x00000000e7500000| Untracked 
| 118|0x00000000e7600000, 0x00000000e7600000, 0x00000000e7700000|  0%| F|  |TAMS 0x00000000e7600000| PB 0x00000000e7600000| Untracked 
| 119|0x00000000e7700000, 0x00000000e7700000, 0x00000000e7800000|  0%| F|  |TAMS 0x00000000e7700000| PB 0x00000000e7700000| Untracked 
| 120|0x00000000e7800000, 0x00000000e7800000, 0x00000000e7900000|  0%| F|  |TAMS 0x00000000e7800000| PB 0x00000000e7800000| Untracked 
| 121|0x00000000e7900000, 0x00000000e7900000, 0x00000000e7a00000|  0%| F|  |TAMS 0x00000000e7900000| PB 0x00000000e7900000| Untracked 
| 122|0x00000000e7a00000, 0x00000000e7b00000, 0x00000000e7b00000|100%| S|CS|TAMS 0x00000000e7a00000| PB 0x00000000e7a00000| Complete 
| 123|0x00000000e7b00000, 0x00000000e7c00000, 0x00000000e7c00000|100%| S|CS|TAMS 0x00000000e7b00000| PB 0x00000000e7b00000| Complete 
| 124|0x00000000e7c00000, 0x00000000e7d00000, 0x00000000e7d00000|100%| S|CS|TAMS 0x00000000e7c00000| PB 0x00000000e7c00000| Complete 
| 125|0x00000000e7d00000, 0x00000000e7e00000, 0x00000000e7e00000|100%| S|CS|TAMS 0x00000000e7d00000| PB 0x00000000e7d00000| Complete 
| 126|0x00000000e7e00000, 0x00000000e7f00000, 0x00000000e7f00000|100%| S|CS|TAMS 0x00000000e7e00000| PB 0x00000000e7e00000| Complete 
| 127|0x00000000e7f00000, 0x00000000e8000000, 0x00000000e8000000|100%| S|CS|TAMS 0x00000000e7f00000| PB 0x00000000e7f00000| Complete 
| 128|0x00000000e8000000, 0x00000000e8100000, 0x00000000e8100000|100%| S|CS|TAMS 0x00000000e8000000| PB 0x00000000e8000000| Complete 
| 129|0x00000000e8100000, 0x00000000e8200000, 0x00000000e8200000|100%| S|CS|TAMS 0x00000000e8100000| PB 0x00000000e8100000| Complete 
| 130|0x00000000e8200000, 0x00000000e8300000, 0x00000000e8300000|100%| S|CS|TAMS 0x00000000e8200000| PB 0x00000000e8200000| Complete 
| 131|0x00000000e8300000, 0x00000000e8300000, 0x00000000e8400000|  0%| F|  |TAMS 0x00000000e8300000| PB 0x00000000e8300000| Untracked 
| 132|0x00000000e8400000, 0x00000000e8400000, 0x00000000e8500000|  0%| F|  |TAMS 0x00000000e8400000| PB 0x00000000e8400000| Untracked 
| 133|0x00000000e8500000, 0x00000000e8500000, 0x00000000e8600000|  0%| F|  |TAMS 0x00000000e8500000| PB 0x00000000e8500000| Untracked 
| 134|0x00000000e8600000, 0x00000000e8600000, 0x00000000e8700000|  0%| F|  |TAMS 0x00000000e8600000| PB 0x00000000e8600000| Untracked 
| 135|0x00000000e8700000, 0x00000000e8700000, 0x00000000e8800000|  0%| F|  |TAMS 0x00000000e8700000| PB 0x00000000e8700000| Untracked 
| 136|0x00000000e8800000, 0x00000000e8800000, 0x00000000e8900000|  0%| F|  |TAMS 0x00000000e8800000| PB 0x00000000e8800000| Untracked 
| 137|0x00000000e8900000, 0x00000000e8900000, 0x00000000e8a00000|  0%| F|  |TAMS 0x00000000e8900000| PB 0x00000000e8900000| Untracked 
| 138|0x00000000e8a00000, 0x00000000e8a00000, 0x00000000e8b00000|  0%| F|  |TAMS 0x00000000e8a00000| PB 0x00000000e8a00000| Untracked 
| 139|0x00000000e8b00000, 0x00000000e8b00000, 0x00000000e8c00000|  0%| F|  |TAMS 0x00000000e8b00000| PB 0x00000000e8b00000| Untracked 
| 140|0x00000000e8c00000, 0x00000000e8c00000, 0x00000000e8d00000|  0%| F|  |TAMS 0x00000000e8c00000| PB 0x00000000e8c00000| Untracked 
| 141|0x00000000e8d00000, 0x00000000e8d00000, 0x00000000e8e00000|  0%| F|  |TAMS 0x00000000e8d00000| PB 0x00000000e8d00000| Untracked 
| 142|0x00000000e8e00000, 0x00000000e8e00000, 0x00000000e8f00000|  0%| F|  |TAMS 0x00000000e8e00000| PB 0x00000000e8e00000| Untracked 
| 143|0x00000000e8f00000, 0x00000000e8f00000, 0x00000000e9000000|  0%| F|  |TAMS 0x00000000e8f00000| PB 0x00000000e8f00000| Untracked 
| 144|0x00000000e9000000, 0x00000000e9000000, 0x00000000e9100000|  0%| F|  |TAMS 0x00000000e9000000| PB 0x00000000e9000000| Untracked 
| 145|0x00000000e9100000, 0x00000000e9100000, 0x00000000e9200000|  0%| F|  |TAMS 0x00000000e9100000| PB 0x00000000e9100000| Untracked 
| 146|0x00000000e9200000, 0x00000000e9200000, 0x00000000e9300000|  0%| F|  |TAMS 0x00000000e9200000| PB 0x00000000e9200000| Untracked 
| 147|0x00000000e9300000, 0x00000000e9300000, 0x00000000e9400000|  0%| F|  |TAMS 0x00000000e9300000| PB 0x00000000e9300000| Untracked 
| 148|0x00000000e9400000, 0x00000000e9400000, 0x00000000e9500000|  0%| F|  |TAMS 0x00000000e9400000| PB 0x00000000e9400000| Untracked 
| 149|0x00000000e9500000, 0x00000000e9500000, 0x00000000e9600000|  0%| F|  |TAMS 0x00000000e9500000| PB 0x00000000e9500000| Untracked 
| 150|0x00000000e9600000, 0x00000000e9600000, 0x00000000e9700000|  0%| F|  |TAMS 0x00000000e9600000| PB 0x00000000e9600000| Untracked 
| 151|0x00000000e9700000, 0x00000000e9700000, 0x00000000e9800000|  0%| F|  |TAMS 0x00000000e9700000| PB 0x00000000e9700000| Untracked 
| 152|0x00000000e9800000, 0x00000000e9800000, 0x00000000e9900000|  0%| F|  |TAMS 0x00000000e9800000| PB 0x00000000e9800000| Untracked 
| 153|0x00000000e9900000, 0x00000000e9900000, 0x00000000e9a00000|  0%| F|  |TAMS 0x00000000e9900000| PB 0x00000000e9900000| Untracked 
| 154|0x00000000e9a00000, 0x00000000e9a00000, 0x00000000e9b00000|  0%| F|  |TAMS 0x00000000e9a00000| PB 0x00000000e9a00000| Untracked 
| 155|0x00000000e9b00000, 0x00000000e9b00000, 0x00000000e9c00000|  0%| F|  |TAMS 0x00000000e9b00000| PB 0x00000000e9b00000| Untracked 
| 156|0x00000000e9c00000, 0x00000000e9c00000, 0x00000000e9d00000|  0%| F|  |TAMS 0x00000000e9c00000| PB 0x00000000e9c00000| Untracked 
| 157|0x00000000e9d00000, 0x00000000e9d00000, 0x00000000e9e00000|  0%| F|  |TAMS 0x00000000e9d00000| PB 0x00000000e9d00000| Untracked 
| 158|0x00000000e9e00000, 0x00000000e9e00000, 0x00000000e9f00000|  0%| F|  |TAMS 0x00000000e9e00000| PB 0x00000000e9e00000| Untracked 
| 159|0x00000000e9f00000, 0x00000000e9f00000, 0x00000000ea000000|  0%| F|  |TAMS 0x00000000e9f00000| PB 0x00000000e9f00000| Untracked 
| 160|0x00000000ea000000, 0x00000000ea000000, 0x00000000ea100000|  0%| F|  |TAMS 0x00000000ea000000| PB 0x00000000ea000000| Untracked 
| 161|0x00000000ea100000, 0x00000000ea100000, 0x00000000ea200000|  0%| F|  |TAMS 0x00000000ea100000| PB 0x00000000ea100000| Untracked 
| 162|0x00000000ea200000, 0x00000000ea200000, 0x00000000ea300000|  0%| F|  |TAMS 0x00000000ea200000| PB 0x00000000ea200000| Untracked 
| 163|0x00000000ea300000, 0x00000000ea300000, 0x00000000ea400000|  0%| F|  |TAMS 0x00000000ea300000| PB 0x00000000ea300000| Untracked 
| 164|0x00000000ea400000, 0x00000000ea400000, 0x00000000ea500000|  0%| F|  |TAMS 0x00000000ea400000| PB 0x00000000ea400000| Untracked 
| 165|0x00000000ea500000, 0x00000000ea500000, 0x00000000ea600000|  0%| F|  |TAMS 0x00000000ea500000| PB 0x00000000ea500000| Untracked 
| 166|0x00000000ea600000, 0x00000000ea600000, 0x00000000ea700000|  0%| F|  |TAMS 0x00000000ea600000| PB 0x00000000ea600000| Untracked 
| 167|0x00000000ea700000, 0x00000000ea700000, 0x00000000ea800000|  0%| F|  |TAMS 0x00000000ea700000| PB 0x00000000ea700000| Untracked 
| 168|0x00000000ea800000, 0x00000000ea800000, 0x00000000ea900000|  0%| F|  |TAMS 0x00000000ea800000| PB 0x00000000ea800000| Untracked 
| 169|0x00000000ea900000, 0x00000000ea900000, 0x00000000eaa00000|  0%| F|  |TAMS 0x00000000ea900000| PB 0x00000000ea900000| Untracked 
| 170|0x00000000eaa00000, 0x00000000eaa00000, 0x00000000eab00000|  0%| F|  |TAMS 0x00000000eaa00000| PB 0x00000000eaa00000| Untracked 
| 171|0x00000000eab00000, 0x00000000eab00000, 0x00000000eac00000|  0%| F|  |TAMS 0x00000000eab00000| PB 0x00000000eab00000| Untracked 
| 172|0x00000000eac00000, 0x00000000eac00000, 0x00000000ead00000|  0%| F|  |TAMS 0x00000000eac00000| PB 0x00000000eac00000| Untracked 
| 173|0x00000000ead00000, 0x00000000ead00000, 0x00000000eae00000|  0%| F|  |TAMS 0x00000000ead00000| PB 0x00000000ead00000| Untracked 
| 174|0x00000000eae00000, 0x00000000eae00000, 0x00000000eaf00000|  0%| F|  |TAMS 0x00000000eae00000| PB 0x00000000eae00000| Untracked 
| 175|0x00000000eaf00000, 0x00000000eaf00000, 0x00000000eb000000|  0%| F|  |TAMS 0x00000000eaf00000| PB 0x00000000eaf00000| Untracked 
| 176|0x00000000eb000000, 0x00000000eb000000, 0x00000000eb100000|  0%| F|  |TAMS 0x00000000eb000000| PB 0x00000000eb000000| Untracked 
| 177|0x00000000eb100000, 0x00000000eb100000, 0x00000000eb200000|  0%| F|  |TAMS 0x00000000eb100000| PB 0x00000000eb100000| Untracked 
| 178|0x00000000eb200000, 0x00000000eb200000, 0x00000000eb300000|  0%| F|  |TAMS 0x00000000eb200000| PB 0x00000000eb200000| Untracked 
| 179|0x00000000eb300000, 0x00000000eb300000, 0x00000000eb400000|  0%| F|  |TAMS 0x00000000eb300000| PB 0x00000000eb300000| Untracked 
| 180|0x00000000eb400000, 0x00000000eb400000, 0x00000000eb500000|  0%| F|  |TAMS 0x00000000eb400000| PB 0x00000000eb400000| Untracked 
| 181|0x00000000eb500000, 0x00000000eb500000, 0x00000000eb600000|  0%| F|  |TAMS 0x00000000eb500000| PB 0x00000000eb500000| Untracked 
| 182|0x00000000eb600000, 0x00000000eb600000, 0x00000000eb700000|  0%| F|  |TAMS 0x00000000eb600000| PB 0x00000000eb600000| Untracked 
| 183|0x00000000eb700000, 0x00000000eb700000, 0x00000000eb800000|  0%| F|  |TAMS 0x00000000eb700000| PB 0x00000000eb700000| Untracked 
| 184|0x00000000eb800000, 0x00000000eb800000, 0x00000000eb900000|  0%| F|  |TAMS 0x00000000eb800000| PB 0x00000000eb800000| Untracked 
| 185|0x00000000eb900000, 0x00000000eb900000, 0x00000000eba00000|  0%| F|  |TAMS 0x00000000eb900000| PB 0x00000000eb900000| Untracked 
| 186|0x00000000eba00000, 0x00000000eba00000, 0x00000000ebb00000|  0%| F|  |TAMS 0x00000000eba00000| PB 0x00000000eba00000| Untracked 
| 187|0x00000000ebb00000, 0x00000000ebb00000, 0x00000000ebc00000|  0%| F|  |TAMS 0x00000000ebb00000| PB 0x00000000ebb00000| Untracked 
| 188|0x00000000ebc00000, 0x00000000ebc00000, 0x00000000ebd00000|  0%| F|  |TAMS 0x00000000ebc00000| PB 0x00000000ebc00000| Untracked 
| 189|0x00000000ebd00000, 0x00000000ebd00000, 0x00000000ebe00000|  0%| F|  |TAMS 0x00000000ebd00000| PB 0x00000000ebd00000| Untracked 
| 190|0x00000000ebe00000, 0x00000000ebe00000, 0x00000000ebf00000|  0%| F|  |TAMS 0x00000000ebe00000| PB 0x00000000ebe00000| Untracked 
| 191|0x00000000ebf00000, 0x00000000ebf00000, 0x00000000ec000000|  0%| F|  |TAMS 0x00000000ebf00000| PB 0x00000000ebf00000| Untracked 
| 192|0x00000000ec000000, 0x00000000ec000000, 0x00000000ec100000|  0%| F|  |TAMS 0x00000000ec000000| PB 0x00000000ec000000| Untracked 
| 193|0x00000000ec100000, 0x00000000ec100000, 0x00000000ec200000|  0%| F|  |TAMS 0x00000000ec100000| PB 0x00000000ec100000| Untracked 
| 194|0x00000000ec200000, 0x00000000ec200000, 0x00000000ec300000|  0%| F|  |TAMS 0x00000000ec200000| PB 0x00000000ec200000| Untracked 
| 195|0x00000000ec300000, 0x00000000ec300000, 0x00000000ec400000|  0%| F|  |TAMS 0x00000000ec300000| PB 0x00000000ec300000| Untracked 
| 196|0x00000000ec400000, 0x00000000ec400000, 0x00000000ec500000|  0%| F|  |TAMS 0x00000000ec400000| PB 0x00000000ec400000| Untracked 
| 197|0x00000000ec500000, 0x00000000ec500000, 0x00000000ec600000|  0%| F|  |TAMS 0x00000000ec500000| PB 0x00000000ec500000| Untracked 
| 198|0x00000000ec600000, 0x00000000ec600000, 0x00000000ec700000|  0%| F|  |TAMS 0x00000000ec600000| PB 0x00000000ec600000| Untracked 
| 199|0x00000000ec700000, 0x00000000ec700000, 0x00000000ec800000|  0%| F|  |TAMS 0x00000000ec700000| PB 0x00000000ec700000| Untracked 
| 200|0x00000000ec800000, 0x00000000ec800000, 0x00000000ec900000|  0%| F|  |TAMS 0x00000000ec800000| PB 0x00000000ec800000| Untracked 
| 201|0x00000000ec900000, 0x00000000ec900000, 0x00000000eca00000|  0%| F|  |TAMS 0x00000000ec900000| PB 0x00000000ec900000| Untracked 
| 202|0x00000000eca00000, 0x00000000eca00000, 0x00000000ecb00000|  0%| F|  |TAMS 0x00000000eca00000| PB 0x00000000eca00000| Untracked 
| 203|0x00000000ecb00000, 0x00000000ecb00000, 0x00000000ecc00000|  0%| F|  |TAMS 0x00000000ecb00000| PB 0x00000000ecb00000| Untracked 
| 204|0x00000000ecc00000, 0x00000000ecc00000, 0x00000000ecd00000|  0%| F|  |TAMS 0x00000000ecc00000| PB 0x00000000ecc00000| Untracked 
| 205|0x00000000ecd00000, 0x00000000ecd00000, 0x00000000ece00000|  0%| F|  |TAMS 0x00000000ecd00000| PB 0x00000000ecd00000| Untracked 
| 206|0x00000000ece00000, 0x00000000ece00000, 0x00000000ecf00000|  0%| F|  |TAMS 0x00000000ece00000| PB 0x00000000ece00000| Untracked 
| 207|0x00000000ecf00000, 0x00000000ecf00000, 0x00000000ed000000|  0%| F|  |TAMS 0x00000000ecf00000| PB 0x00000000ecf00000| Untracked 
| 208|0x00000000ed000000, 0x00000000ed000000, 0x00000000ed100000|  0%| F|  |TAMS 0x00000000ed000000| PB 0x00000000ed000000| Untracked 
| 209|0x00000000ed100000, 0x00000000ed100000, 0x00000000ed200000|  0%| F|  |TAMS 0x00000000ed100000| PB 0x00000000ed100000| Untracked 
| 210|0x00000000ed200000, 0x00000000ed200000, 0x00000000ed300000|  0%| F|  |TAMS 0x00000000ed200000| PB 0x00000000ed200000| Untracked 
| 211|0x00000000ed300000, 0x00000000ed300000, 0x00000000ed400000|  0%| F|  |TAMS 0x00000000ed300000| PB 0x00000000ed300000| Untracked 
| 212|0x00000000ed400000, 0x00000000ed400000, 0x00000000ed500000|  0%| F|  |TAMS 0x00000000ed400000| PB 0x00000000ed400000| Untracked 
| 213|0x00000000ed500000, 0x00000000ed500000, 0x00000000ed600000|  0%| F|  |TAMS 0x00000000ed500000| PB 0x00000000ed500000| Untracked 
| 214|0x00000000ed600000, 0x00000000ed600000, 0x00000000ed700000|  0%| F|  |TAMS 0x00000000ed600000| PB 0x00000000ed600000| Untracked 
| 215|0x00000000ed700000, 0x00000000ed700000, 0x00000000ed800000|  0%| F|  |TAMS 0x00000000ed700000| PB 0x00000000ed700000| Untracked 
| 216|0x00000000ed800000, 0x00000000ed800000, 0x00000000ed900000|  0%| F|  |TAMS 0x00000000ed800000| PB 0x00000000ed800000| Untracked 
| 217|0x00000000ed900000, 0x00000000ed900000, 0x00000000eda00000|  0%| F|  |TAMS 0x00000000ed900000| PB 0x00000000ed900000| Untracked 
| 218|0x00000000eda00000, 0x00000000eda00000, 0x00000000edb00000|  0%| F|  |TAMS 0x00000000eda00000| PB 0x00000000eda00000| Untracked 
| 219|0x00000000edb00000, 0x00000000edb00000, 0x00000000edc00000|  0%| F|  |TAMS 0x00000000edb00000| PB 0x00000000edb00000| Untracked 
| 220|0x00000000edc00000, 0x00000000edc00000, 0x00000000edd00000|  0%| F|  |TAMS 0x00000000edc00000| PB 0x00000000edc00000| Untracked 
| 221|0x00000000edd00000, 0x00000000edd00000, 0x00000000ede00000|  0%| F|  |TAMS 0x00000000edd00000| PB 0x00000000edd00000| Untracked 
| 222|0x00000000ede00000, 0x00000000ede00000, 0x00000000edf00000|  0%| F|  |TAMS 0x00000000ede00000| PB 0x00000000ede00000| Untracked 
| 223|0x00000000edf00000, 0x00000000edf00000, 0x00000000ee000000|  0%| F|  |TAMS 0x00000000edf00000| PB 0x00000000edf00000| Untracked 
| 224|0x00000000ee000000, 0x00000000ee000000, 0x00000000ee100000|  0%| F|  |TAMS 0x00000000ee000000| PB 0x00000000ee000000| Untracked 
| 225|0x00000000ee100000, 0x00000000ee100000, 0x00000000ee200000|  0%| F|  |TAMS 0x00000000ee100000| PB 0x00000000ee100000| Untracked 
| 226|0x00000000ee200000, 0x00000000ee200000, 0x00000000ee300000|  0%| F|  |TAMS 0x00000000ee200000| PB 0x00000000ee200000| Untracked 
| 227|0x00000000ee300000, 0x00000000ee300000, 0x00000000ee400000|  0%| F|  |TAMS 0x00000000ee300000| PB 0x00000000ee300000| Untracked 
| 228|0x00000000ee400000, 0x00000000ee400000, 0x00000000ee500000|  0%| F|  |TAMS 0x00000000ee400000| PB 0x00000000ee400000| Untracked 
| 229|0x00000000ee500000, 0x00000000ee500000, 0x00000000ee600000|  0%| F|  |TAMS 0x00000000ee500000| PB 0x00000000ee500000| Untracked 
| 230|0x00000000ee600000, 0x00000000ee600000, 0x00000000ee700000|  0%| F|  |TAMS 0x00000000ee600000| PB 0x00000000ee600000| Untracked 
| 231|0x00000000ee700000, 0x00000000ee700000, 0x00000000ee800000|  0%| F|  |TAMS 0x00000000ee700000| PB 0x00000000ee700000| Untracked 
| 232|0x00000000ee800000, 0x00000000ee800000, 0x00000000ee900000|  0%| F|  |TAMS 0x00000000ee800000| PB 0x00000000ee800000| Untracked 
| 233|0x00000000ee900000, 0x00000000ee900000, 0x00000000eea00000|  0%| F|  |TAMS 0x00000000ee900000| PB 0x00000000ee900000| Untracked 
| 234|0x00000000eea00000, 0x00000000eea00000, 0x00000000eeb00000|  0%| F|  |TAMS 0x00000000eea00000| PB 0x00000000eea00000| Untracked 
| 235|0x00000000eeb00000, 0x00000000eeb00000, 0x00000000eec00000|  0%| F|  |TAMS 0x00000000eeb00000| PB 0x00000000eeb00000| Untracked 
| 236|0x00000000eec00000, 0x00000000eec00000, 0x00000000eed00000|  0%| F|  |TAMS 0x00000000eec00000| PB 0x00000000eec00000| Untracked 
| 237|0x00000000eed00000, 0x00000000eed00000, 0x00000000eee00000|  0%| F|  |TAMS 0x00000000eed00000| PB 0x00000000eed00000| Untracked 
| 238|0x00000000eee00000, 0x00000000eee00000, 0x00000000eef00000|  0%| F|  |TAMS 0x00000000eee00000| PB 0x00000000eee00000| Untracked 
| 239|0x00000000eef00000, 0x00000000eef00000, 0x00000000ef000000|  0%| F|  |TAMS 0x00000000eef00000| PB 0x00000000eef00000| Untracked 
| 240|0x00000000ef000000, 0x00000000ef000000, 0x00000000ef100000|  0%| F|  |TAMS 0x00000000ef000000| PB 0x00000000ef000000| Untracked 
| 241|0x00000000ef100000, 0x00000000ef100000, 0x00000000ef200000|  0%| F|  |TAMS 0x00000000ef100000| PB 0x00000000ef100000| Untracked 
| 242|0x00000000ef200000, 0x00000000ef200000, 0x00000000ef300000|  0%| F|  |TAMS 0x00000000ef200000| PB 0x00000000ef200000| Untracked 
| 243|0x00000000ef300000, 0x00000000ef300000, 0x00000000ef400000|  0%| F|  |TAMS 0x00000000ef300000| PB 0x00000000ef300000| Untracked 
| 244|0x00000000ef400000, 0x00000000ef400000, 0x00000000ef500000|  0%| F|  |TAMS 0x00000000ef400000| PB 0x00000000ef400000| Untracked 
| 245|0x00000000ef500000, 0x00000000ef500000, 0x00000000ef600000|  0%| F|  |TAMS 0x00000000ef500000| PB 0x00000000ef500000| Untracked 
| 246|0x00000000ef600000, 0x00000000ef600000, 0x00000000ef700000|  0%| F|  |TAMS 0x00000000ef600000| PB 0x00000000ef600000| Untracked 
| 247|0x00000000ef700000, 0x00000000ef700000, 0x00000000ef800000|  0%| F|  |TAMS 0x00000000ef700000| PB 0x00000000ef700000| Untracked 
| 248|0x00000000ef800000, 0x00000000ef800000, 0x00000000ef900000|  0%| F|  |TAMS 0x00000000ef800000| PB 0x00000000ef800000| Untracked 
| 249|0x00000000ef900000, 0x00000000ef900000, 0x00000000efa00000|  0%| F|  |TAMS 0x00000000ef900000| PB 0x00000000ef900000| Untracked 
| 250|0x00000000efa00000, 0x00000000efa00000, 0x00000000efb00000|  0%| F|  |TAMS 0x00000000efa00000| PB 0x00000000efa00000| Untracked 
| 251|0x00000000efb00000, 0x00000000efb00000, 0x00000000efc00000|  0%| F|  |TAMS 0x00000000efb00000| PB 0x00000000efb00000| Untracked 
| 252|0x00000000efc00000, 0x00000000efc00000, 0x00000000efd00000|  0%| F|  |TAMS 0x00000000efc00000| PB 0x00000000efc00000| Untracked 
| 253|0x00000000efd00000, 0x00000000efd00000, 0x00000000efe00000|  0%| F|  |TAMS 0x00000000efd00000| PB 0x00000000efd00000| Untracked 
| 254|0x00000000efe00000, 0x00000000efe00000, 0x00000000eff00000|  0%| F|  |TAMS 0x00000000efe00000| PB 0x00000000efe00000| Untracked 
| 255|0x00000000eff00000, 0x00000000effc4510, 0x00000000f0000000| 76%| E|  |TAMS 0x00000000eff00000| PB 0x00000000eff00000| Complete 

Card table byte_map: [0x00000216c3c40000,0x00000216c3d40000] _byte_map_base: 0x00000216c3540000

Marking Bits: (CMBitMap*) 0x00000216b141e390
 Bits: [0x00000216c3d40000, 0x00000216c4540000)

Polling page: 0x00000216af220000

Metaspace:

Usage:
  Non-class:     29.21 MB used.
      Class:      5.07 MB used.
       Both:     34.28 MB used.

Virtual space:
  Non-class space:       64.00 MB reserved,      29.94 MB ( 47%) committed,  1 nodes.
      Class space:      320.00 MB reserved,       5.75 MB (  2%) committed,  1 nodes.
             Both:      384.00 MB reserved,      35.69 MB (  9%) committed. 

Chunk freelists:
   Non-Class:  1.83 MB
       Class:  10.28 MB
        Both:  12.11 MB

MaxMetaspaceSize: 384.00 MB
CompressedClassSpaceSize: 320.00 MB
Initial GC threshold: 21.00 MB
Current GC threshold: 35.88 MB
CDS: on
 - commit_granule_bytes: 65536.
 - commit_granule_words: 8192.
 - virtual_space_node_default_size: 8388608.
 - enlarge_chunks_in_place: 1.
 - use_allocation_guard: 0.


Internal statistics:

num_allocs_failed_limit: 6.
num_arena_births: 2498.
num_arena_deaths: 0.
num_vsnodes_births: 2.
num_vsnodes_deaths: 0.
num_space_committed: 571.
num_space_uncommitted: 0.
num_chunks_returned_to_freelist: 6.
num_chunks_taken_from_freelist: 4227.
num_chunk_merges: 6.
num_chunk_splits: 2708.
num_chunks_enlarged: 1600.
num_inconsistent_stats: 0.

CodeHeap 'non-profiled nmethods': size=120000Kb used=2608Kb max_used=2608Kb free=117392Kb
 bounds [0x00000216bc0c0000, 0x00000216bc350000, 0x00000216c35f0000]
CodeHeap 'profiled nmethods': size=120000Kb used=8556Kb max_used=8556Kb free=111443Kb
 bounds [0x00000216b45f0000, 0x00000216b4e50000, 0x00000216bbb20000]
CodeHeap 'non-nmethods': size=5760Kb used=1813Kb max_used=1859Kb free=3947Kb
 bounds [0x00000216bbb20000, 0x00000216bbd90000, 0x00000216bc0c0000]
CodeCache: size=245760Kb, used=12977Kb, max_used=13023Kb, free=232782Kb
 total_blobs=5147, nmethods=4459, adapters=592, full_count=0
Compilation: enabled, stopped_count=0, restarted_count=0

Compilation events (20 events):
Event: 210.114 Thread 0x00000216c71fad70 nmethod 4398 0x00000216bc347e90 code [0x00000216bc348020, 0x00000216bc3481a8]
Event: 210.145 Thread 0x00000216c7207360 4403       3       java.util.WeakHashMap::get (75 bytes)
Event: 210.146 Thread 0x00000216c7207360 nmethod 4403 0x00000216b4e2f390 code [0x00000216b4e2f5c0, 0x00000216b4e2fe48]
Event: 210.146 Thread 0x00000216c7207360 4404       3       java.util.concurrent.atomic.AtomicInteger::<init> (5 bytes)
Event: 210.146 Thread 0x00000216c71fad70 4405       4       jdk.internal.misc.Unsafe::weakCompareAndSetReference (11 bytes)
Event: 210.146 Thread 0x00000216c7207360 nmethod 4404 0x00000216b4e30190 code [0x00000216b4e30340, 0x00000216b4e30508]
Event: 210.147 Thread 0x00000216c71fad70 nmethod 4405 0x00000216bc348290 code [0x00000216bc348420, 0x00000216bc348580]
Event: 210.611 Thread 0x00000216c7207360 4406       3       org.codehaus.groovy.reflection.CachedMethod::compareTo (40 bytes)
Event: 210.612 Thread 0x00000216c7207360 nmethod 4406 0x00000216b4e30610 code [0x00000216b4e30800, 0x00000216b4e30d70]
Event: 210.612 Thread 0x00000216c7207360 4407       3       org.codehaus.groovy.reflection.CachedMethod::compareToCachedMethod (158 bytes)
Event: 210.613 Thread 0x00000216c7207360 nmethod 4407 0x00000216b4e30e90 code [0x00000216b4e311e0, 0x00000216b4e32448]
Event: 210.616 Thread 0x00000216c7207360 4408       3       java.lang.ClassValue$Entry::version (8 bytes)
Event: 210.616 Thread 0x00000216c7207360 nmethod 4408 0x00000216b4e32c90 code [0x00000216b4e32e40, 0x00000216b4e330f8]
Event: 210.776 Thread 0x00000216c71fad70 4409       4       java.security.SecureClassLoader::getProtectionDomain (37 bytes)
Event: 210.778 Thread 0x00000216c71fad70 nmethod 4409 0x00000216bc348610 code [0x00000216bc3487e0, 0x00000216bc348a18]
Event: 210.779 Thread 0x00000216c71fad70 4410       4       java.lang.ClassLoader::defineClass (43 bytes)
Event: 211.807 Thread 0x00000216c7207360 4411       3       java.util.concurrent.LinkedBlockingDeque::linkLast (69 bytes)
Event: 212.310 Thread 0x00000216c7207360 nmethod 4411 0x00000216b4e33190 code [0x00000216b4e333a0, 0x00000216b4e339d0]
Event: 212.817 Thread 0x00000216c7207360 4412       3       java.util.concurrent.locks.AbstractQueuedSynchronizer::acquire (20 bytes)
Event: 212.938 Thread 0x00000216c7207360 nmethod 4412 0x00000216b4e33c10 code [0x00000216b4e33de0, 0x00000216b4e34050]

GC Heap History (8 events):
Event: 3.278 GC heap before
{Heap before GC invocations=0 (full 0):
 garbage-first heap   total 262144K, used 26624K [0x00000000e0000000, 0x0000000100000000)
  region size 1024K, 23 young (23552K), 0 survivors (0K)
 Metaspace       used 2701K, committed 2880K, reserved 393216K
  class space    used 320K, committed 384K, reserved 327680K
}
Event: 3.615 GC heap after
{Heap after GC invocations=1 (full 0):
 garbage-first heap   total 262144K, used 11264K [0x00000000e0000000, 0x0000000100000000)
  region size 1024K, 3 young (3072K), 3 survivors (3072K)
 Metaspace       used 2701K, committed 2880K, reserved 393216K
  class space    used 320K, committed 384K, reserved 327680K
}
Event: 6.064 GC heap before
{Heap before GC invocations=1 (full 0):
 garbage-first heap   total 262144K, used 37888K [0x00000000e0000000, 0x0000000100000000)
  region size 1024K, 29 young (29696K), 3 survivors (3072K)
 Metaspace       used 4577K, committed 4800K, reserved 393216K
  class space    used 597K, committed 704K, reserved 327680K
}
Event: 6.067 GC heap after
{Heap after GC invocations=2 (full 0):
 garbage-first heap   total 262144K, used 12737K [0x00000000e0000000, 0x0000000100000000)
  region size 1024K, 2 young (2048K), 2 survivors (2048K)
 Metaspace       used 4577K, committed 4800K, reserved 393216K
  class space    used 597K, committed 704K, reserved 327680K
}
Event: 46.953 GC heap before
{Heap before GC invocations=2 (full 0):
 garbage-first heap   total 262144K, used 104897K [0x00000000e0000000, 0x0000000100000000)
  region size 1024K, 90 young (92160K), 2 survivors (2048K)
 Metaspace       used 17142K, committed 17664K, reserved 393216K
  class space    used 2364K, committed 2624K, reserved 327680K
}
Event: 46.964 GC heap after
{Heap after GC invocations=3 (full 0):
 garbage-first heap   total 262144K, used 23185K [0x00000000e0000000, 0x0000000100000000)
  region size 1024K, 11 young (11264K), 11 survivors (11264K)
 Metaspace       used 17142K, committed 17664K, reserved 393216K
  class space    used 2364K, committed 2624K, reserved 327680K
}
Event: 49.912 GC heap before
{Heap before GC invocations=3 (full 0):
 garbage-first heap   total 262144K, used 49809K [0x00000000e0000000, 0x0000000100000000)
  region size 1024K, 38 young (38912K), 11 survivors (11264K)
 Metaspace       used 20799K, committed 21504K, reserved 393216K
  class space    used 2977K, committed 3328K, reserved 327680K
}
Event: 49.918 GC heap after
{Heap after GC invocations=4 (full 0):
 garbage-first heap   total 262144K, used 25459K [0x00000000e0000000, 0x0000000100000000)
  region size 1024K, 13 young (13312K), 13 survivors (13312K)
 Metaspace       used 20799K, committed 21504K, reserved 393216K
  class space    used 2977K, committed 3328K, reserved 327680K
}

Dll operation events (20 events):
Event: 0.362 Attempting to load shared library C:\Users\harry\.vscode\extensions\redhat.java-1.56.0-win32-x64\jre\21.0.12.1-win32-x86_64\bin\nio.dll
Event: 0.364 Loaded shared library C:\Users\harry\.vscode\extensions\redhat.java-1.56.0-win32-x64\jre\21.0.12.1-win32-x86_64\bin\nio.dll
Event: 0.372 Attempting to load shared library C:\Users\harry\.vscode\extensions\redhat.java-1.56.0-win32-x64\jre\21.0.12.1-win32-x86_64\bin\zip.dll
Event: 0.372 Loaded shared library C:\Users\harry\.vscode\extensions\redhat.java-1.56.0-win32-x64\jre\21.0.12.1-win32-x86_64\bin\zip.dll
Event: 1.621 Attempting to load shared library C:\Users\harry\.vscode\extensions\redhat.java-1.56.0-win32-x64\jre\21.0.12.1-win32-x86_64\bin\jimage.dll
Event: 1.621 Loaded shared library C:\Users\harry\.vscode\extensions\redhat.java-1.56.0-win32-x64\jre\21.0.12.1-win32-x86_64\bin\jimage.dll
Event: 2.896 Attempting to load shared library C:\Users\harry\.vscode\extensions\redhat.java-1.56.0-win32-x64\jre\21.0.12.1-win32-x86_64\bin\verify.dll
Event: 2.899 Loaded shared library C:\Users\harry\.vscode\extensions\redhat.java-1.56.0-win32-x64\jre\21.0.12.1-win32-x86_64\bin\verify.dll
Event: 2.973 Attempting to load shared library C:\Users\harry\.gradle\native\660c5614fbf4a5f2a75b1949f50a0caf5cd603558e7d8a26e50b933a0cfb79d1\windows-amd64\native-platform.dll
Event: 3.013 Loaded shared library C:\Users\harry\.gradle\native\660c5614fbf4a5f2a75b1949f50a0caf5cd603558e7d8a26e50b933a0cfb79d1\windows-amd64\native-platform.dll
Event: 3.033 Attempting to load shared library C:\Users\harry\.gradle\native\0.2.8\x86_64-windows-gnu\gradle-fileevents.dll
Event: 3.035 Loaded shared library C:\Users\harry\.gradle\native\0.2.8\x86_64-windows-gnu\gradle-fileevents.dll
Event: 9.577 Attempting to load shared library C:\Users\harry\.vscode\extensions\redhat.java-1.56.0-win32-x64\jre\21.0.12.1-win32-x86_64\bin\management.dll
Event: 9.581 Loaded shared library C:\Users\harry\.vscode\extensions\redhat.java-1.56.0-win32-x64\jre\21.0.12.1-win32-x86_64\bin\management.dll
Event: 9.613 Attempting to load shared library C:\Users\harry\.vscode\extensions\redhat.java-1.56.0-win32-x64\jre\21.0.12.1-win32-x86_64\bin\management_ext.dll
Event: 9.617 Loaded shared library C:\Users\harry\.vscode\extensions\redhat.java-1.56.0-win32-x64\jre\21.0.12.1-win32-x86_64\bin\management_ext.dll
Event: 12.256 Attempting to load shared library C:\Users\harry\.vscode\extensions\redhat.java-1.56.0-win32-x64\jre\21.0.12.1-win32-x86_64\bin\extnet.dll
Event: 12.259 Loaded shared library C:\Users\harry\.vscode\extensions\redhat.java-1.56.0-win32-x64\jre\21.0.12.1-win32-x86_64\bin\extnet.dll
Event: 14.199 Attempting to load shared library C:\Users\harry\.vscode\extensions\redhat.java-1.56.0-win32-x64\jre\21.0.12.1-win32-x86_64\bin\sunmscapi.dll
Event: 14.209 Loaded shared library C:\Users\harry\.vscode\extensions\redhat.java-1.56.0-win32-x64\jre\21.0.12.1-win32-x86_64\bin\sunmscapi.dll

Deoptimization events (20 events):
Event: 199.844 Thread 0x00000216c767b550 Uncommon trap: trap_request=0xffffffc6 fr.pc=0x00000216bc30ffc4 relative=0x00000000000004e4
Event: 199.844 Thread 0x00000216c767b550 Uncommon trap: reason=bimorphic_or_optimized_type_check action=maybe_recompile pc=0x00000216bc30ffc4 method=java.io.BufferedInputStream.implRead([BII)I @ 100 c2
Event: 199.844 Thread 0x00000216c767b550 DEOPT PACKING pc=0x00000216bc30ffc4 sp=0x0000005e547f8610
Event: 199.844 Thread 0x00000216c767b550 DEOPT UNPACKING pc=0x00000216bbb74422 sp=0x0000005e547f85d8 mode 2
Event: 208.868 Thread 0x00000216c767b550 Uncommon trap: trap_request=0xffffff45 fr.pc=0x00000216bc1e6e70 relative=0x0000000000000650
Event: 208.868 Thread 0x00000216c767b550 Uncommon trap: reason=unstable_if action=reinterpret pc=0x00000216bc1e6e70 method=jdk.internal.org.objectweb.asm.MethodWriter.visitVarInsn(II)V @ 108 c2
Event: 208.868 Thread 0x00000216c767b550 DEOPT PACKING pc=0x00000216bc1e6e70 sp=0x0000005e547f0bc0
Event: 208.868 Thread 0x00000216c767b550 DEOPT UNPACKING pc=0x00000216bbb74422 sp=0x0000005e547f0b88 mode 2
Event: 208.868 Thread 0x00000216c767b550 Uncommon trap: trap_request=0xffffff45 fr.pc=0x00000216bc286e18 relative=0x0000000000000478
Event: 208.868 Thread 0x00000216c767b550 Uncommon trap: reason=unstable_if action=reinterpret pc=0x00000216bc286e18 method=jdk.internal.org.objectweb.asm.MethodWriter.visitMethodInsn(ILjava/lang/String;Ljava/lang/String;Ljava/lang/String;Z)V @ 81 c2
Event: 208.868 Thread 0x00000216c767b550 DEOPT PACKING pc=0x00000216bc286e18 sp=0x0000005e547f0bb0
Event: 208.868 Thread 0x00000216c767b550 DEOPT UNPACKING pc=0x00000216bbb74422 sp=0x0000005e547f0b50 mode 2
Event: 208.868 Thread 0x00000216c767b550 Uncommon trap: trap_request=0xffffff45 fr.pc=0x00000216bc297154 relative=0x0000000000000b34
Event: 208.868 Thread 0x00000216c767b550 Uncommon trap: reason=unstable_if action=reinterpret pc=0x00000216bc297154 method=jdk.internal.org.objectweb.asm.MethodWriter.visitInsn(I)V @ 24 c2
Event: 208.868 Thread 0x00000216c767b550 DEOPT PACKING pc=0x00000216bc297154 sp=0x0000005e547f0ba0
Event: 208.868 Thread 0x00000216c767b550 DEOPT UNPACKING pc=0x00000216bbb74422 sp=0x0000005e547f0b88 mode 2
Event: 208.949 Thread 0x00000216c767b550 Uncommon trap: trap_request=0xffffff45 fr.pc=0x00000216bc22b0bc relative=0x0000000000000c5c
Event: 208.949 Thread 0x00000216c767b550 Uncommon trap: reason=unstable_if action=reinterpret pc=0x00000216bc22b0bc method=java.lang.invoke.LambdaForm.useCount(Ljava/lang/invoke/LambdaForm$Name;)I @ 8 c2
Event: 208.949 Thread 0x00000216c767b550 DEOPT PACKING pc=0x00000216bc22b0bc sp=0x0000005e547f6480
Event: 208.949 Thread 0x00000216c767b550 DEOPT UNPACKING pc=0x00000216bbb74422 sp=0x0000005e547f6350 mode 2

Classes loaded (20 events):
Event: 207.318 Loading class java/lang/ClassFormatError
Event: 207.318 Loading class java/lang/ClassFormatError done
Event: 207.318 Loading class java/lang/reflect/GenericSignatureFormatError done
Event: 207.318 Loading class java/lang/reflect/MalformedParameterizedTypeException
Event: 207.318 Loading class java/lang/reflect/MalformedParameterizedTypeException done
Event: 208.716 Loading class java/lang/IllegalCallerException
Event: 208.716 Loading class java/lang/IllegalCallerException done
Event: 210.110 Loading class java/lang/ProcessHandle$Info
Event: 210.143 Loading class java/lang/ProcessHandle$Info done
Event: 210.144 Loading class java/lang/ProcessHandle
Event: 210.144 Loading class java/lang/ProcessHandle done
Event: 210.468 Loading class java/util/function/IntPredicate
Event: 210.606 Loading class java/util/function/IntPredicate done
Event: 210.607 Loading class java/util/function/DoublePredicate
Event: 210.610 Loading class java/util/function/DoublePredicate done
Event: 210.611 Loading class java/util/function/DoubleFunction
Event: 210.611 Loading class java/util/function/DoubleFunction done
Event: 212.312 Loading class java/util/concurrent/Future$State
Event: 212.312 Loading class java/util/concurrent/Future$State done
Event: 212.312 Loading class java/lang/constant/ClassDesc

Classes unloaded (0 events):
No events

Classes redefined (0 events):
No events

Internal exceptions (20 events):
Event: 155.023 Thread 0x00000216c767b550 Exception <a 'java/lang/NoSuchMethodError'{0x00000000e9aa6320}: 'java.lang.Object java.lang.invoke.DirectMethodHandle$Holder.invokeSpecial(java.lang.Object, java.lang.Object, long, java.lang.Object)'> (0x00000000e9aa6320) 
thrown [s\src\hotspot\share\interpreter\linkResolver.cpp, line 773]
Event: 155.024 Thread 0x00000216c767b550 Exception <a 'java/lang/NoSuchMethodError'{0x00000000e9aad828}: 'java.lang.Object java.lang.invoke.DirectMethodHandle$Holder.newInvokeSpecial(java.lang.Object, java.lang.Object, long)'> (0x00000000e9aad828) 
thrown [s\src\hotspot\share\interpreter\linkResolver.cpp, line 773]
Event: 155.024 Thread 0x00000216c767b550 Exception <a 'java/lang/NoSuchMethodError'{0x00000000e9ab1e10}: 'java.lang.Object java.lang.invoke.Invokers$Holder.linkToTargetMethod(java.lang.Object, long, java.lang.Object)'> (0x00000000e9ab1e10) 
thrown [s\src\hotspot\share\interpreter\linkResolver.cpp, line 773]
Event: 155.484 Thread 0x00000216c7afe770 Implicit null exception at 0x00000216bc20c301 to 0x00000216bc20c970
Event: 155.484 Thread 0x00000216c7afe770 Implicit null exception at 0x00000216bc208b4f to 0x00000216bc208ed0
Event: 156.484 Thread 0x00000216c767b550 Exception <a 'java/lang/NoSuchMethodError'{0x00000000e98ce498}: 'int java.lang.invoke.DirectMethodHandle$Holder.invokeSpecial(java.lang.Object, java.lang.Object, java.lang.Object, java.lang.Object)'> (0x00000000e98ce498) 
thrown [s\src\hotspot\share\interpreter\linkResolver.cpp, line 773]
Event: 156.487 Thread 0x00000216c767b550 Exception <a 'java/lang/NoSuchMethodError'{0x00000000e98ef350}: 'int java.lang.invoke.DirectMethodHandle$Holder.invokeInterface(java.lang.Object, java.lang.Object)'> (0x00000000e98ef350) 
thrown [s\src\hotspot\share\interpreter\linkResolver.cpp, line 773]
Event: 156.526 Thread 0x00000216c767b550 Exception <a 'java/lang/NoSuchMethodError'{0x00000000e9768940}: 'java.lang.Object java.lang.invoke.DirectMethodHandle$Holder.invokeVirtual(java.lang.Object, java.lang.Object, int)'> (0x00000000e9768940) 
thrown [s\src\hotspot\share\interpreter\linkResolver.cpp, line 773]
Event: 194.708 Thread 0x00000216c767b550 Exception <a 'java/lang/NoSuchMethodError'{0x00000000e9446b58}: 'java.lang.Object java.lang.invoke.DirectMethodHandle$Holder.invokeStatic(java.lang.Object, java.lang.Object, int, java.lang.Object)'> (0x00000000e9446b58) 
thrown [s\src\hotspot\share\interpreter\linkResolver.cpp, line 773]
Event: 194.709 Thread 0x00000216c767b550 Exception <a 'java/lang/NoSuchMethodError'{0x00000000e944df40}: 'java.lang.Object java.lang.invoke.DirectMethodHandle$Holder.newInvokeSpecial(java.lang.Object, java.lang.Object, int, java.lang.Object)'> (0x00000000e944df40) 
thrown [s\src\hotspot\share\interpreter\linkResolver.cpp, line 773]
Event: 194.710 Thread 0x00000216c767b550 Exception <a 'java/lang/NoSuchMethodError'{0x00000000e9452668}: 'java.lang.Object java.lang.invoke.DirectMethodHandle$Holder.invokeSpecial(java.lang.Object, java.lang.Object, java.lang.Object, int, java.lang.Object)'> (0x00000000e9452668) 
thrown [s\src\hotspot\share\interpreter\linkResolver.cpp, line 773]
Event: 199.126 Thread 0x00000216c767b550 Exception <a 'java/lang/NoSuchMethodError'{0x00000000e91ebd70}: 'void java.lang.invoke.DirectMethodHandle$Holder.invokeInterface(java.lang.Object, java.lang.Object, java.lang.Object, java.lang.Object, java.lang.Object, java.lang.Object, java.lang.Object)'> (0x00000000e91ebd70) 
thrown [s\src\hotspot\share\interpreter\linkResolver.cpp, line 773]
Event: 199.126 Thread 0x00000216c767b550 Exception <a 'java/lang/NoSuchMethodError'{0x00000000e91f0688}: 'void java.lang.invoke.DelegatingMethodHandle$Holder.reinvoke_L(java.lang.Object, java.lang.Object, java.lang.Object, java.lang.Object, java.lang.Object, java.lang.Object, java.lang.Object)'> (0x00000000e91f0688) 
thrown [s\src\hotspot\share\interpreter\linkResolver.cpp, line 773]
Event: 208.786 Thread 0x00000216c767b550 Exception <a 'java/lang/NoSuchMethodError'{0x00000000e876d358}: 'void java.lang.invoke.DirectMethodHandle$Holder.invokeStaticInit(java.lang.Object, java.lang.Object, java.lang.Object)'> (0x00000000e876d358) 
thrown [s\src\hotspot\share\interpreter\linkResolver.cpp, line 773]
Event: 208.852 Thread 0x00000216c767b550 Exception <a 'java/lang/NoSuchMethodError'{0x00000000e87e6ae8}: 'int java.lang.invoke.DirectMethodHandle$Holder.invokeStaticInit(java.lang.Object, java.lang.Object, java.lang.Object, java.lang.Object)'> (0x00000000e87e6ae8) 
thrown [s\src\hotspot\share\interpreter\linkResolver.cpp, line 773]
Event: 208.868 Thread 0x00000216c767b550 Implicit null exception at 0x00000216bc1e6934 to 0x00000216bc1e6e64
Event: 208.868 Thread 0x00000216c767b550 Implicit null exception at 0x00000216bc286a98 to 0x00000216bc286e0c
Event: 208.868 Thread 0x00000216c767b550 Implicit null exception at 0x00000216bc2966ad to 0x00000216bc297144
Event: 208.869 Thread 0x00000216c767b550 Exception <a 'java/lang/NoSuchMethodError'{0x00000000e861b6c0}: 'java.lang.Class[] java.lang.Class.getPermittedSubclasses(java.lang.Class)'> (0x00000000e861b6c0) 
thrown [s\src\hotspot\share\interpreter\linkResolver.cpp, line 773]
Event: 210.104 Thread 0x00000216c767b550 Exception <a 'java/lang/NoSuchMethodError'{0x00000000e865a988}: 'java.lang.reflect.Method[] java.lang.Class.getDeclaredMethods(java.lang.Class)'> (0x00000000e865a988) 
thrown [s\src\hotspot\share\interpreter\linkResolver.cpp, line 773]

ZGC Phase Switch (0 events):
No events

VM Operations (20 events):
Event: 198.742 Executing safepoint VM operation: Cleanup
Event: 198.742 Executing safepoint VM operation: Cleanup done
Event: 199.137 Executing non-safepoint VM operation: HandshakeAllThreads (Deoptimize)
Event: 199.137 Executing non-safepoint VM operation: HandshakeAllThreads (Deoptimize) done
Event: 199.137 Executing non-safepoint VM operation: HandshakeAllThreads (Deoptimize)
Event: 199.137 Executing non-safepoint VM operation: HandshakeAllThreads (Deoptimize) done
Event: 199.866 Executing non-safepoint VM operation: HandshakeAllThreads (Deoptimize)
Event: 199.866 Executing non-safepoint VM operation: HandshakeAllThreads (Deoptimize) done
Event: 199.866 Executing safepoint VM operation: Cleanup
Event: 199.866 Executing safepoint VM operation: Cleanup done
Event: 200.874 Executing safepoint VM operation: Cleanup
Event: 201.076 Executing safepoint VM operation: Cleanup done
Event: 202.078 Executing safepoint VM operation: Cleanup
Event: 202.078 Executing safepoint VM operation: Cleanup done
Event: 209.103 Executing safepoint VM operation: Cleanup
Event: 209.103 Executing safepoint VM operation: Cleanup done
Event: 210.108 Executing safepoint VM operation: Cleanup
Event: 210.108 Executing safepoint VM operation: Cleanup done
Event: 211.114 Executing safepoint VM operation: Cleanup
Event: 211.114 Executing safepoint VM operation: Cleanup done

Memory protections (0 events):
No events

Nmethod flushes (0 events):
No events

Events (20 events):
Event: 14.364 Thread 0x00000216c77edb80 Thread added: 0x00000216c774b3d0
Event: 14.463 Thread 0x00000216c77edb80 Thread added: 0x00000216c767aee0
Event: 15.861 Thread 0x00000216c77edb80 Thread added: 0x00000216c767b550
Event: 15.930 Thread 0x00000216c767b550 Thread added: 0x00000216c7aff490
Event: 16.099 Thread 0x00000216c767b550 Thread added: 0x00000216c7b00ed0
Event: 16.226 Thread 0x00000216c767b550 Thread added: 0x00000216c7b01bf0
Event: 24.954 Thread 0x00000216c767b550 Thread added: 0x00000216c7afe770
Event: 25.267 Thread 0x00000216c767b550 Thread added: 0x00000216c7affb20
Event: 42.570 Thread 0x00000216c7affb20 Thread added: 0x00000216c7b01560
Event: 43.660 Thread 0x00000216c767b550 Thread added: 0x00000216c7b001b0
Event: 55.618 Thread 0x00000216c767b550 Thread added: 0x00000216e36564c0
Event: 56.069 Thread 0x00000216c767b550 Thread added: 0x00000216e36571e0
Event: 66.831 Thread 0x00000216c767b550 Thread added: 0x00000216e3656b50
Event: 66.946 Thread 0x00000216c767b550 Thread added: 0x00000216e3653d60
Event: 91.939 Thread 0x00000216c767b550 Thread added: 0x00000216e36543f0
Event: 113.940 Thread 0x00000216c767b550 Thread added: 0x00000216e3657f00
Event: 133.826 Thread 0x00000216c767b550 Thread added: 0x00000216e3654a80
Event: 138.963 Thread 0x00000216c767b550 Thread added: 0x00000216e3658590
Event: 194.712 Thread 0x00000216c767b550 Thread added: 0x00000216e3658c20
Event: 199.097 Thread 0x00000216c767b550 Thread added: 0x00000216e36557a0


Dynamic libraries:
0x00007ff61b8f0000 - 0x00007ff61b8fe000 	C:\Users\harry\.vscode\extensions\redhat.java-1.56.0-win32-x64\jre\21.0.12.1-win32-x86_64\bin\java.exe
0x00007ff880d60000 - 0x00007ff880fc7000 	C:\WINDOWS\SYSTEM32\ntdll.dll
0x00007ff87ef60000 - 0x00007ff87f02b000 	C:\WINDOWS\System32\KERNEL32.DLL
0x00007ff87e670000 - 0x00007ff87ea72000 	C:\WINDOWS\System32\KERNELBASE.dll
0x00007ff87e510000 - 0x00007ff87e65c000 	C:\WINDOWS\System32\ucrtbase.dll
0x00007ff865630000 - 0x00007ff865648000 	C:\Users\harry\.vscode\extensions\redhat.java-1.56.0-win32-x64\jre\21.0.12.1-win32-x86_64\bin\jli.dll
0x00007ff87f300000 - 0x00007ff87f4cf000 	C:\WINDOWS\System32\USER32.dll
0x00007ff87e020000 - 0x00007ff87e047000 	C:\WINDOWS\System32\win32u.dll
0x00007ff87f260000 - 0x00007ff87f28b000 	C:\WINDOWS\System32\GDI32.dll
0x00007ff87e100000 - 0x00007ff87e229000 	C:\WINDOWS\System32\gdi32full.dll
0x00007ff87e050000 - 0x00007ff87e0f3000 	C:\WINDOWS\System32\msvcp_win.dll
0x00007ff8101c0000 - 0x00007ff8101de000 	C:\Users\harry\.vscode\extensions\redhat.java-1.56.0-win32-x64\jre\21.0.12.1-win32-x86_64\bin\VCRUNTIME140.dll
0x00007ff864f90000 - 0x00007ff865220000 	C:\WINDOWS\WinSxS\amd64_microsoft.windows.common-controls_6595b64144ccf1df_6.0.26100.9278_none_3e0d1ba8e3303201\COMCTL32.dll
0x00007ff87f510000 - 0x00007ff87f5b9000 	C:\WINDOWS\System32\msvcrt.dll
0x00007ff87ee90000 - 0x00007ff87eec1000 	C:\WINDOWS\System32\IMM32.DLL
0x00007ff8787c0000 - 0x00007ff8787cc000 	C:\Users\harry\.vscode\extensions\redhat.java-1.56.0-win32-x64\jre\21.0.12.1-win32-x86_64\bin\vcruntime140_1.dll
0x00007ff810130000 - 0x00007ff8101bd000 	C:\Users\harry\.vscode\extensions\redhat.java-1.56.0-win32-x64\jre\21.0.12.1-win32-x86_64\bin\msvcp140.dll
0x00007ff80f380000 - 0x00007ff810122000 	C:\Users\harry\.vscode\extensions\redhat.java-1.56.0-win32-x64\jre\21.0.12.1-win32-x86_64\bin\server\jvm.dll
0x00007ff880c50000 - 0x00007ff880d0c000 	C:\WINDOWS\System32\ADVAPI32.dll
0x00007ff880b90000 - 0x00007ff880c39000 	C:\WINDOWS\System32\sechost.dll
0x00007ff87eae0000 - 0x00007ff87ebf8000 	C:\WINDOWS\System32\RPCRT4.dll
0x00007ff87eed0000 - 0x00007ff87ef50000 	C:\WINDOWS\System32\WS2_32.dll
0x00007ff87dde0000 - 0x00007ff87de3e000 	C:\WINDOWS\SYSTEM32\POWRPROF.dll
0x00007ff873a90000 - 0x00007ff873ac6000 	C:\WINDOWS\SYSTEM32\WINMM.dll
0x00007ff873ff0000 - 0x00007ff873ffb000 	C:\WINDOWS\SYSTEM32\VERSION.dll
0x00007ff87ddc0000 - 0x00007ff87ddd5000 	C:\WINDOWS\SYSTEM32\UMPDC.dll
0x00007ff87cc10000 - 0x00007ff87cc2b000 	C:\WINDOWS\SYSTEM32\kernel.appcore.dll
0x00007ff877a00000 - 0x00007ff877a0a000 	C:\Users\harry\.vscode\extensions\redhat.java-1.56.0-win32-x64\jre\21.0.12.1-win32-x86_64\bin\jimage.dll
0x00007ff87b3a0000 - 0x00007ff87b5ec000 	C:\WINDOWS\SYSTEM32\DBGHELP.DLL
0x00007ff880290000 - 0x00007ff880615000 	C:\WINDOWS\System32\combase.dll
0x00007ff87f7b0000 - 0x00007ff87f889000 	C:\WINDOWS\System32\OLEAUT32.dll
0x00007ff8638b0000 - 0x00007ff8638eb000 	C:\WINDOWS\SYSTEM32\dbgcore.DLL
0x00007ff87e450000 - 0x00007ff87e4fc000 	C:\WINDOWS\System32\bcryptPrimitives.dll
0x00007ff85acf0000 - 0x00007ff85acff000 	C:\Users\harry\.vscode\extensions\redhat.java-1.56.0-win32-x64\jre\21.0.12.1-win32-x86_64\bin\instrument.dll
0x00007ff80f360000 - 0x00007ff80f380000 	C:\Users\harry\.vscode\extensions\redhat.java-1.56.0-win32-x64\jre\21.0.12.1-win32-x86_64\bin\java.dll
0x00007ff87f910000 - 0x00007ff8800a8000 	C:\WINDOWS\System32\SHELL32.dll
0x00007ff87b980000 - 0x00007ff87c22e000 	C:\WINDOWS\SYSTEM32\windows.storage.dll
0x00007ff87ec90000 - 0x00007ff87ed8b000 	C:\WINDOWS\System32\SHCORE.dll
0x00007ff87f290000 - 0x00007ff87f2f6000 	C:\WINDOWS\System32\shlwapi.dll
0x00007ff87de80000 - 0x00007ff87dea9000 	C:\WINDOWS\SYSTEM32\profapi.dll
0x00007ff80f340000 - 0x00007ff80f358000 	C:\Users\harry\.vscode\extensions\redhat.java-1.56.0-win32-x64\jre\21.0.12.1-win32-x86_64\bin\zip.dll
0x00007ff854f90000 - 0x00007ff854fa0000 	C:\Users\harry\.vscode\extensions\redhat.java-1.56.0-win32-x64\jre\21.0.12.1-win32-x86_64\bin\net.dll
0x00007ff877d60000 - 0x00007ff877e8a000 	C:\WINDOWS\SYSTEM32\WINHTTP.dll
0x00007ff87d1f0000 - 0x00007ff87d25c000 	C:\WINDOWS\system32\mswsock.dll
0x00007ff80bbf0000 - 0x00007ff80bc06000 	C:\Users\harry\.vscode\extensions\redhat.java-1.56.0-win32-x64\jre\21.0.12.1-win32-x86_64\bin\nio.dll
0x00007ff8546c0000 - 0x00007ff8546d0000 	C:\Users\harry\.vscode\extensions\redhat.java-1.56.0-win32-x64\jre\21.0.12.1-win32-x86_64\bin\verify.dll
0x00007ff80a9a0000 - 0x00007ff80a9c7000 	C:\Users\harry\.gradle\native\660c5614fbf4a5f2a75b1949f50a0caf5cd603558e7d8a26e50b933a0cfb79d1\windows-amd64\native-platform.dll
0x00007ff874b00000 - 0x00007ff874b77000 	C:\Users\harry\.gradle\native\0.2.8\x86_64-windows-gnu\gradle-fileevents.dll
0x00007ff8785b0000 - 0x00007ff8785ba000 	C:\Users\harry\.vscode\extensions\redhat.java-1.56.0-win32-x64\jre\21.0.12.1-win32-x86_64\bin\management.dll
0x00007ff8785a0000 - 0x00007ff8785ac000 	C:\Users\harry\.vscode\extensions\redhat.java-1.56.0-win32-x64\jre\21.0.12.1-win32-x86_64\bin\management_ext.dll
0x00007ff87ec00000 - 0x00007ff87ec08000 	C:\WINDOWS\System32\PSAPI.DLL
0x00007ff87c580000 - 0x00007ff87c5b3000 	C:\WINDOWS\SYSTEM32\IPHLPAPI.DLL
0x00007ff880c40000 - 0x00007ff880c4a000 	C:\WINDOWS\System32\NSI.dll
0x00007ff878590000 - 0x00007ff878599000 	C:\Users\harry\.vscode\extensions\redhat.java-1.56.0-win32-x64\jre\21.0.12.1-win32-x86_64\bin\extnet.dll
0x00007ff87d4e0000 - 0x00007ff87d4fb000 	C:\WINDOWS\SYSTEM32\CRYPTSP.dll
0x00007ff87cb60000 - 0x00007ff87cb99000 	C:\WINDOWS\system32\rsaenh.dll
0x00007ff87d2a0000 - 0x00007ff87d2d4000 	C:\WINDOWS\SYSTEM32\USERENV.dll
0x00007ff87de50000 - 0x00007ff87de7a000 	C:\WINDOWS\SYSTEM32\bcrypt.dll
0x00007ff87d500000 - 0x00007ff87d50c000 	C:\WINDOWS\SYSTEM32\CRYPTBASE.dll
0x00007ff875bb0000 - 0x00007ff875bbe000 	C:\Users\harry\.vscode\extensions\redhat.java-1.56.0-win32-x64\jre\21.0.12.1-win32-x86_64\bin\sunmscapi.dll
0x00007ff87e2c0000 - 0x00007ff87e43e000 	C:\WINDOWS\System32\CRYPT32.dll
0x00007ff87d720000 - 0x00007ff87d750000 	C:\WINDOWS\SYSTEM32\ncrypt.dll
0x00007ff87d6d0000 - 0x00007ff87d70f000 	C:\WINDOWS\SYSTEM32\NTASN1.dll
0x00007ff856150000 - 0x00007ff856158000 	C:\WINDOWS\system32\wshunix.dll

JVMTI agents:
C:\Users\harry\.gradle\wrapper\dists\gradle-9.7.1-bin\1w1c7tv4s851m17nbqdsro2tv\gradle-9.7.1\lib\agents\gradle-instrumentation-agent-9.7.1.jar path:C:\Users\harry\.vscode\extensions\redhat.java-1.56.0-win32-x64\jre\21.0.12.1-win32-x86_64\bin\instrument.dll, loaded, initialized, instrumentlib options:none

dbghelp: loaded successfully - version: 4.0.5 - missing functions: none
symbol engine: initialized successfully - sym options: 0x614 - pdb path: .;C:\Users\harry\.vscode\extensions\redhat.java-1.56.0-win32-x64\jre\21.0.12.1-win32-x86_64\bin;C:\WINDOWS\SYSTEM32;C:\WINDOWS\WinSxS\amd64_microsoft.windows.common-controls_6595b64144ccf1df_6.0.26100.9278_none_3e0d1ba8e3303201;C:\Users\harry\.vscode\extensions\redhat.java-1.56.0-win32-x64\jre\21.0.12.1-win32-x86_64\bin\server;C:\Users\harry\.gradle\native\660c5614fbf4a5f2a75b1949f50a0caf5cd603558e7d8a26e50b933a0cfb79d1\windows-amd64;C:\Users\harry\.gradle\native\0.2.8\x86_64-windows-gnu

VM Arguments:
jvm_args: -Dfile.encoding=UTF-8 --add-opens=java.base/java.lang=ALL-UNNAMED --add-opens=java.base/java.lang.invoke=ALL-UNNAMED --add-opens=java.base/java.util=ALL-UNNAMED --add-opens=java.prefs/java.util.prefs=ALL-UNNAMED --add-exports=jdk.compiler/com.sun.tools.javac.api=ALL-UNNAMED --add-exports=jdk.compiler/com.sun.tools.javac.util=ALL-UNNAMED --add-opens=java.base/java.nio.charset=ALL-UNNAMED --add-opens=java.base/java.net=ALL-UNNAMED --add-opens=java.base/java.util.concurrent=ALL-UNNAMED --add-opens=java.base/java.util.concurrent.atomic=ALL-UNNAMED --add-opens=java.xml/javax.xml.namespace=ALL-UNNAMED --add-opens=java.base/java.time=ALL-UNNAMED -XX:MaxMetaspaceSize=384m -XX:+HeapDumpOnOutOfMemoryError -Xms256m -Xmx512m -Dfile.encoding=UTF-8 -Duser.country=KR -Duser.language=ko -Duser.variant -javaagent:C:\Users\harry\.gradle\wrapper\dists\gradle-9.7.1-bin\1w1c7tv4s851m17nbqdsro2tv\gradle-9.7.1\lib\agents\gradle-instrumentation-agent-9.7.1.jar 
java_command: org.gradle.launcher.daemon.bootstrap.GradleDaemon 9.7.1
java_class_path (initial): C:\Users\harry\.gradle\wrapper\dists\gradle-9.7.1-bin\1w1c7tv4s851m17nbqdsro2tv\gradle-9.7.1\lib\gradle-daemon-main-9.7.1.jar
Launcher Type: SUN_STANDARD

[Global flags]
     intx CICompilerCount                          = 4                                         {product} {ergonomic}
   size_t CompressedClassSpaceSize                 = 335544320                                 {product} {ergonomic}
     uint ConcGCThreads                            = 3                                         {product} {ergonomic}
     uint G1ConcRefinementThreads                  = 10                                        {product} {ergonomic}
   size_t G1HeapRegionSize                         = 1048576                                   {product} {ergonomic}
    uintx GCDrainStackTargetSize                   = 64                                        {product} {ergonomic}
     bool HeapDumpOnOutOfMemoryError               = true                                   {manageable} {command line}
   size_t InitialHeapSize                          = 268435456                                 {product} {command line}
   size_t MarkStackSize                            = 4194304                                   {product} {ergonomic}
   size_t MaxHeapSize                              = 536870912                                 {product} {command line}
   size_t MaxMetaspaceSize                         = 402653184                                 {product} {command line}
   size_t MaxNewSize                               = 321912832                                 {product} {ergonomic}
   size_t MinHeapDeltaBytes                        = 1048576                                   {product} {ergonomic}
   size_t MinHeapSize                              = 268435456                                 {product} {command line}
    uintx NonNMethodCodeHeapSize                   = 5839372                                {pd product} {ergonomic}
    uintx NonProfiledCodeHeapSize                  = 122909434                              {pd product} {ergonomic}
    uintx ProfiledCodeHeapSize                     = 122909434                              {pd product} {ergonomic}
    uintx ReservedCodeCacheSize                    = 251658240                              {pd product} {ergonomic}
     bool SegmentedCodeCache                       = true                                      {product} {ergonomic}
   size_t SoftMaxHeapSize                          = 536870912                              {manageable} {ergonomic}
     bool UseCompressedOops                        = true                           {product lp64_product} {ergonomic}
     bool UseG1GC                                  = true                                      {product} {ergonomic}
     bool UseLargePagesIndividualAllocation        = false                                  {pd product} {ergonomic}

Logging:
Log output configuration:
 #0: stdout all=warning uptime,level,tags foldmultilines=false
 #1: stderr all=off uptime,level,tags foldmultilines=false

Release file:
JAVA_VERSION="21.0.12.1" 
MODULES="java.base java.compiler java.datatransfer java.xml java.prefs java.desktop java.instrument java.logging java.management java.security.sasl java.naming java.rmi java.management.rmi java.net.http java.scripting java.security.jgss java.transaction.xa java.sql java.sql.rowset java.xml.crypto java.se java.smartcardio jdk.accessibility jdk.internal.jvmstat jdk.attach jdk.charsets jdk.internal.opt jdk.zipfs jdk.compiler jdk.crypto.ec jdk.crypto.cryptoki jdk.crypto.mscapi jdk.dynalink jdk.internal.ed jdk.editpad jdk.hotspot.agent jdk.httpserver jdk.internal.le jdk.internal.vm.ci jdk.internal.vm.compiler jdk.internal.vm.compiler.management jdk.jartool jdk.javadoc jdk.jcmd jdk.management jdk.management.agent jdk.jconsole jdk.jdeps jdk.jdwp.agent jdk.jdi jdk.jfr jdk.jshell jdk.jsobject jdk.jstatd jdk.localedata jdk.management.jfr jdk.naming.dns jdk.naming.rmi jdk.net jdk.nio.mapmode jdk.random jdk.sctp jdk.security.auth jdk.security.jgss jdk.unsupported jdk.unsupported.desktop jdk.xml.dom" 

Environment Variables:
JAVA_TOOL_OPTIONS=-Dfile.encoding=UTF-8
PATH=C:\Program Files\Common Files\Oracle\Java\javapath;C:\Program Files (x86)\VMware\VMware Workstation\bin\;C:\WINDOWS\system32;C:\WINDOWS;C:\WINDOWS\System32\Wbem;C:\WINDOWS\System32\WindowsPowerShell\v1.0\;C:\WINDOWS\System32\OpenSSH\;C:\Program Files\nodejs\;C:\Program Files\Git\cmd;C:\apache-maven-3.9.12-bin\apache-maven-3.9.12\bin;C:\Program Files\Microsoft SQL Server\Client SDK\ODBC\170\Tools\Binn\;C:\Program Files\Microsoft SQL Server\160\DTS\Binn\;C:\Program Files (x86)\cloudflared\;C:\Users\harry\.local\bin;C:\Users\harry\AppData\Local\Microsoft\WindowsApps;C:\Users\harry\AppData\Local\Programs\Microsoft VS Code\bin;C:\Users\harry\AppData\Roaming\npm;C:\Users\harry\AppData\Local\GitHubDesktop\bin;C:\Users\harry\.lmstudio\bin;C:\Program Files\JetBrains\IntelliJ IDEA 2026.2.1\bin;C:\Users\harry\AppData\Local\Programs\DockerDesktop\resources\bin
USERNAME=harry
OS=Windows_NT
PROCESSOR_IDENTIFIER=Intel64 Family 6 Model 186 Stepping 3, GenuineIntel
TMP=C:\Users\harry\AppData\Local\Temp
TEMP=C:\Users\harry\AppData\Local\Temp




Periodic native trim disabled

---------------  S Y S T E M  ---------------

OS:
 Windows 11 , 64 bit Build 26100 (10.0.26100.9444)
OS uptime: 5 days 0:53 hours
Hyper-V role detected

CPU: total 12 (initial active 12) (6 cores per cpu, 2 threads per core) family 6 model 186 stepping 3 microcode 0x411f, cx8, cmov, fxsr, ht, mmx, 3dnowpref, sse, sse2, sse3, ssse3, sse4.1, sse4.2, popcnt, lzcnt, tsc, tscinvbit, avx, avx2, aes, erms, clmul, bmi1, bmi2, adx, sha, fma, vzeroupper, clflush, clflushopt, clwb, hv, serialize, rdtscp, rdpid, fsrm, f16c, cet_ibt, cet_ss
Processor Information for processor 0
  Max Mhz: 1300, Current Mhz: 1300, Mhz Limit: 1300
Processor Information for processor 1
  Max Mhz: 1300, Current Mhz: 1300, Mhz Limit: 1300
Processor Information for processor 2
  Max Mhz: 1300, Current Mhz: 1300, Mhz Limit: 1300
Processor Information for processor 3
  Max Mhz: 1300, Current Mhz: 1300, Mhz Limit: 1300
Processor Information for processor 4
  Max Mhz: 1300, Current Mhz: 900, Mhz Limit: 897
Processor Information for processor 5
  Max Mhz: 1300, Current Mhz: 900, Mhz Limit: 897
Processor Information for processor 6
  Max Mhz: 1300, Current Mhz: 900, Mhz Limit: 897
Processor Information for processor 7
  Max Mhz: 1300, Current Mhz: 900, Mhz Limit: 897
Processor Information for processor 8
  Max Mhz: 1300, Current Mhz: 900, Mhz Limit: 897
Processor Information for processor 9
  Max Mhz: 1300, Current Mhz: 900, Mhz Limit: 897
Processor Information for processor 10
  Max Mhz: 1300, Current Mhz: 900, Mhz Limit: 897
Processor Information for processor 11
  Max Mhz: 1300, Current Mhz: 900, Mhz Limit: 897

Memory: 4k page, system-wide physical 16067M (1719M free)
TotalPageFile size 65219M (AvailPageFile size 8897M)
current process WorkingSet (physical memory assigned to process): 147M, peak: 236M
current process commit charge ("private bytes"): 439M, peak: 460M

vm_info: OpenJDK 64-Bit Server VM (21.0.12.1+1-LTS) for windows-amd64 JRE (21.0.12.1+1-LTS), built on 2026-08-18T00:00:00Z by "admin" with MS VC++ 17.12 (VS2022)

END.
