#
# There is insufficient memory for the Java Runtime Environment to continue.
# Native memory allocation (malloc) failed to allocate 427056 bytes. Error detail: Chunk::new
# Possible reasons:
#   The system is out of physical RAM or swap space
#   This process is running with CompressedOops enabled, and the Java Heap may be blocking the growth of the native heap
# Possible solutions:
#   Reduce memory load on the system
#   Increase physical memory or swap space
#   Check if swap backing store is full
#   Decrease Java heap size (-Xmx/-Xms)
#   Decrease number of Java threads
#   Decrease Java thread stack sizes (-Xss)
#   Set larger code cache with -XX:ReservedCodeCacheSize=
#   JVM is running with Unscaled Compressed Oops mode in which the Java heap is
#     placed in the first 4GB address space. The Java Heap base address is the
#     maximum limit for the native heap growth. Please use -XX:HeapBaseMinAddress
#     to set the Java Heap base and to place the Java Heap above 4GB virtual address.
# This output file may be truncated or incomplete.
#
#  Out of Memory Error (arena.cpp:168), pid=37576, tid=37196
#
# JRE version: OpenJDK Runtime Environment Temurin-21.0.12.1+1 (21.0.12.1+1) (build 21.0.12.1+1-LTS)
# Java VM: OpenJDK 64-Bit Server VM Temurin-21.0.12.1+1 (21.0.12.1+1-LTS, mixed mode, sharing, tiered, compressed oops, compressed class ptrs, g1 gc, windows-amd64)
# No core dump will be written. Minidumps are not enabled by default on client versions of Windows
#

---------------  S U M M A R Y ------------

Command Line: -Dfile.encoding=UTF-8 --add-opens=java.base/java.lang=ALL-UNNAMED --add-opens=java.base/java.lang.invoke=ALL-UNNAMED --add-opens=java.base/java.util=ALL-UNNAMED --add-opens=java.prefs/java.util.prefs=ALL-UNNAMED --add-exports=jdk.compiler/com.sun.tools.javac.api=ALL-UNNAMED --add-exports=jdk.compiler/com.sun.tools.javac.util=ALL-UNNAMED --add-opens=java.base/java.nio.charset=ALL-UNNAMED --add-opens=java.base/java.net=ALL-UNNAMED --add-opens=java.base/java.util.concurrent=ALL-UNNAMED --add-opens=java.base/java.util.concurrent.atomic=ALL-UNNAMED --add-opens=java.xml/javax.xml.namespace=ALL-UNNAMED --add-opens=java.base/java.time=ALL-UNNAMED -XX:MaxMetaspaceSize=384m -XX:+HeapDumpOnOutOfMemoryError -Xms256m -Xmx512m -Dfile.encoding=UTF-8 -Duser.country=KR -Duser.language=ko -Duser.variant -javaagent:C:\Users\harry\.gradle\wrapper\dists\gradle-9.7.1-bin\1w1c7tv4s851m17nbqdsro2tv\gradle-9.7.1\lib\agents\gradle-instrumentation-agent-9.7.1.jar org.gradle.launcher.daemon.bootstrap.GradleDaemon 9.7.1

Host: 13th Gen Intel(R) Core(TM) i5-1335U, 12 cores, 15G,  Windows 11 , 64 bit Build 26100 (10.0.26100.9444)
Time: Thu Sep 17 10:03:22 2026 elapsed time: 150.176319 seconds (0d 0h 2m 30s)

---------------  T H R E A D  ---------------

Current thread (0x0000019f29a37cd0):  JavaThread "C2 CompilerThread0" daemon [_thread_in_native, id=37196, stack(0x000000548e800000,0x000000548e900000) (1024K)]


Current CompileTask:
C2:150176 4160       4       javax.management.ObjectName::construct (1135 bytes)

Stack: [0x000000548e800000,0x000000548e900000]
Native frames: (J=compiled Java code, j=interpreted, Vv=VM code, C=native code)
V  [jvm.dll+0x6d83e9]
V  [jvm.dll+0x8b5736]
V  [jvm.dll+0x8b7cee]
V  [jvm.dll+0x8b83d3]
V  [jvm.dll+0x284596]
V  [jvm.dll+0xc685d]
V  [jvm.dll+0xc6da1]
V  [jvm.dll+0x2fb5ae]
V  [jvm.dll+0x5fee94]
V  [jvm.dll+0x255d67]
V  [jvm.dll+0x24ddab]
V  [jvm.dll+0x24bbe6]
V  [jvm.dll+0x1cb4ae]
V  [jvm.dll+0x25baad]
V  [jvm.dll+0x25a03a]
V  [jvm.dll+0x3f8aae]
V  [jvm.dll+0x8600cd]
V  [jvm.dll+0x6d6c1d]
C  [ucrtbase.dll+0x2cd30]
C  [KERNEL32.DLL+0x2cd87]
C  [ntdll.dll+0xacaec]


---------------  P R O C E S S  ---------------

Threads class SMR info:
_java_thread_list=0x0000019f45610ba0, length=33, elements={
0x0000019f13c329e0, 0x0000019f29a2d800, 0x0000019f29a2e610, 0x0000019f29a32c10,
0x0000019f29a35a80, 0x0000019f29a364e0, 0x0000019f29a36f40, 0x0000019f29a37cd0,
0x0000019f29a3aff0, 0x0000019f29cc9f40, 0x0000019f29caeca0, 0x0000019f44ada560,
0x0000019f436a6f90, 0x0000019f43ce7560, 0x0000019f43ada430, 0x0000019f44d4ebc0,
0x0000019f43b8bee0, 0x0000019f44edeb40, 0x0000019f44f15aa0, 0x0000019f44f174e0,
0x0000019f44f14060, 0x0000019f44f16e50, 0x0000019f44f146f0, 0x0000019f44f14d80,
0x0000019f44f15410, 0x0000019f4544acd0, 0x0000019f4544b360, 0x0000019f45449fb0,
0x0000019f45447ee0, 0x0000019f4544b9f0, 0x0000019f45448570, 0x0000019f45449920,
0x0000019f4544c710
}

Java Threads: ( => current thread )
  0x0000019f13c329e0 JavaThread "main"                              [_thread_blocked, id=37828, stack(0x000000548da00000,0x000000548db00000) (1024K)]
  0x0000019f29a2d800 JavaThread "Reference Handler"          daemon [_thread_blocked, id=28836, stack(0x000000548e200000,0x000000548e300000) (1024K)]
  0x0000019f29a2e610 JavaThread "Finalizer"                  daemon [_thread_blocked, id=35448, stack(0x000000548e300000,0x000000548e400000) (1024K)]
  0x0000019f29a32c10 JavaThread "Signal Dispatcher"          daemon [_thread_blocked, id=37172, stack(0x000000548e400000,0x000000548e500000) (1024K)]
  0x0000019f29a35a80 JavaThread "Attach Listener"            daemon [_thread_blocked, id=37148, stack(0x000000548e500000,0x000000548e600000) (1024K)]
  0x0000019f29a364e0 JavaThread "Service Thread"             daemon [_thread_blocked, id=35888, stack(0x000000548e600000,0x000000548e700000) (1024K)]
  0x0000019f29a36f40 JavaThread "Monitor Deflation Thread"   daemon [_thread_blocked, id=36916, stack(0x000000548e700000,0x000000548e800000) (1024K)]
=>0x0000019f29a37cd0 JavaThread "C2 CompilerThread0"         daemon [_thread_in_native, id=37196, stack(0x000000548e800000,0x000000548e900000) (1024K)]
  0x0000019f29a3aff0 JavaThread "C1 CompilerThread0"         daemon [_thread_blocked, id=37108, stack(0x000000548e900000,0x000000548ea00000) (1024K)]
  0x0000019f29cc9f40 JavaThread "Common-Cleaner"             daemon [_thread_blocked, id=37384, stack(0x000000548ea00000,0x000000548eb00000) (1024K)]
  0x0000019f29caeca0 JavaThread "Notification Thread"        daemon [_thread_blocked, id=37840, stack(0x000000548eb00000,0x000000548ec00000) (1024K)]
  0x0000019f44ada560 JavaThread "Daemon health stats"               [_thread_blocked, id=21860, stack(0x000000548f100000,0x000000548f200000) (1024K)]
  0x0000019f436a6f90 JavaThread "Incoming local TCP Connector on port 62478"        [_thread_in_native, id=16904, stack(0x000000548f200000,0x000000548f300000) (1024K)]
  0x0000019f43ce7560 JavaThread "Daemon periodic checks"            [_thread_blocked, id=36312, stack(0x000000548f300000,0x000000548f400000) (1024K)]
  0x0000019f43ada430 JavaThread "Daemon"                            [_thread_blocked, id=43600, stack(0x000000548f400000,0x000000548f500000) (1024K)]
  0x0000019f44d4ebc0 JavaThread "Handler for socket connection from /127.0.0.1:62478 to /127.0.0.1:51972"        [_thread_in_native, id=43620, stack(0x000000548f500000,0x000000548f600000) (1024K)]
  0x0000019f43b8bee0 JavaThread "Cancel handler"                    [_thread_blocked, id=43812, stack(0x000000548f600000,0x000000548f700000) (1024K)]
  0x0000019f44edeb40 JavaThread "Daemon worker"                     [_thread_blocked, id=36892, stack(0x000000548f700000,0x000000548f800000) (1024K)]
  0x0000019f44f15aa0 JavaThread "Asynchronous log dispatcher for DefaultDaemonConnection: socket connection from /127.0.0.1:62478 to /127.0.0.1:51972"        [_thread_blocked, id=43700, stack(0x000000548f800000,0x000000548f900000) (1024K)]
  0x0000019f44f174e0 JavaThread "Stdin handler"                     [_thread_blocked, id=43732, stack(0x000000548f900000,0x000000548fa00000) (1024K)]
  0x0000019f44f14060 JavaThread "Daemon client event forwarder"        [_thread_blocked, id=43752, stack(0x000000548fa00000,0x000000548fb00000) (1024K)]
  0x0000019f44f16e50 JavaThread "Cache worker for journal cache (C:\Users\harry\.gradle\caches\journal-1)"        [_thread_blocked, id=37184, stack(0x000000548fb00000,0x000000548fc00000) (1024K)]
  0x0000019f44f146f0 JavaThread "File lock request listener"        [_thread_in_native, id=37072, stack(0x000000548fc00000,0x000000548fd00000) (1024K)]
  0x0000019f44f14d80 JavaThread "File lock release action executor"        [_thread_blocked, id=43060, stack(0x000000548fd00000,0x000000548fe00000) (1024K)]
  0x0000019f44f15410 JavaThread "Cache worker for file hash cache (C:\Users\harry\.gradle\caches\9.7.1\fileHashes)"        [_thread_blocked, id=32380, stack(0x000000548fe00000,0x000000548ff00000) (1024K)]
  0x0000019f4544acd0 JavaThread "Cache worker for file hash cache (C:\Users\harry\Desktop\KDT_2026\2026B_Spring\demo\.gradle\9.7.1\fileHashes)"        [_thread_blocked, id=37540, stack(0x0000005490500000,0x0000005490600000) (1024K)]
  0x0000019f4544b360 JavaThread "Cache worker for Build Output Cleanup Cache (C:\Users\harry\Desktop\KDT_2026\2026B_Spring\demo\.gradle\buildOutputCleanup)"        [_thread_blocked, id=44676, stack(0x0000005490600000,0x0000005490700000) (1024K)]
  0x0000019f45449fb0 JavaThread "File watcher server"        daemon [_thread_in_native, id=45124, stack(0x0000005490700000,0x0000005490800000) (1024K)]
  0x0000019f45447ee0 JavaThread "File watcher consumer"      daemon [_thread_blocked, id=45152, stack(0x0000005490800000,0x0000005490900000) (1024K)]
  0x0000019f4544b9f0 JavaThread "Cache worker for file content cache (C:\Users\harry\.gradle\caches\9.7.1\fileContent)"        [_thread_blocked, id=45564, stack(0x0000005490900000,0x0000005490a00000) (1024K)]
  0x0000019f45448570 JavaThread "Cache worker for checksums cache (C:\Users\harry\Desktop\KDT_2026\2026B_Spring\demo\.gradle\9.7.1\checksums)"        [_thread_blocked, id=45992, stack(0x0000005490a00000,0x0000005490b00000) (1024K)]
  0x0000019f45449920 JavaThread "Cache worker for cache directory md-supplier (C:\Users\harry\.gradle\caches\9.7.1\md-supplier)"        [_thread_blocked, id=46124, stack(0x0000005490b00000,0x0000005490c00000) (1024K)]
  0x0000019f4544c710 JavaThread "Cache worker for cache directory md-rule (C:\Users\harry\.gradle\caches\9.7.1\md-rule)"        [_thread_blocked, id=46400, stack(0x0000005490c00000,0x0000005490d00000) (1024K)]
Total: 33

Other Threads:
  0x0000019f29a03020 VMThread "VM Thread"                           [id=32688, stack(0x000000548e100000,0x000000548e200000) (1024K)]
  0x0000019f299f3930 WatcherThread "VM Periodic Task Thread"        [id=32680, stack(0x000000548e000000,0x000000548e100000) (1024K)]
  0x0000019f13c5d620 WorkerThread "GC Thread#0"                     [id=36940, stack(0x000000548db00000,0x000000548dc00000) (1024K)]
  0x0000019f431c4d40 WorkerThread "GC Thread#1"                     [id=39644, stack(0x000000548ec00000,0x000000548ed00000) (1024K)]
  0x0000019f431c50f0 WorkerThread "GC Thread#2"                     [id=39652, stack(0x000000548ed00000,0x000000548ee00000) (1024K)]
  0x0000019f431c54a0 WorkerThread "GC Thread#3"                     [id=39664, stack(0x000000548ee00000,0x000000548ef00000) (1024K)]
  0x0000019f437248d0 WorkerThread "GC Thread#4"                     [id=39672, stack(0x000000548ef00000,0x000000548f000000) (1024K)]
  0x0000019f43724c80 WorkerThread "GC Thread#5"                     [id=39676, stack(0x000000548f000000,0x000000548f100000) (1024K)]
  0x0000019f4546b5c0 WorkerThread "GC Thread#6"                     [id=44460, stack(0x000000548ff00000,0x0000005490000000) (1024K)]
  0x0000019f45468d30 WorkerThread "GC Thread#7"                     [id=44464, stack(0x0000005490000000,0x0000005490100000) (1024K)]
  0x0000019f4546aab0 WorkerThread "GC Thread#8"                     [id=44468, stack(0x0000005490100000,0x0000005490200000) (1024K)]
  0x0000019f45469bf0 WorkerThread "GC Thread#9"                     [id=44472, stack(0x0000005490200000,0x0000005490300000) (1024K)]
  0x0000019f13c63b40 ConcurrentGCThread "G1 Main Marker"            [id=37024, stack(0x000000548dc00000,0x000000548dd00000) (1024K)]
  0x0000019f13c64560 WorkerThread "G1 Conc#0"                       [id=14880, stack(0x000000548dd00000,0x000000548de00000) (1024K)]
  0x0000019f4546a350 WorkerThread "G1 Conc#1"                       [id=44668, stack(0x0000005490300000,0x0000005490400000) (1024K)]
  0x0000019f45469fa0 WorkerThread "G1 Conc#2"                       [id=44672, stack(0x0000005490400000,0x0000005490500000) (1024K)]
  0x0000019f298c35f0 ConcurrentGCThread "G1 Refine#0"               [id=20252, stack(0x000000548de00000,0x000000548df00000) (1024K)]
  0x0000019f298c4080 ConcurrentGCThread "G1 Service"                [id=36188, stack(0x000000548df00000,0x000000548e000000) (1024K)]
Total: 18

Threads with active compile tasks:
C2 CompilerThread0  150382 4160       4       javax.management.ObjectName::construct (1135 bytes)
Total: 1

VM state: not at safepoint (normal execution)

VM Mutex/Monitor currently owned by a thread: None

Heap address: 0x00000000e0000000, size: 512 MB, Compressed Oops mode: 32-bit

CDS archive(s) mapped at: [0x0000019f2a000000-0x0000019f2aba0000-0x0000019f2aba0000), size 12189696, SharedBaseAddress: 0x0000019f2a000000, ArchiveRelocationMode: 1.
Compressed class space mapped at: 0x0000019f2b000000-0x0000019f3f000000, reserved size: 335544320
Narrow klass base: 0x0000019f2a000000, Narrow klass shift: 0, Narrow klass range: 0x100000000

GC Precious Log:
 CardTable entry size: 512
 Card Set container configuration: InlinePtr #cards 5 size 8 Array Of Cards #cards 12 size 40 Howl #buckets 4 coarsen threshold 1843 Howl Bitmap #cards 512 size 80 coarsen threshold 460 Card regions per heap region 1 cards per card region 2048
 CPUs: 12 total, 12 available
 Memory: 16067M
 Large Page Support: Disabled
 NUMA Support: Disabled
 Compressed Oops: Enabled (32-bit)
 Heap Region Size: 1M
 Heap Min Capacity: 256M
 Heap Initial Capacity: 256M
 Heap Max Capacity: 512M
 Pre-touch: Disabled
 Parallel Workers: 10
 Concurrent Workers: 3
 Concurrent Refinement Workers: 10
 Periodic GC: Disabled

Heap:
 garbage-first heap   total 262144K, used 84991K [0x00000000e0000000, 0x0000000100000000)
  region size 1024K, 61 young (62464K), 3 survivors (3072K)
 Metaspace       used 32158K, committed 33536K, reserved 393216K
  class space    used 4885K, committed 5568K, reserved 327680K

Heap Regions: E=young(eden), S=young(survivor), O=old, HS=humongous(starts), HC=humongous(continues), CS=collection set, F=free, TAMS=top-at-mark-start, PB=parsable bottom
|   0|0x00000000e0000000, 0x00000000e0100000, 0x00000000e0100000|100%|HS|  |TAMS 0x00000000e0000000| PB 0x00000000e0000000| Complete 
|   1|0x00000000e0100000, 0x00000000e0200000, 0x00000000e0200000|100%|HC|  |TAMS 0x00000000e0100000| PB 0x00000000e0100000| Complete 
|   2|0x00000000e0200000, 0x00000000e0300000, 0x00000000e0300000|100%|HC|  |TAMS 0x00000000e0200000| PB 0x00000000e0200000| Complete 
|   3|0x00000000e0300000, 0x00000000e0400000, 0x00000000e0400000|100%|HC|  |TAMS 0x00000000e0300000| PB 0x00000000e0300000| Complete 
|   4|0x00000000e0400000, 0x00000000e0500000, 0x00000000e0500000|100%| O|  |TAMS 0x00000000e0400000| PB 0x00000000e0400000| Untracked 
|   5|0x00000000e0500000, 0x00000000e0600000, 0x00000000e0600000|100%| O|  |TAMS 0x00000000e0500000| PB 0x00000000e0500000| Untracked 
|   6|0x00000000e0600000, 0x00000000e0600000, 0x00000000e0700000|  0%| F|  |TAMS 0x00000000e0600000| PB 0x00000000e0600000| Untracked 
|   7|0x00000000e0700000, 0x00000000e0800000, 0x00000000e0800000|100%| O|  |TAMS 0x00000000e0700000| PB 0x00000000e0700000| Untracked 
|   8|0x00000000e0800000, 0x00000000e0900000, 0x00000000e0900000|100%| O|  |TAMS 0x00000000e0800000| PB 0x00000000e0800000| Untracked 
|   9|0x00000000e0900000, 0x00000000e0a00000, 0x00000000e0a00000|100%| O|  |TAMS 0x00000000e0900000| PB 0x00000000e0900000| Untracked 
|  10|0x00000000e0a00000, 0x00000000e0b00000, 0x00000000e0b00000|100%| O|  |TAMS 0x00000000e0a00000| PB 0x00000000e0a00000| Untracked 
|  11|0x00000000e0b00000, 0x00000000e0c00000, 0x00000000e0c00000|100%| O|  |TAMS 0x00000000e0b00000| PB 0x00000000e0b00000| Untracked 
|  12|0x00000000e0c00000, 0x00000000e0d00000, 0x00000000e0d00000|100%|HS|  |TAMS 0x00000000e0c00000| PB 0x00000000e0c00000| Complete 
|  13|0x00000000e0d00000, 0x00000000e0e00000, 0x00000000e0e00000|100%| O|  |TAMS 0x00000000e0d00000| PB 0x00000000e0d00000| Untracked 
|  14|0x00000000e0e00000, 0x00000000e0f00000, 0x00000000e0f00000|100%| O|  |TAMS 0x00000000e0e00000| PB 0x00000000e0e00000| Untracked 
|  15|0x00000000e0f00000, 0x00000000e1000000, 0x00000000e1000000|100%| O|  |TAMS 0x00000000e0f00000| PB 0x00000000e0f00000| Untracked 
|  16|0x00000000e1000000, 0x00000000e1100000, 0x00000000e1100000|100%| O|  |TAMS 0x00000000e1000000| PB 0x00000000e1000000| Untracked 
|  17|0x00000000e1100000, 0x00000000e1200000, 0x00000000e1200000|100%| O|  |TAMS 0x00000000e1100000| PB 0x00000000e1100000| Untracked 
|  18|0x00000000e1200000, 0x00000000e1300000, 0x00000000e1300000|100%| O|  |TAMS 0x00000000e1200000| PB 0x00000000e1200000| Untracked 
|  19|0x00000000e1300000, 0x00000000e1400000, 0x00000000e1400000|100%| O|  |TAMS 0x00000000e1300000| PB 0x00000000e1300000| Untracked 
|  20|0x00000000e1400000, 0x00000000e1500000, 0x00000000e1500000|100%| O|  |TAMS 0x00000000e1400000| PB 0x00000000e1400000| Untracked 
|  21|0x00000000e1500000, 0x00000000e1600000, 0x00000000e1600000|100%| O|  |TAMS 0x00000000e1500000| PB 0x00000000e1500000| Untracked 
|  22|0x00000000e1600000, 0x00000000e1700000, 0x00000000e1700000|100%| O|  |TAMS 0x00000000e1600000| PB 0x00000000e1600000| Untracked 
|  23|0x00000000e1700000, 0x00000000e1800000, 0x00000000e1800000|100%| O|  |TAMS 0x00000000e1700000| PB 0x00000000e1700000| Untracked 
|  24|0x00000000e1800000, 0x00000000e1900000, 0x00000000e1900000|100%| O|  |TAMS 0x00000000e1800000| PB 0x00000000e1800000| Untracked 
|  25|0x00000000e1900000, 0x00000000e19cceb0, 0x00000000e1a00000| 80%| O|  |TAMS 0x00000000e1900000| PB 0x00000000e1900000| Untracked 
|  26|0x00000000e1a00000, 0x00000000e1a00000, 0x00000000e1b00000|  0%| F|  |TAMS 0x00000000e1a00000| PB 0x00000000e1a00000| Untracked 
|  27|0x00000000e1b00000, 0x00000000e1b00000, 0x00000000e1c00000|  0%| F|  |TAMS 0x00000000e1b00000| PB 0x00000000e1b00000| Untracked 
|  28|0x00000000e1c00000, 0x00000000e1c00000, 0x00000000e1d00000|  0%| F|  |TAMS 0x00000000e1c00000| PB 0x00000000e1c00000| Untracked 
|  29|0x00000000e1d00000, 0x00000000e1d00000, 0x00000000e1e00000|  0%| F|  |TAMS 0x00000000e1d00000| PB 0x00000000e1d00000| Untracked 
|  30|0x00000000e1e00000, 0x00000000e1e00000, 0x00000000e1f00000|  0%| F|  |TAMS 0x00000000e1e00000| PB 0x00000000e1e00000| Untracked 
|  31|0x00000000e1f00000, 0x00000000e1f00000, 0x00000000e2000000|  0%| F|  |TAMS 0x00000000e1f00000| PB 0x00000000e1f00000| Untracked 
|  32|0x00000000e2000000, 0x00000000e2000000, 0x00000000e2100000|  0%| F|  |TAMS 0x00000000e2000000| PB 0x00000000e2000000| Untracked 
|  33|0x00000000e2100000, 0x00000000e2100000, 0x00000000e2200000|  0%| F|  |TAMS 0x00000000e2100000| PB 0x00000000e2100000| Untracked 
|  34|0x00000000e2200000, 0x00000000e2200000, 0x00000000e2300000|  0%| F|  |TAMS 0x00000000e2200000| PB 0x00000000e2200000| Untracked 
|  35|0x00000000e2300000, 0x00000000e2300000, 0x00000000e2400000|  0%| F|  |TAMS 0x00000000e2300000| PB 0x00000000e2300000| Untracked 
|  36|0x00000000e2400000, 0x00000000e2400000, 0x00000000e2500000|  0%| F|  |TAMS 0x00000000e2400000| PB 0x00000000e2400000| Untracked 
|  37|0x00000000e2500000, 0x00000000e2500000, 0x00000000e2600000|  0%| F|  |TAMS 0x00000000e2500000| PB 0x00000000e2500000| Untracked 
|  38|0x00000000e2600000, 0x00000000e2600000, 0x00000000e2700000|  0%| F|  |TAMS 0x00000000e2600000| PB 0x00000000e2600000| Untracked 
|  39|0x00000000e2700000, 0x00000000e2700000, 0x00000000e2800000|  0%| F|  |TAMS 0x00000000e2700000| PB 0x00000000e2700000| Untracked 
|  40|0x00000000e2800000, 0x00000000e2800000, 0x00000000e2900000|  0%| F|  |TAMS 0x00000000e2800000| PB 0x00000000e2800000| Untracked 
|  41|0x00000000e2900000, 0x00000000e2900000, 0x00000000e2a00000|  0%| F|  |TAMS 0x00000000e2900000| PB 0x00000000e2900000| Untracked 
|  42|0x00000000e2a00000, 0x00000000e2a00000, 0x00000000e2b00000|  0%| F|  |TAMS 0x00000000e2a00000| PB 0x00000000e2a00000| Untracked 
|  43|0x00000000e2b00000, 0x00000000e2b00000, 0x00000000e2c00000|  0%| F|  |TAMS 0x00000000e2b00000| PB 0x00000000e2b00000| Untracked 
|  44|0x00000000e2c00000, 0x00000000e2c00000, 0x00000000e2d00000|  0%| F|  |TAMS 0x00000000e2c00000| PB 0x00000000e2c00000| Untracked 
|  45|0x00000000e2d00000, 0x00000000e2d00000, 0x00000000e2e00000|  0%| F|  |TAMS 0x00000000e2d00000| PB 0x00000000e2d00000| Untracked 
|  46|0x00000000e2e00000, 0x00000000e2e00000, 0x00000000e2f00000|  0%| F|  |TAMS 0x00000000e2e00000| PB 0x00000000e2e00000| Untracked 
|  47|0x00000000e2f00000, 0x00000000e2f00000, 0x00000000e3000000|  0%| F|  |TAMS 0x00000000e2f00000| PB 0x00000000e2f00000| Untracked 
|  48|0x00000000e3000000, 0x00000000e3000000, 0x00000000e3100000|  0%| F|  |TAMS 0x00000000e3000000| PB 0x00000000e3000000| Untracked 
|  49|0x00000000e3100000, 0x00000000e3100000, 0x00000000e3200000|  0%| F|  |TAMS 0x00000000e3100000| PB 0x00000000e3100000| Untracked 
|  50|0x00000000e3200000, 0x00000000e3200000, 0x00000000e3300000|  0%| F|  |TAMS 0x00000000e3200000| PB 0x00000000e3200000| Untracked 
|  51|0x00000000e3300000, 0x00000000e3300000, 0x00000000e3400000|  0%| F|  |TAMS 0x00000000e3300000| PB 0x00000000e3300000| Untracked 
|  52|0x00000000e3400000, 0x00000000e3400000, 0x00000000e3500000|  0%| F|  |TAMS 0x00000000e3400000| PB 0x00000000e3400000| Untracked 
|  53|0x00000000e3500000, 0x00000000e3500000, 0x00000000e3600000|  0%| F|  |TAMS 0x00000000e3500000| PB 0x00000000e3500000| Untracked 
|  54|0x00000000e3600000, 0x00000000e3600000, 0x00000000e3700000|  0%| F|  |TAMS 0x00000000e3600000| PB 0x00000000e3600000| Untracked 
|  55|0x00000000e3700000, 0x00000000e3700000, 0x00000000e3800000|  0%| F|  |TAMS 0x00000000e3700000| PB 0x00000000e3700000| Untracked 
|  56|0x00000000e3800000, 0x00000000e3800000, 0x00000000e3900000|  0%| F|  |TAMS 0x00000000e3800000| PB 0x00000000e3800000| Untracked 
|  57|0x00000000e3900000, 0x00000000e3900000, 0x00000000e3a00000|  0%| F|  |TAMS 0x00000000e3900000| PB 0x00000000e3900000| Untracked 
|  58|0x00000000e3a00000, 0x00000000e3a00000, 0x00000000e3b00000|  0%| F|  |TAMS 0x00000000e3a00000| PB 0x00000000e3a00000| Untracked 
|  59|0x00000000e3b00000, 0x00000000e3b00000, 0x00000000e3c00000|  0%| F|  |TAMS 0x00000000e3b00000| PB 0x00000000e3b00000| Untracked 
|  60|0x00000000e3c00000, 0x00000000e3c00000, 0x00000000e3d00000|  0%| F|  |TAMS 0x00000000e3c00000| PB 0x00000000e3c00000| Untracked 
|  61|0x00000000e3d00000, 0x00000000e3d00000, 0x00000000e3e00000|  0%| F|  |TAMS 0x00000000e3d00000| PB 0x00000000e3d00000| Untracked 
|  62|0x00000000e3e00000, 0x00000000e3e00000, 0x00000000e3f00000|  0%| F|  |TAMS 0x00000000e3e00000| PB 0x00000000e3e00000| Untracked 
|  63|0x00000000e3f00000, 0x00000000e3f00000, 0x00000000e4000000|  0%| F|  |TAMS 0x00000000e3f00000| PB 0x00000000e3f00000| Untracked 
|  64|0x00000000e4000000, 0x00000000e4000000, 0x00000000e4100000|  0%| F|  |TAMS 0x00000000e4000000| PB 0x00000000e4000000| Untracked 
|  65|0x00000000e4100000, 0x00000000e4100000, 0x00000000e4200000|  0%| F|  |TAMS 0x00000000e4100000| PB 0x00000000e4100000| Untracked 
|  66|0x00000000e4200000, 0x00000000e4200000, 0x00000000e4300000|  0%| F|  |TAMS 0x00000000e4200000| PB 0x00000000e4200000| Untracked 
|  67|0x00000000e4300000, 0x00000000e4300000, 0x00000000e4400000|  0%| F|  |TAMS 0x00000000e4300000| PB 0x00000000e4300000| Untracked 
|  68|0x00000000e4400000, 0x00000000e4400000, 0x00000000e4500000|  0%| F|  |TAMS 0x00000000e4400000| PB 0x00000000e4400000| Untracked 
|  69|0x00000000e4500000, 0x00000000e4500000, 0x00000000e4600000|  0%| F|  |TAMS 0x00000000e4500000| PB 0x00000000e4500000| Untracked 
|  70|0x00000000e4600000, 0x00000000e4600000, 0x00000000e4700000|  0%| F|  |TAMS 0x00000000e4600000| PB 0x00000000e4600000| Untracked 
|  71|0x00000000e4700000, 0x00000000e4700000, 0x00000000e4800000|  0%| F|  |TAMS 0x00000000e4700000| PB 0x00000000e4700000| Untracked 
|  72|0x00000000e4800000, 0x00000000e4800000, 0x00000000e4900000|  0%| F|  |TAMS 0x00000000e4800000| PB 0x00000000e4800000| Untracked 
|  73|0x00000000e4900000, 0x00000000e4900000, 0x00000000e4a00000|  0%| F|  |TAMS 0x00000000e4900000| PB 0x00000000e4900000| Untracked 
|  74|0x00000000e4a00000, 0x00000000e4a00000, 0x00000000e4b00000|  0%| F|  |TAMS 0x00000000e4a00000| PB 0x00000000e4a00000| Untracked 
|  75|0x00000000e4b00000, 0x00000000e4b00000, 0x00000000e4c00000|  0%| F|  |TAMS 0x00000000e4b00000| PB 0x00000000e4b00000| Untracked 
|  76|0x00000000e4c00000, 0x00000000e4c00000, 0x00000000e4d00000|  0%| F|  |TAMS 0x00000000e4c00000| PB 0x00000000e4c00000| Untracked 
|  77|0x00000000e4d00000, 0x00000000e4d00000, 0x00000000e4e00000|  0%| F|  |TAMS 0x00000000e4d00000| PB 0x00000000e4d00000| Untracked 
|  78|0x00000000e4e00000, 0x00000000e4e00000, 0x00000000e4f00000|  0%| F|  |TAMS 0x00000000e4e00000| PB 0x00000000e4e00000| Untracked 
|  79|0x00000000e4f00000, 0x00000000e4f00000, 0x00000000e5000000|  0%| F|  |TAMS 0x00000000e4f00000| PB 0x00000000e4f00000| Untracked 
|  80|0x00000000e5000000, 0x00000000e5000000, 0x00000000e5100000|  0%| F|  |TAMS 0x00000000e5000000| PB 0x00000000e5000000| Untracked 
|  81|0x00000000e5100000, 0x00000000e5100000, 0x00000000e5200000|  0%| F|  |TAMS 0x00000000e5100000| PB 0x00000000e5100000| Untracked 
|  82|0x00000000e5200000, 0x00000000e5200000, 0x00000000e5300000|  0%| F|  |TAMS 0x00000000e5200000| PB 0x00000000e5200000| Untracked 
|  83|0x00000000e5300000, 0x00000000e5300000, 0x00000000e5400000|  0%| F|  |TAMS 0x00000000e5300000| PB 0x00000000e5300000| Untracked 
|  84|0x00000000e5400000, 0x00000000e5400000, 0x00000000e5500000|  0%| F|  |TAMS 0x00000000e5400000| PB 0x00000000e5400000| Untracked 
|  85|0x00000000e5500000, 0x00000000e5500000, 0x00000000e5600000|  0%| F|  |TAMS 0x00000000e5500000| PB 0x00000000e5500000| Untracked 
|  86|0x00000000e5600000, 0x00000000e5600000, 0x00000000e5700000|  0%| F|  |TAMS 0x00000000e5600000| PB 0x00000000e5600000| Untracked 
|  87|0x00000000e5700000, 0x00000000e5700000, 0x00000000e5800000|  0%| F|  |TAMS 0x00000000e5700000| PB 0x00000000e5700000| Untracked 
|  88|0x00000000e5800000, 0x00000000e5800000, 0x00000000e5900000|  0%| F|  |TAMS 0x00000000e5800000| PB 0x00000000e5800000| Untracked 
|  89|0x00000000e5900000, 0x00000000e5900000, 0x00000000e5a00000|  0%| F|  |TAMS 0x00000000e5900000| PB 0x00000000e5900000| Untracked 
|  90|0x00000000e5a00000, 0x00000000e5a00000, 0x00000000e5b00000|  0%| F|  |TAMS 0x00000000e5a00000| PB 0x00000000e5a00000| Untracked 
|  91|0x00000000e5b00000, 0x00000000e5b00000, 0x00000000e5c00000|  0%| F|  |TAMS 0x00000000e5b00000| PB 0x00000000e5b00000| Untracked 
|  92|0x00000000e5c00000, 0x00000000e5c00000, 0x00000000e5d00000|  0%| F|  |TAMS 0x00000000e5c00000| PB 0x00000000e5c00000| Untracked 
|  93|0x00000000e5d00000, 0x00000000e5d00000, 0x00000000e5e00000|  0%| F|  |TAMS 0x00000000e5d00000| PB 0x00000000e5d00000| Untracked 
|  94|0x00000000e5e00000, 0x00000000e5e00000, 0x00000000e5f00000|  0%| F|  |TAMS 0x00000000e5e00000| PB 0x00000000e5e00000| Untracked 
|  95|0x00000000e5f00000, 0x00000000e5f00000, 0x00000000e6000000|  0%| F|  |TAMS 0x00000000e5f00000| PB 0x00000000e5f00000| Untracked 
|  96|0x00000000e6000000, 0x00000000e6000000, 0x00000000e6100000|  0%| F|  |TAMS 0x00000000e6000000| PB 0x00000000e6000000| Untracked 
|  97|0x00000000e6100000, 0x00000000e6100000, 0x00000000e6200000|  0%| F|  |TAMS 0x00000000e6100000| PB 0x00000000e6100000| Untracked 
|  98|0x00000000e6200000, 0x00000000e6200000, 0x00000000e6300000|  0%| F|  |TAMS 0x00000000e6200000| PB 0x00000000e6200000| Untracked 
|  99|0x00000000e6300000, 0x00000000e6300000, 0x00000000e6400000|  0%| F|  |TAMS 0x00000000e6300000| PB 0x00000000e6300000| Untracked 
| 100|0x00000000e6400000, 0x00000000e6400000, 0x00000000e6500000|  0%| F|  |TAMS 0x00000000e6400000| PB 0x00000000e6400000| Untracked 
| 101|0x00000000e6500000, 0x00000000e6500000, 0x00000000e6600000|  0%| F|  |TAMS 0x00000000e6500000| PB 0x00000000e6500000| Untracked 
| 102|0x00000000e6600000, 0x00000000e6600000, 0x00000000e6700000|  0%| F|  |TAMS 0x00000000e6600000| PB 0x00000000e6600000| Untracked 
| 103|0x00000000e6700000, 0x00000000e6700000, 0x00000000e6800000|  0%| F|  |TAMS 0x00000000e6700000| PB 0x00000000e6700000| Untracked 
| 104|0x00000000e6800000, 0x00000000e6800000, 0x00000000e6900000|  0%| F|  |TAMS 0x00000000e6800000| PB 0x00000000e6800000| Untracked 
| 105|0x00000000e6900000, 0x00000000e6900000, 0x00000000e6a00000|  0%| F|  |TAMS 0x00000000e6900000| PB 0x00000000e6900000| Untracked 
| 106|0x00000000e6a00000, 0x00000000e6a00000, 0x00000000e6b00000|  0%| F|  |TAMS 0x00000000e6a00000| PB 0x00000000e6a00000| Untracked 
| 107|0x00000000e6b00000, 0x00000000e6b00000, 0x00000000e6c00000|  0%| F|  |TAMS 0x00000000e6b00000| PB 0x00000000e6b00000| Untracked 
| 108|0x00000000e6c00000, 0x00000000e6c00000, 0x00000000e6d00000|  0%| F|  |TAMS 0x00000000e6c00000| PB 0x00000000e6c00000| Untracked 
| 109|0x00000000e6d00000, 0x00000000e6d00000, 0x00000000e6e00000|  0%| F|  |TAMS 0x00000000e6d00000| PB 0x00000000e6d00000| Untracked 
| 110|0x00000000e6e00000, 0x00000000e6e00000, 0x00000000e6f00000|  0%| F|  |TAMS 0x00000000e6e00000| PB 0x00000000e6e00000| Untracked 
| 111|0x00000000e6f00000, 0x00000000e6f00000, 0x00000000e7000000|  0%| F|  |TAMS 0x00000000e6f00000| PB 0x00000000e6f00000| Untracked 
| 112|0x00000000e7000000, 0x00000000e7000000, 0x00000000e7100000|  0%| F|  |TAMS 0x00000000e7000000| PB 0x00000000e7000000| Untracked 
| 113|0x00000000e7100000, 0x00000000e7100000, 0x00000000e7200000|  0%| F|  |TAMS 0x00000000e7100000| PB 0x00000000e7100000| Untracked 
| 114|0x00000000e7200000, 0x00000000e7200000, 0x00000000e7300000|  0%| F|  |TAMS 0x00000000e7200000| PB 0x00000000e7200000| Untracked 
| 115|0x00000000e7300000, 0x00000000e7300000, 0x00000000e7400000|  0%| F|  |TAMS 0x00000000e7300000| PB 0x00000000e7300000| Untracked 
| 116|0x00000000e7400000, 0x00000000e7400000, 0x00000000e7500000|  0%| F|  |TAMS 0x00000000e7400000| PB 0x00000000e7400000| Untracked 
| 117|0x00000000e7500000, 0x00000000e7500000, 0x00000000e7600000|  0%| F|  |TAMS 0x00000000e7500000| PB 0x00000000e7500000| Untracked 
| 118|0x00000000e7600000, 0x00000000e7600000, 0x00000000e7700000|  0%| F|  |TAMS 0x00000000e7600000| PB 0x00000000e7600000| Untracked 
| 119|0x00000000e7700000, 0x00000000e7700000, 0x00000000e7800000|  0%| F|  |TAMS 0x00000000e7700000| PB 0x00000000e7700000| Untracked 
| 120|0x00000000e7800000, 0x00000000e7800000, 0x00000000e7900000|  0%| F|  |TAMS 0x00000000e7800000| PB 0x00000000e7800000| Untracked 
| 121|0x00000000e7900000, 0x00000000e7900000, 0x00000000e7a00000|  0%| F|  |TAMS 0x00000000e7900000| PB 0x00000000e7900000| Untracked 
| 122|0x00000000e7a00000, 0x00000000e7a00000, 0x00000000e7b00000|  0%| F|  |TAMS 0x00000000e7a00000| PB 0x00000000e7a00000| Untracked 
| 123|0x00000000e7b00000, 0x00000000e7b00000, 0x00000000e7c00000|  0%| F|  |TAMS 0x00000000e7b00000| PB 0x00000000e7b00000| Untracked 
| 124|0x00000000e7c00000, 0x00000000e7c00000, 0x00000000e7d00000|  0%| F|  |TAMS 0x00000000e7c00000| PB 0x00000000e7c00000| Untracked 
| 125|0x00000000e7d00000, 0x00000000e7d00000, 0x00000000e7e00000|  0%| F|  |TAMS 0x00000000e7d00000| PB 0x00000000e7d00000| Untracked 
| 126|0x00000000e7e00000, 0x00000000e7e00000, 0x00000000e7f00000|  0%| F|  |TAMS 0x00000000e7e00000| PB 0x00000000e7e00000| Untracked 
| 127|0x00000000e7f00000, 0x00000000e7f00000, 0x00000000e8000000|  0%| F|  |TAMS 0x00000000e7f00000| PB 0x00000000e7f00000| Untracked 
| 128|0x00000000e8000000, 0x00000000e8000000, 0x00000000e8100000|  0%| F|  |TAMS 0x00000000e8000000| PB 0x00000000e8000000| Untracked 
| 129|0x00000000e8100000, 0x00000000e8100000, 0x00000000e8200000|  0%| F|  |TAMS 0x00000000e8100000| PB 0x00000000e8100000| Untracked 
| 130|0x00000000e8200000, 0x00000000e8200000, 0x00000000e8300000|  0%| F|  |TAMS 0x00000000e8200000| PB 0x00000000e8200000| Untracked 
| 131|0x00000000e8300000, 0x00000000e8300000, 0x00000000e8400000|  0%| F|  |TAMS 0x00000000e8300000| PB 0x00000000e8300000| Untracked 
| 132|0x00000000e8400000, 0x00000000e8400000, 0x00000000e8500000|  0%| F|  |TAMS 0x00000000e8400000| PB 0x00000000e8400000| Untracked 
| 133|0x00000000e8500000, 0x00000000e8500000, 0x00000000e8600000|  0%| F|  |TAMS 0x00000000e8500000| PB 0x00000000e8500000| Untracked 
| 134|0x00000000e8600000, 0x00000000e8600000, 0x00000000e8700000|  0%| F|  |TAMS 0x00000000e8600000| PB 0x00000000e8600000| Untracked 
| 135|0x00000000e8700000, 0x00000000e8700000, 0x00000000e8800000|  0%| F|  |TAMS 0x00000000e8700000| PB 0x00000000e8700000| Untracked 
| 136|0x00000000e8800000, 0x00000000e8800000, 0x00000000e8900000|  0%| F|  |TAMS 0x00000000e8800000| PB 0x00000000e8800000| Untracked 
| 137|0x00000000e8900000, 0x00000000e8900000, 0x00000000e8a00000|  0%| F|  |TAMS 0x00000000e8900000| PB 0x00000000e8900000| Untracked 
| 138|0x00000000e8a00000, 0x00000000e8a00000, 0x00000000e8b00000|  0%| F|  |TAMS 0x00000000e8a00000| PB 0x00000000e8a00000| Untracked 
| 139|0x00000000e8b00000, 0x00000000e8b00000, 0x00000000e8c00000|  0%| F|  |TAMS 0x00000000e8b00000| PB 0x00000000e8b00000| Untracked 
| 140|0x00000000e8c00000, 0x00000000e8c00000, 0x00000000e8d00000|  0%| F|  |TAMS 0x00000000e8c00000| PB 0x00000000e8c00000| Untracked 
| 141|0x00000000e8d00000, 0x00000000e8d00000, 0x00000000e8e00000|  0%| F|  |TAMS 0x00000000e8d00000| PB 0x00000000e8d00000| Untracked 
| 142|0x00000000e8e00000, 0x00000000e8e00000, 0x00000000e8f00000|  0%| F|  |TAMS 0x00000000e8e00000| PB 0x00000000e8e00000| Untracked 
| 143|0x00000000e8f00000, 0x00000000e8f00000, 0x00000000e9000000|  0%| F|  |TAMS 0x00000000e8f00000| PB 0x00000000e8f00000| Untracked 
| 144|0x00000000e9000000, 0x00000000e9000000, 0x00000000e9100000|  0%| F|  |TAMS 0x00000000e9000000| PB 0x00000000e9000000| Untracked 
| 145|0x00000000e9100000, 0x00000000e9100000, 0x00000000e9200000|  0%| F|  |TAMS 0x00000000e9100000| PB 0x00000000e9100000| Untracked 
| 146|0x00000000e9200000, 0x00000000e9200000, 0x00000000e9300000|  0%| F|  |TAMS 0x00000000e9200000| PB 0x00000000e9200000| Untracked 
| 147|0x00000000e9300000, 0x00000000e9300000, 0x00000000e9400000|  0%| F|  |TAMS 0x00000000e9300000| PB 0x00000000e9300000| Untracked 
| 148|0x00000000e9400000, 0x00000000e9400000, 0x00000000e9500000|  0%| F|  |TAMS 0x00000000e9400000| PB 0x00000000e9400000| Untracked 
| 149|0x00000000e9500000, 0x00000000e9500000, 0x00000000e9600000|  0%| F|  |TAMS 0x00000000e9500000| PB 0x00000000e9500000| Untracked 
| 150|0x00000000e9600000, 0x00000000e9600000, 0x00000000e9700000|  0%| F|  |TAMS 0x00000000e9600000| PB 0x00000000e9600000| Untracked 
| 151|0x00000000e9700000, 0x00000000e9700000, 0x00000000e9800000|  0%| F|  |TAMS 0x00000000e9700000| PB 0x00000000e9700000| Untracked 
| 152|0x00000000e9800000, 0x00000000e9800000, 0x00000000e9900000|  0%| F|  |TAMS 0x00000000e9800000| PB 0x00000000e9800000| Untracked 
| 153|0x00000000e9900000, 0x00000000e9900000, 0x00000000e9a00000|  0%| F|  |TAMS 0x00000000e9900000| PB 0x00000000e9900000| Untracked 
| 154|0x00000000e9a00000, 0x00000000e9a00000, 0x00000000e9b00000|  0%| F|  |TAMS 0x00000000e9a00000| PB 0x00000000e9a00000| Untracked 
| 155|0x00000000e9b00000, 0x00000000e9b00000, 0x00000000e9c00000|  0%| F|  |TAMS 0x00000000e9b00000| PB 0x00000000e9b00000| Untracked 
| 156|0x00000000e9c00000, 0x00000000e9c00000, 0x00000000e9d00000|  0%| F|  |TAMS 0x00000000e9c00000| PB 0x00000000e9c00000| Untracked 
| 157|0x00000000e9d00000, 0x00000000e9d00000, 0x00000000e9e00000|  0%| F|  |TAMS 0x00000000e9d00000| PB 0x00000000e9d00000| Untracked 
| 158|0x00000000e9e00000, 0x00000000e9e00000, 0x00000000e9f00000|  0%| F|  |TAMS 0x00000000e9e00000| PB 0x00000000e9e00000| Untracked 
| 159|0x00000000e9f00000, 0x00000000e9f00000, 0x00000000ea000000|  0%| F|  |TAMS 0x00000000e9f00000| PB 0x00000000e9f00000| Untracked 
| 160|0x00000000ea000000, 0x00000000ea000000, 0x00000000ea100000|  0%| F|  |TAMS 0x00000000ea000000| PB 0x00000000ea000000| Untracked 
| 161|0x00000000ea100000, 0x00000000ea100000, 0x00000000ea200000|  0%| F|  |TAMS 0x00000000ea100000| PB 0x00000000ea100000| Untracked 
| 162|0x00000000ea200000, 0x00000000ea200000, 0x00000000ea300000|  0%| F|  |TAMS 0x00000000ea200000| PB 0x00000000ea200000| Untracked 
| 163|0x00000000ea300000, 0x00000000ea300000, 0x00000000ea400000|  0%| F|  |TAMS 0x00000000ea300000| PB 0x00000000ea300000| Untracked 
| 164|0x00000000ea400000, 0x00000000ea400000, 0x00000000ea500000|  0%| F|  |TAMS 0x00000000ea400000| PB 0x00000000ea400000| Untracked 
| 165|0x00000000ea500000, 0x00000000ea500000, 0x00000000ea600000|  0%| F|  |TAMS 0x00000000ea500000| PB 0x00000000ea500000| Untracked 
| 166|0x00000000ea600000, 0x00000000ea600000, 0x00000000ea700000|  0%| F|  |TAMS 0x00000000ea600000| PB 0x00000000ea600000| Untracked 
| 167|0x00000000ea700000, 0x00000000ea700000, 0x00000000ea800000|  0%| F|  |TAMS 0x00000000ea700000| PB 0x00000000ea700000| Untracked 
| 168|0x00000000ea800000, 0x00000000ea800000, 0x00000000ea900000|  0%| F|  |TAMS 0x00000000ea800000| PB 0x00000000ea800000| Untracked 
| 169|0x00000000ea900000, 0x00000000ea900000, 0x00000000eaa00000|  0%| F|  |TAMS 0x00000000ea900000| PB 0x00000000ea900000| Untracked 
| 170|0x00000000eaa00000, 0x00000000eaa00000, 0x00000000eab00000|  0%| F|  |TAMS 0x00000000eaa00000| PB 0x00000000eaa00000| Untracked 
| 171|0x00000000eab00000, 0x00000000eab00000, 0x00000000eac00000|  0%| F|  |TAMS 0x00000000eab00000| PB 0x00000000eab00000| Untracked 
| 172|0x00000000eac00000, 0x00000000eac00000, 0x00000000ead00000|  0%| F|  |TAMS 0x00000000eac00000| PB 0x00000000eac00000| Untracked 
| 173|0x00000000ead00000, 0x00000000ead00000, 0x00000000eae00000|  0%| F|  |TAMS 0x00000000ead00000| PB 0x00000000ead00000| Untracked 
| 174|0x00000000eae00000, 0x00000000eae00000, 0x00000000eaf00000|  0%| F|  |TAMS 0x00000000eae00000| PB 0x00000000eae00000| Untracked 
| 175|0x00000000eaf00000, 0x00000000eaf00000, 0x00000000eb000000|  0%| F|  |TAMS 0x00000000eaf00000| PB 0x00000000eaf00000| Untracked 
| 176|0x00000000eb000000, 0x00000000eb000000, 0x00000000eb100000|  0%| F|  |TAMS 0x00000000eb000000| PB 0x00000000eb000000| Untracked 
| 177|0x00000000eb100000, 0x00000000eb100000, 0x00000000eb200000|  0%| F|  |TAMS 0x00000000eb100000| PB 0x00000000eb100000| Untracked 
| 178|0x00000000eb200000, 0x00000000eb200000, 0x00000000eb300000|  0%| F|  |TAMS 0x00000000eb200000| PB 0x00000000eb200000| Untracked 
| 179|0x00000000eb300000, 0x00000000eb300000, 0x00000000eb400000|  0%| F|  |TAMS 0x00000000eb300000| PB 0x00000000eb300000| Untracked 
| 180|0x00000000eb400000, 0x00000000eb400000, 0x00000000eb500000|  0%| F|  |TAMS 0x00000000eb400000| PB 0x00000000eb400000| Untracked 
| 181|0x00000000eb500000, 0x00000000eb500000, 0x00000000eb600000|  0%| F|  |TAMS 0x00000000eb500000| PB 0x00000000eb500000| Untracked 
| 182|0x00000000eb600000, 0x00000000eb600000, 0x00000000eb700000|  0%| F|  |TAMS 0x00000000eb600000| PB 0x00000000eb600000| Untracked 
| 183|0x00000000eb700000, 0x00000000eb700000, 0x00000000eb800000|  0%| F|  |TAMS 0x00000000eb700000| PB 0x00000000eb700000| Untracked 
| 184|0x00000000eb800000, 0x00000000eb800000, 0x00000000eb900000|  0%| F|  |TAMS 0x00000000eb800000| PB 0x00000000eb800000| Untracked 
| 185|0x00000000eb900000, 0x00000000eb900000, 0x00000000eba00000|  0%| F|  |TAMS 0x00000000eb900000| PB 0x00000000eb900000| Untracked 
| 186|0x00000000eba00000, 0x00000000eba00000, 0x00000000ebb00000|  0%| F|  |TAMS 0x00000000eba00000| PB 0x00000000eba00000| Untracked 
| 187|0x00000000ebb00000, 0x00000000ebb00000, 0x00000000ebc00000|  0%| F|  |TAMS 0x00000000ebb00000| PB 0x00000000ebb00000| Untracked 
| 188|0x00000000ebc00000, 0x00000000ebc00000, 0x00000000ebd00000|  0%| F|  |TAMS 0x00000000ebc00000| PB 0x00000000ebc00000| Untracked 
| 189|0x00000000ebd00000, 0x00000000ebd00000, 0x00000000ebe00000|  0%| F|  |TAMS 0x00000000ebd00000| PB 0x00000000ebd00000| Untracked 
| 190|0x00000000ebe00000, 0x00000000ebe00000, 0x00000000ebf00000|  0%| F|  |TAMS 0x00000000ebe00000| PB 0x00000000ebe00000| Untracked 
| 191|0x00000000ebf00000, 0x00000000ebf00000, 0x00000000ec000000|  0%| F|  |TAMS 0x00000000ebf00000| PB 0x00000000ebf00000| Untracked 
| 192|0x00000000ec000000, 0x00000000ec000000, 0x00000000ec100000|  0%| F|  |TAMS 0x00000000ec000000| PB 0x00000000ec000000| Untracked 
| 193|0x00000000ec100000, 0x00000000ec100000, 0x00000000ec200000|  0%| F|  |TAMS 0x00000000ec100000| PB 0x00000000ec100000| Untracked 
| 194|0x00000000ec200000, 0x00000000ec200000, 0x00000000ec300000|  0%| F|  |TAMS 0x00000000ec200000| PB 0x00000000ec200000| Untracked 
| 195|0x00000000ec300000, 0x00000000ec351a78, 0x00000000ec400000| 31%| E|  |TAMS 0x00000000ec300000| PB 0x00000000ec300000| Complete 
| 196|0x00000000ec400000, 0x00000000ec500000, 0x00000000ec500000|100%| E|CS|TAMS 0x00000000ec400000| PB 0x00000000ec400000| Complete 
| 197|0x00000000ec500000, 0x00000000ec600000, 0x00000000ec600000|100%| E|CS|TAMS 0x00000000ec500000| PB 0x00000000ec500000| Complete 
| 198|0x00000000ec600000, 0x00000000ec700000, 0x00000000ec700000|100%| E|CS|TAMS 0x00000000ec600000| PB 0x00000000ec600000| Complete 
| 199|0x00000000ec700000, 0x00000000ec800000, 0x00000000ec800000|100%| E|CS|TAMS 0x00000000ec700000| PB 0x00000000ec700000| Complete 
| 200|0x00000000ec800000, 0x00000000ec900000, 0x00000000ec900000|100%| E|CS|TAMS 0x00000000ec800000| PB 0x00000000ec800000| Complete 
| 201|0x00000000ec900000, 0x00000000eca00000, 0x00000000eca00000|100%| E|CS|TAMS 0x00000000ec900000| PB 0x00000000ec900000| Complete 
| 202|0x00000000eca00000, 0x00000000ecb00000, 0x00000000ecb00000|100%| E|CS|TAMS 0x00000000eca00000| PB 0x00000000eca00000| Complete 
| 203|0x00000000ecb00000, 0x00000000ecc00000, 0x00000000ecc00000|100%| E|CS|TAMS 0x00000000ecb00000| PB 0x00000000ecb00000| Complete 
| 204|0x00000000ecc00000, 0x00000000ecd00000, 0x00000000ecd00000|100%| E|CS|TAMS 0x00000000ecc00000| PB 0x00000000ecc00000| Complete 
| 205|0x00000000ecd00000, 0x00000000ece00000, 0x00000000ece00000|100%| E|CS|TAMS 0x00000000ecd00000| PB 0x00000000ecd00000| Complete 
| 206|0x00000000ece00000, 0x00000000ecf00000, 0x00000000ecf00000|100%| E|CS|TAMS 0x00000000ece00000| PB 0x00000000ece00000| Complete 
| 207|0x00000000ecf00000, 0x00000000ed000000, 0x00000000ed000000|100%| E|CS|TAMS 0x00000000ecf00000| PB 0x00000000ecf00000| Complete 
| 208|0x00000000ed000000, 0x00000000ed100000, 0x00000000ed100000|100%| E|CS|TAMS 0x00000000ed000000| PB 0x00000000ed000000| Complete 
| 209|0x00000000ed100000, 0x00000000ed200000, 0x00000000ed200000|100%| E|CS|TAMS 0x00000000ed100000| PB 0x00000000ed100000| Complete 
| 210|0x00000000ed200000, 0x00000000ed300000, 0x00000000ed300000|100%| E|CS|TAMS 0x00000000ed200000| PB 0x00000000ed200000| Complete 
| 211|0x00000000ed300000, 0x00000000ed400000, 0x00000000ed400000|100%| E|CS|TAMS 0x00000000ed300000| PB 0x00000000ed300000| Complete 
| 212|0x00000000ed400000, 0x00000000ed500000, 0x00000000ed500000|100%| E|CS|TAMS 0x00000000ed400000| PB 0x00000000ed400000| Complete 
| 213|0x00000000ed500000, 0x00000000ed600000, 0x00000000ed600000|100%| E|CS|TAMS 0x00000000ed500000| PB 0x00000000ed500000| Complete 
| 214|0x00000000ed600000, 0x00000000ed700000, 0x00000000ed700000|100%| E|CS|TAMS 0x00000000ed600000| PB 0x00000000ed600000| Complete 
| 215|0x00000000ed700000, 0x00000000ed800000, 0x00000000ed800000|100%| E|CS|TAMS 0x00000000ed700000| PB 0x00000000ed700000| Complete 
| 216|0x00000000ed800000, 0x00000000ed900000, 0x00000000ed900000|100%| E|CS|TAMS 0x00000000ed800000| PB 0x00000000ed800000| Complete 
| 217|0x00000000ed900000, 0x00000000eda00000, 0x00000000eda00000|100%| E|CS|TAMS 0x00000000ed900000| PB 0x00000000ed900000| Complete 
| 218|0x00000000eda00000, 0x00000000edb00000, 0x00000000edb00000|100%| E|CS|TAMS 0x00000000eda00000| PB 0x00000000eda00000| Complete 
| 219|0x00000000edb00000, 0x00000000edc00000, 0x00000000edc00000|100%| E|CS|TAMS 0x00000000edb00000| PB 0x00000000edb00000| Complete 
| 220|0x00000000edc00000, 0x00000000edd00000, 0x00000000edd00000|100%| E|CS|TAMS 0x00000000edc00000| PB 0x00000000edc00000| Complete 
| 221|0x00000000edd00000, 0x00000000ede00000, 0x00000000ede00000|100%| E|CS|TAMS 0x00000000edd00000| PB 0x00000000edd00000| Complete 
| 222|0x00000000ede00000, 0x00000000edf00000, 0x00000000edf00000|100%| E|CS|TAMS 0x00000000ede00000| PB 0x00000000ede00000| Complete 
| 223|0x00000000edf00000, 0x00000000ee000000, 0x00000000ee000000|100%| E|CS|TAMS 0x00000000edf00000| PB 0x00000000edf00000| Complete 
| 224|0x00000000ee000000, 0x00000000ee100000, 0x00000000ee100000|100%| E|CS|TAMS 0x00000000ee000000| PB 0x00000000ee000000| Complete 
| 225|0x00000000ee100000, 0x00000000ee200000, 0x00000000ee200000|100%| E|CS|TAMS 0x00000000ee100000| PB 0x00000000ee100000| Complete 
| 226|0x00000000ee200000, 0x00000000ee300000, 0x00000000ee300000|100%| E|CS|TAMS 0x00000000ee200000| PB 0x00000000ee200000| Complete 
| 227|0x00000000ee300000, 0x00000000ee400000, 0x00000000ee400000|100%| E|CS|TAMS 0x00000000ee300000| PB 0x00000000ee300000| Complete 
| 228|0x00000000ee400000, 0x00000000ee500000, 0x00000000ee500000|100%| E|CS|TAMS 0x00000000ee400000| PB 0x00000000ee400000| Complete 
| 229|0x00000000ee500000, 0x00000000ee600000, 0x00000000ee600000|100%| E|CS|TAMS 0x00000000ee500000| PB 0x00000000ee500000| Complete 
| 230|0x00000000ee600000, 0x00000000ee700000, 0x00000000ee700000|100%| E|CS|TAMS 0x00000000ee600000| PB 0x00000000ee600000| Complete 
| 231|0x00000000ee700000, 0x00000000ee800000, 0x00000000ee800000|100%| E|CS|TAMS 0x00000000ee700000| PB 0x00000000ee700000| Complete 
| 232|0x00000000ee800000, 0x00000000ee900000, 0x00000000ee900000|100%| E|CS|TAMS 0x00000000ee800000| PB 0x00000000ee800000| Complete 
| 233|0x00000000ee900000, 0x00000000ee933090, 0x00000000eea00000| 19%| S|CS|TAMS 0x00000000ee900000| PB 0x00000000ee900000| Complete 
| 234|0x00000000eea00000, 0x00000000eeb00000, 0x00000000eeb00000|100%| S|CS|TAMS 0x00000000eea00000| PB 0x00000000eea00000| Complete 
| 235|0x00000000eeb00000, 0x00000000eec00000, 0x00000000eec00000|100%| S|CS|TAMS 0x00000000eeb00000| PB 0x00000000eeb00000| Complete 
| 236|0x00000000eec00000, 0x00000000eed00000, 0x00000000eed00000|100%| E|CS|TAMS 0x00000000eec00000| PB 0x00000000eec00000| Complete 
| 237|0x00000000eed00000, 0x00000000eee00000, 0x00000000eee00000|100%| E|CS|TAMS 0x00000000eed00000| PB 0x00000000eed00000| Complete 
| 238|0x00000000eee00000, 0x00000000eef00000, 0x00000000eef00000|100%| E|CS|TAMS 0x00000000eee00000| PB 0x00000000eee00000| Complete 
| 239|0x00000000eef00000, 0x00000000ef000000, 0x00000000ef000000|100%| E|CS|TAMS 0x00000000eef00000| PB 0x00000000eef00000| Complete 
| 240|0x00000000ef000000, 0x00000000ef100000, 0x00000000ef100000|100%| E|CS|TAMS 0x00000000ef000000| PB 0x00000000ef000000| Complete 
| 241|0x00000000ef100000, 0x00000000ef200000, 0x00000000ef200000|100%| E|CS|TAMS 0x00000000ef100000| PB 0x00000000ef100000| Complete 
| 242|0x00000000ef200000, 0x00000000ef300000, 0x00000000ef300000|100%| E|CS|TAMS 0x00000000ef200000| PB 0x00000000ef200000| Complete 
| 243|0x00000000ef300000, 0x00000000ef400000, 0x00000000ef400000|100%| E|CS|TAMS 0x00000000ef300000| PB 0x00000000ef300000| Complete 
| 244|0x00000000ef400000, 0x00000000ef500000, 0x00000000ef500000|100%| E|CS|TAMS 0x00000000ef400000| PB 0x00000000ef400000| Complete 
| 245|0x00000000ef500000, 0x00000000ef600000, 0x00000000ef600000|100%| E|CS|TAMS 0x00000000ef500000| PB 0x00000000ef500000| Complete 
| 246|0x00000000ef600000, 0x00000000ef700000, 0x00000000ef700000|100%| E|CS|TAMS 0x00000000ef600000| PB 0x00000000ef600000| Complete 
| 247|0x00000000ef700000, 0x00000000ef800000, 0x00000000ef800000|100%| E|  |TAMS 0x00000000ef700000| PB 0x00000000ef700000| Complete 
| 248|0x00000000ef800000, 0x00000000ef900000, 0x00000000ef900000|100%| E|CS|TAMS 0x00000000ef800000| PB 0x00000000ef800000| Complete 
| 249|0x00000000ef900000, 0x00000000efa00000, 0x00000000efa00000|100%| E|CS|TAMS 0x00000000ef900000| PB 0x00000000ef900000| Complete 
| 250|0x00000000efa00000, 0x00000000efb00000, 0x00000000efb00000|100%| E|CS|TAMS 0x00000000efa00000| PB 0x00000000efa00000| Complete 
| 251|0x00000000efb00000, 0x00000000efc00000, 0x00000000efc00000|100%| E|CS|TAMS 0x00000000efb00000| PB 0x00000000efb00000| Complete 
| 252|0x00000000efc00000, 0x00000000efd00000, 0x00000000efd00000|100%| E|CS|TAMS 0x00000000efc00000| PB 0x00000000efc00000| Complete 
| 253|0x00000000efd00000, 0x00000000efe00000, 0x00000000efe00000|100%| E|CS|TAMS 0x00000000efd00000| PB 0x00000000efd00000| Complete 
| 254|0x00000000efe00000, 0x00000000eff00000, 0x00000000eff00000|100%| E|CS|TAMS 0x00000000efe00000| PB 0x00000000efe00000| Complete 
| 255|0x00000000eff00000, 0x00000000f0000000, 0x00000000f0000000|100%| E|CS|TAMS 0x00000000eff00000| PB 0x00000000eff00000| Complete 

Card table byte_map: [0x0000019f26480000,0x0000019f26580000] _byte_map_base: 0x0000019f25d80000

Marking Bits: (CMBitMap*) 0x0000019f13c5dc40
 Bits: [0x0000019f26580000, 0x0000019f26d80000)

Polling page: 0x0000019f11ae0000

Metaspace:

Usage:
  Non-class:     26.63 MB used.
      Class:      4.77 MB used.
       Both:     31.40 MB used.

Virtual space:
  Non-class space:       64.00 MB reserved,      27.31 MB ( 43%) committed,  1 nodes.
      Class space:      320.00 MB reserved,       5.44 MB (  2%) committed,  1 nodes.
             Both:      384.00 MB reserved,      32.75 MB (  9%) committed. 

Chunk freelists:
   Non-Class:  4.12 MB
       Class:  10.55 MB
        Both:  14.67 MB

MaxMetaspaceSize: 384.00 MB
CompressedClassSpaceSize: 320.00 MB
Initial GC threshold: 21.00 MB
Current GC threshold: 35.25 MB
CDS: on
 - commit_granule_bytes: 65536.
 - commit_granule_words: 8192.
 - virtual_space_node_default_size: 8388608.
 - enlarge_chunks_in_place: 1.
 - use_allocation_guard: 0.


Internal statistics:

num_allocs_failed_limit: 3.
num_arena_births: 2386.
num_arena_deaths: 0.
num_vsnodes_births: 2.
num_vsnodes_deaths: 0.
num_space_committed: 524.
num_space_uncommitted: 0.
num_chunks_returned_to_freelist: 3.
num_chunks_taken_from_freelist: 4069.
num_chunk_merges: 3.
num_chunk_splits: 2562.
num_chunks_enlarged: 1441.
num_inconsistent_stats: 0.

CodeHeap 'non-profiled nmethods': size=120000Kb used=2275Kb max_used=2275Kb free=117724Kb
 bounds [0x0000019f1e900000, 0x0000019f1eb70000, 0x0000019f25e30000]
CodeHeap 'profiled nmethods': size=120000Kb used=8067Kb max_used=8067Kb free=111932Kb
 bounds [0x0000019f16e30000, 0x0000019f17620000, 0x0000019f1e360000]
CodeHeap 'non-nmethods': size=5760Kb used=1452Kb max_used=1467Kb free=4307Kb
 bounds [0x0000019f1e360000, 0x0000019f1e5d0000, 0x0000019f1e900000]
CodeCache: size=245760Kb, used=11794Kb, max_used=11809Kb, free=233963Kb
 total_blobs=4762, nmethods=4158, adapters=508, full_count=0
Compilation: enabled, stopped_count=0, restarted_count=0

Compilation events (20 events):
Event: 145.052 Thread 0x0000019f29a3aff0 nmethod 4150 0x0000019f1760e390 code [0x0000019f1760e560, 0x0000019f1760e8b0]
Event: 145.192 Thread 0x0000019f29a3aff0 4151       1       org.gradle.internal.time.ExponentialBackoff::getTimer (5 bytes)
Event: 145.192 Thread 0x0000019f29a3aff0 nmethod 4151 0x0000019f1eb37f10 code [0x0000019f1eb380a0, 0x0000019f1eb38168]
Event: 146.663 Thread 0x0000019f29a3aff0 4152       1       org.gradle.internal.concurrent.AbstractManagedExecutor::access$100 (5 bytes)
Event: 146.663 Thread 0x0000019f29a3aff0 nmethod 4152 0x0000019f1eb38210 code [0x0000019f1eb383a0, 0x0000019f1eb38450]
Event: 146.872 Thread 0x0000019f29a3aff0 4153       3       java.io.DataInputStream::<init> (28 bytes)
Event: 146.873 Thread 0x0000019f29a3aff0 nmethod 4153 0x0000019f1760ea10 code [0x0000019f1760ebe0, 0x0000019f1760f038]
Event: 146.873 Thread 0x0000019f29a3aff0 4154       3       java.nio.channels.spi.AbstractSelectableChannel::isBlocking (13 bytes)
Event: 146.873 Thread 0x0000019f29a3aff0 nmethod 4154 0x0000019f1760f190 code [0x0000019f1760f320, 0x0000019f1760f480]
Event: 147.309 Thread 0x0000019f29a3aff0 4155       3       org.gradle.cache.internal.filelock.LockInfo::<init> (22 bytes)
Event: 147.310 Thread 0x0000019f29a3aff0 nmethod 4155 0x0000019f1760f510 code [0x0000019f1760f6c0, 0x0000019f1760f918]
Event: 148.346 Thread 0x0000019f29a3aff0 4156       1       org.gradle.cache.internal.filelock.LockInfoSerializer::getVersion (2 bytes)
Event: 148.346 Thread 0x0000019f29a3aff0 nmethod 4156 0x0000019f1eb38510 code [0x0000019f1eb386a0, 0x0000019f1eb38768]
Event: 148.381 Thread 0x0000019f29a3aff0 4157       1       org.gradle.cache.internal.DefaultFileLockManager$DefaultFileLock::access$1200 (5 bytes)
Event: 148.382 Thread 0x0000019f29a3aff0 nmethod 4157 0x0000019f1eb38810 code [0x0000019f1eb389a0, 0x0000019f1eb38a50]
Event: 149.050 Thread 0x0000019f29a37cd0 4158       4       java.util.stream.Sink::end (1 bytes)
Event: 149.051 Thread 0x0000019f29a37cd0 nmethod 4158 0x0000019f1eb38b10 code [0x0000019f1eb38ca0, 0x0000019f1eb38d28]
Event: 149.797 Thread 0x0000019f29a3aff0 4159   !   3       java.io.BufferedInputStream::read (54 bytes)
Event: 149.798 Thread 0x0000019f29a3aff0 nmethod 4159 0x0000019f1760fa10 code [0x0000019f1760fca0, 0x0000019f176108a8]
Event: 150.052 Thread 0x0000019f29a37cd0 4160       4       javax.management.ObjectName::construct (1135 bytes)

GC Heap History (12 events):
Event: 29.399 GC heap before
{Heap before GC invocations=0 (full 0):
 garbage-first heap   total 262144K, used 27648K [0x00000000e0000000, 0x0000000100000000)
  region size 1024K, 23 young (23552K), 0 survivors (0K)
 Metaspace       used 2500K, committed 2688K, reserved 393216K
  class space    used 287K, committed 384K, reserved 327680K
}
Event: 29.430 GC heap after
{Heap after GC invocations=1 (full 0):
 garbage-first heap   total 262144K, used 11370K [0x00000000e0000000, 0x0000000100000000)
  region size 1024K, 3 young (3072K), 3 survivors (3072K)
 Metaspace       used 2500K, committed 2688K, reserved 393216K
  class space    used 287K, committed 384K, reserved 327680K
}
Event: 46.822 GC heap before
{Heap before GC invocations=1 (full 0):
 garbage-first heap   total 262144K, used 40042K [0x00000000e0000000, 0x0000000100000000)
  region size 1024K, 31 young (31744K), 3 survivors (3072K)
 Metaspace       used 4659K, committed 4864K, reserved 393216K
  class space    used 598K, committed 704K, reserved 327680K
}
Event: 46.825 GC heap after
{Heap after GC invocations=2 (full 0):
 garbage-first heap   total 262144K, used 13546K [0x00000000e0000000, 0x0000000100000000)
  region size 1024K, 2 young (2048K), 2 survivors (2048K)
 Metaspace       used 4659K, committed 4864K, reserved 393216K
  class space    used 598K, committed 704K, reserved 327680K
}
Event: 119.033 GC heap before
{Heap before GC invocations=2 (full 0):
 garbage-first heap   total 262144K, used 132330K [0x00000000e0000000, 0x0000000100000000)
  region size 1024K, 118 young (120832K), 2 survivors (2048K)
 Metaspace       used 20841K, committed 21504K, reserved 393216K
  class space    used 2978K, committed 3328K, reserved 327680K
}
Event: 119.777 GC heap after
{Heap after GC invocations=3 (full 0):
 garbage-first heap   total 262144K, used 24833K [0x00000000e0000000, 0x0000000100000000)
  region size 1024K, 12 young (12288K), 12 survivors (12288K)
 Metaspace       used 20841K, committed 21504K, reserved 393216K
  class space    used 2978K, committed 3328K, reserved 327680K
}
Event: 119.853 GC heap before
{Heap before GC invocations=4 (full 0):
 garbage-first heap   total 262144K, used 25857K [0x00000000e0000000, 0x0000000100000000)
  region size 1024K, 13 young (13312K), 12 survivors (12288K)
 Metaspace       used 20931K, committed 21632K, reserved 393216K
  class space    used 2991K, committed 3328K, reserved 327680K
}
Event: 119.866 GC heap after
{Heap after GC invocations=5 (full 0):
 garbage-first heap   total 262144K, used 26363K [0x00000000e0000000, 0x0000000100000000)
  region size 1024K, 2 young (2048K), 2 survivors (2048K)
 Metaspace       used 20931K, committed 21632K, reserved 393216K
  class space    used 2991K, committed 3328K, reserved 327680K
}
Event: 121.337 GC heap before
{Heap before GC invocations=5 (full 0):
 garbage-first heap   total 262144K, used 36603K [0x00000000e0000000, 0x0000000100000000)
  region size 1024K, 12 young (12288K), 2 survivors (2048K)
 Metaspace       used 22080K, committed 22848K, reserved 393216K
  class space    used 3215K, committed 3584K, reserved 327680K
}
Event: 121.406 GC heap after
{Heap after GC invocations=6 (full 0):
 garbage-first heap   total 262144K, used 26419K [0x00000000e0000000, 0x0000000100000000)
  region size 1024K, 1 young (1024K), 1 survivors (1024K)
 Metaspace       used 22080K, committed 22848K, reserved 393216K
  class space    used 3215K, committed 3584K, reserved 327680K
}
Event: 124.062 GC heap before
{Heap before GC invocations=6 (full 0):
 garbage-first heap   total 262144K, used 45875K [0x00000000e0000000, 0x0000000100000000)
  region size 1024K, 20 young (20480K), 1 survivors (1024K)
 Metaspace       used 24752K, committed 25664K, reserved 393216K
  class space    used 3643K, committed 4096K, reserved 327680K
}
Event: 124.078 GC heap after
{Heap after GC invocations=7 (full 0):
 garbage-first heap   total 262144K, used 27647K [0x00000000e0000000, 0x0000000100000000)
  region size 1024K, 3 young (3072K), 3 survivors (3072K)
 Metaspace       used 24752K, committed 25664K, reserved 393216K
  class space    used 3643K, committed 4096K, reserved 327680K
}

Dll operation events (20 events):
Event: 2.280 Attempting to load shared library C:\Users\harry\.vscode\extensions\redhat.java-1.56.0-win32-x64\jre\21.0.12.1-win32-x86_64\bin\nio.dll
Event: 2.316 Loaded shared library C:\Users\harry\.vscode\extensions\redhat.java-1.56.0-win32-x64\jre\21.0.12.1-win32-x86_64\bin\nio.dll
Event: 2.414 Attempting to load shared library C:\Users\harry\.vscode\extensions\redhat.java-1.56.0-win32-x64\jre\21.0.12.1-win32-x86_64\bin\zip.dll
Event: 2.414 Loaded shared library C:\Users\harry\.vscode\extensions\redhat.java-1.56.0-win32-x64\jre\21.0.12.1-win32-x86_64\bin\zip.dll
Event: 18.371 Attempting to load shared library C:\Users\harry\.vscode\extensions\redhat.java-1.56.0-win32-x64\jre\21.0.12.1-win32-x86_64\bin\jimage.dll
Event: 18.371 Loaded shared library C:\Users\harry\.vscode\extensions\redhat.java-1.56.0-win32-x64\jre\21.0.12.1-win32-x86_64\bin\jimage.dll
Event: 27.641 Attempting to load shared library C:\Users\harry\.vscode\extensions\redhat.java-1.56.0-win32-x64\jre\21.0.12.1-win32-x86_64\bin\verify.dll
Event: 27.688 Loaded shared library C:\Users\harry\.vscode\extensions\redhat.java-1.56.0-win32-x64\jre\21.0.12.1-win32-x86_64\bin\verify.dll
Event: 28.531 Attempting to load shared library C:\Users\harry\.gradle\native\660c5614fbf4a5f2a75b1949f50a0caf5cd603558e7d8a26e50b933a0cfb79d1\windows-amd64\native-platform.dll
Event: 28.595 Loaded shared library C:\Users\harry\.gradle\native\660c5614fbf4a5f2a75b1949f50a0caf5cd603558e7d8a26e50b933a0cfb79d1\windows-amd64\native-platform.dll
Event: 28.860 Attempting to load shared library C:\Users\harry\.gradle\native\0.2.8\x86_64-windows-gnu\gradle-fileevents.dll
Event: 29.261 Loaded shared library C:\Users\harry\.gradle\native\0.2.8\x86_64-windows-gnu\gradle-fileevents.dll
Event: 52.839 Attempting to load shared library C:\Users\harry\.vscode\extensions\redhat.java-1.56.0-win32-x64\jre\21.0.12.1-win32-x86_64\bin\management.dll
Event: 52.890 Loaded shared library C:\Users\harry\.vscode\extensions\redhat.java-1.56.0-win32-x64\jre\21.0.12.1-win32-x86_64\bin\management.dll
Event: 52.938 Attempting to load shared library C:\Users\harry\.vscode\extensions\redhat.java-1.56.0-win32-x64\jre\21.0.12.1-win32-x86_64\bin\management_ext.dll
Event: 53.009 Loaded shared library C:\Users\harry\.vscode\extensions\redhat.java-1.56.0-win32-x64\jre\21.0.12.1-win32-x86_64\bin\management_ext.dll
Event: 53.889 Attempting to load shared library C:\Users\harry\.vscode\extensions\redhat.java-1.56.0-win32-x64\jre\21.0.12.1-win32-x86_64\bin\extnet.dll
Event: 53.955 Loaded shared library C:\Users\harry\.vscode\extensions\redhat.java-1.56.0-win32-x64\jre\21.0.12.1-win32-x86_64\bin\extnet.dll
Event: 92.850 Attempting to load shared library C:\Users\harry\.vscode\extensions\redhat.java-1.56.0-win32-x64\jre\21.0.12.1-win32-x86_64\bin\sunmscapi.dll
Event: 93.035 Loaded shared library C:\Users\harry\.vscode\extensions\redhat.java-1.56.0-win32-x64\jre\21.0.12.1-win32-x86_64\bin\sunmscapi.dll

Deoptimization events (20 events):
Event: 140.845 Thread 0x0000019f44f16e50 Uncommon trap: trap_request=0xffffffc6 fr.pc=0x0000019f1ea55abc relative=0x000000000000151c
Event: 140.845 Thread 0x0000019f44f16e50 Uncommon trap: reason=bimorphic_or_optimized_type_check action=maybe_recompile pc=0x0000019f1ea55abc method=java.io.DataInputStream.readFully([BII)V @ 30 c2
Event: 140.845 Thread 0x0000019f44f16e50 DEOPT PACKING pc=0x0000019f1ea55abc sp=0x000000548fbfe530
Event: 140.845 Thread 0x0000019f44f16e50 DEOPT UNPACKING pc=0x0000019f1e3b4422 sp=0x000000548fbfe518 mode 2
Event: 140.851 Thread 0x0000019f44f16e50 Uncommon trap: trap_request=0xffffffc6 fr.pc=0x0000019f1eb23b1c relative=0x00000000000007bc
Event: 140.851 Thread 0x0000019f44f16e50 Uncommon trap: reason=bimorphic_or_optimized_type_check action=maybe_recompile pc=0x0000019f1eb23b1c method=java.io.DataInputStream.readUnsignedByte()I @ 4 c2
Event: 140.851 Thread 0x0000019f44f16e50 DEOPT PACKING pc=0x0000019f1eb23b1c sp=0x000000548fbfe780
Event: 140.851 Thread 0x0000019f44f16e50 DEOPT UNPACKING pc=0x0000019f1e3b4422 sp=0x000000548fbfe6e8 mode 2
Event: 140.853 Thread 0x0000019f44f16e50 Uncommon trap: trap_request=0xffffffc6 fr.pc=0x0000019f1eb23b1c relative=0x00000000000007bc
Event: 140.853 Thread 0x0000019f44f16e50 Uncommon trap: reason=bimorphic_or_optimized_type_check action=maybe_recompile pc=0x0000019f1eb23b1c method=java.io.DataInputStream.readUnsignedByte()I @ 4 c2
Event: 140.853 Thread 0x0000019f44f16e50 DEOPT PACKING pc=0x0000019f1eb23b1c sp=0x000000548fbfe8a0
Event: 140.853 Thread 0x0000019f44f16e50 DEOPT UNPACKING pc=0x0000019f1e3b4422 sp=0x000000548fbfe808 mode 2
Event: 140.855 Thread 0x0000019f44f16e50 Uncommon trap: trap_request=0xffffffc6 fr.pc=0x0000019f1eb23b1c relative=0x00000000000007bc
Event: 140.855 Thread 0x0000019f44f16e50 Uncommon trap: reason=bimorphic_or_optimized_type_check action=maybe_recompile pc=0x0000019f1eb23b1c method=java.io.DataInputStream.readUnsignedByte()I @ 4 c2
Event: 140.855 Thread 0x0000019f44f16e50 DEOPT PACKING pc=0x0000019f1eb23b1c sp=0x000000548fbfe870
Event: 140.855 Thread 0x0000019f44f16e50 DEOPT UNPACKING pc=0x0000019f1e3b4422 sp=0x000000548fbfe7d8 mode 2
Event: 140.937 Thread 0x0000019f44f15410 Uncommon trap: trap_request=0xffffffde fr.pc=0x0000019f1eb32acc relative=0x0000000000000aec
Event: 140.937 Thread 0x0000019f44f15410 Uncommon trap: reason=class_check action=maybe_recompile pc=0x0000019f1eb32acc method=java.io.BufferedInputStream.implRead([BII)I @ 100 c2
Event: 140.937 Thread 0x0000019f44f15410 DEOPT PACKING pc=0x0000019f1eb32acc sp=0x000000548fefe340
Event: 140.937 Thread 0x0000019f44f15410 DEOPT UNPACKING pc=0x0000019f1e3b4422 sp=0x000000548fefe308 mode 2

Classes loaded (20 events):
Event: 139.821 Loading class java/math/MutableBigInteger
Event: 139.825 Loading class java/math/MutableBigInteger done
Event: 139.858 Loading class sun/nio/fs/WindowsPath$1
Event: 139.858 Loading class sun/nio/fs/WindowsPath$1 done
Event: 140.853 Loading class java/nio/file/FileTreeWalker
Event: 140.853 Loading class java/nio/file/FileTreeWalker done
Event: 140.855 Loading class java/nio/file/FileTreeWalker$DirectoryNode
Event: 140.855 Loading class java/nio/file/FileTreeWalker$DirectoryNode done
Event: 140.856 Loading class java/nio/file/FileTreeWalker$Event
Event: 140.856 Loading class java/nio/file/FileTreeWalker$Event done
Event: 140.856 Loading class java/nio/file/FileTreeWalker$EventType
Event: 140.856 Loading class java/nio/file/FileTreeWalker$EventType done
Event: 140.856 Loading class java/nio/file/Files$3
Event: 140.856 Loading class java/nio/file/Files$3 done
Event: 140.858 Loading class java/nio/file/FileVisitResult
Event: 140.858 Loading class java/nio/file/FileVisitResult done
Event: 140.859 Loading class java/nio/charset/CharacterCodingException
Event: 140.859 Loading class java/nio/charset/CharacterCodingException done
Event: 141.006 Loading class java/util/stream/Streams$RangeIntSpliterator
Event: 141.006 Loading class java/util/stream/Streams$RangeIntSpliterator done

Classes unloaded (0 events):
No events

Classes redefined (0 events):
No events

Internal exceptions (20 events):
Event: 133.717 Thread 0x0000019f44edeb40 Exception <a 'java/lang/NoSuchMethodError'{0x00000000edccfb18}: 'void java.lang.invoke.DirectMethodHandle$Holder.invokeSpecial(java.lang.Object, java.lang.Object, int)'> (0x00000000edccfb18) 
thrown [s\src\hotspot\share\interpreter\linkResolver.cpp, line 773]
Event: 133.718 Thread 0x0000019f44edeb40 Exception <a 'java/lang/NoSuchMethodError'{0x00000000edcd4048}: 'void java.lang.invoke.Invokers$Holder.invokeExact_MT(java.lang.Object, int, java.lang.Object)'> (0x00000000edcd4048) 
thrown [s\src\hotspot\share\interpreter\linkResolver.cpp, line 773]
Event: 135.588 Thread 0x0000019f44edeb40 Exception <a 'java/lang/NoSuchMethodError'{0x00000000ed9dcb90}: 'java.lang.Object java.lang.invoke.DirectMethodHandle$Holder.newInvokeSpecial(java.lang.Object, java.lang.Object, java.lang.Object, java.lang.Object, java.lang.Object, java.lang.Object, java.lang.Object, java.lang.Object, java.lang.Object, java.lang.Object, java.lang.Object)'> (0x00000000ed9dcb90) 
thrown [s\src\hotspot\share\interpreter\linkResolver.cpp, line 773]
Event: 136.842 Thread 0x0000019f44edeb40 Exception <a 'java/lang/NoSuchMethodError'{0x00000000ed6654b8}: 'java.lang.Object java.lang.invoke.Invokers$Holder.linkToTargetMethod(java.lang.Object, java.lang.Object, java.lang.Object, java.lang.Object, java.lang.Object, java.lang.Object, java.lang.Object, java.lang.Object, java.lang.Object, java.lang.Object, java.lang.Object, java.lang.Object)'> (0x00000000ed6654b8) 
thrown [s\src\hotspot\share\interpreter\linkResolver.cpp, line 773]
Event: 139.444 Thread 0x0000019f44edeb40 Exception <a 'java/lang/NoSuchMethodError'{0x00000000ed090f50}: 'java.lang.Object java.lang.invoke.DelegatingMethodHandle$Holder.reinvoke_L(java.lang.Object, java.lang.Object, java.lang.Object, java.lang.Object, java.lang.Object, java.lang.Object, java.lang.Object, java.lang.Object, java.lang.Object, java.lang.Object, java.lang.Object, java.lang.Object, java.lang.Object, java.lang.Object, java.lang.Object, java.lang.Object, java.lang.Object, java.lang.Object, java.lang.Object, java.lang.Object, java.lang.O
Event: 139.453 Thread 0x0000019f44edeb40 Exception <a 'java/lang/NoSuchMethodError'{0x00000000ecf7fb10}: 'java.lang.Object java.lang.invoke.DirectMethodHandle$Holder.invokeStatic(java.lang.Object, java.lang.Object, java.lang.Object, java.lang.Object, java.lang.Object, java.lang.Object, java.lang.Object, java.lang.Object, java.lang.Object, java.lang.Object, java.lang.Object, java.lang.Object, java.lang.Object, java.lang.Object, java.lang.Object, java.lang.Object, java.lang.Object, java.lang.Object, java.lang.Object, java.lang.Object, java.lang.Obj
Event: 139.456 Thread 0x0000019f44edeb40 Exception <a 'java/lang/NoSuchMethodError'{0x00000000ecfbafb8}: 'java.lang.Object java.lang.invoke.DirectMethodHandle$Holder.invokeStatic(java.lang.Object, java.lang.Object, java.lang.Object, java.lang.Object, java.lang.Object, java.lang.Object, java.lang.Object, java.lang.Object, java.lang.Object, java.lang.Object, java.lang.Object, java.lang.Object, java.lang.Object, java.lang.Object, java.lang.Object, java.lang.Object, java.lang.Object, java.lang.Object, java.lang.Object, java.lang.Object, java.lang.Obj
Event: 139.458 Thread 0x0000019f44edeb40 Exception <a 'java/lang/NoSuchMethodError'{0x00000000ecff3a88}: 'java.lang.Object java.lang.invoke.DirectMethodHandle$Holder.invokeStatic(java.lang.Object, java.lang.Object, java.lang.Object, java.lang.Object, java.lang.Object, java.lang.Object, java.lang.Object, java.lang.Object, java.lang.Object, java.lang.Object, java.lang.Object, java.lang.Object, java.lang.Object, java.lang.Object, java.lang.Object, java.lang.Object, java.lang.Object, java.lang.Object, java.lang.Object, java.lang.Object, java.lang.Obj
Event: 139.460 Thread 0x0000019f44edeb40 Exception <a 'java/lang/NoSuchMethodError'{0x00000000ece2f4a8}: 'java.lang.Object java.lang.invoke.DirectMethodHandle$Holder.invokeStatic(java.lang.Object, java.lang.Object, java.lang.Object, java.lang.Object, java.lang.Object, java.lang.Object, java.lang.Object, java.lang.Object, java.lang.Object, java.lang.Object, java.lang.Object, java.lang.Object, java.lang.Object, java.lang.Object, java.lang.Object, java.lang.Object, java.lang.Object, java.lang.Object, java.lang.Object, java.lang.Object, java.lang.Obj
Event: 139.462 Thread 0x0000019f44edeb40 Exception <a 'java/lang/NoSuchMethodError'{0x00000000ece6c738}: 'java.lang.Object java.lang.invoke.DirectMethodHandle$Holder.invokeStatic(java.lang.Object, java.lang.Object, java.lang.Object, java.lang.Object, java.lang.Object, java.lang.Object, java.lang.Object, java.lang.Object, java.lang.Object, java.lang.Object, java.lang.Object, java.lang.Object, java.lang.Object, java.lang.Object, java.lang.Object, java.lang.Object, java.lang.Object, java.lang.Object, java.lang.Object, java.lang.Object, java.lang.Obj
Event: 139.464 Thread 0x0000019f44edeb40 Exception <a 'java/lang/NoSuchMethodError'{0x00000000eceab350}: 'java.lang.Object java.lang.invoke.DirectMethodHandle$Holder.invokeStatic(java.lang.Object, java.lang.Object, java.lang.Object, java.lang.Object, java.lang.Object, java.lang.Object, java.lang.Object, java.lang.Object, java.lang.Object, java.lang.Object, java.lang.Object, java.lang.Object, java.lang.Object, java.lang.Object, java.lang.Object, java.lang.Object, java.lang.Object, java.lang.Object, java.lang.Object, java.lang.Object, java.lang.Obj
Event: 139.597 Thread 0x0000019f44edeb40 Exception <a 'java/lang/NoSuchMethodError'{0x00000000ecd63d18}: 'java.lang.Object java.lang.invoke.DirectMethodHandle$Holder.newInvokeSpecial(java.lang.Object, java.lang.Object, java.lang.Object, java.lang.Object, java.lang.Object, java.lang.Object, java.lang.Object, java.lang.Object, java.lang.Object, java.lang.Object, java.lang.Object, java.lang.Object, java.lang.Object)'> (0x00000000ecd63d18) 
thrown [s\src\hotspot\share\interpreter\linkResolver.cpp, line 773]
Event: 139.844 Thread 0x0000019f44edeb40 Exception <a 'java/lang/IncompatibleClassChangeError'{0x00000000ec8091c0}: Found class java.lang.Object, but interface was expected> (0x00000000ec8091c0) 
thrown [s\src\hotspot\share\interpreter\linkResolver.cpp, line 840]
Event: 140.758 Thread 0x0000019f44edeb40 Exception <a 'java/lang/NoSuchMethodError'{0x00000000ec70f310}: 'java.lang.Object java.lang.invoke.DirectMethodHandle$Holder.invokeSpecial(java.lang.Object, java.lang.Object, long, java.lang.Object)'> (0x00000000ec70f310) 
thrown [s\src\hotspot\share\interpreter\linkResolver.cpp, line 773]
Event: 140.759 Thread 0x0000019f44edeb40 Exception <a 'java/lang/NoSuchMethodError'{0x00000000ec716818}: 'java.lang.Object java.lang.invoke.DirectMethodHandle$Holder.newInvokeSpecial(java.lang.Object, java.lang.Object, long)'> (0x00000000ec716818) 
thrown [s\src\hotspot\share\interpreter\linkResolver.cpp, line 773]
Event: 140.759 Thread 0x0000019f44edeb40 Exception <a 'java/lang/NoSuchMethodError'{0x00000000ec71ae00}: 'java.lang.Object java.lang.invoke.Invokers$Holder.linkToTargetMethod(java.lang.Object, long, java.lang.Object)'> (0x00000000ec71ae00) 
thrown [s\src\hotspot\share\interpreter\linkResolver.cpp, line 773]
Event: 140.845 Thread 0x0000019f44f16e50 Implicit null exception at 0x0000019f1ea58d61 to 0x0000019f1ea593a8
Event: 140.946 Thread 0x0000019f44edeb40 Exception <a 'java/lang/NoSuchMethodError'{0x00000000ec6d2da8}: 'int java.lang.invoke.DirectMethodHandle$Holder.invokeSpecial(java.lang.Object, java.lang.Object, java.lang.Object, java.lang.Object)'> (0x00000000ec6d2da8) 
thrown [s\src\hotspot\share\interpreter\linkResolver.cpp, line 773]
Event: 140.950 Thread 0x0000019f44edeb40 Exception <a 'java/lang/NoSuchMethodError'{0x00000000ec6f3c60}: 'int java.lang.invoke.DirectMethodHandle$Holder.invokeInterface(java.lang.Object, java.lang.Object)'> (0x00000000ec6f3c60) 
thrown [s\src\hotspot\share\interpreter\linkResolver.cpp, line 773]
Event: 140.965 Thread 0x0000019f44edeb40 Exception <a 'java/lang/NoSuchMethodError'{0x00000000ec56def0}: 'java.lang.Object java.lang.invoke.DirectMethodHandle$Holder.invokeVirtual(java.lang.Object, java.lang.Object, int)'> (0x00000000ec56def0) 
thrown [s\src\hotspot\share\interpreter\linkResolver.cpp, line 773]

ZGC Phase Switch (0 events):
No events

VM Operations (20 events):
Event: 134.201 Executing safepoint VM operation: Cleanup
Event: 134.230 Executing safepoint VM operation: Cleanup done
Event: 135.231 Executing safepoint VM operation: Cleanup
Event: 135.574 Executing safepoint VM operation: Cleanup done
Event: 136.595 Executing safepoint VM operation: Cleanup
Event: 136.838 Executing safepoint VM operation: Cleanup done
Event: 137.853 Executing safepoint VM operation: Cleanup
Event: 137.884 Executing safepoint VM operation: Cleanup done
Event: 138.898 Executing safepoint VM operation: Cleanup
Event: 138.913 Executing safepoint VM operation: Cleanup done
Event: 139.851 Executing non-safepoint VM operation: HandshakeAllThreads (Deoptimize)
Event: 139.851 Executing non-safepoint VM operation: HandshakeAllThreads (Deoptimize) done
Event: 140.783 Executing non-safepoint VM operation: HandshakeAllThreads (Deoptimize)
Event: 140.784 Executing non-safepoint VM operation: HandshakeAllThreads (Deoptimize) done
Event: 140.784 Executing safepoint VM operation: Cleanup
Event: 140.784 Executing safepoint VM operation: Cleanup done
Event: 140.785 Executing non-safepoint VM operation: HandshakeAllThreads (Deoptimize)
Event: 140.785 Executing non-safepoint VM operation: HandshakeAllThreads (Deoptimize) done
Event: 141.794 Executing safepoint VM operation: Cleanup
Event: 141.794 Executing safepoint VM operation: Cleanup done

Memory protections (0 events):
No events

Nmethod flushes (0 events):
No events

Events (20 events):
Event: 55.361 Thread 0x0000019f13c329e0 Thread added: 0x0000019f43ce7560
Event: 93.778 Thread 0x0000019f436a6f90 Thread added: 0x0000019f43ada430
Event: 93.871 Thread 0x0000019f43ada430 Thread added: 0x0000019f44d4ebc0
Event: 94.638 Thread 0x0000019f43ada430 Thread added: 0x0000019f43b8bee0
Event: 98.819 Thread 0x0000019f43ada430 Thread added: 0x0000019f44edeb40
Event: 100.467 Thread 0x0000019f44edeb40 Thread added: 0x0000019f44f15aa0
Event: 100.486 Thread 0x0000019f44edeb40 Thread added: 0x0000019f44f174e0
Event: 100.663 Thread 0x0000019f44edeb40 Thread added: 0x0000019f44f14060
Event: 102.145 Thread 0x0000019f44edeb40 Thread added: 0x0000019f44f16e50
Event: 102.163 Thread 0x0000019f44edeb40 Thread added: 0x0000019f44f146f0
Event: 107.204 Thread 0x0000019f44f146f0 Thread added: 0x0000019f44f14d80
Event: 109.552 Thread 0x0000019f44edeb40 Thread added: 0x0000019f44f15410
Event: 122.251 Thread 0x0000019f44edeb40 Thread added: 0x0000019f4544acd0
Event: 122.617 Thread 0x0000019f44edeb40 Thread added: 0x0000019f4544b360
Event: 125.258 Thread 0x0000019f44edeb40 Thread added: 0x0000019f45449fb0
Event: 125.323 Thread 0x0000019f44edeb40 Thread added: 0x0000019f45447ee0
Event: 126.638 Thread 0x0000019f44edeb40 Thread added: 0x0000019f4544b9f0
Event: 128.135 Thread 0x0000019f44edeb40 Thread added: 0x0000019f45448570
Event: 137.255 Thread 0x0000019f44edeb40 Thread added: 0x0000019f45449920
Event: 139.009 Thread 0x0000019f44edeb40 Thread added: 0x0000019f4544c710


Dynamic libraries:
0x00007ff767130000 - 0x00007ff76713e000 	C:\Users\harry\.vscode\extensions\redhat.java-1.56.0-win32-x64\jre\21.0.12.1-win32-x86_64\bin\java.exe
0x00007fffec700000 - 0x00007fffec967000 	C:\WINDOWS\SYSTEM32\ntdll.dll
0x00007fffead10000 - 0x00007fffeaddb000 	C:\WINDOWS\System32\KERNEL32.DLL
0x00007fffe9bb0000 - 0x00007fffe9fb2000 	C:\WINDOWS\System32\KERNELBASE.dll
0x00007fffea070000 - 0x00007fffea1bc000 	C:\WINDOWS\System32\ucrtbase.dll
0x00007fffd68c0000 - 0x00007fffd68d8000 	C:\Users\harry\.vscode\extensions\redhat.java-1.56.0-win32-x64\jre\21.0.12.1-win32-x86_64\bin\jli.dll
0x00007fffd68a0000 - 0x00007fffd68be000 	C:\Users\harry\.vscode\extensions\redhat.java-1.56.0-win32-x64\jre\21.0.12.1-win32-x86_64\bin\VCRUNTIME140.dll
0x00007fffeade0000 - 0x00007fffeafaf000 	C:\WINDOWS\System32\USER32.dll
0x00007fffe9900000 - 0x00007fffe9927000 	C:\WINDOWS\System32\win32u.dll
0x00007fffec380000 - 0x00007fffec3ab000 	C:\WINDOWS\System32\GDI32.dll
0x00007fffe9930000 - 0x00007fffe9a59000 	C:\WINDOWS\System32\gdi32full.dll
0x00007fffe9fc0000 - 0x00007fffea063000 	C:\WINDOWS\System32\msvcp_win.dll
0x00007fffd63a0000 - 0x00007fffd6630000 	C:\WINDOWS\WinSxS\amd64_microsoft.windows.common-controls_6595b64144ccf1df_6.0.26100.9278_none_3e0d1ba8e3303201\COMCTL32.dll
0x00007fffeab70000 - 0x00007fffeac19000 	C:\WINDOWS\System32\msvcrt.dll
0x00007fffebb70000 - 0x00007fffebba1000 	C:\WINDOWS\System32\IMM32.DLL
0x00007fffc4900000 - 0x00007fffc490c000 	C:\Users\harry\.vscode\extensions\redhat.java-1.56.0-win32-x64\jre\21.0.12.1-win32-x86_64\bin\vcruntime140_1.dll
0x00007fff5e490000 - 0x00007fff5e51d000 	C:\Users\harry\.vscode\extensions\redhat.java-1.56.0-win32-x64\jre\21.0.12.1-win32-x86_64\bin\msvcp140.dll
0x00007fff5d6e0000 - 0x00007fff5e482000 	C:\Users\harry\.vscode\extensions\redhat.java-1.56.0-win32-x64\jre\21.0.12.1-win32-x86_64\bin\server\jvm.dll
0x00007fffeb020000 - 0x00007fffeb0dc000 	C:\WINDOWS\System32\ADVAPI32.dll
0x00007fffea7f0000 - 0x00007fffea899000 	C:\WINDOWS\System32\sechost.dll
0x00007fffebdd0000 - 0x00007fffebee8000 	C:\WINDOWS\System32\RPCRT4.dll
0x00007fffeac80000 - 0x00007fffead00000 	C:\WINDOWS\System32\WS2_32.dll
0x00007fffe9760000 - 0x00007fffe97be000 	C:\WINDOWS\SYSTEM32\POWRPROF.dll
0x00007fffd6770000 - 0x00007fffd677b000 	C:\WINDOWS\SYSTEM32\VERSION.dll
0x00007fffdf9e0000 - 0x00007fffdfa16000 	C:\WINDOWS\SYSTEM32\WINMM.dll
0x00007fffe9740000 - 0x00007fffe9755000 	C:\WINDOWS\SYSTEM32\UMPDC.dll
0x00007fffe85d0000 - 0x00007fffe85eb000 	C:\WINDOWS\SYSTEM32\kernel.appcore.dll
0x00007fffc4760000 - 0x00007fffc476a000 	C:\Users\harry\.vscode\extensions\redhat.java-1.56.0-win32-x64\jre\21.0.12.1-win32-x86_64\bin\jimage.dll
0x00007fffe6b30000 - 0x00007fffe6d7c000 	C:\WINDOWS\SYSTEM32\DBGHELP.DLL
0x00007fffea420000 - 0x00007fffea7a5000 	C:\WINDOWS\System32\combase.dll
0x00007fffeb250000 - 0x00007fffeb329000 	C:\WINDOWS\System32\OLEAUT32.dll
0x00007fffd35d0000 - 0x00007fffd360b000 	C:\WINDOWS\SYSTEM32\dbgcore.DLL
0x00007fffea360000 - 0x00007fffea40c000 	C:\WINDOWS\System32\bcryptPrimitives.dll
0x00007fffbdd50000 - 0x00007fffbdd5f000 	C:\Users\harry\.vscode\extensions\redhat.java-1.56.0-win32-x64\jre\21.0.12.1-win32-x86_64\bin\instrument.dll
0x00007fffbe300000 - 0x00007fffbe320000 	C:\Users\harry\.vscode\extensions\redhat.java-1.56.0-win32-x64\jre\21.0.12.1-win32-x86_64\bin\java.dll
0x00007fffeb330000 - 0x00007fffebac8000 	C:\WINDOWS\System32\SHELL32.dll
0x00007fffe7320000 - 0x00007fffe7bce000 	C:\WINDOWS\SYSTEM32\windows.storage.dll
0x00007fffec3b0000 - 0x00007fffec4ab000 	C:\WINDOWS\System32\SHCORE.dll
0x00007fffeab00000 - 0x00007fffeab66000 	C:\WINDOWS\System32\shlwapi.dll
0x00007fffe9820000 - 0x00007fffe9849000 	C:\WINDOWS\SYSTEM32\profapi.dll
0x00007fffbdf40000 - 0x00007fffbdf58000 	C:\Users\harry\.vscode\extensions\redhat.java-1.56.0-win32-x64\jre\21.0.12.1-win32-x86_64\bin\zip.dll
0x00007fffbe080000 - 0x00007fffbe090000 	C:\Users\harry\.vscode\extensions\redhat.java-1.56.0-win32-x64\jre\21.0.12.1-win32-x86_64\bin\net.dll
0x00007fffe52c0000 - 0x00007fffe53ea000 	C:\WINDOWS\SYSTEM32\WINHTTP.dll
0x00007fffe8b90000 - 0x00007fffe8bfc000 	C:\WINDOWS\system32\mswsock.dll
0x00007fffb4470000 - 0x00007fffb4486000 	C:\Users\harry\.vscode\extensions\redhat.java-1.56.0-win32-x64\jre\21.0.12.1-win32-x86_64\bin\nio.dll
0x00007fffbdcd0000 - 0x00007fffbdce0000 	C:\Users\harry\.vscode\extensions\redhat.java-1.56.0-win32-x64\jre\21.0.12.1-win32-x86_64\bin\verify.dll
0x00007fff5a030000 - 0x00007fff5a057000 	C:\Users\harry\.gradle\native\660c5614fbf4a5f2a75b1949f50a0caf5cd603558e7d8a26e50b933a0cfb79d1\windows-amd64\native-platform.dll
0x00007fff52ab0000 - 0x00007fff52b27000 	C:\Users\harry\.gradle\native\0.2.8\x86_64-windows-gnu\gradle-fileevents.dll
0x00007fffd66e0000 - 0x00007fffd66ea000 	C:\Users\harry\.vscode\extensions\redhat.java-1.56.0-win32-x64\jre\21.0.12.1-win32-x86_64\bin\management.dll
0x00007fffbdcc0000 - 0x00007fffbdccc000 	C:\Users\harry\.vscode\extensions\redhat.java-1.56.0-win32-x64\jre\21.0.12.1-win32-x86_64\bin\management_ext.dll
0x00007fffea7e0000 - 0x00007fffea7e8000 	C:\WINDOWS\System32\PSAPI.DLL
0x00007fffe7f50000 - 0x00007fffe7f83000 	C:\WINDOWS\SYSTEM32\IPHLPAPI.DLL
0x00007fffeac70000 - 0x00007fffeac7a000 	C:\WINDOWS\System32\NSI.dll
0x00007fffc29c0000 - 0x00007fffc29c9000 	C:\Users\harry\.vscode\extensions\redhat.java-1.56.0-win32-x64\jre\21.0.12.1-win32-x86_64\bin\extnet.dll
0x00007fffe8e80000 - 0x00007fffe8e9b000 	C:\WINDOWS\SYSTEM32\CRYPTSP.dll
0x00007fffe8530000 - 0x00007fffe8569000 	C:\WINDOWS\system32\rsaenh.dll
0x00007fffe8c40000 - 0x00007fffe8c74000 	C:\WINDOWS\SYSTEM32\USERENV.dll
0x00007fffe97f0000 - 0x00007fffe981a000 	C:\WINDOWS\SYSTEM32\bcrypt.dll
0x00007fffe8ea0000 - 0x00007fffe8eac000 	C:\WINDOWS\SYSTEM32\CRYPTBASE.dll
0x00007fffe60d0000 - 0x00007fffe60de000 	C:\Users\harry\.vscode\extensions\redhat.java-1.56.0-win32-x64\jre\21.0.12.1-win32-x86_64\bin\sunmscapi.dll
0x00007fffea1d0000 - 0x00007fffea34e000 	C:\WINDOWS\System32\CRYPT32.dll
0x00007fffe90c0000 - 0x00007fffe90f0000 	C:\WINDOWS\SYSTEM32\ncrypt.dll
0x00007fffe9070000 - 0x00007fffe90af000 	C:\WINDOWS\SYSTEM32\NTASN1.dll
0x00007fffd9bd0000 - 0x00007fffd9bd8000 	C:\WINDOWS\system32\wshunix.dll

JVMTI agents:
C:\Users\harry\.gradle\wrapper\dists\gradle-9.7.1-bin\1w1c7tv4s851m17nbqdsro2tv\gradle-9.7.1\lib\agents\gradle-instrumentation-agent-9.7.1.jar path:C:\Users\harry\.vscode\extensions\redhat.java-1.56.0-win32-x64\jre\21.0.12.1-win32-x86_64\bin\instrument.dll, loaded, initialized, instrumentlib options:none

dbghelp: loaded successfully - version: 4.0.5 - missing functions: none
symbol engine: initialized successfully - sym options: 0x614 - pdb path: .;C:\Users\harry\.vscode\extensions\redhat.java-1.56.0-win32-x64\jre\21.0.12.1-win32-x86_64\bin;C:\WINDOWS\SYSTEM32;C:\WINDOWS\WinSxS\amd64_microsoft.windows.common-controls_6595b64144ccf1df_6.0.26100.9278_none_3e0d1ba8e3303201;C:\Users\harry\.vscode\extensions\redhat.java-1.56.0-win32-x64\jre\21.0.12.1-win32-x86_64\bin\server;C:\Users\harry\.gradle\native\660c5614fbf4a5f2a75b1949f50a0caf5cd603558e7d8a26e50b933a0cfb79d1\windows-amd64;C:\Users\harry\.gradle\native\0.2.8\x86_64-windows-gnu

VM Arguments:
jvm_args: -Dfile.encoding=UTF-8 --add-opens=java.base/java.lang=ALL-UNNAMED --add-opens=java.base/java.lang.invoke=ALL-UNNAMED --add-opens=java.base/java.util=ALL-UNNAMED --add-opens=java.prefs/java.util.prefs=ALL-UNNAMED --add-exports=jdk.compiler/com.sun.tools.javac.api=ALL-UNNAMED --add-exports=jdk.compiler/com.sun.tools.javac.util=ALL-UNNAMED --add-opens=java.base/java.nio.charset=ALL-UNNAMED --add-opens=java.base/java.net=ALL-UNNAMED --add-opens=java.base/java.util.concurrent=ALL-UNNAMED --add-opens=java.base/java.util.concurrent.atomic=ALL-UNNAMED --add-opens=java.xml/javax.xml.namespace=ALL-UNNAMED --add-opens=java.base/java.time=ALL-UNNAMED -XX:MaxMetaspaceSize=384m -XX:+HeapDumpOnOutOfMemoryError -Xms256m -Xmx512m -Dfile.encoding=UTF-8 -Duser.country=KR -Duser.language=ko -Duser.variant -javaagent:C:\Users\harry\.gradle\wrapper\dists\gradle-9.7.1-bin\1w1c7tv4s851m17nbqdsro2tv\gradle-9.7.1\lib\agents\gradle-instrumentation-agent-9.7.1.jar 
java_command: org.gradle.launcher.daemon.bootstrap.GradleDaemon 9.7.1
java_class_path (initial): C:\Users\harry\.gradle\wrapper\dists\gradle-9.7.1-bin\1w1c7tv4s851m17nbqdsro2tv\gradle-9.7.1\lib\gradle-daemon-main-9.7.1.jar
Launcher Type: SUN_STANDARD

[Global flags]
     intx CICompilerCount                          = 4                                         {product} {ergonomic}
   size_t CompressedClassSpaceSize                 = 335544320                                 {product} {ergonomic}
     uint ConcGCThreads                            = 3                                         {product} {ergonomic}
     uint G1ConcRefinementThreads                  = 10                                        {product} {ergonomic}
   size_t G1HeapRegionSize                         = 1048576                                   {product} {ergonomic}
    uintx GCDrainStackTargetSize                   = 64                                        {product} {ergonomic}
     bool HeapDumpOnOutOfMemoryError               = true                                   {manageable} {command line}
   size_t InitialHeapSize                          = 268435456                                 {product} {command line}
   size_t MarkStackSize                            = 4194304                                   {product} {ergonomic}
   size_t MaxHeapSize                              = 536870912                                 {product} {command line}
   size_t MaxMetaspaceSize                         = 402653184                                 {product} {command line}
   size_t MaxNewSize                               = 321912832                                 {product} {ergonomic}
   size_t MinHeapDeltaBytes                        = 1048576                                   {product} {ergonomic}
   size_t MinHeapSize                              = 268435456                                 {product} {command line}
    uintx NonNMethodCodeHeapSize                   = 5839372                                {pd product} {ergonomic}
    uintx NonProfiledCodeHeapSize                  = 122909434                              {pd product} {ergonomic}
    uintx ProfiledCodeHeapSize                     = 122909434                              {pd product} {ergonomic}
    uintx ReservedCodeCacheSize                    = 251658240                              {pd product} {ergonomic}
     bool SegmentedCodeCache                       = true                                      {product} {ergonomic}
   size_t SoftMaxHeapSize                          = 536870912                              {manageable} {ergonomic}
     bool UseCompressedOops                        = true                           {product lp64_product} {ergonomic}
     bool UseG1GC                                  = true                                      {product} {ergonomic}
     bool UseLargePagesIndividualAllocation        = false                                  {pd product} {ergonomic}

Logging:
Log output configuration:
 #0: stdout all=warning uptime,level,tags foldmultilines=false
 #1: stderr all=off uptime,level,tags foldmultilines=false

Release file:
JAVA_VERSION="21.0.12.1" 
MODULES="java.base java.compiler java.datatransfer java.xml java.prefs java.desktop java.instrument java.logging java.management java.security.sasl java.naming java.rmi java.management.rmi java.net.http java.scripting java.security.jgss java.transaction.xa java.sql java.sql.rowset java.xml.crypto java.se java.smartcardio jdk.accessibility jdk.internal.jvmstat jdk.attach jdk.charsets jdk.internal.opt jdk.zipfs jdk.compiler jdk.crypto.ec jdk.crypto.cryptoki jdk.crypto.mscapi jdk.dynalink jdk.internal.ed jdk.editpad jdk.hotspot.agent jdk.httpserver jdk.internal.le jdk.internal.vm.ci jdk.internal.vm.compiler jdk.internal.vm.compiler.management jdk.jartool jdk.javadoc jdk.jcmd jdk.management jdk.management.agent jdk.jconsole jdk.jdeps jdk.jdwp.agent jdk.jdi jdk.jfr jdk.jshell jdk.jsobject jdk.jstatd jdk.localedata jdk.management.jfr jdk.naming.dns jdk.naming.rmi jdk.net jdk.nio.mapmode jdk.random jdk.sctp jdk.security.auth jdk.security.jgss jdk.unsupported jdk.unsupported.desktop jdk.xml.dom" 

Environment Variables:
JAVA_TOOL_OPTIONS=-Dfile.encoding=UTF-8
PATH=C:\Program Files\Common Files\Oracle\Java\javapath;C:\Program Files (x86)\VMware\VMware Workstation\bin\;C:\WINDOWS\system32;C:\WINDOWS;C:\WINDOWS\System32\Wbem;C:\WINDOWS\System32\WindowsPowerShell\v1.0\;C:\WINDOWS\System32\OpenSSH\;C:\Program Files\Git\cmd;C:\apache-maven-3.9.12-bin\apache-maven-3.9.12\bin;C:\Program Files\Microsoft SQL Server\Client SDK\ODBC\170\Tools\Binn\;C:\Program Files\Microsoft SQL Server\160\DTS\Binn\;C:\Program Files (x86)\cloudflared\;C:\Program Files\nodejs\;C:\Users\harry\.local\bin;C:\Users\harry\AppData\Local\Microsoft\WindowsApps;C:\Users\harry\AppData\Local\Programs\Microsoft VS Code\bin;C:\Users\harry\AppData\Local\GitHubDesktop\bin;C:\Users\harry\.lmstudio\bin;C:\Program Files\JetBrains\IntelliJ IDEA 2026.2.1\bin;C:\Users\harry\AppData\Local\Programs\DockerDesktop\resources\bin;C:\Users\harry\AppData\Roaming\npm
USERNAME=harry
OS=Windows_NT
PROCESSOR_IDENTIFIER=Intel64 Family 6 Model 186 Stepping 3, GenuineIntel
TMP=C:\Users\harry\AppData\Local\Temp
TEMP=C:\Users\harry\AppData\Local\Temp




Periodic native trim disabled

---------------  S Y S T E M  ---------------

OS:
 Windows 11 , 64 bit Build 26100 (10.0.26100.9444)
OS uptime: 0 days 0:08 hours
Hyper-V role detected

CPU: total 12 (initial active 12) (6 cores per cpu, 2 threads per core) family 6 model 186 stepping 3 microcode 0x411f, cx8, cmov, fxsr, ht, mmx, 3dnowpref, sse, sse2, sse3, ssse3, sse4.1, sse4.2, popcnt, lzcnt, tsc, tscinvbit, avx, avx2, aes, erms, clmul, bmi1, bmi2, adx, sha, fma, vzeroupper, clflush, clflushopt, clwb, hv, serialize, rdtscp, rdpid, fsrm, f16c, cet_ibt, cet_ss
Processor Information for processor 0
  Max Mhz: 1300, Current Mhz: 1300, Mhz Limit: 1300
Processor Information for processor 1
  Max Mhz: 1300, Current Mhz: 1300, Mhz Limit: 1300
Processor Information for processor 2
  Max Mhz: 1300, Current Mhz: 1300, Mhz Limit: 1300
Processor Information for processor 3
  Max Mhz: 1300, Current Mhz: 1300, Mhz Limit: 1300
Processor Information for processor 4
  Max Mhz: 1300, Current Mhz: 900, Mhz Limit: 897
Processor Information for processor 5
  Max Mhz: 1300, Current Mhz: 900, Mhz Limit: 897
Processor Information for processor 6
  Max Mhz: 1300, Current Mhz: 900, Mhz Limit: 897
Processor Information for processor 7
  Max Mhz: 1300, Current Mhz: 900, Mhz Limit: 897
Processor Information for processor 8
  Max Mhz: 1300, Current Mhz: 900, Mhz Limit: 897
Processor Information for processor 9
  Max Mhz: 1300, Current Mhz: 900, Mhz Limit: 897
Processor Information for processor 10
  Max Mhz: 1300, Current Mhz: 900, Mhz Limit: 897
Processor Information for processor 11
  Max Mhz: 1300, Current Mhz: 900, Mhz Limit: 897

Memory: 4k page, system-wide physical 16067M (132M free)
TotalPageFile size 65219M (AvailPageFile size 301M)
current process WorkingSet (physical memory assigned to process): 146M, peak: 222M
current process commit charge ("private bytes"): 431M, peak: 431M

vm_info: OpenJDK 64-Bit Server VM (21.0.12.1+1-LTS) for windows-amd64 JRE (21.0.12.1+1-LTS), built on 2026-08-18T00:00:00Z by "admin" with MS VC++ 17.12 (VS2022)

END.
