#
# There is insufficient memory for the Java Runtime Environment to continue.
# Native memory allocation (malloc) failed to allocate 1038592 bytes for Chunk::new
# Possible reasons:
#   The system is out of physical RAM or swap space
#   The process is running with CompressedOops enabled, and the Java Heap may be blocking the growth of the native heap
# Possible solutions:
#   Reduce memory load on the system
#   Increase physical memory or swap space
#   Check if swap backing store is full
#   Decrease Java heap size (-Xmx/-Xms)
#   Decrease number of Java threads
#   Decrease Java thread stack sizes (-Xss)
#   Set larger code cache with -XX:ReservedCodeCacheSize=
#   JVM is running with Unscaled Compressed Oops mode in which the Java heap is
#     placed in the first 4GB address space. The Java Heap base address is the
#     maximum limit for the native heap growth. Please use -XX:HeapBaseMinAddress
#     to set the Java Heap base and to place the Java Heap above 4GB virtual address.
# This output file may be truncated or incomplete.
#
#  Out of Memory Error (arena.cpp:168), pid=7424, tid=33360
#
# JRE version: Java(TM) SE Runtime Environment (21.0.10+8) (build 21.0.10+8-LTS-217)
# Java VM: Java HotSpot(TM) 64-Bit Server VM (21.0.10+8-LTS-217, mixed mode, sharing, tiered, compressed oops, compressed class ptrs, g1 gc, windows-amd64)
# No core dump will be written. Minidumps are not enabled by default on client versions of Windows
#

---------------  S U M M A R Y ------------

Command Line: -Dfile.encoding=UTF-8 --add-opens=java.base/java.lang=ALL-UNNAMED --add-opens=java.base/java.lang.invoke=ALL-UNNAMED --add-opens=java.base/java.util=ALL-UNNAMED --add-opens=java.prefs/java.util.prefs=ALL-UNNAMED --add-exports=jdk.compiler/com.sun.tools.javac.api=ALL-UNNAMED --add-exports=jdk.compiler/com.sun.tools.javac.util=ALL-UNNAMED --add-opens=java.base/java.nio.charset=ALL-UNNAMED --add-opens=java.base/java.net=ALL-UNNAMED --add-opens=java.base/java.util.concurrent=ALL-UNNAMED --add-opens=java.base/java.util.concurrent.atomic=ALL-UNNAMED --add-opens=java.xml/javax.xml.namespace=ALL-UNNAMED --add-opens=java.base/java.time=ALL-UNNAMED -XX:MaxMetaspaceSize=384m -XX:+HeapDumpOnOutOfMemoryError -Xms256m -Xmx512m -Dfile.encoding=UTF-8 -Duser.country=KR -Duser.language=ko -Duser.variant -javaagent:C:\Users\harry\.gradle\wrapper\dists\gradle-9.5.1-bin\iq79hdu3mqx29lgffhp8bfmx\gradle-9.5.1\lib\agents\gradle-instrumentation-agent-9.5.1.jar org.gradle.launcher.daemon.bootstrap.GradleDaemon 9.5.1

Host: 13th Gen Intel(R) Core(TM) i5-1335U, 12 cores, 15G,  Windows 11 , 64 bit Build 26100 (10.0.26100.9444)
Time: Wed Sep 16 10:39:11 2026 elapsed time: 903.657236 seconds (0d 0h 15m 3s)

---------------  T H R E A D  ---------------

Current thread (0x0000011d4b82c330):  JavaThread "C2 CompilerThread0" daemon [_thread_in_native, id=33360, stack(0x00000001d8e00000,0x00000001d8f00000) (1024K)]


Current CompileTask:
C2: 903686 25497   !   4       java.io.RandomAccessFile::close (69 bytes)

Stack: [0x00000001d8e00000,0x00000001d8f00000]
Native frames: (J=compiled Java code, j=interpreted, Vv=VM code, C=native code)
V  [jvm.dll+0x6d0b59]
V  [jvm.dll+0x85fd56]
V  [jvm.dll+0x86224e]
V  [jvm.dll+0x862923]
V  [jvm.dll+0x282a16]
V  [jvm.dll+0xc662d]
V  [jvm.dll+0xc6b71]
V  [jvm.dll+0x3bbb5b]
V  [jvm.dll+0x387fd2]
V  [jvm.dll+0x38741a]
V  [jvm.dll+0x24b370]
V  [jvm.dll+0x24a94f]
V  [jvm.dll+0x1cacfe]
V  [jvm.dll+0x25a629]
V  [jvm.dll+0x258bb5]
V  [jvm.dll+0x3f4da1]
V  [jvm.dll+0x80a83d]
V  [jvm.dll+0x6cf3fd]
C  [ucrtbase.dll+0x2cd30]
C  [KERNEL32.DLL+0x2cd87]
C  [ntdll.dll+0xacaec]


---------------  P R O C E S S  ---------------

Threads class SMR info:
_java_thread_list=0x0000011d68dfcc50, length=65, elements={
0x0000011d2e4d8ac0, 0x0000011d4b814f70, 0x0000011d4b824c00, 0x0000011d4b827670,
0x0000011d4b8280d0, 0x0000011d4b82ab40, 0x0000011d4b82b5a0, 0x0000011d4b82c330,
0x0000011d4b82e810, 0x0000011d4ba823c0, 0x0000011d4badf330, 0x0000011d651c83b0,
0x0000011d652c7b50, 0x0000011d6539c700, 0x0000011d650e6d20, 0x0000011d66f31c50,
0x0000011d650a0ce0, 0x0000011d6509f2a0, 0x0000011d6509f930, 0x0000011d650a1370,
0x0000011d68924220, 0x0000011d68922e70, 0x0000011d689262f0, 0x0000011d68923b90,
0x0000011d689248b0, 0x0000011d68347c20, 0x0000011d68346f00, 0x0000011d683461e0,
0x0000011d68347590, 0x0000011d6a5fcf20, 0x0000011d6a5fe2d0, 0x0000011d6a5fe960,
0x0000011d6a5ff680, 0x0000011d6a5ffd10, 0x0000011d6a6003a0, 0x0000011d670701c0,
0x0000011d6a28c9f0, 0x0000011d6a28e430, 0x0000011d6a28eac0, 0x0000011d6a28d080,
0x0000011d6a291f40, 0x0000011d6a291220, 0x0000011d6a2925d0, 0x0000011d689255d0,
0x0000011d6769fc30, 0x0000011d676a0950, 0x0000011d676a0fe0, 0x0000011d6769db60,
0x0000011d676a1670, 0x0000011d676a2390, 0x0000011d6769ef10, 0x0000011d676a2a20,
0x0000011d6769f5a0, 0x0000011d676a30b0, 0x0000011d676a3dd0, 0x0000011d676a4af0,
0x0000011d6ba58680, 0x0000011d6ba58d10, 0x0000011d6ba55890, 0x0000011d6ba57ff0,
0x0000011d6ba572d0, 0x0000011d6ba55f20, 0x0000011d6ba565b0, 0x0000011d6ba56c40,
0x0000011d673fcf20
}

Java Threads: ( => current thread )
  0x0000011d2e4d8ac0 JavaThread "main"                              [_thread_blocked, id=52820, stack(0x00000001d8000000,0x00000001d8100000) (1024K)]
  0x0000011d4b814f70 JavaThread "Reference Handler"          daemon [_thread_blocked, id=24028, stack(0x00000001d8800000,0x00000001d8900000) (1024K)]
  0x0000011d4b824c00 JavaThread "Finalizer"                  daemon [_thread_blocked, id=41340, stack(0x00000001d8900000,0x00000001d8a00000) (1024K)]
  0x0000011d4b827670 JavaThread "Signal Dispatcher"          daemon [_thread_blocked, id=49220, stack(0x00000001d8a00000,0x00000001d8b00000) (1024K)]
  0x0000011d4b8280d0 JavaThread "Attach Listener"            daemon [_thread_blocked, id=41456, stack(0x00000001d8b00000,0x00000001d8c00000) (1024K)]
  0x0000011d4b82ab40 JavaThread "Service Thread"             daemon [_thread_blocked, id=22736, stack(0x00000001d8c00000,0x00000001d8d00000) (1024K)]
  0x0000011d4b82b5a0 JavaThread "Monitor Deflation Thread"   daemon [_thread_blocked, id=52924, stack(0x00000001d8d00000,0x00000001d8e00000) (1024K)]
=>0x0000011d4b82c330 JavaThread "C2 CompilerThread0"         daemon [_thread_in_native, id=33360, stack(0x00000001d8e00000,0x00000001d8f00000) (1024K)]
  0x0000011d4b82e810 JavaThread "C1 CompilerThread0"         daemon [_thread_blocked, id=24396, stack(0x00000001d8f00000,0x00000001d9000000) (1024K)]
  0x0000011d4ba823c0 JavaThread "Common-Cleaner"             daemon [_thread_blocked, id=23944, stack(0x00000001d9000000,0x00000001d9100000) (1024K)]
  0x0000011d4badf330 JavaThread "Notification Thread"        daemon [_thread_blocked, id=15136, stack(0x00000001d9100000,0x00000001d9200000) (1024K)]
  0x0000011d651c83b0 JavaThread "Daemon health stats"               [_thread_blocked, id=30740, stack(0x00000001d9800000,0x00000001d9900000) (1024K)]
  0x0000011d652c7b50 JavaThread "Incoming local TCP Connector on port 62968"        [_thread_in_native, id=12808, stack(0x00000001d9900000,0x00000001d9a00000) (1024K)]
  0x0000011d6539c700 JavaThread "Daemon periodic checks"            [_thread_blocked, id=35252, stack(0x00000001d9a00000,0x00000001d9b00000) (1024K)]
  0x0000011d650e6d20 JavaThread "Daemon"                            [_thread_blocked, id=46100, stack(0x00000001d9b00000,0x00000001d9c00000) (1024K)]
  0x0000011d66f31c50 JavaThread "Daemon worker"                     [_thread_in_native, id=45772, stack(0x00000001d9d00000,0x00000001d9e00000) (1024K)]
  0x0000011d650a0ce0 JavaThread "Cache worker for journal cache (C:\Users\harry\.gradle\caches\journal-1)"        [_thread_blocked, id=47460, stack(0x00000001da100000,0x00000001da200000) (1024K)]
  0x0000011d6509f2a0 JavaThread "File lock request listener"        [_thread_in_native, id=21332, stack(0x00000001da200000,0x00000001da300000) (1024K)]
  0x0000011d6509f930 JavaThread "File lock release action executor"        [_thread_blocked, id=34736, stack(0x00000001da400000,0x00000001da500000) (1024K)]
  0x0000011d650a1370 JavaThread "Cache worker for file hash cache (C:\Users\harry\.gradle\caches\9.5.1\fileHashes)"        [_thread_blocked, id=31660, stack(0x00000001da500000,0x00000001da600000) (1024K)]
  0x0000011d68924220 JavaThread "File watcher server"        daemon [_thread_in_native, id=51460, stack(0x00000001daf00000,0x00000001db000000) (1024K)]
  0x0000011d68922e70 JavaThread "File watcher consumer"      daemon [_thread_blocked, id=47616, stack(0x00000001db000000,0x00000001db100000) (1024K)]
  0x0000011d689262f0 JavaThread "jar transforms"                    [_thread_blocked, id=18168, stack(0x00000001db100000,0x00000001db200000) (1024K)]
  0x0000011d68923b90 JavaThread "jar transforms Thread 2"           [_thread_blocked, id=33704, stack(0x00000001db200000,0x00000001db300000) (1024K)]
  0x0000011d689248b0 JavaThread "jar transforms Thread 3"           [_thread_blocked, id=15804, stack(0x00000001db300000,0x00000001db400000) (1024K)]
  0x0000011d68347c20 JavaThread "Cache worker for file content cache (C:\Users\harry\.gradle\caches\9.5.1\fileContent)"        [_thread_blocked, id=27136, stack(0x00000001db400000,0x00000001db500000) (1024K)]
  0x0000011d68346f00 JavaThread "jar transforms Thread 4"           [_thread_blocked, id=35220, stack(0x00000001db700000,0x00000001db800000) (1024K)]
  0x0000011d683461e0 JavaThread "jar transforms Thread 5"           [_thread_blocked, id=36408, stack(0x00000001db800000,0x00000001db900000) (1024K)]
  0x0000011d68347590 JavaThread "jar transforms Thread 6"           [_thread_blocked, id=13196, stack(0x00000001dba00000,0x00000001dbb00000) (1024K)]
  0x0000011d6a5fcf20 JavaThread "jar transforms Thread 7"           [_thread_blocked, id=22644, stack(0x00000001dbb00000,0x00000001dbc00000) (1024K)]
  0x0000011d6a5fe2d0 JavaThread "jar transforms Thread 8"           [_thread_blocked, id=45308, stack(0x00000001dbc00000,0x00000001dbd00000) (1024K)]
  0x0000011d6a5fe960 JavaThread "jar transforms Thread 9"           [_thread_blocked, id=34112, stack(0x00000001dbd00000,0x00000001dbe00000) (1024K)]
  0x0000011d6a5ff680 JavaThread "jar transforms Thread 10"          [_thread_blocked, id=32268, stack(0x00000001dbe00000,0x00000001dbf00000) (1024K)]
  0x0000011d6a5ffd10 JavaThread "jar transforms Thread 11"          [_thread_blocked, id=26236, stack(0x00000001dbf00000,0x00000001dc000000) (1024K)]
  0x0000011d6a6003a0 JavaThread "jar transforms Thread 12"          [_thread_blocked, id=6364, stack(0x00000001dc000000,0x00000001dc100000) (1024K)]
  0x0000011d670701c0 JavaThread "Memory manager"                    [_thread_blocked, id=31212, stack(0x00000001dcc00000,0x00000001dcd00000) (1024K)]
  0x0000011d6a28c9f0 JavaThread "ForkJoinPool.commonPool-worker-2" daemon [_thread_blocked, id=52756, stack(0x00000001dcf00000,0x00000001dd000000) (1024K)]
  0x0000011d6a28e430 JavaThread "ForkJoinPool.commonPool-worker-3" daemon [_thread_blocked, id=15220, stack(0x00000001dd000000,0x00000001dd100000) (1024K)]
  0x0000011d6a28eac0 JavaThread "ForkJoinPool.commonPool-worker-5" daemon [_thread_blocked, id=28716, stack(0x00000001dd200000,0x00000001dd300000) (1024K)]
  0x0000011d6a28d080 JavaThread "ForkJoinPool.commonPool-worker-8" daemon [_thread_blocked, id=39040, stack(0x00000001dd500000,0x00000001dd600000) (1024K)]
  0x0000011d6a291f40 JavaThread "ForkJoinPool.commonPool-worker-9" daemon [_thread_blocked, id=50576, stack(0x00000001dd600000,0x00000001dd700000) (1024K)]
  0x0000011d6a291220 JavaThread "ForkJoinPool.commonPool-worker-10" daemon [_thread_blocked, id=18512, stack(0x00000001dd700000,0x00000001dd800000) (1024K)]
  0x0000011d6a2925d0 JavaThread "ForkJoinPool.commonPool-worker-11" daemon [_thread_blocked, id=51952, stack(0x00000001dd800000,0x00000001dd900000) (1024K)]
  0x0000011d689255d0 JavaThread "Handler for socket connection from /127.0.0.1:62968 to /127.0.0.1:54619"        [_thread_in_native, id=43284, stack(0x00000001d7d00000,0x00000001d7e00000) (1024K)]
  0x0000011d6769fc30 JavaThread "Cancel handler"                    [_thread_blocked, id=23240, stack(0x00000001d7e00000,0x00000001d7f00000) (1024K)]
  0x0000011d676a0950 JavaThread "Asynchronous log dispatcher for DefaultDaemonConnection: socket connection from /127.0.0.1:62968 to /127.0.0.1:54619"        [_thread_blocked, id=4688, stack(0x00000001d7f00000,0x00000001d8000000) (1024K)]
  0x0000011d676a0fe0 JavaThread "Stdin handler"                     [_thread_blocked, id=35340, stack(0x00000001d9700000,0x00000001d9800000) (1024K)]
  0x0000011d6769db60 JavaThread "Daemon client event forwarder"        [_thread_blocked, id=27416, stack(0x00000001d9c00000,0x00000001d9d00000) (1024K)]
  0x0000011d676a1670 JavaThread "Cache worker for file hash cache (C:\Users\harry\Desktop\KDT_2026\2026B_Spring\springweb\.gradle\9.5.1\fileHashes)"        [_thread_blocked, id=8256, stack(0x00000001d9f00000,0x00000001da000000) (1024K)]
  0x0000011d676a2390 JavaThread "Cache worker for Build Output Cleanup Cache (C:\Users\harry\Desktop\KDT_2026\2026B_Spring\springweb\.gradle\buildOutputCleanup)"        [_thread_blocked, id=46008, stack(0x00000001da000000,0x00000001da100000) (1024K)]
  0x0000011d6769ef10 JavaThread "Cache worker for checksums cache (C:\Users\harry\Desktop\KDT_2026\2026B_Spring\springweb\.gradle\9.5.1\checksums)"        [_thread_blocked, id=17496, stack(0x00000001da300000,0x00000001da400000) (1024K)]
  0x0000011d676a2a20 JavaThread "Cache worker for cache directory md-supplier (C:\Users\harry\.gradle\caches\9.5.1\md-supplier)"        [_thread_blocked, id=48232, stack(0x00000001daa00000,0x00000001dab00000) (1024K)]
  0x0000011d6769f5a0 JavaThread "Cache worker for cache directory md-rule (C:\Users\harry\.gradle\caches\9.5.1\md-rule)"        [_thread_blocked, id=32664, stack(0x00000001dad00000,0x00000001dae00000) (1024K)]
  0x0000011d676a30b0 JavaThread "Build operations"                  [_thread_blocked, id=55484, stack(0x00000001dae00000,0x00000001daf00000) (1024K)]
  0x0000011d676a3dd0 JavaThread "Build operations Thread 2"         [_thread_blocked, id=55488, stack(0x00000001db500000,0x00000001db600000) (1024K)]
  0x0000011d676a4af0 JavaThread "Build operations Thread 3"         [_thread_blocked, id=55492, stack(0x00000001db600000,0x00000001db700000) (1024K)]
  0x0000011d6ba58680 JavaThread "Build operations Thread 4"         [_thread_blocked, id=55496, stack(0x00000001db900000,0x00000001dba00000) (1024K)]
  0x0000011d6ba58d10 JavaThread "Build operations Thread 5"         [_thread_blocked, id=55500, stack(0x00000001dc100000,0x00000001dc200000) (1024K)]
  0x0000011d6ba55890 JavaThread "Build operations Thread 6"         [_thread_blocked, id=55504, stack(0x00000001dc200000,0x00000001dc300000) (1024K)]
  0x0000011d6ba57ff0 JavaThread "Build operations Thread 7"         [_thread_blocked, id=55508, stack(0x00000001dc300000,0x00000001dc400000) (1024K)]
  0x0000011d6ba572d0 JavaThread "Build operations Thread 8"         [_thread_blocked, id=55512, stack(0x00000001dc400000,0x00000001dc500000) (1024K)]
  0x0000011d6ba55f20 JavaThread "Build operations Thread 9"         [_thread_blocked, id=55516, stack(0x00000001dc500000,0x00000001dc600000) (1024K)]
  0x0000011d6ba565b0 JavaThread "Build operations Thread 10"        [_thread_blocked, id=55520, stack(0x00000001dc600000,0x00000001dc700000) (1024K)]
  0x0000011d6ba56c40 JavaThread "Build operations Thread 11"        [_thread_blocked, id=55524, stack(0x00000001dc700000,0x00000001dc800000) (1024K)]
  0x0000011d673fcf20 JavaThread "Build operations Thread 12"        [_thread_blocked, id=55612, stack(0x00000001dc800000,0x00000001dc900000) (1024K)]
Total: 65

Other Threads:
  0x0000011d4b800350 VMThread "VM Thread"                           [id=17080, stack(0x00000001d8700000,0x00000001d8800000) (1024K)]
  0x0000011d4b7eb240 WatcherThread "VM Periodic Task Thread"        [id=18184, stack(0x00000001d8600000,0x00000001d8700000) (1024K)]
  0x0000011d307b8d80 WorkerThread "GC Thread#0"                     [id=14940, stack(0x00000001d8100000,0x00000001d8200000) (1024K)]
  0x0000011d652ea4d0 WorkerThread "GC Thread#1"                     [id=18508, stack(0x00000001d9200000,0x00000001d9300000) (1024K)]
  0x0000011d652ea880 WorkerThread "GC Thread#2"                     [id=34256, stack(0x00000001d9300000,0x00000001d9400000) (1024K)]
  0x0000011d652eac30 WorkerThread "GC Thread#3"                     [id=30100, stack(0x00000001d9400000,0x00000001d9500000) (1024K)]
  0x0000011d652eafe0 WorkerThread "GC Thread#4"                     [id=30096, stack(0x00000001d9500000,0x00000001d9600000) (1024K)]
  0x0000011d652eb390 WorkerThread "GC Thread#5"                     [id=25252, stack(0x00000001d9600000,0x00000001d9700000) (1024K)]
  0x0000011d682b2a40 WorkerThread "GC Thread#6"                     [id=9984, stack(0x00000001da600000,0x00000001da700000) (1024K)]
  0x0000011d682b31a0 WorkerThread "GC Thread#7"                     [id=18760, stack(0x00000001da700000,0x00000001da800000) (1024K)]
  0x0000011d682b3550 WorkerThread "GC Thread#8"                     [id=22544, stack(0x00000001da800000,0x00000001da900000) (1024K)]
  0x0000011d682b1b80 WorkerThread "GC Thread#9"                     [id=31044, stack(0x00000001da900000,0x00000001daa00000) (1024K)]
  0x0000011d307bdc80 ConcurrentGCThread "G1 Main Marker"            [id=16812, stack(0x00000001d8200000,0x00000001d8300000) (1024K)]
  0x0000011d307bf520 WorkerThread "G1 Conc#0"                       [id=46456, stack(0x00000001d8300000,0x00000001d8400000) (1024K)]
  0x0000011d682b2df0 WorkerThread "G1 Conc#1"                       [id=33676, stack(0x00000001dab00000,0x00000001dac00000) (1024K)]
  0x0000011d66de90f0 WorkerThread "G1 Conc#2"                       [id=15268, stack(0x00000001dac00000,0x00000001dad00000) (1024K)]
  0x0000011d3084e500 ConcurrentGCThread "G1 Refine#0"               [id=8908, stack(0x00000001d8400000,0x00000001d8500000) (1024K)]
  0x0000011d4b6bc230 ConcurrentGCThread "G1 Service"                [id=17376, stack(0x00000001d8500000,0x00000001d8600000) (1024K)]
Total: 18

Threads with active compile tasks:
C2 CompilerThread0   907079 25497   !   4       java.io.RandomAccessFile::close (69 bytes)
Total: 1

VM state: not at safepoint (normal execution)

VM Mutex/Monitor currently owned by a thread: None

Heap address: 0x00000000e0000000, size: 512 MB, Compressed Oops mode: 32-bit

CDS archive(s) mapped at: [0x0000011d4c000000-0x0000011d4cc90000-0x0000011d4cc90000), size 13172736, SharedBaseAddress: 0x0000011d4c000000, ArchiveRelocationMode: 1.
Compressed class space mapped at: 0x0000011d4d000000-0x0000011d61000000, reserved size: 335544320
Narrow klass base: 0x0000011d4c000000, Narrow klass shift: 0, Narrow klass range: 0x100000000

GC Precious Log:
 CardTable entry size: 512
 Card Set container configuration: InlinePtr #cards 5 size 8 Array Of Cards #cards 12 size 40 Howl #buckets 4 coarsen threshold 1843 Howl Bitmap #cards 512 size 80 coarsen threshold 460 Card regions per heap region 1 cards per card region 2048
 CPUs: 12 total, 12 available
 Memory: 16067M
 Large Page Support: Disabled
 NUMA Support: Disabled
 Compressed Oops: Enabled (32-bit)
 Heap Region Size: 1M
 Heap Min Capacity: 256M
 Heap Initial Capacity: 256M
 Heap Max Capacity: 512M
 Pre-touch: Disabled
 Parallel Workers: 10
 Concurrent Workers: 3
 Concurrent Refinement Workers: 10
 Periodic GC: Disabled

Heap:
 garbage-first heap   total 262144K, used 78348K [0x00000000e0000000, 0x0000000100000000)
  region size 1024K, 21 young (21504K), 6 survivors (6144K)
 Metaspace       used 75087K, committed 78464K, reserved 458752K
  class space    used 10108K, committed 11840K, reserved 327680K

Heap Regions: E=young(eden), S=young(survivor), O=old, HS=humongous(starts), HC=humongous(continues), CS=collection set, F=free, TAMS=top-at-mark-start, PB=parsable bottom
|   0|0x00000000e0000000, 0x00000000e0100000, 0x00000000e0100000|100%|HS|  |TAMS 0x00000000e0000000| PB 0x00000000e0000000| Complete 
|   1|0x00000000e0100000, 0x00000000e0200000, 0x00000000e0200000|100%|HC|  |TAMS 0x00000000e0100000| PB 0x00000000e0100000| Complete 
|   2|0x00000000e0200000, 0x00000000e0300000, 0x00000000e0300000|100%|HC|  |TAMS 0x00000000e0200000| PB 0x00000000e0200000| Complete 
|   3|0x00000000e0300000, 0x00000000e0400000, 0x00000000e0400000|100%|HC|  |TAMS 0x00000000e0300000| PB 0x00000000e0300000| Complete 
|   4|0x00000000e0400000, 0x00000000e0500000, 0x00000000e0500000|100%| O|  |TAMS 0x00000000e0400000| PB 0x00000000e0400000| Untracked 
|   5|0x00000000e0500000, 0x00000000e0600000, 0x00000000e0600000|100%| O|  |TAMS 0x00000000e0500000| PB 0x00000000e0500000| Untracked 
|   6|0x00000000e0600000, 0x00000000e0700000, 0x00000000e0700000|100%| O|  |TAMS 0x00000000e0600000| PB 0x00000000e0600000| Untracked 
|   7|0x00000000e0700000, 0x00000000e0800000, 0x00000000e0800000|100%| O|  |TAMS 0x00000000e0700000| PB 0x00000000e0700000| Untracked 
|   8|0x00000000e0800000, 0x00000000e0900000, 0x00000000e0900000|100%|HS|  |TAMS 0x00000000e0800000| PB 0x00000000e0800000| Complete 
|   9|0x00000000e0900000, 0x00000000e0a00000, 0x00000000e0a00000|100%| O|  |TAMS 0x00000000e0900000| PB 0x00000000e0900000| Untracked 
|  10|0x00000000e0a00000, 0x00000000e0b00000, 0x00000000e0b00000|100%| O|  |TAMS 0x00000000e0a00000| PB 0x00000000e0a00000| Untracked 
|  11|0x00000000e0b00000, 0x00000000e0c00000, 0x00000000e0c00000|100%| O|  |TAMS 0x00000000e0b00000| PB 0x00000000e0b00000| Untracked 
|  12|0x00000000e0c00000, 0x00000000e0d00000, 0x00000000e0d00000|100%| O|  |TAMS 0x00000000e0c00000| PB 0x00000000e0c00000| Untracked 
|  13|0x00000000e0d00000, 0x00000000e0e00000, 0x00000000e0e00000|100%| O|  |TAMS 0x00000000e0d00000| PB 0x00000000e0d00000| Untracked 
|  14|0x00000000e0e00000, 0x00000000e0f00000, 0x00000000e0f00000|100%| O|  |TAMS 0x00000000e0e00000| PB 0x00000000e0e00000| Untracked 
|  15|0x00000000e0f00000, 0x00000000e1000000, 0x00000000e1000000|100%| O|  |TAMS 0x00000000e0f00000| PB 0x00000000e0f00000| Untracked 
|  16|0x00000000e1000000, 0x00000000e1100000, 0x00000000e1100000|100%| O|  |TAMS 0x00000000e1000000| PB 0x00000000e1000000| Untracked 
|  17|0x00000000e1100000, 0x00000000e1200000, 0x00000000e1200000|100%| O|  |TAMS 0x00000000e1100000| PB 0x00000000e1100000| Untracked 
|  18|0x00000000e1200000, 0x00000000e1300000, 0x00000000e1300000|100%| O|  |TAMS 0x00000000e1200000| PB 0x00000000e1200000| Untracked 
|  19|0x00000000e1300000, 0x00000000e1400000, 0x00000000e1400000|100%| O|  |TAMS 0x00000000e1300000| PB 0x00000000e1300000| Untracked 
|  20|0x00000000e1400000, 0x00000000e1500000, 0x00000000e1500000|100%| O|  |TAMS 0x00000000e1400000| PB 0x00000000e1400000| Untracked 
|  21|0x00000000e1500000, 0x00000000e1600000, 0x00000000e1600000|100%| O|  |TAMS 0x00000000e1500000| PB 0x00000000e1500000| Untracked 
|  22|0x00000000e1600000, 0x00000000e1700000, 0x00000000e1700000|100%| O|  |TAMS 0x00000000e1600000| PB 0x00000000e1600000| Untracked 
|  23|0x00000000e1700000, 0x00000000e1800000, 0x00000000e1800000|100%| O|  |TAMS 0x00000000e1700000| PB 0x00000000e1700000| Untracked 
|  24|0x00000000e1800000, 0x00000000e1900000, 0x00000000e1900000|100%| O|  |TAMS 0x00000000e1800000| PB 0x00000000e1800000| Untracked 
|  25|0x00000000e1900000, 0x00000000e1a00000, 0x00000000e1a00000|100%| O|  |TAMS 0x00000000e1900000| PB 0x00000000e1900000| Untracked 
|  26|0x00000000e1a00000, 0x00000000e1b00000, 0x00000000e1b00000|100%| O|  |TAMS 0x00000000e1a00000| PB 0x00000000e1a00000| Untracked 
|  27|0x00000000e1b00000, 0x00000000e1c00000, 0x00000000e1c00000|100%| O|  |TAMS 0x00000000e1b00000| PB 0x00000000e1b00000| Untracked 
|  28|0x00000000e1c00000, 0x00000000e1d00000, 0x00000000e1d00000|100%| O|  |TAMS 0x00000000e1c00000| PB 0x00000000e1c00000| Untracked 
|  29|0x00000000e1d00000, 0x00000000e1e00000, 0x00000000e1e00000|100%| O|  |TAMS 0x00000000e1d00000| PB 0x00000000e1d00000| Untracked 
|  30|0x00000000e1e00000, 0x00000000e1f00000, 0x00000000e1f00000|100%| O|  |TAMS 0x00000000e1e00000| PB 0x00000000e1e00000| Untracked 
|  31|0x00000000e1f00000, 0x00000000e2000000, 0x00000000e2000000|100%| O|  |TAMS 0x00000000e1f00000| PB 0x00000000e1f00000| Untracked 
|  32|0x00000000e2000000, 0x00000000e2100000, 0x00000000e2100000|100%| O|  |TAMS 0x00000000e2000000| PB 0x00000000e2000000| Untracked 
|  33|0x00000000e2100000, 0x00000000e2200000, 0x00000000e2200000|100%| O|  |TAMS 0x00000000e2100000| PB 0x00000000e2100000| Untracked 
|  34|0x00000000e2200000, 0x00000000e2300000, 0x00000000e2300000|100%| O|  |TAMS 0x00000000e2200000| PB 0x00000000e2200000| Untracked 
|  35|0x00000000e2300000, 0x00000000e2400000, 0x00000000e2400000|100%| O|  |TAMS 0x00000000e2300000| PB 0x00000000e2300000| Untracked 
|  36|0x00000000e2400000, 0x00000000e2500000, 0x00000000e2500000|100%| O|  |TAMS 0x00000000e2400000| PB 0x00000000e2400000| Untracked 
|  37|0x00000000e2500000, 0x00000000e2600000, 0x00000000e2600000|100%| O|  |TAMS 0x00000000e2500000| PB 0x00000000e2500000| Untracked 
|  38|0x00000000e2600000, 0x00000000e2700000, 0x00000000e2700000|100%| O|  |TAMS 0x00000000e2600000| PB 0x00000000e2600000| Untracked 
|  39|0x00000000e2700000, 0x00000000e2800000, 0x00000000e2800000|100%| O|  |TAMS 0x00000000e2700000| PB 0x00000000e2700000| Untracked 
|  40|0x00000000e2800000, 0x00000000e2900000, 0x00000000e2900000|100%| O|  |TAMS 0x00000000e2800000| PB 0x00000000e2800000| Untracked 
|  41|0x00000000e2900000, 0x00000000e2a00000, 0x00000000e2a00000|100%| O|  |TAMS 0x00000000e2900000| PB 0x00000000e2900000| Untracked 
|  42|0x00000000e2a00000, 0x00000000e2b00000, 0x00000000e2b00000|100%| O|  |TAMS 0x00000000e2a00000| PB 0x00000000e2a00000| Untracked 
|  43|0x00000000e2b00000, 0x00000000e2c00000, 0x00000000e2c00000|100%| O|  |TAMS 0x00000000e2b00000| PB 0x00000000e2b00000| Untracked 
|  44|0x00000000e2c00000, 0x00000000e2d00000, 0x00000000e2d00000|100%| O|  |TAMS 0x00000000e2c00000| PB 0x00000000e2c00000| Untracked 
|  45|0x00000000e2d00000, 0x00000000e2e00000, 0x00000000e2e00000|100%| O|  |TAMS 0x00000000e2d00000| PB 0x00000000e2d00000| Untracked 
|  46|0x00000000e2e00000, 0x00000000e2f00000, 0x00000000e2f00000|100%| O|  |TAMS 0x00000000e2e00000| PB 0x00000000e2e00000| Untracked 
|  47|0x00000000e2f00000, 0x00000000e3000000, 0x00000000e3000000|100%| O|  |TAMS 0x00000000e2f00000| PB 0x00000000e2f00000| Untracked 
|  48|0x00000000e3000000, 0x00000000e3100000, 0x00000000e3100000|100%| O|  |TAMS 0x00000000e3000000| PB 0x00000000e3000000| Untracked 
|  49|0x00000000e3100000, 0x00000000e3200000, 0x00000000e3200000|100%| O|  |TAMS 0x00000000e3100000| PB 0x00000000e3100000| Untracked 
|  50|0x00000000e3200000, 0x00000000e3300000, 0x00000000e3300000|100%| O|  |TAMS 0x00000000e3200000| PB 0x00000000e3200000| Untracked 
|  51|0x00000000e3300000, 0x00000000e3400000, 0x00000000e3400000|100%| O|  |TAMS 0x00000000e3300000| PB 0x00000000e3300000| Untracked 
|  52|0x00000000e3400000, 0x00000000e3500000, 0x00000000e3500000|100%| O|  |TAMS 0x00000000e3400000| PB 0x00000000e3400000| Untracked 
|  53|0x00000000e3500000, 0x00000000e3600000, 0x00000000e3600000|100%| O|  |TAMS 0x00000000e3500000| PB 0x00000000e3500000| Untracked 
|  54|0x00000000e3600000, 0x00000000e3700000, 0x00000000e3700000|100%| O|  |TAMS 0x00000000e3600000| PB 0x00000000e3600000| Untracked 
|  55|0x00000000e3700000, 0x00000000e376d590, 0x00000000e3800000| 42%| O|  |TAMS 0x00000000e3700000| PB 0x00000000e3700000| Untracked 
|  56|0x00000000e3800000, 0x00000000e3800000, 0x00000000e3900000|  0%| F|  |TAMS 0x00000000e3800000| PB 0x00000000e3800000| Untracked 
|  57|0x00000000e3900000, 0x00000000e3a00000, 0x00000000e3a00000|100%| O|  |TAMS 0x00000000e3900000| PB 0x00000000e3900000| Untracked 
|  58|0x00000000e3a00000, 0x00000000e3b00000, 0x00000000e3b00000|100%| O|  |TAMS 0x00000000e3a00000| PB 0x00000000e3a00000| Untracked 
|  59|0x00000000e3b00000, 0x00000000e3c00000, 0x00000000e3c00000|100%| O|  |TAMS 0x00000000e3b00000| PB 0x00000000e3b00000| Untracked 
|  60|0x00000000e3c00000, 0x00000000e3c00000, 0x00000000e3d00000|  0%| F|  |TAMS 0x00000000e3c00000| PB 0x00000000e3c00000| Untracked 
|  61|0x00000000e3d00000, 0x00000000e3d00000, 0x00000000e3e00000|  0%| F|  |TAMS 0x00000000e3d00000| PB 0x00000000e3d00000| Untracked 
|  62|0x00000000e3e00000, 0x00000000e3e00000, 0x00000000e3f00000|  0%| F|  |TAMS 0x00000000e3e00000| PB 0x00000000e3e00000| Untracked 
|  63|0x00000000e3f00000, 0x00000000e3f00000, 0x00000000e4000000|  0%| F|  |TAMS 0x00000000e3f00000| PB 0x00000000e3f00000| Untracked 
|  64|0x00000000e4000000, 0x00000000e4000000, 0x00000000e4100000|  0%| F|  |TAMS 0x00000000e4000000| PB 0x00000000e4000000| Untracked 
|  65|0x00000000e4100000, 0x00000000e4100000, 0x00000000e4200000|  0%| F|  |TAMS 0x00000000e4100000| PB 0x00000000e4100000| Untracked 
|  66|0x00000000e4200000, 0x00000000e4200000, 0x00000000e4300000|  0%| F|  |TAMS 0x00000000e4200000| PB 0x00000000e4200000| Untracked 
|  67|0x00000000e4300000, 0x00000000e4300000, 0x00000000e4400000|  0%| F|  |TAMS 0x00000000e4300000| PB 0x00000000e4300000| Untracked 
|  68|0x00000000e4400000, 0x00000000e4400000, 0x00000000e4500000|  0%| F|  |TAMS 0x00000000e4400000| PB 0x00000000e4400000| Untracked 
|  69|0x00000000e4500000, 0x00000000e4500000, 0x00000000e4600000|  0%| F|  |TAMS 0x00000000e4500000| PB 0x00000000e4500000| Untracked 
|  70|0x00000000e4600000, 0x00000000e4600000, 0x00000000e4700000|  0%| F|  |TAMS 0x00000000e4600000| PB 0x00000000e4600000| Untracked 
|  71|0x00000000e4700000, 0x00000000e4700000, 0x00000000e4800000|  0%| F|  |TAMS 0x00000000e4700000| PB 0x00000000e4700000| Untracked 
|  72|0x00000000e4800000, 0x00000000e4800000, 0x00000000e4900000|  0%| F|  |TAMS 0x00000000e4800000| PB 0x00000000e4800000| Untracked 
|  73|0x00000000e4900000, 0x00000000e4900000, 0x00000000e4a00000|  0%| F|  |TAMS 0x00000000e4900000| PB 0x00000000e4900000| Untracked 
|  74|0x00000000e4a00000, 0x00000000e4a00000, 0x00000000e4b00000|  0%| F|  |TAMS 0x00000000e4a00000| PB 0x00000000e4a00000| Untracked 
|  75|0x00000000e4b00000, 0x00000000e4b00000, 0x00000000e4c00000|  0%| F|  |TAMS 0x00000000e4b00000| PB 0x00000000e4b00000| Untracked 
|  76|0x00000000e4c00000, 0x00000000e4c00000, 0x00000000e4d00000|  0%| F|  |TAMS 0x00000000e4c00000| PB 0x00000000e4c00000| Untracked 
|  77|0x00000000e4d00000, 0x00000000e4d00000, 0x00000000e4e00000|  0%| F|  |TAMS 0x00000000e4d00000| PB 0x00000000e4d00000| Untracked 
|  78|0x00000000e4e00000, 0x00000000e4e00000, 0x00000000e4f00000|  0%| F|  |TAMS 0x00000000e4e00000| PB 0x00000000e4e00000| Untracked 
|  79|0x00000000e4f00000, 0x00000000e4f00000, 0x00000000e5000000|  0%| F|  |TAMS 0x00000000e4f00000| PB 0x00000000e4f00000| Untracked 
|  80|0x00000000e5000000, 0x00000000e5000000, 0x00000000e5100000|  0%| F|  |TAMS 0x00000000e5000000| PB 0x00000000e5000000| Untracked 
|  81|0x00000000e5100000, 0x00000000e5100000, 0x00000000e5200000|  0%| F|  |TAMS 0x00000000e5100000| PB 0x00000000e5100000| Untracked 
|  82|0x00000000e5200000, 0x00000000e5200000, 0x00000000e5300000|  0%| F|  |TAMS 0x00000000e5200000| PB 0x00000000e5200000| Untracked 
|  83|0x00000000e5300000, 0x00000000e5300000, 0x00000000e5400000|  0%| F|  |TAMS 0x00000000e5300000| PB 0x00000000e5300000| Untracked 
|  84|0x00000000e5400000, 0x00000000e5400000, 0x00000000e5500000|  0%| F|  |TAMS 0x00000000e5400000| PB 0x00000000e5400000| Untracked 
|  85|0x00000000e5500000, 0x00000000e5500000, 0x00000000e5600000|  0%| F|  |TAMS 0x00000000e5500000| PB 0x00000000e5500000| Untracked 
|  86|0x00000000e5600000, 0x00000000e5600000, 0x00000000e5700000|  0%| F|  |TAMS 0x00000000e5600000| PB 0x00000000e5600000| Untracked 
|  87|0x00000000e5700000, 0x00000000e5700000, 0x00000000e5800000|  0%| F|  |TAMS 0x00000000e5700000| PB 0x00000000e5700000| Untracked 
|  88|0x00000000e5800000, 0x00000000e5800000, 0x00000000e5900000|  0%| F|  |TAMS 0x00000000e5800000| PB 0x00000000e5800000| Untracked 
|  89|0x00000000e5900000, 0x00000000e5900000, 0x00000000e5a00000|  0%| F|  |TAMS 0x00000000e5900000| PB 0x00000000e5900000| Untracked 
|  90|0x00000000e5a00000, 0x00000000e5a00000, 0x00000000e5b00000|  0%| F|  |TAMS 0x00000000e5a00000| PB 0x00000000e5a00000| Untracked 
|  91|0x00000000e5b00000, 0x00000000e5b00000, 0x00000000e5c00000|  0%| F|  |TAMS 0x00000000e5b00000| PB 0x00000000e5b00000| Untracked 
|  92|0x00000000e5c00000, 0x00000000e5c00000, 0x00000000e5d00000|  0%| F|  |TAMS 0x00000000e5c00000| PB 0x00000000e5c00000| Untracked 
|  93|0x00000000e5d00000, 0x00000000e5d00000, 0x00000000e5e00000|  0%| F|  |TAMS 0x00000000e5d00000| PB 0x00000000e5d00000| Untracked 
|  94|0x00000000e5e00000, 0x00000000e5e00000, 0x00000000e5f00000|  0%| F|  |TAMS 0x00000000e5e00000| PB 0x00000000e5e00000| Untracked 
|  95|0x00000000e5f00000, 0x00000000e5f00000, 0x00000000e6000000|  0%| F|  |TAMS 0x00000000e5f00000| PB 0x00000000e5f00000| Untracked 
|  96|0x00000000e6000000, 0x00000000e6000000, 0x00000000e6100000|  0%| F|  |TAMS 0x00000000e6000000| PB 0x00000000e6000000| Untracked 
|  97|0x00000000e6100000, 0x00000000e6115e10, 0x00000000e6200000|  8%| S|CS|TAMS 0x00000000e6100000| PB 0x00000000e6100000| Complete 
|  98|0x00000000e6200000, 0x00000000e6300000, 0x00000000e6300000|100%| S|CS|TAMS 0x00000000e6200000| PB 0x00000000e6200000| Complete 
|  99|0x00000000e6300000, 0x00000000e6400000, 0x00000000e6400000|100%| S|CS|TAMS 0x00000000e6300000| PB 0x00000000e6300000| Complete 
| 100|0x00000000e6400000, 0x00000000e6500000, 0x00000000e6500000|100%| S|CS|TAMS 0x00000000e6400000| PB 0x00000000e6400000| Complete 
| 101|0x00000000e6500000, 0x00000000e6500000, 0x00000000e6600000|  0%| F|  |TAMS 0x00000000e6500000| PB 0x00000000e6500000| Untracked 
| 102|0x00000000e6600000, 0x00000000e6600000, 0x00000000e6700000|  0%| F|  |TAMS 0x00000000e6600000| PB 0x00000000e6600000| Untracked 
| 103|0x00000000e6700000, 0x00000000e6800000, 0x00000000e6800000|100%| S|CS|TAMS 0x00000000e6700000| PB 0x00000000e6700000| Complete 
| 104|0x00000000e6800000, 0x00000000e6900000, 0x00000000e6900000|100%| S|CS|TAMS 0x00000000e6800000| PB 0x00000000e6800000| Complete 
| 105|0x00000000e6900000, 0x00000000e6900000, 0x00000000e6a00000|  0%| F|  |TAMS 0x00000000e6900000| PB 0x00000000e6900000| Untracked 
| 106|0x00000000e6a00000, 0x00000000e6a00000, 0x00000000e6b00000|  0%| F|  |TAMS 0x00000000e6a00000| PB 0x00000000e6a00000| Untracked 
| 107|0x00000000e6b00000, 0x00000000e6b00000, 0x00000000e6c00000|  0%| F|  |TAMS 0x00000000e6b00000| PB 0x00000000e6b00000| Untracked 
| 108|0x00000000e6c00000, 0x00000000e6c00000, 0x00000000e6d00000|  0%| F|  |TAMS 0x00000000e6c00000| PB 0x00000000e6c00000| Untracked 
| 109|0x00000000e6d00000, 0x00000000e6d00000, 0x00000000e6e00000|  0%| F|  |TAMS 0x00000000e6d00000| PB 0x00000000e6d00000| Untracked 
| 110|0x00000000e6e00000, 0x00000000e6e00000, 0x00000000e6f00000|  0%| F|  |TAMS 0x00000000e6e00000| PB 0x00000000e6e00000| Untracked 
| 111|0x00000000e6f00000, 0x00000000e6f00000, 0x00000000e7000000|  0%| F|  |TAMS 0x00000000e6f00000| PB 0x00000000e6f00000| Untracked 
| 112|0x00000000e7000000, 0x00000000e7000000, 0x00000000e7100000|  0%| F|  |TAMS 0x00000000e7000000| PB 0x00000000e7000000| Untracked 
| 113|0x00000000e7100000, 0x00000000e7100000, 0x00000000e7200000|  0%| F|  |TAMS 0x00000000e7100000| PB 0x00000000e7100000| Untracked 
| 114|0x00000000e7200000, 0x00000000e7200000, 0x00000000e7300000|  0%| F|  |TAMS 0x00000000e7200000| PB 0x00000000e7200000| Untracked 
| 115|0x00000000e7300000, 0x00000000e7300000, 0x00000000e7400000|  0%| F|  |TAMS 0x00000000e7300000| PB 0x00000000e7300000| Untracked 
| 116|0x00000000e7400000, 0x00000000e7400000, 0x00000000e7500000|  0%| F|  |TAMS 0x00000000e7400000| PB 0x00000000e7400000| Untracked 
| 117|0x00000000e7500000, 0x00000000e7500000, 0x00000000e7600000|  0%| F|  |TAMS 0x00000000e7500000| PB 0x00000000e7500000| Untracked 
| 118|0x00000000e7600000, 0x00000000e7600000, 0x00000000e7700000|  0%| F|  |TAMS 0x00000000e7600000| PB 0x00000000e7600000| Untracked 
| 119|0x00000000e7700000, 0x00000000e7700000, 0x00000000e7800000|  0%| F|  |TAMS 0x00000000e7700000| PB 0x00000000e7700000| Untracked 
| 120|0x00000000e7800000, 0x00000000e7800000, 0x00000000e7900000|  0%| F|  |TAMS 0x00000000e7800000| PB 0x00000000e7800000| Untracked 
| 121|0x00000000e7900000, 0x00000000e7900000, 0x00000000e7a00000|  0%| F|  |TAMS 0x00000000e7900000| PB 0x00000000e7900000| Untracked 
| 122|0x00000000e7a00000, 0x00000000e7a00000, 0x00000000e7b00000|  0%| F|  |TAMS 0x00000000e7a00000| PB 0x00000000e7a00000| Untracked 
| 123|0x00000000e7b00000, 0x00000000e7b00000, 0x00000000e7c00000|  0%| F|  |TAMS 0x00000000e7b00000| PB 0x00000000e7b00000| Untracked 
| 124|0x00000000e7c00000, 0x00000000e7c00000, 0x00000000e7d00000|  0%| F|  |TAMS 0x00000000e7c00000| PB 0x00000000e7c00000| Untracked 
| 125|0x00000000e7d00000, 0x00000000e7d00000, 0x00000000e7e00000|  0%| F|  |TAMS 0x00000000e7d00000| PB 0x00000000e7d00000| Untracked 
| 126|0x00000000e7e00000, 0x00000000e7e00000, 0x00000000e7f00000|  0%| F|  |TAMS 0x00000000e7e00000| PB 0x00000000e7e00000| Untracked 
| 127|0x00000000e7f00000, 0x00000000e7f00000, 0x00000000e8000000|  0%| F|  |TAMS 0x00000000e7f00000| PB 0x00000000e7f00000| Untracked 
| 128|0x00000000e8000000, 0x00000000e8000000, 0x00000000e8100000|  0%| F|  |TAMS 0x00000000e8000000| PB 0x00000000e8000000| Untracked 
| 129|0x00000000e8100000, 0x00000000e8100000, 0x00000000e8200000|  0%| F|  |TAMS 0x00000000e8100000| PB 0x00000000e8100000| Untracked 
| 130|0x00000000e8200000, 0x00000000e8200000, 0x00000000e8300000|  0%| F|  |TAMS 0x00000000e8200000| PB 0x00000000e8200000| Untracked 
| 131|0x00000000e8300000, 0x00000000e8300000, 0x00000000e8400000|  0%| F|  |TAMS 0x00000000e8300000| PB 0x00000000e8300000| Untracked 
| 132|0x00000000e8400000, 0x00000000e8400000, 0x00000000e8500000|  0%| F|  |TAMS 0x00000000e8400000| PB 0x00000000e8400000| Untracked 
| 133|0x00000000e8500000, 0x00000000e8500000, 0x00000000e8600000|  0%| F|  |TAMS 0x00000000e8500000| PB 0x00000000e8500000| Untracked 
| 134|0x00000000e8600000, 0x00000000e8600000, 0x00000000e8700000|  0%| F|  |TAMS 0x00000000e8600000| PB 0x00000000e8600000| Untracked 
| 135|0x00000000e8700000, 0x00000000e8700000, 0x00000000e8800000|  0%| F|  |TAMS 0x00000000e8700000| PB 0x00000000e8700000| Untracked 
| 136|0x00000000e8800000, 0x00000000e8800000, 0x00000000e8900000|  0%| F|  |TAMS 0x00000000e8800000| PB 0x00000000e8800000| Untracked 
| 137|0x00000000e8900000, 0x00000000e8900000, 0x00000000e8a00000|  0%| F|  |TAMS 0x00000000e8900000| PB 0x00000000e8900000| Untracked 
| 138|0x00000000e8a00000, 0x00000000e8a00000, 0x00000000e8b00000|  0%| F|  |TAMS 0x00000000e8a00000| PB 0x00000000e8a00000| Untracked 
| 139|0x00000000e8b00000, 0x00000000e8b00000, 0x00000000e8c00000|  0%| F|  |TAMS 0x00000000e8b00000| PB 0x00000000e8b00000| Untracked 
| 140|0x00000000e8c00000, 0x00000000e8c00000, 0x00000000e8d00000|  0%| F|  |TAMS 0x00000000e8c00000| PB 0x00000000e8c00000| Untracked 
| 141|0x00000000e8d00000, 0x00000000e8d00000, 0x00000000e8e00000|  0%| F|  |TAMS 0x00000000e8d00000| PB 0x00000000e8d00000| Untracked 
| 142|0x00000000e8e00000, 0x00000000e8e00000, 0x00000000e8f00000|  0%| F|  |TAMS 0x00000000e8e00000| PB 0x00000000e8e00000| Untracked 
| 143|0x00000000e8f00000, 0x00000000e8f00000, 0x00000000e9000000|  0%| F|  |TAMS 0x00000000e8f00000| PB 0x00000000e8f00000| Untracked 
| 144|0x00000000e9000000, 0x00000000e9000000, 0x00000000e9100000|  0%| F|  |TAMS 0x00000000e9000000| PB 0x00000000e9000000| Untracked 
| 145|0x00000000e9100000, 0x00000000e9100000, 0x00000000e9200000|  0%| F|  |TAMS 0x00000000e9100000| PB 0x00000000e9100000| Untracked 
| 146|0x00000000e9200000, 0x00000000e9200000, 0x00000000e9300000|  0%| F|  |TAMS 0x00000000e9200000| PB 0x00000000e9200000| Untracked 
| 147|0x00000000e9300000, 0x00000000e9300000, 0x00000000e9400000|  0%| F|  |TAMS 0x00000000e9300000| PB 0x00000000e9300000| Untracked 
| 148|0x00000000e9400000, 0x00000000e9400000, 0x00000000e9500000|  0%| F|  |TAMS 0x00000000e9400000| PB 0x00000000e9400000| Untracked 
| 149|0x00000000e9500000, 0x00000000e9500000, 0x00000000e9600000|  0%| F|  |TAMS 0x00000000e9500000| PB 0x00000000e9500000| Untracked 
| 150|0x00000000e9600000, 0x00000000e9600000, 0x00000000e9700000|  0%| F|  |TAMS 0x00000000e9600000| PB 0x00000000e9600000| Untracked 
| 151|0x00000000e9700000, 0x00000000e9700000, 0x00000000e9800000|  0%| F|  |TAMS 0x00000000e9700000| PB 0x00000000e9700000| Untracked 
| 152|0x00000000e9800000, 0x00000000e9800000, 0x00000000e9900000|  0%| F|  |TAMS 0x00000000e9800000| PB 0x00000000e9800000| Untracked 
| 153|0x00000000e9900000, 0x00000000e9900000, 0x00000000e9a00000|  0%| F|  |TAMS 0x00000000e9900000| PB 0x00000000e9900000| Untracked 
| 154|0x00000000e9a00000, 0x00000000e9a00000, 0x00000000e9b00000|  0%| F|  |TAMS 0x00000000e9a00000| PB 0x00000000e9a00000| Untracked 
| 155|0x00000000e9b00000, 0x00000000e9b00000, 0x00000000e9c00000|  0%| F|  |TAMS 0x00000000e9b00000| PB 0x00000000e9b00000| Untracked 
| 156|0x00000000e9c00000, 0x00000000e9c00000, 0x00000000e9d00000|  0%| F|  |TAMS 0x00000000e9c00000| PB 0x00000000e9c00000| Untracked 
| 157|0x00000000e9d00000, 0x00000000e9d00000, 0x00000000e9e00000|  0%| F|  |TAMS 0x00000000e9d00000| PB 0x00000000e9d00000| Untracked 
| 158|0x00000000e9e00000, 0x00000000e9e00000, 0x00000000e9f00000|  0%| F|  |TAMS 0x00000000e9e00000| PB 0x00000000e9e00000| Untracked 
| 159|0x00000000e9f00000, 0x00000000e9f00000, 0x00000000ea000000|  0%| F|  |TAMS 0x00000000e9f00000| PB 0x00000000e9f00000| Untracked 
| 160|0x00000000ea000000, 0x00000000ea000000, 0x00000000ea100000|  0%| F|  |TAMS 0x00000000ea000000| PB 0x00000000ea000000| Untracked 
| 161|0x00000000ea100000, 0x00000000ea100000, 0x00000000ea200000|  0%| F|  |TAMS 0x00000000ea100000| PB 0x00000000ea100000| Untracked 
| 162|0x00000000ea200000, 0x00000000ea200000, 0x00000000ea300000|  0%| F|  |TAMS 0x00000000ea200000| PB 0x00000000ea200000| Untracked 
| 163|0x00000000ea300000, 0x00000000ea300000, 0x00000000ea400000|  0%| F|  |TAMS 0x00000000ea300000| PB 0x00000000ea300000| Untracked 
| 164|0x00000000ea400000, 0x00000000ea400000, 0x00000000ea500000|  0%| F|  |TAMS 0x00000000ea400000| PB 0x00000000ea400000| Untracked 
| 165|0x00000000ea500000, 0x00000000ea500000, 0x00000000ea600000|  0%| F|  |TAMS 0x00000000ea500000| PB 0x00000000ea500000| Untracked 
| 166|0x00000000ea600000, 0x00000000ea600000, 0x00000000ea700000|  0%| F|  |TAMS 0x00000000ea600000| PB 0x00000000ea600000| Untracked 
| 167|0x00000000ea700000, 0x00000000ea700000, 0x00000000ea800000|  0%| F|  |TAMS 0x00000000ea700000| PB 0x00000000ea700000| Untracked 
| 168|0x00000000ea800000, 0x00000000ea800000, 0x00000000ea900000|  0%| F|  |TAMS 0x00000000ea800000| PB 0x00000000ea800000| Untracked 
| 169|0x00000000ea900000, 0x00000000ea900000, 0x00000000eaa00000|  0%| F|  |TAMS 0x00000000ea900000| PB 0x00000000ea900000| Untracked 
| 170|0x00000000eaa00000, 0x00000000eaa00000, 0x00000000eab00000|  0%| F|  |TAMS 0x00000000eaa00000| PB 0x00000000eaa00000| Untracked 
| 171|0x00000000eab00000, 0x00000000eab00000, 0x00000000eac00000|  0%| F|  |TAMS 0x00000000eab00000| PB 0x00000000eab00000| Untracked 
| 172|0x00000000eac00000, 0x00000000eac00000, 0x00000000ead00000|  0%| F|  |TAMS 0x00000000eac00000| PB 0x00000000eac00000| Untracked 
| 173|0x00000000ead00000, 0x00000000ead00000, 0x00000000eae00000|  0%| F|  |TAMS 0x00000000ead00000| PB 0x00000000ead00000| Untracked 
| 174|0x00000000eae00000, 0x00000000eae00000, 0x00000000eaf00000|  0%| F|  |TAMS 0x00000000eae00000| PB 0x00000000eae00000| Untracked 
| 175|0x00000000eaf00000, 0x00000000eaf00000, 0x00000000eb000000|  0%| F|  |TAMS 0x00000000eaf00000| PB 0x00000000eaf00000| Untracked 
| 176|0x00000000eb000000, 0x00000000eb000000, 0x00000000eb100000|  0%| F|  |TAMS 0x00000000eb000000| PB 0x00000000eb000000| Untracked 
| 177|0x00000000eb100000, 0x00000000eb100000, 0x00000000eb200000|  0%| F|  |TAMS 0x00000000eb100000| PB 0x00000000eb100000| Untracked 
| 178|0x00000000eb200000, 0x00000000eb200000, 0x00000000eb300000|  0%| F|  |TAMS 0x00000000eb200000| PB 0x00000000eb200000| Untracked 
| 179|0x00000000eb300000, 0x00000000eb300000, 0x00000000eb400000|  0%| F|  |TAMS 0x00000000eb300000| PB 0x00000000eb300000| Untracked 
| 180|0x00000000eb400000, 0x00000000eb400000, 0x00000000eb500000|  0%| F|  |TAMS 0x00000000eb400000| PB 0x00000000eb400000| Untracked 
| 181|0x00000000eb500000, 0x00000000eb500000, 0x00000000eb600000|  0%| F|  |TAMS 0x00000000eb500000| PB 0x00000000eb500000| Untracked 
| 182|0x00000000eb600000, 0x00000000eb600000, 0x00000000eb700000|  0%| F|  |TAMS 0x00000000eb600000| PB 0x00000000eb600000| Untracked 
| 183|0x00000000eb700000, 0x00000000eb700000, 0x00000000eb800000|  0%| F|  |TAMS 0x00000000eb700000| PB 0x00000000eb700000| Untracked 
| 184|0x00000000eb800000, 0x00000000eb800000, 0x00000000eb900000|  0%| F|  |TAMS 0x00000000eb800000| PB 0x00000000eb800000| Untracked 
| 185|0x00000000eb900000, 0x00000000eb900000, 0x00000000eba00000|  0%| F|  |TAMS 0x00000000eb900000| PB 0x00000000eb900000| Untracked 
| 186|0x00000000eba00000, 0x00000000eba00000, 0x00000000ebb00000|  0%| F|  |TAMS 0x00000000eba00000| PB 0x00000000eba00000| Untracked 
| 187|0x00000000ebb00000, 0x00000000ebb00000, 0x00000000ebc00000|  0%| F|  |TAMS 0x00000000ebb00000| PB 0x00000000ebb00000| Untracked 
| 188|0x00000000ebc00000, 0x00000000ebc00000, 0x00000000ebd00000|  0%| F|  |TAMS 0x00000000ebc00000| PB 0x00000000ebc00000| Untracked 
| 189|0x00000000ebd00000, 0x00000000ebd00000, 0x00000000ebe00000|  0%| F|  |TAMS 0x00000000ebd00000| PB 0x00000000ebd00000| Untracked 
| 190|0x00000000ebe00000, 0x00000000ebe00000, 0x00000000ebf00000|  0%| F|  |TAMS 0x00000000ebe00000| PB 0x00000000ebe00000| Untracked 
| 191|0x00000000ebf00000, 0x00000000ebf00000, 0x00000000ec000000|  0%| F|  |TAMS 0x00000000ebf00000| PB 0x00000000ebf00000| Untracked 
| 192|0x00000000ec000000, 0x00000000ec000000, 0x00000000ec100000|  0%| F|  |TAMS 0x00000000ec000000| PB 0x00000000ec000000| Untracked 
| 193|0x00000000ec100000, 0x00000000ec100000, 0x00000000ec200000|  0%| F|  |TAMS 0x00000000ec100000| PB 0x00000000ec100000| Untracked 
| 194|0x00000000ec200000, 0x00000000ec200000, 0x00000000ec300000|  0%| F|  |TAMS 0x00000000ec200000| PB 0x00000000ec200000| Untracked 
| 195|0x00000000ec300000, 0x00000000ec300000, 0x00000000ec400000|  0%| F|  |TAMS 0x00000000ec300000| PB 0x00000000ec300000| Untracked 
| 196|0x00000000ec400000, 0x00000000ec400000, 0x00000000ec500000|  0%| F|  |TAMS 0x00000000ec400000| PB 0x00000000ec400000| Untracked 
| 197|0x00000000ec500000, 0x00000000ec500000, 0x00000000ec600000|  0%| F|  |TAMS 0x00000000ec500000| PB 0x00000000ec500000| Untracked 
| 198|0x00000000ec600000, 0x00000000ec600000, 0x00000000ec700000|  0%| F|  |TAMS 0x00000000ec600000| PB 0x00000000ec600000| Untracked 
| 199|0x00000000ec700000, 0x00000000ec700000, 0x00000000ec800000|  0%| F|  |TAMS 0x00000000ec700000| PB 0x00000000ec700000| Untracked 
| 200|0x00000000ec800000, 0x00000000ec800000, 0x00000000ec900000|  0%| F|  |TAMS 0x00000000ec800000| PB 0x00000000ec800000| Untracked 
| 201|0x00000000ec900000, 0x00000000ec900000, 0x00000000eca00000|  0%| F|  |TAMS 0x00000000ec900000| PB 0x00000000ec900000| Untracked 
| 202|0x00000000eca00000, 0x00000000eca00000, 0x00000000ecb00000|  0%| F|  |TAMS 0x00000000eca00000| PB 0x00000000eca00000| Untracked 
| 203|0x00000000ecb00000, 0x00000000ecb00000, 0x00000000ecc00000|  0%| F|  |TAMS 0x00000000ecb00000| PB 0x00000000ecb00000| Untracked 
| 204|0x00000000ecc00000, 0x00000000ecc00000, 0x00000000ecd00000|  0%| F|  |TAMS 0x00000000ecc00000| PB 0x00000000ecc00000| Untracked 
| 205|0x00000000ecd00000, 0x00000000ecd00000, 0x00000000ece00000|  0%| F|  |TAMS 0x00000000ecd00000| PB 0x00000000ecd00000| Untracked 
| 206|0x00000000ece00000, 0x00000000ece00000, 0x00000000ecf00000|  0%| F|  |TAMS 0x00000000ece00000| PB 0x00000000ece00000| Untracked 
| 207|0x00000000ecf00000, 0x00000000ecf00000, 0x00000000ed000000|  0%| F|  |TAMS 0x00000000ecf00000| PB 0x00000000ecf00000| Untracked 
| 208|0x00000000ed000000, 0x00000000ed000000, 0x00000000ed100000|  0%| F|  |TAMS 0x00000000ed000000| PB 0x00000000ed000000| Untracked 
| 209|0x00000000ed100000, 0x00000000ed100000, 0x00000000ed200000|  0%| F|  |TAMS 0x00000000ed100000| PB 0x00000000ed100000| Untracked 
| 210|0x00000000ed200000, 0x00000000ed200000, 0x00000000ed300000|  0%| F|  |TAMS 0x00000000ed200000| PB 0x00000000ed200000| Untracked 
| 211|0x00000000ed300000, 0x00000000ed300000, 0x00000000ed400000|  0%| F|  |TAMS 0x00000000ed300000| PB 0x00000000ed300000| Untracked 
| 212|0x00000000ed400000, 0x00000000ed400000, 0x00000000ed500000|  0%| F|  |TAMS 0x00000000ed400000| PB 0x00000000ed400000| Untracked 
| 213|0x00000000ed500000, 0x00000000ed500000, 0x00000000ed600000|  0%| F|  |TAMS 0x00000000ed500000| PB 0x00000000ed500000| Untracked 
| 214|0x00000000ed600000, 0x00000000ed600000, 0x00000000ed700000|  0%| F|  |TAMS 0x00000000ed600000| PB 0x00000000ed600000| Untracked 
| 215|0x00000000ed700000, 0x00000000ed700000, 0x00000000ed800000|  0%| F|  |TAMS 0x00000000ed700000| PB 0x00000000ed700000| Untracked 
| 216|0x00000000ed800000, 0x00000000ed800000, 0x00000000ed900000|  0%| F|  |TAMS 0x00000000ed800000| PB 0x00000000ed800000| Untracked 
| 217|0x00000000ed900000, 0x00000000ed900000, 0x00000000eda00000|  0%| F|  |TAMS 0x00000000ed900000| PB 0x00000000ed900000| Untracked 
| 218|0x00000000eda00000, 0x00000000eda00000, 0x00000000edb00000|  0%| F|  |TAMS 0x00000000eda00000| PB 0x00000000eda00000| Untracked 
| 219|0x00000000edb00000, 0x00000000edb00000, 0x00000000edc00000|  0%| F|  |TAMS 0x00000000edb00000| PB 0x00000000edb00000| Untracked 
| 220|0x00000000edc00000, 0x00000000edc00000, 0x00000000edd00000|  0%| F|  |TAMS 0x00000000edc00000| PB 0x00000000edc00000| Untracked 
| 221|0x00000000edd00000, 0x00000000edd00000, 0x00000000ede00000|  0%| F|  |TAMS 0x00000000edd00000| PB 0x00000000edd00000| Untracked 
| 222|0x00000000ede00000, 0x00000000ede00000, 0x00000000edf00000|  0%| F|  |TAMS 0x00000000ede00000| PB 0x00000000ede00000| Untracked 
| 223|0x00000000edf00000, 0x00000000edf00000, 0x00000000ee000000|  0%| F|  |TAMS 0x00000000edf00000| PB 0x00000000edf00000| Untracked 
| 224|0x00000000ee000000, 0x00000000ee000000, 0x00000000ee100000|  0%| F|  |TAMS 0x00000000ee000000| PB 0x00000000ee000000| Untracked 
| 225|0x00000000ee100000, 0x00000000ee100000, 0x00000000ee200000|  0%| F|  |TAMS 0x00000000ee100000| PB 0x00000000ee100000| Untracked 
| 226|0x00000000ee200000, 0x00000000ee200000, 0x00000000ee300000|  0%| F|  |TAMS 0x00000000ee200000| PB 0x00000000ee200000| Untracked 
| 227|0x00000000ee300000, 0x00000000ee300000, 0x00000000ee400000|  0%| F|  |TAMS 0x00000000ee300000| PB 0x00000000ee300000| Untracked 
| 228|0x00000000ee400000, 0x00000000ee400000, 0x00000000ee500000|  0%| F|  |TAMS 0x00000000ee400000| PB 0x00000000ee400000| Untracked 
| 229|0x00000000ee500000, 0x00000000ee500000, 0x00000000ee600000|  0%| F|  |TAMS 0x00000000ee500000| PB 0x00000000ee500000| Untracked 
| 230|0x00000000ee600000, 0x00000000ee600000, 0x00000000ee700000|  0%| F|  |TAMS 0x00000000ee600000| PB 0x00000000ee600000| Untracked 
| 231|0x00000000ee700000, 0x00000000ee700000, 0x00000000ee800000|  0%| F|  |TAMS 0x00000000ee700000| PB 0x00000000ee700000| Untracked 
| 232|0x00000000ee800000, 0x00000000ee800000, 0x00000000ee900000|  0%| F|  |TAMS 0x00000000ee800000| PB 0x00000000ee800000| Untracked 
| 233|0x00000000ee900000, 0x00000000ee900000, 0x00000000eea00000|  0%| F|  |TAMS 0x00000000ee900000| PB 0x00000000ee900000| Untracked 
| 234|0x00000000eea00000, 0x00000000eea00000, 0x00000000eeb00000|  0%| F|  |TAMS 0x00000000eea00000| PB 0x00000000eea00000| Untracked 
| 235|0x00000000eeb00000, 0x00000000eeb00000, 0x00000000eec00000|  0%| F|  |TAMS 0x00000000eeb00000| PB 0x00000000eeb00000| Untracked 
| 236|0x00000000eec00000, 0x00000000eec00000, 0x00000000eed00000|  0%| F|  |TAMS 0x00000000eec00000| PB 0x00000000eec00000| Untracked 
| 237|0x00000000eed00000, 0x00000000eed00000, 0x00000000eee00000|  0%| F|  |TAMS 0x00000000eed00000| PB 0x00000000eed00000| Untracked 
| 238|0x00000000eee00000, 0x00000000eee00000, 0x00000000eef00000|  0%| F|  |TAMS 0x00000000eee00000| PB 0x00000000eee00000| Untracked 
| 239|0x00000000eef00000, 0x00000000eef00000, 0x00000000ef000000|  0%| F|  |TAMS 0x00000000eef00000| PB 0x00000000eef00000| Untracked 
| 240|0x00000000ef000000, 0x00000000ef000000, 0x00000000ef100000|  0%| F|  |TAMS 0x00000000ef000000| PB 0x00000000ef000000| Untracked 
| 241|0x00000000ef100000, 0x00000000ef13ae80, 0x00000000ef200000| 23%| E|  |TAMS 0x00000000ef100000| PB 0x00000000ef100000| Complete 
| 242|0x00000000ef200000, 0x00000000ef300000, 0x00000000ef300000|100%| E|CS|TAMS 0x00000000ef200000| PB 0x00000000ef200000| Complete 
| 243|0x00000000ef300000, 0x00000000ef400000, 0x00000000ef400000|100%| E|CS|TAMS 0x00000000ef300000| PB 0x00000000ef300000| Complete 
| 244|0x00000000ef400000, 0x00000000ef500000, 0x00000000ef500000|100%| E|CS|TAMS 0x00000000ef400000| PB 0x00000000ef400000| Complete 
| 245|0x00000000ef500000, 0x00000000ef600000, 0x00000000ef600000|100%| E|CS|TAMS 0x00000000ef500000| PB 0x00000000ef500000| Complete 
| 246|0x00000000ef600000, 0x00000000ef700000, 0x00000000ef700000|100%| E|  |TAMS 0x00000000ef600000| PB 0x00000000ef600000| Complete 
| 247|0x00000000ef700000, 0x00000000ef800000, 0x00000000ef800000|100%| E|CS|TAMS 0x00000000ef700000| PB 0x00000000ef700000| Complete 
| 248|0x00000000ef800000, 0x00000000ef900000, 0x00000000ef900000|100%| E|CS|TAMS 0x00000000ef800000| PB 0x00000000ef800000| Complete 
| 249|0x00000000ef900000, 0x00000000efa00000, 0x00000000efa00000|100%| E|CS|TAMS 0x00000000ef900000| PB 0x00000000ef900000| Complete 
| 250|0x00000000efa00000, 0x00000000efb00000, 0x00000000efb00000|100%| E|CS|TAMS 0x00000000efa00000| PB 0x00000000efa00000| Complete 
| 251|0x00000000efb00000, 0x00000000efc00000, 0x00000000efc00000|100%| E|CS|TAMS 0x00000000efb00000| PB 0x00000000efb00000| Complete 
| 252|0x00000000efc00000, 0x00000000efd00000, 0x00000000efd00000|100%| E|CS|TAMS 0x00000000efc00000| PB 0x00000000efc00000| Complete 
| 253|0x00000000efd00000, 0x00000000efe00000, 0x00000000efe00000|100%| E|CS|TAMS 0x00000000efd00000| PB 0x00000000efd00000| Complete 
| 254|0x00000000efe00000, 0x00000000eff00000, 0x00000000eff00000|100%| E|CS|TAMS 0x00000000efe00000| PB 0x00000000efe00000| Complete 
| 255|0x00000000eff00000, 0x00000000f0000000, 0x00000000f0000000|100%| E|CS|TAMS 0x00000000eff00000| PB 0x00000000eff00000| Complete 

Card table byte_map: [0x0000011d48280000,0x0000011d48380000] _byte_map_base: 0x0000011d47b80000

Marking Bits: (CMBitMap*) 0x0000011d307b93a0
 Bits: [0x0000011d48380000, 0x0000011d48b80000)

Polling page: 0x0000011d2e700000

Metaspace:

Usage:
  Non-class:     63.46 MB used.
      Class:      9.87 MB used.
       Both:     73.33 MB used.

Virtual space:
  Non-class space:      128.00 MB reserved,      65.06 MB ( 51%) committed,  2 nodes.
      Class space:      320.00 MB reserved,      11.56 MB (  4%) committed,  1 nodes.
             Both:      448.00 MB reserved,      76.62 MB ( 17%) committed. 

Chunk freelists:
   Non-Class:  14.47 MB
       Class:  4.33 MB
        Both:  18.79 MB

MaxMetaspaceSize: 384.00 MB
CompressedClassSpaceSize: 320.00 MB
Initial GC threshold: 21.00 MB
Current GC threshold: 118.25 MB
CDS: on
 - commit_granule_bytes: 65536.
 - commit_granule_words: 8192.
 - virtual_space_node_default_size: 8388608.
 - enlarge_chunks_in_place: 1.
 - use_allocation_guard: 0.


Internal statistics:

num_allocs_failed_limit: 18.
num_arena_births: 6552.
num_arena_deaths: 0.
num_vsnodes_births: 3.
num_vsnodes_deaths: 0.
num_space_committed: 1226.
num_space_uncommitted: 0.
num_chunks_returned_to_freelist: 18.
num_chunks_taken_from_freelist: 11551.
num_chunk_merges: 18.
num_chunk_splits: 6979.
num_chunks_enlarged: 3462.
num_inconsistent_stats: 0.

CodeHeap 'non-profiled nmethods': size=120000Kb used=25329Kb max_used=25329Kb free=94670Kb
 bounds [0x0000011d40700000, 0x0000011d41fc0000, 0x0000011d47c30000]
CodeHeap 'profiled nmethods': size=120000Kb used=46384Kb max_used=46384Kb free=73616Kb
 bounds [0x0000011d38c30000, 0x0000011d3b980000, 0x0000011d40160000]
CodeHeap 'non-nmethods': size=5760Kb used=2050Kb max_used=2130Kb free=3710Kb
 bounds [0x0000011d40160000, 0x0000011d403d0000, 0x0000011d40700000]
 total_blobs=24866 nmethods=24078 adapters=690
 compilation: enabled
              stopped_count=0, restarted_count=0
 full_count=0

Compilation events (20 events):
Event: 857.872 Thread 0x0000011d4b82c330 nmethod 25476 0x0000011d41fb7e10 code [0x0000011d41fb8080, 0x0000011d41fb8a18]
Event: 858.121 Thread 0x0000011d4b82c330 25487  s    4       java.net.DatagramPacket::setPort (43 bytes)
Event: 858.993 Thread 0x0000011d4b82c330 nmethod 25487 0x0000011d41fb9010 code [0x0000011d41fb91a0, 0x0000011d41fb9390]
Event: 858.994 Thread 0x0000011d4b82c330 25488       4       java.net.InetSocketAddress::<init> (32 bytes)
Event: 860.858 Thread 0x0000011d4b82c330 nmethod 25488 0x0000011d41fb9410 code [0x0000011d41fb95a0, 0x0000011d41fb9858]
Event: 879.627 Thread 0x0000011d4b82e810 25490   !   3       java.util.concurrent.LinkedTransferQueue$DualNode::await (249 bytes)
Event: 879.669 Thread 0x0000011d4b82e810 nmethod 25490 0x0000011d3b978410 code [0x0000011d3b978860, 0x0000011d3b97ac30]
Event: 880.144 Thread 0x0000011d4b82e810 25491       3       org.gradle.internal.time.Time::startCountdownTimer (13 bytes)
Event: 880.158 Thread 0x0000011d4b82e810 nmethod 25491 0x0000011d3b97b610 code [0x0000011d3b97b820, 0x0000011d3b97bdf8]
Event: 881.976 Thread 0x0000011d4b82c330 25492       4       org.gradle.cache.internal.DefaultFileLockManager$DefaultFileLock$$Lambda/0x0000011d4d1306a0::run (12 bytes)
Event: 882.027 Thread 0x0000011d4b82c330 nmethod 25492 0x0000011d41fb9990 code [0x0000011d41fb9b80, 0x0000011d41fb9ee0]
Event: 882.027 Thread 0x0000011d4b82c330 25493       4       org.gradle.cache.internal.DefaultFileLockManager$DefaultFileLock::lambda$lockInformationRegion$4 (37 bytes)
Event: 882.033 Thread 0x0000011d4b82c330 nmethod 25493 0x0000011d41fba210 code [0x0000011d41fba400, 0x0000011d41fba748]
Event: 882.092 Thread 0x0000011d4b82c330 25494  s    4       java.net.DatagramPacket::setData (42 bytes)
Event: 882.100 Thread 0x0000011d4b82c330 nmethod 25494 0x0000011d41fbaa10 code [0x0000011d41fbaba0, 0x0000011d41fbaf18]
Event: 882.100 Thread 0x0000011d4b82c330 25495       4       java.nio.DirectByteBuffer::address (42 bytes)
Event: 882.104 Thread 0x0000011d4b82c330 nmethod 25495 0x0000011d41fbb090 code [0x0000011d41fbb220, 0x0000011d41fbb2d0]
Event: 893.128 Thread 0x0000011d4b82c330 25496  s    4       sun.nio.ch.FileLockImpl::release (78 bytes)
Event: 893.627 Thread 0x0000011d4b82c330 nmethod 25496 0x0000011d41fbb390 code [0x0000011d41fbb5a0, 0x0000011d41fbbee8]
Event: 898.601 Thread 0x0000011d4b82c330 25497   !   4       java.io.RandomAccessFile::close (69 bytes)

GC Heap History (20 events):
Event: 609.578 GC heap before
{Heap before GC invocations=135 (full 0):
 garbage-first heap   total 262144K, used 215828K [0x00000000e0000000, 0x0000000100000000)
  region size 1024K, 153 young (156672K), 6 survivors (6144K)
 Metaspace       used 75066K, committed 78464K, reserved 458752K
  class space    used 10107K, committed 11840K, reserved 327680K
}
Event: 609.585 GC heap after
{Heap after GC invocations=136 (full 0):
 garbage-first heap   total 262144K, used 67110K [0x00000000e0000000, 0x0000000100000000)
  region size 1024K, 8 young (8192K), 8 survivors (8192K)
 Metaspace       used 75066K, committed 78464K, reserved 458752K
  class space    used 10107K, committed 11840K, reserved 327680K
}
Event: 615.020 GC heap before
{Heap before GC invocations=136 (full 0):
 garbage-first heap   total 262144K, used 215590K [0x00000000e0000000, 0x0000000100000000)
  region size 1024K, 153 young (156672K), 8 survivors (8192K)
 Metaspace       used 75069K, committed 78464K, reserved 458752K
  class space    used 10107K, committed 11840K, reserved 327680K
}
Event: 615.028 GC heap after
{Heap after GC invocations=137 (full 0):
 garbage-first heap   total 262144K, used 68317K [0x00000000e0000000, 0x0000000100000000)
  region size 1024K, 9 young (9216K), 9 survivors (9216K)
 Metaspace       used 75069K, committed 78464K, reserved 458752K
  class space    used 10107K, committed 11840K, reserved 327680K
}
Event: 620.645 GC heap before
{Heap before GC invocations=137 (full 0):
 garbage-first heap   total 262144K, used 215773K [0x00000000e0000000, 0x0000000100000000)
  region size 1024K, 153 young (156672K), 9 survivors (9216K)
 Metaspace       used 75069K, committed 78464K, reserved 458752K
  class space    used 10107K, committed 11840K, reserved 327680K
}
Event: 620.653 GC heap after
{Heap after GC invocations=138 (full 0):
 garbage-first heap   total 262144K, used 69865K [0x00000000e0000000, 0x0000000100000000)
  region size 1024K, 10 young (10240K), 10 survivors (10240K)
 Metaspace       used 75069K, committed 78464K, reserved 458752K
  class space    used 10107K, committed 11840K, reserved 327680K
}
Event: 625.641 GC heap before
{Heap before GC invocations=138 (full 0):
 garbage-first heap   total 262144K, used 216297K [0x00000000e0000000, 0x0000000100000000)
  region size 1024K, 153 young (156672K), 10 survivors (10240K)
 Metaspace       used 75069K, committed 78464K, reserved 458752K
  class space    used 10107K, committed 11840K, reserved 327680K
}
Event: 625.646 GC heap after
{Heap after GC invocations=139 (full 0):
 garbage-first heap   total 262144K, used 67289K [0x00000000e0000000, 0x0000000100000000)
  region size 1024K, 8 young (8192K), 8 survivors (8192K)
 Metaspace       used 75069K, committed 78464K, reserved 458752K
  class space    used 10107K, committed 11840K, reserved 327680K
}
Event: 630.789 GC heap before
{Heap before GC invocations=139 (full 0):
 garbage-first heap   total 262144K, used 215769K [0x00000000e0000000, 0x0000000100000000)
  region size 1024K, 153 young (156672K), 8 survivors (8192K)
 Metaspace       used 75075K, committed 78464K, reserved 458752K
  class space    used 10107K, committed 11840K, reserved 327680K
}
Event: 630.794 GC heap after
{Heap after GC invocations=140 (full 0):
 garbage-first heap   total 262144K, used 67378K [0x00000000e0000000, 0x0000000100000000)
  region size 1024K, 8 young (8192K), 8 survivors (8192K)
 Metaspace       used 75075K, committed 78464K, reserved 458752K
  class space    used 10107K, committed 11840K, reserved 327680K
}
Event: 636.183 GC heap before
{Heap before GC invocations=140 (full 0):
 garbage-first heap   total 262144K, used 215858K [0x00000000e0000000, 0x0000000100000000)
  region size 1024K, 153 young (156672K), 8 survivors (8192K)
 Metaspace       used 75076K, committed 78464K, reserved 458752K
  class space    used 10107K, committed 11840K, reserved 327680K
}
Event: 636.190 GC heap after
{Heap after GC invocations=141 (full 0):
 garbage-first heap   total 262144K, used 67989K [0x00000000e0000000, 0x0000000100000000)
  region size 1024K, 8 young (8192K), 8 survivors (8192K)
 Metaspace       used 75076K, committed 78464K, reserved 458752K
  class space    used 10107K, committed 11840K, reserved 327680K
}
Event: 643.919 GC heap before
{Heap before GC invocations=141 (full 0):
 garbage-first heap   total 262144K, used 216469K [0x00000000e0000000, 0x0000000100000000)
  region size 1024K, 153 young (156672K), 8 survivors (8192K)
 Metaspace       used 75077K, committed 78464K, reserved 458752K
  class space    used 10107K, committed 11840K, reserved 327680K
}
Event: 643.925 GC heap after
{Heap after GC invocations=142 (full 0):
 garbage-first heap   total 262144K, used 62709K [0x00000000e0000000, 0x0000000100000000)
  region size 1024K, 3 young (3072K), 3 survivors (3072K)
 Metaspace       used 75077K, committed 78464K, reserved 458752K
  class space    used 10107K, committed 11840K, reserved 327680K
}
Event: 650.425 GC heap before
{Heap before GC invocations=142 (full 0):
 garbage-first heap   total 262144K, used 216309K [0x00000000e0000000, 0x0000000100000000)
  region size 1024K, 153 young (156672K), 3 survivors (3072K)
 Metaspace       used 75084K, committed 78464K, reserved 458752K
  class space    used 10108K, committed 11840K, reserved 327680K
}
Event: 650.430 GC heap after
{Heap after GC invocations=143 (full 0):
 garbage-first heap   total 262144K, used 65069K [0x00000000e0000000, 0x0000000100000000)
  region size 1024K, 6 young (6144K), 6 survivors (6144K)
 Metaspace       used 75084K, committed 78464K, reserved 458752K
  class space    used 10108K, committed 11840K, reserved 327680K
}
Event: 657.540 GC heap before
{Heap before GC invocations=143 (full 0):
 garbage-first heap   total 262144K, used 215597K [0x00000000e0000000, 0x0000000100000000)
  region size 1024K, 153 young (156672K), 6 survivors (6144K)
 Metaspace       used 75084K, committed 78464K, reserved 458752K
  class space    used 10108K, committed 11840K, reserved 327680K
}
Event: 657.544 GC heap after
{Heap after GC invocations=144 (full 0):
 garbage-first heap   total 262144K, used 64604K [0x00000000e0000000, 0x0000000100000000)
  region size 1024K, 5 young (5120K), 5 survivors (5120K)
 Metaspace       used 75084K, committed 78464K, reserved 458752K
  class space    used 10108K, committed 11840K, reserved 327680K
}
Event: 883.216 GC heap before
{Heap before GC invocations=144 (full 0):
 garbage-first heap   total 262144K, used 216156K [0x00000000e0000000, 0x0000000100000000)
  region size 1024K, 153 young (156672K), 5 survivors (5120K)
 Metaspace       used 75087K, committed 78464K, reserved 458752K
  class space    used 10108K, committed 11840K, reserved 327680K
}
Event: 883.285 GC heap after
{Heap after GC invocations=145 (full 0):
 garbage-first heap   total 262144K, used 65036K [0x00000000e0000000, 0x0000000100000000)
  region size 1024K, 6 young (6144K), 6 survivors (6144K)
 Metaspace       used 75087K, committed 78464K, reserved 458752K
  class space    used 10108K, committed 11840K, reserved 327680K
}

Dll operation events (15 events):
Event: 0.039 Loaded shared library C:\Program Files\Java\jdk-21.0.10\bin\java.dll
Event: 0.124 Loaded shared library C:\Program Files\Java\jdk-21.0.10\bin\jsvml.dll
Event: 0.330 Loaded shared library C:\Program Files\Java\jdk-21.0.10\bin\zip.dll
Event: 0.350 Loaded shared library C:\Program Files\Java\jdk-21.0.10\bin\instrument.dll
Event: 0.367 Loaded shared library C:\Program Files\Java\jdk-21.0.10\bin\net.dll
Event: 0.384 Loaded shared library C:\Program Files\Java\jdk-21.0.10\bin\nio.dll
Event: 0.395 Loaded shared library C:\Program Files\Java\jdk-21.0.10\bin\zip.dll
Event: 1.173 Loaded shared library C:\Program Files\Java\jdk-21.0.10\bin\jimage.dll
Event: 2.445 Loaded shared library C:\Program Files\Java\jdk-21.0.10\bin\verify.dll
Event: 2.700 Loaded shared library C:\Users\harry\.gradle\native\660c5614fbf4a5f2a75b1949f50a0caf5cd603558e7d8a26e50b933a0cfb79d1\windows-amd64\native-platform.dll
Event: 2.806 Loaded shared library C:\Users\harry\.gradle\native\0.2.8\x86_64-windows-gnu\gradle-fileevents.dll
Event: 6.003 Loaded shared library C:\Program Files\Java\jdk-21.0.10\bin\management.dll
Event: 6.012 Loaded shared library C:\Program Files\Java\jdk-21.0.10\bin\management_ext.dll
Event: 6.425 Loaded shared library C:\Program Files\Java\jdk-21.0.10\bin\extnet.dll
Event: 7.020 Loaded shared library C:\Program Files\Java\jdk-21.0.10\bin\sunmscapi.dll

Deoptimization events (20 events):
Event: 720.600 Thread 0x0000011d673fe960 DEOPT PACKING pc=0x0000011d41843e98 sp=0x00000001d9efeb50
Event: 720.600 Thread 0x0000011d673fe960 DEOPT UNPACKING pc=0x0000011d401b46a2 sp=0x00000001d9efeae0 mode 2
Event: 720.920 Thread 0x0000011d673fe960 Uncommon trap: trap_request=0xfffffff4 fr.pc=0x0000011d41892c98 relative=0x0000000000000c58
Event: 721.032 Thread 0x0000011d673fe960 Uncommon trap: reason=null_check action=make_not_entrant pc=0x0000011d41892c98 method=java.util.concurrent.ThreadPoolExecutor.getTask()Ljava/lang/Runnable; @ 137 c2
Event: 721.032 Thread 0x0000011d673fe960 DEOPT PACKING pc=0x0000011d41892c98 sp=0x00000001d9efee50
Event: 721.032 Thread 0x0000011d673fe960 DEOPT UNPACKING pc=0x0000011d401b46a2 sp=0x00000001d9efee18 mode 2
Event: 721.063 Thread 0x0000011d673fe960 Uncommon trap: trap_request=0xffffff45 fr.pc=0x0000011d41ee1598 relative=0x0000000000001998
Event: 721.064 Thread 0x0000011d673fe960 Uncommon trap: reason=unstable_if action=reinterpret pc=0x0000011d41ee1598 method=java.util.concurrent.ThreadPoolExecutor.tryTerminate()V @ 12 c2
Event: 721.064 Thread 0x0000011d673fe960 DEOPT PACKING pc=0x0000011d41ee1598 sp=0x00000001d9efed70
Event: 721.064 Thread 0x0000011d673fe960 DEOPT UNPACKING pc=0x0000011d401b46a2 sp=0x00000001d9efed48 mode 2
Event: 782.424 Thread 0x0000011d6a28d710 DEOPT PACKING pc=0x0000011d3b7b0776 sp=0x00000001dceff170
Event: 783.987 Thread 0x0000011d6a28d710 DEOPT UNPACKING pc=0x0000011d401b4e42 sp=0x00000001dcefe668 mode 0
Event: 806.016 Thread 0x0000011d6509f930 Uncommon trap: trap_request=0xffffff45 fr.pc=0x0000011d417fd6fc relative=0x000000000000077c
Event: 806.016 Thread 0x0000011d6509f930 Uncommon trap: reason=unstable_if action=reinterpret pc=0x0000011d417fd6fc method=java.util.concurrent.LinkedTransferQueue$DualNode.await(Ljava/lang/Object;JLjava/lang/Object;Z)Ljava/lang/Object; @ 234 c2
Event: 806.194 Thread 0x0000011d6509f930 DEOPT PACKING pc=0x0000011d417fd6fc sp=0x00000001da4fec70
Event: 806.194 Thread 0x0000011d6509f930 DEOPT UNPACKING pc=0x0000011d401b46a2 sp=0x00000001da4fec20 mode 2
Event: 866.088 Thread 0x0000011d66f31c50 Uncommon trap: trap_request=0xffffff45 fr.pc=0x0000011d4186ae88 relative=0x00000000000003a8
Event: 866.288 Thread 0x0000011d66f31c50 Uncommon trap: reason=unstable_if action=reinterpret pc=0x0000011d4186ae88 method=it.unimi.dsi.fastutil.longs.Long2ObjectOpenHashMap.put(JLjava/lang/Object;)Ljava/lang/Object; @ 9 c2
Event: 866.509 Thread 0x0000011d66f31c50 DEOPT PACKING pc=0x0000011d4186ae88 sp=0x00000001d9df7df0
Event: 866.650 Thread 0x0000011d66f31c50 DEOPT UNPACKING pc=0x0000011d401b46a2 sp=0x00000001d9df7da0 mode 2

Classes loaded (20 events):
Event: 17.034 Loading class java/util/concurrent/ConcurrentLinkedQueue$Itr
Event: 17.034 Loading class java/util/concurrent/ConcurrentLinkedQueue$Itr done
Event: 17.244 Loading class java/util/TreeMap$ValueSpliterator
Event: 17.244 Loading class java/util/TreeMap$ValueSpliterator done
Event: 17.695 Loading class java/io/CharArrayWriter
Event: 17.695 Loading class java/io/CharArrayWriter done
Event: 17.701 Loading class java/net/UrlDeserializedState
Event: 17.701 Loading class java/net/UrlDeserializedState done
Event: 17.702 Loading class java/net/Proxy
Event: 17.705 Loading class java/net/Proxy done
Event: 17.763 Loading class java/time/Instant$1
Event: 17.763 Loading class java/time/Instant$1 done
Event: 17.802 Loading class java/util/concurrent/CompletableFuture$AsyncRun
Event: 17.802 Loading class java/util/concurrent/CompletableFuture$AsyncRun done
Event: 21.284 Loading class jdk/internal/math/FormattedFPDecimal
Event: 21.284 Loading class jdk/internal/math/FormattedFPDecimal done
Event: 21.285 Loading class sun/text/resources/cldr/FormatData_en
Event: 21.286 Loading class sun/text/resources/cldr/FormatData_en done
Event: 213.518 Loading class java/lang/invoke/MethodHandleImpl$CountingWrapper$1
Event: 213.518 Loading class java/lang/invoke/MethodHandleImpl$CountingWrapper$1 done

Classes unloaded (0 events):
No events

Classes redefined (0 events):
No events

Internal exceptions (20 events):
Event: 650.262 Thread 0x0000011d66f31c50 Exception <a 'java/lang/NoClassDefFoundError'{0x00000000e7a94368}: org/cyclonedx/gradle/CyclonedxPlugin> (0x00000000e7a94368) 
thrown [s\open\src\hotspot\share\oops\constantPool.cpp, line 873]
Event: 650.262 Thread 0x0000011d66f31c50 Exception <a 'java/lang/NoClassDefFoundError'{0x00000000e7a96f80}: com/google/protobuf/gradle/ProtobufPlugin> (0x00000000e7a96f80) 
thrown [s\open\src\hotspot\share\oops\constantPool.cpp, line 873]
Event: 651.269 Thread 0x0000011d66f31c50 Exception <a 'sun/nio/fs/WindowsException'{0x00000000e97f7050}> (0x00000000e97f7050) 
thrown [s\open\src\hotspot\share\prims\jni.cpp, line 520]
Event: 655.665 Thread 0x0000011d66f31c50 Exception <a 'sun/nio/fs/WindowsException'{0x00000000e922c360}> (0x00000000e922c360) 
thrown [s\open\src\hotspot\share\prims\jni.cpp, line 520]
Event: 655.667 Thread 0x0000011d66f31c50 Exception <a 'sun/nio/fs/WindowsException'{0x00000000e922da00}> (0x00000000e922da00) 
thrown [s\open\src\hotspot\share\prims\jni.cpp, line 520]
Event: 655.670 Thread 0x0000011d66f31c50 Exception <a 'sun/nio/fs/WindowsException'{0x00000000e922f090}> (0x00000000e922f090) 
thrown [s\open\src\hotspot\share\prims\jni.cpp, line 520]
Event: 655.672 Thread 0x0000011d66f31c50 Exception <a 'sun/nio/fs/WindowsException'{0x00000000e92303e0}> (0x00000000e92303e0) 
thrown [s\open\src\hotspot\share\prims\jni.cpp, line 520]
Event: 656.038 Thread 0x0000011d66f31c50 Exception <a 'java/lang/NoClassDefFoundError'{0x00000000e8a98068}: org/jetbrains/kotlin/gradle/plugin/KotlinPluginWrapper> (0x00000000e8a98068) 
thrown [s\open\src\hotspot\share\oops\constantPool.cpp, line 873]
Event: 656.038 Thread 0x0000011d66f31c50 Exception <a 'java/lang/NoClassDefFoundError'{0x00000000e8a9ac80}: org/graalvm/buildtools/gradle/NativeImagePlugin> (0x00000000e8a9ac80) 
thrown [s\open\src\hotspot\share\oops\constantPool.cpp, line 873]
Event: 656.039 Thread 0x0000011d66f31c50 Exception <a 'java/lang/NoClassDefFoundError'{0x00000000e8a9d888}: org/cyclonedx/gradle/CyclonedxPlugin> (0x00000000e8a9d888) 
thrown [s\open\src\hotspot\share\oops\constantPool.cpp, line 873]
Event: 656.039 Thread 0x0000011d66f31c50 Exception <a 'java/lang/NoClassDefFoundError'{0x00000000e8aa04a0}: com/google/protobuf/gradle/ProtobufPlugin> (0x00000000e8aa04a0) 
thrown [s\open\src\hotspot\share\oops\constantPool.cpp, line 873]
Event: 660.268 Thread 0x0000011d66f31c50 Exception <a 'sun/nio/fs/WindowsException'{0x00000000ea250790}> (0x00000000ea250790) 
thrown [s\open\src\hotspot\share\prims\jni.cpp, line 520]
Event: 696.123 Thread 0x0000011d66f31c50 Exception <a 'sun/nio/fs/WindowsException'{0x00000000e9dcb080}> (0x00000000e9dcb080) 
thrown [s\open\src\hotspot\share\prims\jni.cpp, line 520]
Event: 697.162 Thread 0x0000011d66f31c50 Exception <a 'sun/nio/fs/WindowsException'{0x00000000e9dcc720}> (0x00000000e9dcc720) 
thrown [s\open\src\hotspot\share\prims\jni.cpp, line 520]
Event: 697.191 Thread 0x0000011d66f31c50 Exception <a 'sun/nio/fs/WindowsException'{0x00000000e9dcddb0}> (0x00000000e9dcddb0) 
thrown [s\open\src\hotspot\share\prims\jni.cpp, line 520]
Event: 697.204 Thread 0x0000011d66f31c50 Exception <a 'sun/nio/fs/WindowsException'{0x00000000e9dcf100}> (0x00000000e9dcf100) 
thrown [s\open\src\hotspot\share\prims\jni.cpp, line 520]
Event: 707.605 Thread 0x0000011d66f31c50 Exception <a 'java/lang/NoClassDefFoundError'{0x00000000e95c5500}: org/jetbrains/kotlin/gradle/plugin/KotlinPluginWrapper> (0x00000000e95c5500) 
thrown [s\open\src\hotspot\share\oops\constantPool.cpp, line 873]
Event: 707.605 Thread 0x0000011d66f31c50 Exception <a 'java/lang/NoClassDefFoundError'{0x00000000e95c8118}: org/graalvm/buildtools/gradle/NativeImagePlugin> (0x00000000e95c8118) 
thrown [s\open\src\hotspot\share\oops\constantPool.cpp, line 873]
Event: 707.605 Thread 0x0000011d66f31c50 Exception <a 'java/lang/NoClassDefFoundError'{0x00000000e95cad20}: org/cyclonedx/gradle/CyclonedxPlugin> (0x00000000e95cad20) 
thrown [s\open\src\hotspot\share\oops\constantPool.cpp, line 873]
Event: 707.606 Thread 0x0000011d66f31c50 Exception <a 'java/lang/NoClassDefFoundError'{0x00000000e95cd938}: com/google/protobuf/gradle/ProtobufPlugin> (0x00000000e95cd938) 
thrown [s\open\src\hotspot\share\oops\constantPool.cpp, line 873]

ZGC Phase Switch (0 events):
No events

VM Operations (20 events):
Event: 656.477 Executing VM operation: Cleanup
Event: 656.477 Executing VM operation: Cleanup done
Event: 657.540 Executing VM operation: G1CollectForAllocation (G1 Evacuation Pause)
Event: 657.544 Executing VM operation: G1CollectForAllocation (G1 Evacuation Pause) done
Event: 661.778 Executing VM operation: HandshakeAllThreads (HandshakeForDeflation)
Event: 661.778 Executing VM operation: HandshakeAllThreads (HandshakeForDeflation) done
Event: 661.778 Executing VM operation: RendezvousGCThreads
Event: 661.778 Executing VM operation: RendezvousGCThreads done
Event: 722.061 Executing VM operation: HandshakeAllThreads (HandshakeForDeflation)
Event: 722.216 Executing VM operation: HandshakeAllThreads (HandshakeForDeflation) done
Event: 722.216 Executing VM operation: RendezvousGCThreads
Event: 722.216 Executing VM operation: RendezvousGCThreads done
Event: 819.377 Executing VM operation: Cleanup
Event: 820.186 Executing VM operation: Cleanup done
Event: 858.698 Executing VM operation: Cleanup
Event: 859.064 Executing VM operation: Cleanup done
Event: 882.245 Executing VM operation: Cleanup
Event: 882.245 Executing VM operation: Cleanup done
Event: 883.214 Executing VM operation: G1CollectForAllocation (G1 Evacuation Pause)
Event: 883.285 Executing VM operation: G1CollectForAllocation (G1 Evacuation Pause) done

Events (20 events):
Event: 687.676 Thread 0x0000011d676a2390 Thread added: 0x0000011d676a2390
Event: 688.422 Thread 0x0000011d6769ef10 Thread added: 0x0000011d6769ef10
Event: 695.331 Thread 0x0000011d676a2a20 Thread added: 0x0000011d676a2a20
Event: 695.394 Thread 0x0000011d6769f5a0 Thread added: 0x0000011d6769f5a0
Event: 705.694 Thread 0x0000011d676a30b0 Thread added: 0x0000011d676a30b0
Event: 705.694 Thread 0x0000011d676a3dd0 Thread added: 0x0000011d676a3dd0
Event: 705.694 Thread 0x0000011d676a4af0 Thread added: 0x0000011d676a4af0
Event: 705.694 Thread 0x0000011d6ba58680 Thread added: 0x0000011d6ba58680
Event: 705.694 Thread 0x0000011d6ba58d10 Thread added: 0x0000011d6ba58d10
Event: 705.695 Thread 0x0000011d6ba55890 Thread added: 0x0000011d6ba55890
Event: 705.695 Thread 0x0000011d6ba57ff0 Thread added: 0x0000011d6ba57ff0
Event: 705.695 Thread 0x0000011d6ba572d0 Thread added: 0x0000011d6ba572d0
Event: 705.696 Thread 0x0000011d6ba55f20 Thread added: 0x0000011d6ba55f20
Event: 705.696 Thread 0x0000011d6ba565b0 Thread added: 0x0000011d6ba565b0
Event: 705.696 Thread 0x0000011d6ba56c40 Thread added: 0x0000011d6ba56c40
Event: 706.176 Thread 0x0000011d673fcf20 Thread added: 0x0000011d673fcf20
Event: 719.816 Thread 0x0000011d6a28f150 Thread exited: 0x0000011d6a28f150
Event: 721.065 Thread 0x0000011d673fe960 Thread exited: 0x0000011d673fe960
Event: 783.846 Thread 0x0000011d6a28dda0 Thread exited: 0x0000011d6a28dda0
Event: 844.977 Thread 0x0000011d6a28d710 Thread exited: 0x0000011d6a28d710


Dynamic libraries:
0x00007ff714160000 - 0x00007ff714170000 	C:\Program Files\Java\jdk-21.0.10\bin\java.exe
0x00007ff880d60000 - 0x00007ff880fc7000 	C:\WINDOWS\SYSTEM32\ntdll.dll
0x00007ff87ef60000 - 0x00007ff87f02b000 	C:\WINDOWS\System32\KERNEL32.DLL
0x00007ff87e670000 - 0x00007ff87ea72000 	C:\WINDOWS\System32\KERNELBASE.dll
0x00007ff87e510000 - 0x00007ff87e65c000 	C:\WINDOWS\System32\ucrtbase.dll
0x00007ff876d50000 - 0x00007ff876d69000 	C:\Program Files\Java\jdk-21.0.10\bin\jli.dll
0x00007ff880c50000 - 0x00007ff880d0c000 	C:\WINDOWS\System32\ADVAPI32.dll
0x00007ff87f510000 - 0x00007ff87f5b9000 	C:\WINDOWS\System32\msvcrt.dll
0x00007ff880b90000 - 0x00007ff880c39000 	C:\WINDOWS\System32\sechost.dll
0x00007ff87eae0000 - 0x00007ff87ebf8000 	C:\WINDOWS\System32\RPCRT4.dll
0x00007ff87f300000 - 0x00007ff87f4cf000 	C:\WINDOWS\System32\USER32.dll
0x00007ff87e020000 - 0x00007ff87e047000 	C:\WINDOWS\System32\win32u.dll
0x00007ff87f260000 - 0x00007ff87f28b000 	C:\WINDOWS\System32\GDI32.dll
0x00007ff87e100000 - 0x00007ff87e229000 	C:\WINDOWS\System32\gdi32full.dll
0x00007ff87e050000 - 0x00007ff87e0f3000 	C:\WINDOWS\System32\msvcp_win.dll
0x00007ff8757c0000 - 0x00007ff8757de000 	C:\Program Files\Java\jdk-21.0.10\bin\VCRUNTIME140.dll
0x00007ff873ff0000 - 0x00007ff873ffb000 	C:\WINDOWS\SYSTEM32\VERSION.dll
0x00007ff864f90000 - 0x00007ff865220000 	C:\WINDOWS\WinSxS\amd64_microsoft.windows.common-controls_6595b64144ccf1df_6.0.26100.9278_none_3e0d1ba8e3303201\COMCTL32.dll
0x00007ff87ee90000 - 0x00007ff87eec1000 	C:\WINDOWS\System32\IMM32.DLL
0x00007ff878580000 - 0x00007ff87858c000 	C:\Program Files\Java\jdk-21.0.10\bin\vcruntime140_1.dll
0x00007ff854fb0000 - 0x00007ff85503d000 	C:\Program Files\Java\jdk-21.0.10\bin\msvcp140.dll
0x00007fffb90f0000 - 0x00007fffb9e17000 	C:\Program Files\Java\jdk-21.0.10\bin\server\jvm.dll
0x00007ff87eed0000 - 0x00007ff87ef50000 	C:\WINDOWS\System32\WS2_32.dll
0x00007ff87dde0000 - 0x00007ff87de3e000 	C:\WINDOWS\SYSTEM32\POWRPROF.dll
0x00007ff873a90000 - 0x00007ff873ac6000 	C:\WINDOWS\SYSTEM32\WINMM.dll
0x00007ff87ddc0000 - 0x00007ff87ddd5000 	C:\WINDOWS\SYSTEM32\UMPDC.dll
0x00007ff87cc10000 - 0x00007ff87cc2b000 	C:\WINDOWS\SYSTEM32\kernel.appcore.dll
0x00007ff876d40000 - 0x00007ff876d4a000 	C:\Program Files\Java\jdk-21.0.10\bin\jimage.dll
0x00007ff87b3a0000 - 0x00007ff87b5ec000 	C:\WINDOWS\SYSTEM32\DBGHELP.DLL
0x00007ff880290000 - 0x00007ff880615000 	C:\WINDOWS\System32\combase.dll
0x00007ff87f7b0000 - 0x00007ff87f889000 	C:\WINDOWS\System32\OLEAUT32.dll
0x00007ff8638b0000 - 0x00007ff8638eb000 	C:\WINDOWS\SYSTEM32\dbgcore.DLL
0x00007ff87e450000 - 0x00007ff87e4fc000 	C:\WINDOWS\System32\bcryptPrimitives.dll
0x00007ff8746a0000 - 0x00007ff8746b0000 	C:\Program Files\Java\jdk-21.0.10\bin\instrument.dll
0x00007ff86b110000 - 0x00007ff86b131000 	C:\Program Files\Java\jdk-21.0.10\bin\java.dll
0x00007ff87f910000 - 0x00007ff8800a8000 	C:\WINDOWS\System32\SHELL32.dll
0x00007ff87b980000 - 0x00007ff87c22e000 	C:\WINDOWS\SYSTEM32\windows.storage.dll
0x00007ff87ec90000 - 0x00007ff87ed8b000 	C:\WINDOWS\System32\SHCORE.dll
0x00007ff87f290000 - 0x00007ff87f2f6000 	C:\WINDOWS\System32\shlwapi.dll
0x00007ff87de80000 - 0x00007ff87dea9000 	C:\WINDOWS\SYSTEM32\profapi.dll
0x00007ff80b2e0000 - 0x00007ff80b3b7000 	C:\Program Files\Java\jdk-21.0.10\bin\jsvml.dll
0x00007ff874680000 - 0x00007ff874698000 	C:\Program Files\Java\jdk-21.0.10\bin\zip.dll
0x00007ff8683c0000 - 0x00007ff8683d1000 	C:\Program Files\Java\jdk-21.0.10\bin\net.dll
0x00007ff877d60000 - 0x00007ff877e8a000 	C:\WINDOWS\SYSTEM32\WINHTTP.dll
0x00007ff87d1f0000 - 0x00007ff87d25c000 	C:\WINDOWS\system32\mswsock.dll
0x00007ff867d90000 - 0x00007ff867da6000 	C:\Program Files\Java\jdk-21.0.10\bin\nio.dll
0x00007ff879da0000 - 0x00007ff879db0000 	C:\Program Files\Java\jdk-21.0.10\bin\verify.dll
0x00007ff80a9a0000 - 0x00007ff80a9c7000 	C:\Users\harry\.gradle\native\660c5614fbf4a5f2a75b1949f50a0caf5cd603558e7d8a26e50b933a0cfb79d1\windows-amd64\native-platform.dll
0x00007ff874b00000 - 0x00007ff874b77000 	C:\Users\harry\.gradle\native\0.2.8\x86_64-windows-gnu\gradle-fileevents.dll
0x00007ff879b20000 - 0x00007ff879b2a000 	C:\Program Files\Java\jdk-21.0.10\bin\management.dll
0x00007ff879b10000 - 0x00007ff879b1c000 	C:\Program Files\Java\jdk-21.0.10\bin\management_ext.dll
0x00007ff87ec00000 - 0x00007ff87ec08000 	C:\WINDOWS\System32\PSAPI.DLL
0x00007ff87c580000 - 0x00007ff87c5b3000 	C:\WINDOWS\SYSTEM32\IPHLPAPI.DLL
0x00007ff880c40000 - 0x00007ff880c4a000 	C:\WINDOWS\System32\NSI.dll
0x00007ff878850000 - 0x00007ff878859000 	C:\Program Files\Java\jdk-21.0.10\bin\extnet.dll
0x00007ff87d4e0000 - 0x00007ff87d4fb000 	C:\WINDOWS\SYSTEM32\CRYPTSP.dll
0x00007ff87cb60000 - 0x00007ff87cb99000 	C:\WINDOWS\system32\rsaenh.dll
0x00007ff87d2a0000 - 0x00007ff87d2d4000 	C:\WINDOWS\SYSTEM32\USERENV.dll
0x00007ff87de50000 - 0x00007ff87de7a000 	C:\WINDOWS\SYSTEM32\bcrypt.dll
0x00007ff87d500000 - 0x00007ff87d50c000 	C:\WINDOWS\SYSTEM32\CRYPTBASE.dll
0x00007ff878840000 - 0x00007ff87884e000 	C:\Program Files\Java\jdk-21.0.10\bin\sunmscapi.dll
0x00007ff87e2c0000 - 0x00007ff87e43e000 	C:\WINDOWS\System32\CRYPT32.dll
0x00007ff87d720000 - 0x00007ff87d750000 	C:\WINDOWS\SYSTEM32\ncrypt.dll
0x00007ff87d6d0000 - 0x00007ff87d70f000 	C:\WINDOWS\SYSTEM32\NTASN1.dll
0x00007ff856150000 - 0x00007ff856158000 	C:\WINDOWS\system32\wshunix.dll

dbghelp: loaded successfully - version: 4.0.5 - missing functions: none
symbol engine: initialized successfully - sym options: 0x614 - pdb path: .;C:\Program Files\Java\jdk-21.0.10\bin;C:\WINDOWS\SYSTEM32;C:\WINDOWS\WinSxS\amd64_microsoft.windows.common-controls_6595b64144ccf1df_6.0.26100.9278_none_3e0d1ba8e3303201;C:\Program Files\Java\jdk-21.0.10\bin\server;C:\Users\harry\.gradle\native\660c5614fbf4a5f2a75b1949f50a0caf5cd603558e7d8a26e50b933a0cfb79d1\windows-amd64;C:\Users\harry\.gradle\native\0.2.8\x86_64-windows-gnu

VM Arguments:
jvm_args: -Dfile.encoding=UTF-8 --add-opens=java.base/java.lang=ALL-UNNAMED --add-opens=java.base/java.lang.invoke=ALL-UNNAMED --add-opens=java.base/java.util=ALL-UNNAMED --add-opens=java.prefs/java.util.prefs=ALL-UNNAMED --add-exports=jdk.compiler/com.sun.tools.javac.api=ALL-UNNAMED --add-exports=jdk.compiler/com.sun.tools.javac.util=ALL-UNNAMED --add-opens=java.base/java.nio.charset=ALL-UNNAMED --add-opens=java.base/java.net=ALL-UNNAMED --add-opens=java.base/java.util.concurrent=ALL-UNNAMED --add-opens=java.base/java.util.concurrent.atomic=ALL-UNNAMED --add-opens=java.xml/javax.xml.namespace=ALL-UNNAMED --add-opens=java.base/java.time=ALL-UNNAMED -XX:MaxMetaspaceSize=384m -XX:+HeapDumpOnOutOfMemoryError -Xms256m -Xmx512m -Dfile.encoding=UTF-8 -Duser.country=KR -Duser.language=ko -Duser.variant -javaagent:C:\Users\harry\.gradle\wrapper\dists\gradle-9.5.1-bin\iq79hdu3mqx29lgffhp8bfmx\gradle-9.5.1\lib\agents\gradle-instrumentation-agent-9.5.1.jar 
java_command: org.gradle.launcher.daemon.bootstrap.GradleDaemon 9.5.1
java_class_path (initial): C:\Users\harry\.gradle\wrapper\dists\gradle-9.5.1-bin\iq79hdu3mqx29lgffhp8bfmx\gradle-9.5.1\lib\gradle-daemon-main-9.5.1.jar
Launcher Type: SUN_STANDARD

[Global flags]
     intx CICompilerCount                          = 4                                         {product} {ergonomic}
   size_t CompressedClassSpaceSize                 = 335544320                                 {product} {ergonomic}
     uint ConcGCThreads                            = 3                                         {product} {ergonomic}
     uint G1ConcRefinementThreads                  = 10                                        {product} {ergonomic}
   size_t G1HeapRegionSize                         = 1048576                                   {product} {ergonomic}
    uintx GCDrainStackTargetSize                   = 64                                        {product} {ergonomic}
     bool HeapDumpOnOutOfMemoryError               = true                                   {manageable} {command line}
   size_t InitialHeapSize                          = 268435456                                 {product} {command line}
   size_t MarkStackSize                            = 4194304                                   {product} {ergonomic}
   size_t MaxHeapSize                              = 536870912                                 {product} {command line}
   size_t MaxMetaspaceSize                         = 402653184                                 {product} {command line}
   size_t MaxNewSize                               = 321912832                                 {product} {ergonomic}
   size_t MinHeapDeltaBytes                        = 1048576                                   {product} {ergonomic}
   size_t MinHeapSize                              = 268435456                                 {product} {command line}
    uintx NonNMethodCodeHeapSize                   = 5839372                                {pd product} {ergonomic}
    uintx NonProfiledCodeHeapSize                  = 122909434                              {pd product} {ergonomic}
    uintx ProfiledCodeHeapSize                     = 122909434                              {pd product} {ergonomic}
    uintx ReservedCodeCacheSize                    = 251658240                              {pd product} {ergonomic}
     bool SegmentedCodeCache                       = true                                      {product} {ergonomic}
   size_t SoftMaxHeapSize                          = 536870912                              {manageable} {ergonomic}
     bool UseCompressedOops                        = true                           {product lp64_product} {ergonomic}
     bool UseG1GC                                  = true                                      {product} {ergonomic}
     bool UseLargePagesIndividualAllocation        = false                                  {pd product} {ergonomic}

Logging:
Log output configuration:
 #0: stdout all=warning uptime,level,tags foldmultilines=false
 #1: stderr all=off uptime,level,tags foldmultilines=false

Environment Variables:
JAVA_TOOL_OPTIONS=-Dfile.encoding=UTF-8
PATH=C:\Program Files\Common Files\Oracle\Java\javapath;C:\Program Files (x86)\VMware\VMware Workstation\bin\;C:\WINDOWS\system32;C:\WINDOWS;C:\WINDOWS\System32\Wbem;C:\WINDOWS\System32\WindowsPowerShell\v1.0\;C:\WINDOWS\System32\OpenSSH\;C:\Program Files\nodejs\;C:\Program Files\Git\cmd;C:\apache-maven-3.9.12-bin\apache-maven-3.9.12\bin;C:\Program Files\Microsoft SQL Server\Client SDK\ODBC\170\Tools\Binn\;C:\Program Files\Microsoft SQL Server\160\DTS\Binn\;C:\Program Files (x86)\cloudflared\;C:\Users\harry\.local\bin;C:\Users\harry\AppData\Local\Microsoft\WindowsApps;C:\Users\harry\AppData\Local\Programs\Microsoft VS Code\bin;C:\Users\harry\AppData\Roaming\npm;C:\Users\harry\AppData\Local\GitHubDesktop\bin;C:\Users\harry\.lmstudio\bin;C:\Program Files\JetBrains\IntelliJ IDEA 2026.2.1\bin;C:\Users\harry\AppData\Local\Programs\DockerDesktop\resources\bin
USERNAME=harry
OS=Windows_NT
PROCESSOR_IDENTIFIER=Intel64 Family 6 Model 186 Stepping 3, GenuineIntel
TMP=C:\Users\harry\AppData\Local\Temp
TEMP=C:\Users\harry\AppData\Local\Temp




Periodic native trim disabled

---------------  S Y S T E M  ---------------

OS:
 Windows 11 , 64 bit Build 26100 (10.0.26100.9444)
OS uptime: 5 days 0:53 hours
Hyper-V role detected

CPU: total 12 (initial active 12) (6 cores per cpu, 2 threads per core) family 6 model 186 stepping 3 microcode 0x411f, cx8, cmov, fxsr, ht, mmx, 3dnowpref, sse, sse2, sse3, ssse3, sse4.1, sse4.2, popcnt, lzcnt, tsc, tscinvbit, avx, avx2, aes, erms, clmul, bmi1, bmi2, adx, sha, fma, vzeroupper, clflush, clflushopt, clwb, hv, serialize, rdtscp, rdpid, fsrm, f16c, cet_ibt, cet_ss
Processor Information for processor 0
  Max Mhz: 1300, Current Mhz: 1300, Mhz Limit: 1300
Processor Information for processor 1
  Max Mhz: 1300, Current Mhz: 1300, Mhz Limit: 1300
Processor Information for processor 2
  Max Mhz: 1300, Current Mhz: 1300, Mhz Limit: 1300
Processor Information for processor 3
  Max Mhz: 1300, Current Mhz: 1300, Mhz Limit: 1300
Processor Information for processor 4
  Max Mhz: 1300, Current Mhz: 900, Mhz Limit: 897
Processor Information for processor 5
  Max Mhz: 1300, Current Mhz: 900, Mhz Limit: 897
Processor Information for processor 6
  Max Mhz: 1300, Current Mhz: 900, Mhz Limit: 897
Processor Information for processor 7
  Max Mhz: 1300, Current Mhz: 900, Mhz Limit: 897
Processor Information for processor 8
  Max Mhz: 1300, Current Mhz: 900, Mhz Limit: 897
Processor Information for processor 9
  Max Mhz: 1300, Current Mhz: 900, Mhz Limit: 897
Processor Information for processor 10
  Max Mhz: 1300, Current Mhz: 900, Mhz Limit: 897
Processor Information for processor 11
  Max Mhz: 1300, Current Mhz: 900, Mhz Limit: 897

Memory: 4k page, system-wide physical 16067M (258M free)
TotalPageFile size 65200M (AvailPageFile size 42M)
current process WorkingSet (physical memory assigned to process): 120M, peak: 531M
current process commit charge ("private bytes"): 599M, peak: 602M

vm_info: Java HotSpot(TM) 64-Bit Server VM (21.0.10+8-LTS-217) for windows-amd64 JRE (21.0.10+8-LTS-217), built on 2025-12-18T14:59:28Z by "mach5run" with MS VC++ 17.13 (VS2022)

END.
