#
# There is insufficient memory for the Java Runtime Environment to continue.
# Native memory allocation (malloc) failed to allocate 1886096 bytes. Error detail: Chunk::new
# Possible reasons:
#   The system is out of physical RAM or swap space
#   This process is running with CompressedOops enabled, and the Java Heap may be blocking the growth of the native heap
# Possible solutions:
#   Reduce memory load on the system
#   Increase physical memory or swap space
#   Check if swap backing store is full
#   Decrease Java heap size (-Xmx/-Xms)
#   Decrease number of Java threads
#   Decrease Java thread stack sizes (-Xss)
#   Set larger code cache with -XX:ReservedCodeCacheSize=
#   JVM is running with Unscaled Compressed Oops mode in which the Java heap is
#     placed in the first 4GB address space. The Java Heap base address is the
#     maximum limit for the native heap growth. Please use -XX:HeapBaseMinAddress
#     to set the Java Heap base and to place the Java Heap above 4GB virtual address.
# This output file may be truncated or incomplete.
#
#  Out of Memory Error (arena.cpp:168), pid=42816, tid=36568
#
# JRE version: OpenJDK Runtime Environment Temurin-21.0.12.1+1 (21.0.12.1+1) (build 21.0.12.1+1-LTS)
# Java VM: OpenJDK 64-Bit Server VM Temurin-21.0.12.1+1 (21.0.12.1+1-LTS, mixed mode, sharing, tiered, compressed oops, compressed class ptrs, g1 gc, windows-amd64)
# No core dump will be written. Minidumps are not enabled by default on client versions of Windows
#

---------------  S U M M A R Y ------------

Command Line: -Dfile.encoding=UTF-8 --add-opens=java.base/java.lang=ALL-UNNAMED --add-opens=java.base/java.lang.invoke=ALL-UNNAMED --add-opens=java.base/java.util=ALL-UNNAMED --add-opens=java.prefs/java.util.prefs=ALL-UNNAMED --add-exports=jdk.compiler/com.sun.tools.javac.api=ALL-UNNAMED --add-exports=jdk.compiler/com.sun.tools.javac.util=ALL-UNNAMED --add-opens=java.base/java.nio.charset=ALL-UNNAMED --add-opens=java.base/java.net=ALL-UNNAMED --add-opens=java.base/java.util.concurrent=ALL-UNNAMED --add-opens=java.base/java.util.concurrent.atomic=ALL-UNNAMED --add-opens=java.xml/javax.xml.namespace=ALL-UNNAMED --add-opens=java.base/java.time=ALL-UNNAMED -XX:MaxMetaspaceSize=384m -XX:+HeapDumpOnOutOfMemoryError -Xms256m -Xmx512m -Dfile.encoding=UTF-8 -Duser.country=KR -Duser.language=ko -Duser.variant -javaagent:C:\Users\harry\.gradle\wrapper\dists\gradle-9.5.1-bin\iq79hdu3mqx29lgffhp8bfmx\gradle-9.5.1\lib\agents\gradle-instrumentation-agent-9.5.1.jar org.gradle.launcher.daemon.bootstrap.GradleDaemon 9.5.1

Host: 13th Gen Intel(R) Core(TM) i5-1335U, 12 cores, 15G,  Windows 11 , 64 bit Build 26100 (10.0.26100.9444)
Time: Wed Sep 16 10:40:10 2026 elapsed time: 301.135173 seconds (0d 0h 5m 1s)

---------------  T H R E A D  ---------------

Current thread (0x00000233f7496fe0):  JavaThread "C2 CompilerThread0" daemon [_thread_in_native, id=36568, stack(0x000000a63df00000,0x000000a63e000000) (1024K)]


Current CompileTask:
C2:301141 5079       4       java.lang.invoke.InvokerBytecodeGenerator::addMethod (725 bytes)

Stack: [0x000000a63df00000,0x000000a63e000000]
Native frames: (J=compiled Java code, j=interpreted, Vv=VM code, C=native code)
V  [jvm.dll+0x6d83e9]
V  [jvm.dll+0x8b5736]
V  [jvm.dll+0x8b7cee]
V  [jvm.dll+0x8b83d3]
V  [jvm.dll+0x284596]
V  [jvm.dll+0xc685d]
V  [jvm.dll+0xc6da1]
V  [jvm.dll+0x3bf151]
V  [jvm.dll+0x38b6d2]
V  [jvm.dll+0x38ab1a]
V  [jvm.dll+0x24c700]
V  [jvm.dll+0x24bce0]
V  [jvm.dll+0x1cb4ae]
V  [jvm.dll+0x25baad]
V  [jvm.dll+0x25a03a]
V  [jvm.dll+0x3f8aae]
V  [jvm.dll+0x8600cd]
V  [jvm.dll+0x6d6c1d]
C  [ucrtbase.dll+0x2cd30]
C  [KERNEL32.DLL+0x2cd87]
C  [ntdll.dll+0xacaec]


---------------  P R O C E S S  ---------------

Threads class SMR info:
_java_thread_list=0x00000233fd988d00, length=27, elements={
0x00000233ee2e9730, 0x00000233f747de50, 0x00000233f74891d0, 0x00000233f7492640,
0x00000233f74931d0, 0x00000233f7494c80, 0x00000233f7496250, 0x00000233f7496fe0,
0x00000233f7497a80, 0x00000233f774acd0, 0x00000233f7763bf0, 0x00000233fd6e86a0,
0x00000233f787b680, 0x00000233fd5bf7a0, 0x00000233fd57b990, 0x00000233fd9876c0,
0x00000233fcb4fd60, 0x00000233fcb50a80, 0x00000233fcb4d600, 0x00000233ff3f2430,
0x00000233ff3f1080, 0x00000233ff3f4b90, 0x00000233ff3f1da0, 0x00000233ff3f65d0,
0x00000233ff3f3150, 0x00000233ff3f6c60, 0x00000233ff3f3e70
}

Java Threads: ( => current thread )
  0x00000233ee2e9730 JavaThread "main"                              [_thread_blocked, id=26096, stack(0x000000a63d100000,0x000000a63d200000) (1024K)]
  0x00000233f747de50 JavaThread "Reference Handler"          daemon [_thread_blocked, id=15452, stack(0x000000a63d900000,0x000000a63da00000) (1024K)]
  0x00000233f74891d0 JavaThread "Finalizer"                  daemon [_thread_blocked, id=43496, stack(0x000000a63da00000,0x000000a63db00000) (1024K)]
  0x00000233f7492640 JavaThread "Signal Dispatcher"          daemon [_thread_blocked, id=25244, stack(0x000000a63db00000,0x000000a63dc00000) (1024K)]
  0x00000233f74931d0 JavaThread "Attach Listener"            daemon [_thread_blocked, id=42580, stack(0x000000a63dc00000,0x000000a63dd00000) (1024K)]
  0x00000233f7494c80 JavaThread "Service Thread"             daemon [_thread_blocked, id=49884, stack(0x000000a63dd00000,0x000000a63de00000) (1024K)]
  0x00000233f7496250 JavaThread "Monitor Deflation Thread"   daemon [_thread_blocked, id=47396, stack(0x000000a63de00000,0x000000a63df00000) (1024K)]
=>0x00000233f7496fe0 JavaThread "C2 CompilerThread0"         daemon [_thread_in_native, id=36568, stack(0x000000a63df00000,0x000000a63e000000) (1024K)]
  0x00000233f7497a80 JavaThread "C1 CompilerThread0"         daemon [_thread_blocked, id=43724, stack(0x000000a63e000000,0x000000a63e100000) (1024K)]
  0x00000233f774acd0 JavaThread "Common-Cleaner"             daemon [_thread_blocked, id=11944, stack(0x000000a63e200000,0x000000a63e300000) (1024K)]
  0x00000233f7763bf0 JavaThread "Notification Thread"        daemon [_thread_blocked, id=40304, stack(0x000000a63e100000,0x000000a63e200000) (1024K)]
  0x00000233fd6e86a0 JavaThread "Daemon health stats"               [_thread_blocked, id=20700, stack(0x000000a63e800000,0x000000a63e900000) (1024K)]
  0x00000233f787b680 JavaThread "Incoming local TCP Connector on port 65048"        [_thread_in_native, id=26980, stack(0x000000a63e900000,0x000000a63ea00000) (1024K)]
  0x00000233fd5bf7a0 JavaThread "Daemon periodic checks"            [_thread_blocked, id=55048, stack(0x000000a63ea00000,0x000000a63eb00000) (1024K)]
  0x00000233fd57b990 JavaThread "Daemon"                            [_thread_blocked, id=55340, stack(0x000000a63eb00000,0x000000a63ec00000) (1024K)]
  0x00000233fd9876c0 JavaThread "Daemon worker"                     [_thread_blocked, id=55480, stack(0x000000a63ee00000,0x000000a63ef00000) (1024K)]
  0x00000233fcb4fd60 JavaThread "Cache worker for journal cache (C:\Users\harry\.gradle\caches\journal-1)"        [_thread_blocked, id=57164, stack(0x000000a63f200000,0x000000a63f300000) (1024K)]
  0x00000233fcb50a80 JavaThread "File lock request listener"        [_thread_in_native, id=57236, stack(0x000000a63f300000,0x000000a63f400000) (1024K)]
  0x00000233fcb4d600 JavaThread "Cache worker for file hash cache (C:\Users\harry\.gradle\caches\9.5.1\fileHashes)"        [_thread_blocked, id=56356, stack(0x000000a63f500000,0x000000a63f600000) (1024K)]
  0x00000233ff3f2430 JavaThread "File lock release action executor Thread 3"        [_thread_blocked, id=11388, stack(0x000000a63fa00000,0x000000a63fb00000) (1024K)]
  0x00000233ff3f1080 JavaThread "File watcher server"        daemon [_thread_in_native, id=43076, stack(0x000000a63fb00000,0x000000a63fc00000) (1024K)]
  0x00000233ff3f4b90 JavaThread "File watcher consumer"      daemon [_thread_blocked, id=8536, stack(0x000000a63fc00000,0x000000a63fd00000) (1024K)]
  0x00000233ff3f1da0 JavaThread "Cache worker for file content cache (C:\Users\harry\.gradle\caches\9.5.1\fileContent)"        [_thread_blocked, id=40352, stack(0x000000a63fd00000,0x000000a63fe00000) (1024K)]
  0x00000233ff3f65d0 JavaThread "jar transforms"                    [_thread_blocked, id=56412, stack(0x000000a640100000,0x000000a640200000) (1024K)]
  0x00000233ff3f3150 JavaThread "jar transforms Thread 2"           [_thread_blocked, id=50320, stack(0x000000a640200000,0x000000a640300000) (1024K)]
  0x00000233ff3f6c60 JavaThread "jar transforms Thread 3"           [_thread_blocked, id=19816, stack(0x000000a640300000,0x000000a640400000) (1024K)]
  0x00000233ff3f3e70 JavaThread "VFS cleanup"                       [_thread_blocked, id=28236, stack(0x000000a63ce00000,0x000000a63cf00000) (1024K)]
Total: 27

Other Threads:
  0x00000233f7463aa0 VMThread "VM Thread"                           [id=35756, stack(0x000000a63d800000,0x000000a63d900000) (1024K)]
  0x00000233f74545f0 WatcherThread "VM Periodic Task Thread"        [id=12604, stack(0x000000a63d700000,0x000000a63d800000) (1024K)]
  0x00000233f06ae470 WorkerThread "GC Thread#0"                     [id=39824, stack(0x000000a63d200000,0x000000a63d300000) (1024K)]
  0x00000233fc9b1eb0 WorkerThread "GC Thread#1"                     [id=1476, stack(0x000000a63e300000,0x000000a63e400000) (1024K)]
  0x00000233fc9ceca0 WorkerThread "GC Thread#2"                     [id=51284, stack(0x000000a63e400000,0x000000a63e500000) (1024K)]
  0x00000233fc9ab050 WorkerThread "GC Thread#3"                     [id=53684, stack(0x000000a63e500000,0x000000a63e600000) (1024K)]
  0x00000233fc9ab400 WorkerThread "GC Thread#4"                     [id=26900, stack(0x000000a63e600000,0x000000a63e700000) (1024K)]
  0x00000233fc9ab7b0 WorkerThread "GC Thread#5"                     [id=46624, stack(0x000000a63e700000,0x000000a63e800000) (1024K)]
  0x00000233fe2d7610 WorkerThread "GC Thread#6"                     [id=41060, stack(0x000000a63cf00000,0x000000a63d000000) (1024K)]
  0x00000233fe2d9ea0 WorkerThread "GC Thread#7"                     [id=13132, stack(0x000000a63d000000,0x000000a63d100000) (1024K)]
  0x00000233fe2d7260 WorkerThread "GC Thread#8"                     [id=34760, stack(0x000000a63f400000,0x000000a63f500000) (1024K)]
  0x00000233fe2d6b00 WorkerThread "GC Thread#9"                     [id=14868, stack(0x000000a63f600000,0x000000a63f700000) (1024K)]
  0x00000233f06b3370 ConcurrentGCThread "G1 Main Marker"            [id=35616, stack(0x000000a63d300000,0x000000a63d400000) (1024K)]
  0x00000233f06b3d90 WorkerThread "G1 Conc#0"                       [id=10976, stack(0x000000a63d400000,0x000000a63d500000) (1024K)]
  0x00000233fe2d9740 WorkerThread "G1 Conc#1"                       [id=36292, stack(0x000000a63f700000,0x000000a63f800000) (1024K)]
  0x00000233fe2d84d0 WorkerThread "G1 Conc#2"                       [id=10304, stack(0x000000a63f800000,0x000000a63f900000) (1024K)]
  0x00000233f7326610 ConcurrentGCThread "G1 Refine#0"               [id=19800, stack(0x000000a63d500000,0x000000a63d600000) (1024K)]
  0x00000233f7327e50 ConcurrentGCThread "G1 Service"                [id=24084, stack(0x000000a63d600000,0x000000a63d700000) (1024K)]
Total: 18

Threads with active compile tasks:
C2 CompilerThread0  307862 5079       4       java.lang.invoke.InvokerBytecodeGenerator::addMethod (725 bytes)
Total: 1

VM state: not at safepoint (normal execution)

VM Mutex/Monitor currently owned by a thread: None

Heap address: 0x00000000e0000000, size: 512 MB, Compressed Oops mode: 32-bit

CDS archive(s) mapped at: [0x000002338f000000-0x000002338fba0000-0x000002338fba0000), size 12189696, SharedBaseAddress: 0x000002338f000000, ArchiveRelocationMode: 1.
Compressed class space mapped at: 0x0000023390000000-0x00000233a4000000, reserved size: 335544320
Narrow klass base: 0x000002338f000000, Narrow klass shift: 0, Narrow klass range: 0x100000000

GC Precious Log:
 CardTable entry size: 512
 Card Set container configuration: InlinePtr #cards 5 size 8 Array Of Cards #cards 12 size 40 Howl #buckets 4 coarsen threshold 1843 Howl Bitmap #cards 512 size 80 coarsen threshold 460 Card regions per heap region 1 cards per card region 2048
 CPUs: 12 total, 12 available
 Memory: 16067M
 Large Page Support: Disabled
 NUMA Support: Disabled
 Compressed Oops: Enabled (32-bit)
 Heap Region Size: 1M
 Heap Min Capacity: 256M
 Heap Initial Capacity: 256M
 Heap Max Capacity: 512M
 Pre-touch: Disabled
 Parallel Workers: 10
 Concurrent Workers: 3
 Concurrent Refinement Workers: 10
 Periodic GC: Disabled

Heap:
 garbage-first heap   total 262144K, used 39237K [0x00000000e0000000, 0x0000000100000000)
  region size 1024K, 7 young (7168K), 3 survivors (3072K)
 Metaspace       used 44956K, committed 46784K, reserved 393216K
  class space    used 6640K, committed 7552K, reserved 327680K

Heap Regions: E=young(eden), S=young(survivor), O=old, HS=humongous(starts), HC=humongous(continues), CS=collection set, F=free, TAMS=top-at-mark-start, PB=parsable bottom
|   0|0x00000000e0000000, 0x00000000e0100000, 0x00000000e0100000|100%|HS|  |TAMS 0x00000000e0000000| PB 0x00000000e0000000| Complete 
|   1|0x00000000e0100000, 0x00000000e0200000, 0x00000000e0200000|100%|HC|  |TAMS 0x00000000e0100000| PB 0x00000000e0100000| Complete 
|   2|0x00000000e0200000, 0x00000000e0300000, 0x00000000e0300000|100%|HC|  |TAMS 0x00000000e0200000| PB 0x00000000e0200000| Complete 
|   3|0x00000000e0300000, 0x00000000e0400000, 0x00000000e0400000|100%|HC|  |TAMS 0x00000000e0300000| PB 0x00000000e0300000| Complete 
|   4|0x00000000e0400000, 0x00000000e0500000, 0x00000000e0500000|100%| O|  |TAMS 0x00000000e0400000| PB 0x00000000e0400000| Untracked 
|   5|0x00000000e0500000, 0x00000000e0600000, 0x00000000e0600000|100%| O|  |TAMS 0x00000000e0500000| PB 0x00000000e0500000| Untracked 
|   6|0x00000000e0600000, 0x00000000e0700000, 0x00000000e0700000|100%| O|  |TAMS 0x00000000e0600000| PB 0x00000000e0600000| Untracked 
|   7|0x00000000e0700000, 0x00000000e0800000, 0x00000000e0800000|100%| O|  |TAMS 0x00000000e0700000| PB 0x00000000e0700000| Untracked 
|   8|0x00000000e0800000, 0x00000000e0900000, 0x00000000e0900000|100%| O|  |TAMS 0x00000000e0800000| PB 0x00000000e0800000| Untracked 
|   9|0x00000000e0900000, 0x00000000e0a00000, 0x00000000e0a00000|100%|HS|  |TAMS 0x00000000e0900000| PB 0x00000000e0900000| Complete 
|  10|0x00000000e0a00000, 0x00000000e0b00000, 0x00000000e0b00000|100%| O|  |TAMS 0x00000000e0a00000| PB 0x00000000e0a00000| Untracked 
|  11|0x00000000e0b00000, 0x00000000e0c00000, 0x00000000e0c00000|100%| O|  |TAMS 0x00000000e0b00000| PB 0x00000000e0b00000| Untracked 
|  12|0x00000000e0c00000, 0x00000000e0d00000, 0x00000000e0d00000|100%| O|  |TAMS 0x00000000e0c00000| PB 0x00000000e0c00000| Untracked 
|  13|0x00000000e0d00000, 0x00000000e0e00000, 0x00000000e0e00000|100%| O|  |TAMS 0x00000000e0d00000| PB 0x00000000e0d00000| Untracked 
|  14|0x00000000e0e00000, 0x00000000e0f00000, 0x00000000e0f00000|100%| O|  |TAMS 0x00000000e0e00000| PB 0x00000000e0e00000| Untracked 
|  15|0x00000000e0f00000, 0x00000000e1000000, 0x00000000e1000000|100%| O|  |TAMS 0x00000000e0f00000| PB 0x00000000e0f00000| Untracked 
|  16|0x00000000e1000000, 0x00000000e1100000, 0x00000000e1100000|100%| O|  |TAMS 0x00000000e1000000| PB 0x00000000e1000000| Untracked 
|  17|0x00000000e1100000, 0x00000000e1200000, 0x00000000e1200000|100%| O|  |TAMS 0x00000000e1100000| PB 0x00000000e1100000| Untracked 
|  18|0x00000000e1200000, 0x00000000e1300000, 0x00000000e1300000|100%| O|  |TAMS 0x00000000e1200000| PB 0x00000000e1200000| Untracked 
|  19|0x00000000e1300000, 0x00000000e1400000, 0x00000000e1400000|100%| O|  |TAMS 0x00000000e1300000| PB 0x00000000e1300000| Untracked 
|  20|0x00000000e1400000, 0x00000000e1500000, 0x00000000e1500000|100%| O|  |TAMS 0x00000000e1400000| PB 0x00000000e1400000| Untracked 
|  21|0x00000000e1500000, 0x00000000e1600000, 0x00000000e1600000|100%| O|  |TAMS 0x00000000e1500000| PB 0x00000000e1500000| Untracked 
|  22|0x00000000e1600000, 0x00000000e1700000, 0x00000000e1700000|100%| O|  |TAMS 0x00000000e1600000| PB 0x00000000e1600000| Untracked 
|  23|0x00000000e1700000, 0x00000000e1700000, 0x00000000e1800000|  0%| F|  |TAMS 0x00000000e1700000| PB 0x00000000e1700000| Untracked 
|  24|0x00000000e1800000, 0x00000000e1900000, 0x00000000e1900000|100%| O|  |TAMS 0x00000000e1800000| PB 0x00000000e1800000| Untracked 
|  25|0x00000000e1900000, 0x00000000e1a00000, 0x00000000e1a00000|100%| O|  |TAMS 0x00000000e1900000| PB 0x00000000e1900000| Untracked 
|  26|0x00000000e1a00000, 0x00000000e1b00000, 0x00000000e1b00000|100%| O|  |TAMS 0x00000000e1a00000| PB 0x00000000e1a00000| Untracked 
|  27|0x00000000e1b00000, 0x00000000e1c00000, 0x00000000e1c00000|100%| O|  |TAMS 0x00000000e1b00000| PB 0x00000000e1b00000| Untracked 
|  28|0x00000000e1c00000, 0x00000000e1d00000, 0x00000000e1d00000|100%| O|  |TAMS 0x00000000e1c00000| PB 0x00000000e1c00000| Untracked 
|  29|0x00000000e1d00000, 0x00000000e1e00000, 0x00000000e1e00000|100%| O|  |TAMS 0x00000000e1d00000| PB 0x00000000e1d00000| Untracked 
|  30|0x00000000e1e00000, 0x00000000e1f00000, 0x00000000e1f00000|100%| O|  |TAMS 0x00000000e1e00000| PB 0x00000000e1e00000| Untracked 
|  31|0x00000000e1f00000, 0x00000000e2000000, 0x00000000e2000000|100%| O|  |TAMS 0x00000000e1f00000| PB 0x00000000e1f00000| Untracked 
|  32|0x00000000e2000000, 0x00000000e2100000, 0x00000000e2100000|100%| O|  |TAMS 0x00000000e2000000| PB 0x00000000e2000000| Untracked 
|  33|0x00000000e2100000, 0x00000000e2200000, 0x00000000e2200000|100%| O|  |TAMS 0x00000000e2100000| PB 0x00000000e2100000| Untracked 
|  34|0x00000000e2200000, 0x00000000e2218300, 0x00000000e2300000|  9%| O|  |TAMS 0x00000000e2200000| PB 0x00000000e2200000| Untracked 
|  35|0x00000000e2300000, 0x00000000e2300000, 0x00000000e2400000|  0%| F|  |TAMS 0x00000000e2300000| PB 0x00000000e2300000| Untracked 
|  36|0x00000000e2400000, 0x00000000e2400000, 0x00000000e2500000|  0%| F|  |TAMS 0x00000000e2400000| PB 0x00000000e2400000| Untracked 
|  37|0x00000000e2500000, 0x00000000e2500000, 0x00000000e2600000|  0%| F|  |TAMS 0x00000000e2500000| PB 0x00000000e2500000| Untracked 
|  38|0x00000000e2600000, 0x00000000e2600000, 0x00000000e2700000|  0%| F|  |TAMS 0x00000000e2600000| PB 0x00000000e2600000| Untracked 
|  39|0x00000000e2700000, 0x00000000e2700000, 0x00000000e2800000|  0%| F|  |TAMS 0x00000000e2700000| PB 0x00000000e2700000| Untracked 
|  40|0x00000000e2800000, 0x00000000e2800000, 0x00000000e2900000|  0%| F|  |TAMS 0x00000000e2800000| PB 0x00000000e2800000| Untracked 
|  41|0x00000000e2900000, 0x00000000e2900000, 0x00000000e2a00000|  0%| F|  |TAMS 0x00000000e2900000| PB 0x00000000e2900000| Untracked 
|  42|0x00000000e2a00000, 0x00000000e2a00000, 0x00000000e2b00000|  0%| F|  |TAMS 0x00000000e2a00000| PB 0x00000000e2a00000| Untracked 
|  43|0x00000000e2b00000, 0x00000000e2b00000, 0x00000000e2c00000|  0%| F|  |TAMS 0x00000000e2b00000| PB 0x00000000e2b00000| Untracked 
|  44|0x00000000e2c00000, 0x00000000e2c00000, 0x00000000e2d00000|  0%| F|  |TAMS 0x00000000e2c00000| PB 0x00000000e2c00000| Untracked 
|  45|0x00000000e2d00000, 0x00000000e2d00000, 0x00000000e2e00000|  0%| F|  |TAMS 0x00000000e2d00000| PB 0x00000000e2d00000| Untracked 
|  46|0x00000000e2e00000, 0x00000000e2e00000, 0x00000000e2f00000|  0%| F|  |TAMS 0x00000000e2e00000| PB 0x00000000e2e00000| Untracked 
|  47|0x00000000e2f00000, 0x00000000e2f00000, 0x00000000e3000000|  0%| F|  |TAMS 0x00000000e2f00000| PB 0x00000000e2f00000| Untracked 
|  48|0x00000000e3000000, 0x00000000e3000000, 0x00000000e3100000|  0%| F|  |TAMS 0x00000000e3000000| PB 0x00000000e3000000| Untracked 
|  49|0x00000000e3100000, 0x00000000e3100000, 0x00000000e3200000|  0%| F|  |TAMS 0x00000000e3100000| PB 0x00000000e3100000| Untracked 
|  50|0x00000000e3200000, 0x00000000e3200000, 0x00000000e3300000|  0%| F|  |TAMS 0x00000000e3200000| PB 0x00000000e3200000| Untracked 
|  51|0x00000000e3300000, 0x00000000e3300000, 0x00000000e3400000|  0%| F|  |TAMS 0x00000000e3300000| PB 0x00000000e3300000| Untracked 
|  52|0x00000000e3400000, 0x00000000e3400000, 0x00000000e3500000|  0%| F|  |TAMS 0x00000000e3400000| PB 0x00000000e3400000| Untracked 
|  53|0x00000000e3500000, 0x00000000e3500000, 0x00000000e3600000|  0%| F|  |TAMS 0x00000000e3500000| PB 0x00000000e3500000| Untracked 
|  54|0x00000000e3600000, 0x00000000e3600000, 0x00000000e3700000|  0%| F|  |TAMS 0x00000000e3600000| PB 0x00000000e3600000| Untracked 
|  55|0x00000000e3700000, 0x00000000e3700000, 0x00000000e3800000|  0%| F|  |TAMS 0x00000000e3700000| PB 0x00000000e3700000| Untracked 
|  56|0x00000000e3800000, 0x00000000e3800000, 0x00000000e3900000|  0%| F|  |TAMS 0x00000000e3800000| PB 0x00000000e3800000| Untracked 
|  57|0x00000000e3900000, 0x00000000e3900000, 0x00000000e3a00000|  0%| F|  |TAMS 0x00000000e3900000| PB 0x00000000e3900000| Untracked 
|  58|0x00000000e3a00000, 0x00000000e3a00000, 0x00000000e3b00000|  0%| F|  |TAMS 0x00000000e3a00000| PB 0x00000000e3a00000| Untracked 
|  59|0x00000000e3b00000, 0x00000000e3b00000, 0x00000000e3c00000|  0%| F|  |TAMS 0x00000000e3b00000| PB 0x00000000e3b00000| Untracked 
|  60|0x00000000e3c00000, 0x00000000e3c00000, 0x00000000e3d00000|  0%| F|  |TAMS 0x00000000e3c00000| PB 0x00000000e3c00000| Untracked 
|  61|0x00000000e3d00000, 0x00000000e3d00000, 0x00000000e3e00000|  0%| F|  |TAMS 0x00000000e3d00000| PB 0x00000000e3d00000| Untracked 
|  62|0x00000000e3e00000, 0x00000000e3e00000, 0x00000000e3f00000|  0%| F|  |TAMS 0x00000000e3e00000| PB 0x00000000e3e00000| Untracked 
|  63|0x00000000e3f00000, 0x00000000e3f00000, 0x00000000e4000000|  0%| F|  |TAMS 0x00000000e3f00000| PB 0x00000000e3f00000| Untracked 
|  64|0x00000000e4000000, 0x00000000e4000000, 0x00000000e4100000|  0%| F|  |TAMS 0x00000000e4000000| PB 0x00000000e4000000| Untracked 
|  65|0x00000000e4100000, 0x00000000e4100000, 0x00000000e4200000|  0%| F|  |TAMS 0x00000000e4100000| PB 0x00000000e4100000| Untracked 
|  66|0x00000000e4200000, 0x00000000e4200000, 0x00000000e4300000|  0%| F|  |TAMS 0x00000000e4200000| PB 0x00000000e4200000| Untracked 
|  67|0x00000000e4300000, 0x00000000e4300000, 0x00000000e4400000|  0%| F|  |TAMS 0x00000000e4300000| PB 0x00000000e4300000| Untracked 
|  68|0x00000000e4400000, 0x00000000e4400000, 0x00000000e4500000|  0%| F|  |TAMS 0x00000000e4400000| PB 0x00000000e4400000| Untracked 
|  69|0x00000000e4500000, 0x00000000e4500000, 0x00000000e4600000|  0%| F|  |TAMS 0x00000000e4500000| PB 0x00000000e4500000| Untracked 
|  70|0x00000000e4600000, 0x00000000e4600000, 0x00000000e4700000|  0%| F|  |TAMS 0x00000000e4600000| PB 0x00000000e4600000| Untracked 
|  71|0x00000000e4700000, 0x00000000e4700000, 0x00000000e4800000|  0%| F|  |TAMS 0x00000000e4700000| PB 0x00000000e4700000| Untracked 
|  72|0x00000000e4800000, 0x00000000e4800000, 0x00000000e4900000|  0%| F|  |TAMS 0x00000000e4800000| PB 0x00000000e4800000| Untracked 
|  73|0x00000000e4900000, 0x00000000e4900000, 0x00000000e4a00000|  0%| F|  |TAMS 0x00000000e4900000| PB 0x00000000e4900000| Untracked 
|  74|0x00000000e4a00000, 0x00000000e4a00000, 0x00000000e4b00000|  0%| F|  |TAMS 0x00000000e4a00000| PB 0x00000000e4a00000| Untracked 
|  75|0x00000000e4b00000, 0x00000000e4b00000, 0x00000000e4c00000|  0%| F|  |TAMS 0x00000000e4b00000| PB 0x00000000e4b00000| Untracked 
|  76|0x00000000e4c00000, 0x00000000e4c00000, 0x00000000e4d00000|  0%| F|  |TAMS 0x00000000e4c00000| PB 0x00000000e4c00000| Untracked 
|  77|0x00000000e4d00000, 0x00000000e4d00000, 0x00000000e4e00000|  0%| F|  |TAMS 0x00000000e4d00000| PB 0x00000000e4d00000| Untracked 
|  78|0x00000000e4e00000, 0x00000000e4e00000, 0x00000000e4f00000|  0%| F|  |TAMS 0x00000000e4e00000| PB 0x00000000e4e00000| Untracked 
|  79|0x00000000e4f00000, 0x00000000e4f00000, 0x00000000e5000000|  0%| F|  |TAMS 0x00000000e4f00000| PB 0x00000000e4f00000| Untracked 
|  80|0x00000000e5000000, 0x00000000e5000000, 0x00000000e5100000|  0%| F|  |TAMS 0x00000000e5000000| PB 0x00000000e5000000| Untracked 
|  81|0x00000000e5100000, 0x00000000e5100000, 0x00000000e5200000|  0%| F|  |TAMS 0x00000000e5100000| PB 0x00000000e5100000| Untracked 
|  82|0x00000000e5200000, 0x00000000e5200000, 0x00000000e5300000|  0%| F|  |TAMS 0x00000000e5200000| PB 0x00000000e5200000| Untracked 
|  83|0x00000000e5300000, 0x00000000e5300000, 0x00000000e5400000|  0%| F|  |TAMS 0x00000000e5300000| PB 0x00000000e5300000| Untracked 
|  84|0x00000000e5400000, 0x00000000e5400000, 0x00000000e5500000|  0%| F|  |TAMS 0x00000000e5400000| PB 0x00000000e5400000| Untracked 
|  85|0x00000000e5500000, 0x00000000e5500000, 0x00000000e5600000|  0%| F|  |TAMS 0x00000000e5500000| PB 0x00000000e5500000| Untracked 
|  86|0x00000000e5600000, 0x00000000e5600000, 0x00000000e5700000|  0%| F|  |TAMS 0x00000000e5600000| PB 0x00000000e5600000| Untracked 
|  87|0x00000000e5700000, 0x00000000e5700000, 0x00000000e5800000|  0%| F|  |TAMS 0x00000000e5700000| PB 0x00000000e5700000| Untracked 
|  88|0x00000000e5800000, 0x00000000e5800000, 0x00000000e5900000|  0%| F|  |TAMS 0x00000000e5800000| PB 0x00000000e5800000| Untracked 
|  89|0x00000000e5900000, 0x00000000e5900000, 0x00000000e5a00000|  0%| F|  |TAMS 0x00000000e5900000| PB 0x00000000e5900000| Untracked 
|  90|0x00000000e5a00000, 0x00000000e5a00000, 0x00000000e5b00000|  0%| F|  |TAMS 0x00000000e5a00000| PB 0x00000000e5a00000| Untracked 
|  91|0x00000000e5b00000, 0x00000000e5b00000, 0x00000000e5c00000|  0%| F|  |TAMS 0x00000000e5b00000| PB 0x00000000e5b00000| Untracked 
|  92|0x00000000e5c00000, 0x00000000e5c00000, 0x00000000e5d00000|  0%| F|  |TAMS 0x00000000e5c00000| PB 0x00000000e5c00000| Untracked 
|  93|0x00000000e5d00000, 0x00000000e5d00000, 0x00000000e5e00000|  0%| F|  |TAMS 0x00000000e5d00000| PB 0x00000000e5d00000| Untracked 
|  94|0x00000000e5e00000, 0x00000000e5e00000, 0x00000000e5f00000|  0%| F|  |TAMS 0x00000000e5e00000| PB 0x00000000e5e00000| Untracked 
|  95|0x00000000e5f00000, 0x00000000e5f00000, 0x00000000e6000000|  0%| F|  |TAMS 0x00000000e5f00000| PB 0x00000000e5f00000| Untracked 
|  96|0x00000000e6000000, 0x00000000e6000000, 0x00000000e6100000|  0%| F|  |TAMS 0x00000000e6000000| PB 0x00000000e6000000| Untracked 
|  97|0x00000000e6100000, 0x00000000e6100000, 0x00000000e6200000|  0%| F|  |TAMS 0x00000000e6100000| PB 0x00000000e6100000| Untracked 
|  98|0x00000000e6200000, 0x00000000e6200000, 0x00000000e6300000|  0%| F|  |TAMS 0x00000000e6200000| PB 0x00000000e6200000| Untracked 
|  99|0x00000000e6300000, 0x00000000e6300000, 0x00000000e6400000|  0%| F|  |TAMS 0x00000000e6300000| PB 0x00000000e6300000| Untracked 
| 100|0x00000000e6400000, 0x00000000e6400000, 0x00000000e6500000|  0%| F|  |TAMS 0x00000000e6400000| PB 0x00000000e6400000| Untracked 
| 101|0x00000000e6500000, 0x00000000e6500000, 0x00000000e6600000|  0%| F|  |TAMS 0x00000000e6500000| PB 0x00000000e6500000| Untracked 
| 102|0x00000000e6600000, 0x00000000e6600000, 0x00000000e6700000|  0%| F|  |TAMS 0x00000000e6600000| PB 0x00000000e6600000| Untracked 
| 103|0x00000000e6700000, 0x00000000e6700000, 0x00000000e6800000|  0%| F|  |TAMS 0x00000000e6700000| PB 0x00000000e6700000| Untracked 
| 104|0x00000000e6800000, 0x00000000e6800000, 0x00000000e6900000|  0%| F|  |TAMS 0x00000000e6800000| PB 0x00000000e6800000| Untracked 
| 105|0x00000000e6900000, 0x00000000e6900000, 0x00000000e6a00000|  0%| F|  |TAMS 0x00000000e6900000| PB 0x00000000e6900000| Untracked 
| 106|0x00000000e6a00000, 0x00000000e6a00000, 0x00000000e6b00000|  0%| F|  |TAMS 0x00000000e6a00000| PB 0x00000000e6a00000| Untracked 
| 107|0x00000000e6b00000, 0x00000000e6b00000, 0x00000000e6c00000|  0%| F|  |TAMS 0x00000000e6b00000| PB 0x00000000e6b00000| Untracked 
| 108|0x00000000e6c00000, 0x00000000e6c00000, 0x00000000e6d00000|  0%| F|  |TAMS 0x00000000e6c00000| PB 0x00000000e6c00000| Untracked 
| 109|0x00000000e6d00000, 0x00000000e6d00000, 0x00000000e6e00000|  0%| F|  |TAMS 0x00000000e6d00000| PB 0x00000000e6d00000| Untracked 
| 110|0x00000000e6e00000, 0x00000000e6e00000, 0x00000000e6f00000|  0%| F|  |TAMS 0x00000000e6e00000| PB 0x00000000e6e00000| Untracked 
| 111|0x00000000e6f00000, 0x00000000e6f00000, 0x00000000e7000000|  0%| F|  |TAMS 0x00000000e6f00000| PB 0x00000000e6f00000| Untracked 
| 112|0x00000000e7000000, 0x00000000e7000000, 0x00000000e7100000|  0%| F|  |TAMS 0x00000000e7000000| PB 0x00000000e7000000| Untracked 
| 113|0x00000000e7100000, 0x00000000e7100000, 0x00000000e7200000|  0%| F|  |TAMS 0x00000000e7100000| PB 0x00000000e7100000| Untracked 
| 114|0x00000000e7200000, 0x00000000e7200000, 0x00000000e7300000|  0%| F|  |TAMS 0x00000000e7200000| PB 0x00000000e7200000| Untracked 
| 115|0x00000000e7300000, 0x00000000e7300000, 0x00000000e7400000|  0%| F|  |TAMS 0x00000000e7300000| PB 0x00000000e7300000| Untracked 
| 116|0x00000000e7400000, 0x00000000e7400000, 0x00000000e7500000|  0%| F|  |TAMS 0x00000000e7400000| PB 0x00000000e7400000| Untracked 
| 117|0x00000000e7500000, 0x00000000e7500000, 0x00000000e7600000|  0%| F|  |TAMS 0x00000000e7500000| PB 0x00000000e7500000| Untracked 
| 118|0x00000000e7600000, 0x00000000e7600000, 0x00000000e7700000|  0%| F|  |TAMS 0x00000000e7600000| PB 0x00000000e7600000| Untracked 
| 119|0x00000000e7700000, 0x00000000e7700000, 0x00000000e7800000|  0%| F|  |TAMS 0x00000000e7700000| PB 0x00000000e7700000| Untracked 
| 120|0x00000000e7800000, 0x00000000e7800000, 0x00000000e7900000|  0%| F|  |TAMS 0x00000000e7800000| PB 0x00000000e7800000| Untracked 
| 121|0x00000000e7900000, 0x00000000e7900000, 0x00000000e7a00000|  0%| F|  |TAMS 0x00000000e7900000| PB 0x00000000e7900000| Untracked 
| 122|0x00000000e7a00000, 0x00000000e7a00000, 0x00000000e7b00000|  0%| F|  |TAMS 0x00000000e7a00000| PB 0x00000000e7a00000| Untracked 
| 123|0x00000000e7b00000, 0x00000000e7b00000, 0x00000000e7c00000|  0%| F|  |TAMS 0x00000000e7b00000| PB 0x00000000e7b00000| Untracked 
| 124|0x00000000e7c00000, 0x00000000e7c00000, 0x00000000e7d00000|  0%| F|  |TAMS 0x00000000e7c00000| PB 0x00000000e7c00000| Untracked 
| 125|0x00000000e7d00000, 0x00000000e7d00000, 0x00000000e7e00000|  0%| F|  |TAMS 0x00000000e7d00000| PB 0x00000000e7d00000| Untracked 
| 126|0x00000000e7e00000, 0x00000000e7e00000, 0x00000000e7f00000|  0%| F|  |TAMS 0x00000000e7e00000| PB 0x00000000e7e00000| Untracked 
| 127|0x00000000e7f00000, 0x00000000e7f00000, 0x00000000e8000000|  0%| F|  |TAMS 0x00000000e7f00000| PB 0x00000000e7f00000| Untracked 
| 128|0x00000000e8000000, 0x00000000e8000000, 0x00000000e8100000|  0%| F|  |TAMS 0x00000000e8000000| PB 0x00000000e8000000| Untracked 
| 129|0x00000000e8100000, 0x00000000e8100000, 0x00000000e8200000|  0%| F|  |TAMS 0x00000000e8100000| PB 0x00000000e8100000| Untracked 
| 130|0x00000000e8200000, 0x00000000e8200000, 0x00000000e8300000|  0%| F|  |TAMS 0x00000000e8200000| PB 0x00000000e8200000| Untracked 
| 131|0x00000000e8300000, 0x00000000e8300000, 0x00000000e8400000|  0%| F|  |TAMS 0x00000000e8300000| PB 0x00000000e8300000| Untracked 
| 132|0x00000000e8400000, 0x00000000e8400000, 0x00000000e8500000|  0%| F|  |TAMS 0x00000000e8400000| PB 0x00000000e8400000| Untracked 
| 133|0x00000000e8500000, 0x00000000e8500000, 0x00000000e8600000|  0%| F|  |TAMS 0x00000000e8500000| PB 0x00000000e8500000| Untracked 
| 134|0x00000000e8600000, 0x00000000e8600000, 0x00000000e8700000|  0%| F|  |TAMS 0x00000000e8600000| PB 0x00000000e8600000| Untracked 
| 135|0x00000000e8700000, 0x00000000e8700000, 0x00000000e8800000|  0%| F|  |TAMS 0x00000000e8700000| PB 0x00000000e8700000| Untracked 
| 136|0x00000000e8800000, 0x00000000e8800000, 0x00000000e8900000|  0%| F|  |TAMS 0x00000000e8800000| PB 0x00000000e8800000| Untracked 
| 137|0x00000000e8900000, 0x00000000e8900000, 0x00000000e8a00000|  0%| F|  |TAMS 0x00000000e8900000| PB 0x00000000e8900000| Untracked 
| 138|0x00000000e8a00000, 0x00000000e8a00000, 0x00000000e8b00000|  0%| F|  |TAMS 0x00000000e8a00000| PB 0x00000000e8a00000| Untracked 
| 139|0x00000000e8b00000, 0x00000000e8b00000, 0x00000000e8c00000|  0%| F|  |TAMS 0x00000000e8b00000| PB 0x00000000e8b00000| Untracked 
| 140|0x00000000e8c00000, 0x00000000e8c00000, 0x00000000e8d00000|  0%| F|  |TAMS 0x00000000e8c00000| PB 0x00000000e8c00000| Untracked 
| 141|0x00000000e8d00000, 0x00000000e8d00000, 0x00000000e8e00000|  0%| F|  |TAMS 0x00000000e8d00000| PB 0x00000000e8d00000| Untracked 
| 142|0x00000000e8e00000, 0x00000000e8e00000, 0x00000000e8f00000|  0%| F|  |TAMS 0x00000000e8e00000| PB 0x00000000e8e00000| Untracked 
| 143|0x00000000e8f00000, 0x00000000e8f00000, 0x00000000e9000000|  0%| F|  |TAMS 0x00000000e8f00000| PB 0x00000000e8f00000| Untracked 
| 144|0x00000000e9000000, 0x00000000e9000000, 0x00000000e9100000|  0%| F|  |TAMS 0x00000000e9000000| PB 0x00000000e9000000| Untracked 
| 145|0x00000000e9100000, 0x00000000e9100000, 0x00000000e9200000|  0%| F|  |TAMS 0x00000000e9100000| PB 0x00000000e9100000| Untracked 
| 146|0x00000000e9200000, 0x00000000e9200000, 0x00000000e9300000|  0%| F|  |TAMS 0x00000000e9200000| PB 0x00000000e9200000| Untracked 
| 147|0x00000000e9300000, 0x00000000e9300000, 0x00000000e9400000|  0%| F|  |TAMS 0x00000000e9300000| PB 0x00000000e9300000| Untracked 
| 148|0x00000000e9400000, 0x00000000e9400000, 0x00000000e9500000|  0%| F|  |TAMS 0x00000000e9400000| PB 0x00000000e9400000| Untracked 
| 149|0x00000000e9500000, 0x00000000e9500000, 0x00000000e9600000|  0%| F|  |TAMS 0x00000000e9500000| PB 0x00000000e9500000| Untracked 
| 150|0x00000000e9600000, 0x00000000e9600000, 0x00000000e9700000|  0%| F|  |TAMS 0x00000000e9600000| PB 0x00000000e9600000| Untracked 
| 151|0x00000000e9700000, 0x00000000e9700000, 0x00000000e9800000|  0%| F|  |TAMS 0x00000000e9700000| PB 0x00000000e9700000| Untracked 
| 152|0x00000000e9800000, 0x00000000e9800000, 0x00000000e9900000|  0%| F|  |TAMS 0x00000000e9800000| PB 0x00000000e9800000| Untracked 
| 153|0x00000000e9900000, 0x00000000e9900000, 0x00000000e9a00000|  0%| F|  |TAMS 0x00000000e9900000| PB 0x00000000e9900000| Untracked 
| 154|0x00000000e9a00000, 0x00000000e9a00000, 0x00000000e9b00000|  0%| F|  |TAMS 0x00000000e9a00000| PB 0x00000000e9a00000| Untracked 
| 155|0x00000000e9b00000, 0x00000000e9b00000, 0x00000000e9c00000|  0%| F|  |TAMS 0x00000000e9b00000| PB 0x00000000e9b00000| Untracked 
| 156|0x00000000e9c00000, 0x00000000e9c00000, 0x00000000e9d00000|  0%| F|  |TAMS 0x00000000e9c00000| PB 0x00000000e9c00000| Untracked 
| 157|0x00000000e9d00000, 0x00000000e9d00000, 0x00000000e9e00000|  0%| F|  |TAMS 0x00000000e9d00000| PB 0x00000000e9d00000| Untracked 
| 158|0x00000000e9e00000, 0x00000000e9e00000, 0x00000000e9f00000|  0%| F|  |TAMS 0x00000000e9e00000| PB 0x00000000e9e00000| Untracked 
| 159|0x00000000e9f00000, 0x00000000e9f00000, 0x00000000ea000000|  0%| F|  |TAMS 0x00000000e9f00000| PB 0x00000000e9f00000| Untracked 
| 160|0x00000000ea000000, 0x00000000ea000000, 0x00000000ea100000|  0%| F|  |TAMS 0x00000000ea000000| PB 0x00000000ea000000| Untracked 
| 161|0x00000000ea100000, 0x00000000ea100000, 0x00000000ea200000|  0%| F|  |TAMS 0x00000000ea100000| PB 0x00000000ea100000| Untracked 
| 162|0x00000000ea200000, 0x00000000ea200000, 0x00000000ea300000|  0%| F|  |TAMS 0x00000000ea200000| PB 0x00000000ea200000| Untracked 
| 163|0x00000000ea300000, 0x00000000ea300000, 0x00000000ea400000|  0%| F|  |TAMS 0x00000000ea300000| PB 0x00000000ea300000| Untracked 
| 164|0x00000000ea400000, 0x00000000ea400000, 0x00000000ea500000|  0%| F|  |TAMS 0x00000000ea400000| PB 0x00000000ea400000| Untracked 
| 165|0x00000000ea500000, 0x00000000ea500000, 0x00000000ea600000|  0%| F|  |TAMS 0x00000000ea500000| PB 0x00000000ea500000| Untracked 
| 166|0x00000000ea600000, 0x00000000ea600000, 0x00000000ea700000|  0%| F|  |TAMS 0x00000000ea600000| PB 0x00000000ea600000| Untracked 
| 167|0x00000000ea700000, 0x00000000ea700000, 0x00000000ea800000|  0%| F|  |TAMS 0x00000000ea700000| PB 0x00000000ea700000| Untracked 
| 168|0x00000000ea800000, 0x00000000ea800000, 0x00000000ea900000|  0%| F|  |TAMS 0x00000000ea800000| PB 0x00000000ea800000| Untracked 
| 169|0x00000000ea900000, 0x00000000ea900000, 0x00000000eaa00000|  0%| F|  |TAMS 0x00000000ea900000| PB 0x00000000ea900000| Untracked 
| 170|0x00000000eaa00000, 0x00000000eaa00000, 0x00000000eab00000|  0%| F|  |TAMS 0x00000000eaa00000| PB 0x00000000eaa00000| Untracked 
| 171|0x00000000eab00000, 0x00000000eab00000, 0x00000000eac00000|  0%| F|  |TAMS 0x00000000eab00000| PB 0x00000000eab00000| Untracked 
| 172|0x00000000eac00000, 0x00000000eac00000, 0x00000000ead00000|  0%| F|  |TAMS 0x00000000eac00000| PB 0x00000000eac00000| Untracked 
| 173|0x00000000ead00000, 0x00000000ead00000, 0x00000000eae00000|  0%| F|  |TAMS 0x00000000ead00000| PB 0x00000000ead00000| Untracked 
| 174|0x00000000eae00000, 0x00000000eae00000, 0x00000000eaf00000|  0%| F|  |TAMS 0x00000000eae00000| PB 0x00000000eae00000| Untracked 
| 175|0x00000000eaf00000, 0x00000000eaf00000, 0x00000000eb000000|  0%| F|  |TAMS 0x00000000eaf00000| PB 0x00000000eaf00000| Untracked 
| 176|0x00000000eb000000, 0x00000000eb000000, 0x00000000eb100000|  0%| F|  |TAMS 0x00000000eb000000| PB 0x00000000eb000000| Untracked 
| 177|0x00000000eb100000, 0x00000000eb100000, 0x00000000eb200000|  0%| F|  |TAMS 0x00000000eb100000| PB 0x00000000eb100000| Untracked 
| 178|0x00000000eb200000, 0x00000000eb200000, 0x00000000eb300000|  0%| F|  |TAMS 0x00000000eb200000| PB 0x00000000eb200000| Untracked 
| 179|0x00000000eb300000, 0x00000000eb300000, 0x00000000eb400000|  0%| F|  |TAMS 0x00000000eb300000| PB 0x00000000eb300000| Untracked 
| 180|0x00000000eb400000, 0x00000000eb400000, 0x00000000eb500000|  0%| F|  |TAMS 0x00000000eb400000| PB 0x00000000eb400000| Untracked 
| 181|0x00000000eb500000, 0x00000000eb500000, 0x00000000eb600000|  0%| F|  |TAMS 0x00000000eb500000| PB 0x00000000eb500000| Untracked 
| 182|0x00000000eb600000, 0x00000000eb600000, 0x00000000eb700000|  0%| F|  |TAMS 0x00000000eb600000| PB 0x00000000eb600000| Untracked 
| 183|0x00000000eb700000, 0x00000000eb700000, 0x00000000eb800000|  0%| F|  |TAMS 0x00000000eb700000| PB 0x00000000eb700000| Untracked 
| 184|0x00000000eb800000, 0x00000000eb800000, 0x00000000eb900000|  0%| F|  |TAMS 0x00000000eb800000| PB 0x00000000eb800000| Untracked 
| 185|0x00000000eb900000, 0x00000000eb900000, 0x00000000eba00000|  0%| F|  |TAMS 0x00000000eb900000| PB 0x00000000eb900000| Untracked 
| 186|0x00000000eba00000, 0x00000000eba00000, 0x00000000ebb00000|  0%| F|  |TAMS 0x00000000eba00000| PB 0x00000000eba00000| Untracked 
| 187|0x00000000ebb00000, 0x00000000ebb00000, 0x00000000ebc00000|  0%| F|  |TAMS 0x00000000ebb00000| PB 0x00000000ebb00000| Untracked 
| 188|0x00000000ebc00000, 0x00000000ebc00000, 0x00000000ebd00000|  0%| F|  |TAMS 0x00000000ebc00000| PB 0x00000000ebc00000| Untracked 
| 189|0x00000000ebd00000, 0x00000000ebd00000, 0x00000000ebe00000|  0%| F|  |TAMS 0x00000000ebd00000| PB 0x00000000ebd00000| Untracked 
| 190|0x00000000ebe00000, 0x00000000ebe00000, 0x00000000ebf00000|  0%| F|  |TAMS 0x00000000ebe00000| PB 0x00000000ebe00000| Untracked 
| 191|0x00000000ebf00000, 0x00000000ebf00000, 0x00000000ec000000|  0%| F|  |TAMS 0x00000000ebf00000| PB 0x00000000ebf00000| Untracked 
| 192|0x00000000ec000000, 0x00000000ec000000, 0x00000000ec100000|  0%| F|  |TAMS 0x00000000ec000000| PB 0x00000000ec000000| Untracked 
| 193|0x00000000ec100000, 0x00000000ec100000, 0x00000000ec200000|  0%| F|  |TAMS 0x00000000ec100000| PB 0x00000000ec100000| Untracked 
| 194|0x00000000ec200000, 0x00000000ec200000, 0x00000000ec300000|  0%| F|  |TAMS 0x00000000ec200000| PB 0x00000000ec200000| Untracked 
| 195|0x00000000ec300000, 0x00000000ec300000, 0x00000000ec400000|  0%| F|  |TAMS 0x00000000ec300000| PB 0x00000000ec300000| Untracked 
| 196|0x00000000ec400000, 0x00000000ec400000, 0x00000000ec500000|  0%| F|  |TAMS 0x00000000ec400000| PB 0x00000000ec400000| Untracked 
| 197|0x00000000ec500000, 0x00000000ec500000, 0x00000000ec600000|  0%| F|  |TAMS 0x00000000ec500000| PB 0x00000000ec500000| Untracked 
| 198|0x00000000ec600000, 0x00000000ec600000, 0x00000000ec700000|  0%| F|  |TAMS 0x00000000ec600000| PB 0x00000000ec600000| Untracked 
| 199|0x00000000ec700000, 0x00000000ec700000, 0x00000000ec800000|  0%| F|  |TAMS 0x00000000ec700000| PB 0x00000000ec700000| Untracked 
| 200|0x00000000ec800000, 0x00000000ec800000, 0x00000000ec900000|  0%| F|  |TAMS 0x00000000ec800000| PB 0x00000000ec800000| Untracked 
| 201|0x00000000ec900000, 0x00000000ec900000, 0x00000000eca00000|  0%| F|  |TAMS 0x00000000ec900000| PB 0x00000000ec900000| Untracked 
| 202|0x00000000eca00000, 0x00000000eca00000, 0x00000000ecb00000|  0%| F|  |TAMS 0x00000000eca00000| PB 0x00000000eca00000| Untracked 
| 203|0x00000000ecb00000, 0x00000000ecb00000, 0x00000000ecc00000|  0%| F|  |TAMS 0x00000000ecb00000| PB 0x00000000ecb00000| Untracked 
| 204|0x00000000ecc00000, 0x00000000ecc00000, 0x00000000ecd00000|  0%| F|  |TAMS 0x00000000ecc00000| PB 0x00000000ecc00000| Untracked 
| 205|0x00000000ecd00000, 0x00000000ecd00000, 0x00000000ece00000|  0%| F|  |TAMS 0x00000000ecd00000| PB 0x00000000ecd00000| Untracked 
| 206|0x00000000ece00000, 0x00000000ece00000, 0x00000000ecf00000|  0%| F|  |TAMS 0x00000000ece00000| PB 0x00000000ece00000| Untracked 
| 207|0x00000000ecf00000, 0x00000000ecf00000, 0x00000000ed000000|  0%| F|  |TAMS 0x00000000ecf00000| PB 0x00000000ecf00000| Untracked 
| 208|0x00000000ed000000, 0x00000000ed000000, 0x00000000ed100000|  0%| F|  |TAMS 0x00000000ed000000| PB 0x00000000ed000000| Untracked 
| 209|0x00000000ed100000, 0x00000000ed100000, 0x00000000ed200000|  0%| F|  |TAMS 0x00000000ed100000| PB 0x00000000ed100000| Untracked 
| 210|0x00000000ed200000, 0x00000000ed200000, 0x00000000ed300000|  0%| F|  |TAMS 0x00000000ed200000| PB 0x00000000ed200000| Untracked 
| 211|0x00000000ed300000, 0x00000000ed300000, 0x00000000ed400000|  0%| F|  |TAMS 0x00000000ed300000| PB 0x00000000ed300000| Untracked 
| 212|0x00000000ed400000, 0x00000000ed400000, 0x00000000ed500000|  0%| F|  |TAMS 0x00000000ed400000| PB 0x00000000ed400000| Untracked 
| 213|0x00000000ed500000, 0x00000000ed500000, 0x00000000ed600000|  0%| F|  |TAMS 0x00000000ed500000| PB 0x00000000ed500000| Untracked 
| 214|0x00000000ed600000, 0x00000000ed639258, 0x00000000ed700000| 22%| S|CS|TAMS 0x00000000ed600000| PB 0x00000000ed600000| Complete 
| 215|0x00000000ed700000, 0x00000000ed800000, 0x00000000ed800000|100%| S|CS|TAMS 0x00000000ed700000| PB 0x00000000ed700000| Complete 
| 216|0x00000000ed800000, 0x00000000ed900000, 0x00000000ed900000|100%| S|CS|TAMS 0x00000000ed800000| PB 0x00000000ed800000| Complete 
| 217|0x00000000ed900000, 0x00000000ed900000, 0x00000000eda00000|  0%| F|  |TAMS 0x00000000ed900000| PB 0x00000000ed900000| Untracked 
| 218|0x00000000eda00000, 0x00000000eda00000, 0x00000000edb00000|  0%| F|  |TAMS 0x00000000eda00000| PB 0x00000000eda00000| Untracked 
| 219|0x00000000edb00000, 0x00000000edb00000, 0x00000000edc00000|  0%| F|  |TAMS 0x00000000edb00000| PB 0x00000000edb00000| Untracked 
| 220|0x00000000edc00000, 0x00000000edc00000, 0x00000000edd00000|  0%| F|  |TAMS 0x00000000edc00000| PB 0x00000000edc00000| Untracked 
| 221|0x00000000edd00000, 0x00000000edd00000, 0x00000000ede00000|  0%| F|  |TAMS 0x00000000edd00000| PB 0x00000000edd00000| Untracked 
| 222|0x00000000ede00000, 0x00000000ede00000, 0x00000000edf00000|  0%| F|  |TAMS 0x00000000ede00000| PB 0x00000000ede00000| Untracked 
| 223|0x00000000edf00000, 0x00000000edf00000, 0x00000000ee000000|  0%| F|  |TAMS 0x00000000edf00000| PB 0x00000000edf00000| Untracked 
| 224|0x00000000ee000000, 0x00000000ee000000, 0x00000000ee100000|  0%| F|  |TAMS 0x00000000ee000000| PB 0x00000000ee000000| Untracked 
| 225|0x00000000ee100000, 0x00000000ee100000, 0x00000000ee200000|  0%| F|  |TAMS 0x00000000ee100000| PB 0x00000000ee100000| Untracked 
| 226|0x00000000ee200000, 0x00000000ee200000, 0x00000000ee300000|  0%| F|  |TAMS 0x00000000ee200000| PB 0x00000000ee200000| Untracked 
| 227|0x00000000ee300000, 0x00000000ee300000, 0x00000000ee400000|  0%| F|  |TAMS 0x00000000ee300000| PB 0x00000000ee300000| Untracked 
| 228|0x00000000ee400000, 0x00000000ee400000, 0x00000000ee500000|  0%| F|  |TAMS 0x00000000ee400000| PB 0x00000000ee400000| Untracked 
| 229|0x00000000ee500000, 0x00000000ee500000, 0x00000000ee600000|  0%| F|  |TAMS 0x00000000ee500000| PB 0x00000000ee500000| Untracked 
| 230|0x00000000ee600000, 0x00000000ee600000, 0x00000000ee700000|  0%| F|  |TAMS 0x00000000ee600000| PB 0x00000000ee600000| Untracked 
| 231|0x00000000ee700000, 0x00000000ee700000, 0x00000000ee800000|  0%| F|  |TAMS 0x00000000ee700000| PB 0x00000000ee700000| Untracked 
| 232|0x00000000ee800000, 0x00000000ee800000, 0x00000000ee900000|  0%| F|  |TAMS 0x00000000ee800000| PB 0x00000000ee800000| Untracked 
| 233|0x00000000ee900000, 0x00000000ee900000, 0x00000000eea00000|  0%| F|  |TAMS 0x00000000ee900000| PB 0x00000000ee900000| Untracked 
| 234|0x00000000eea00000, 0x00000000eea00000, 0x00000000eeb00000|  0%| F|  |TAMS 0x00000000eea00000| PB 0x00000000eea00000| Untracked 
| 235|0x00000000eeb00000, 0x00000000eeb00000, 0x00000000eec00000|  0%| F|  |TAMS 0x00000000eeb00000| PB 0x00000000eeb00000| Untracked 
| 236|0x00000000eec00000, 0x00000000eec00000, 0x00000000eed00000|  0%| F|  |TAMS 0x00000000eec00000| PB 0x00000000eec00000| Untracked 
| 237|0x00000000eed00000, 0x00000000eed00000, 0x00000000eee00000|  0%| F|  |TAMS 0x00000000eed00000| PB 0x00000000eed00000| Untracked 
| 238|0x00000000eee00000, 0x00000000eee00000, 0x00000000eef00000|  0%| F|  |TAMS 0x00000000eee00000| PB 0x00000000eee00000| Untracked 
| 239|0x00000000eef00000, 0x00000000eef00000, 0x00000000ef000000|  0%| F|  |TAMS 0x00000000eef00000| PB 0x00000000eef00000| Untracked 
| 240|0x00000000ef000000, 0x00000000ef000000, 0x00000000ef100000|  0%| F|  |TAMS 0x00000000ef000000| PB 0x00000000ef000000| Untracked 
| 241|0x00000000ef100000, 0x00000000ef100000, 0x00000000ef200000|  0%| F|  |TAMS 0x00000000ef100000| PB 0x00000000ef100000| Untracked 
| 242|0x00000000ef200000, 0x00000000ef200000, 0x00000000ef300000|  0%| F|  |TAMS 0x00000000ef200000| PB 0x00000000ef200000| Untracked 
| 243|0x00000000ef300000, 0x00000000ef300000, 0x00000000ef400000|  0%| F|  |TAMS 0x00000000ef300000| PB 0x00000000ef300000| Untracked 
| 244|0x00000000ef400000, 0x00000000ef400000, 0x00000000ef500000|  0%| F|  |TAMS 0x00000000ef400000| PB 0x00000000ef400000| Untracked 
| 245|0x00000000ef500000, 0x00000000ef500000, 0x00000000ef600000|  0%| F|  |TAMS 0x00000000ef500000| PB 0x00000000ef500000| Untracked 
| 246|0x00000000ef600000, 0x00000000ef600000, 0x00000000ef700000|  0%| F|  |TAMS 0x00000000ef600000| PB 0x00000000ef600000| Untracked 
| 247|0x00000000ef700000, 0x00000000ef700000, 0x00000000ef800000|  0%| F|  |TAMS 0x00000000ef700000| PB 0x00000000ef700000| Untracked 
| 248|0x00000000ef800000, 0x00000000ef800000, 0x00000000ef900000|  0%| F|  |TAMS 0x00000000ef800000| PB 0x00000000ef800000| Untracked 
| 249|0x00000000ef900000, 0x00000000ef900000, 0x00000000efa00000|  0%| F|  |TAMS 0x00000000ef900000| PB 0x00000000ef900000| Untracked 
| 250|0x00000000efa00000, 0x00000000efa00000, 0x00000000efb00000|  0%| F|  |TAMS 0x00000000efa00000| PB 0x00000000efa00000| Untracked 
| 251|0x00000000efb00000, 0x00000000efb00000, 0x00000000efc00000|  0%| F|  |TAMS 0x00000000efb00000| PB 0x00000000efb00000| Untracked 
| 252|0x00000000efc00000, 0x00000000efc59e78, 0x00000000efd00000| 35%| E|  |TAMS 0x00000000efc00000| PB 0x00000000efc00000| Complete 
| 253|0x00000000efd00000, 0x00000000efe00000, 0x00000000efe00000|100%| E|CS|TAMS 0x00000000efd00000| PB 0x00000000efd00000| Complete 
| 254|0x00000000efe00000, 0x00000000eff00000, 0x00000000eff00000|100%| E|CS|TAMS 0x00000000efe00000| PB 0x00000000efe00000| Complete 
| 255|0x00000000eff00000, 0x00000000f0000000, 0x00000000f0000000|100%| E|CS|TAMS 0x00000000eff00000| PB 0x00000000eff00000| Complete 

Card table byte_map: [0x00000233f3ed0000,0x00000233f3fd0000] _byte_map_base: 0x00000233f37d0000

Marking Bits: (CMBitMap*) 0x00000233f06aea90
 Bits: [0x00000233f3fd0000, 0x00000233f47d0000)

Polling page: 0x00000233ee610000

Metaspace:

Usage:
  Non-class:     37.42 MB used.
      Class:      6.48 MB used.
       Both:     43.90 MB used.

Virtual space:
  Non-class space:       64.00 MB reserved,      38.31 MB ( 60%) committed,  1 nodes.
      Class space:      320.00 MB reserved,       7.38 MB (  2%) committed,  1 nodes.
             Both:      384.00 MB reserved,      45.69 MB ( 12%) committed. 

Chunk freelists:
   Non-Class:  9.64 MB
       Class:  8.52 MB
        Both:  18.16 MB

MaxMetaspaceSize: 384.00 MB
CompressedClassSpaceSize: 320.00 MB
Initial GC threshold: 21.00 MB
Current GC threshold: 59.06 MB
CDS: on
 - commit_granule_bytes: 65536.
 - commit_granule_words: 8192.
 - virtual_space_node_default_size: 8388608.
 - enlarge_chunks_in_place: 1.
 - use_allocation_guard: 0.


Internal statistics:

num_allocs_failed_limit: 6.
num_arena_births: 3294.
num_arena_deaths: 0.
num_vsnodes_births: 2.
num_vsnodes_deaths: 0.
num_space_committed: 731.
num_space_uncommitted: 0.
num_chunks_returned_to_freelist: 6.
num_chunks_taken_from_freelist: 5537.
num_chunk_merges: 3.
num_chunk_splits: 3576.
num_chunks_enlarged: 2114.
num_inconsistent_stats: 0.

CodeHeap 'non-profiled nmethods': size=120000Kb used=2762Kb max_used=2762Kb free=117237Kb
 bounds [0x0000023387ad0000, 0x0000023387d90000, 0x000002338f000000]
CodeHeap 'profiled nmethods': size=120000Kb used=9469Kb max_used=9469Kb free=110530Kb
 bounds [0x0000023380000000, 0x0000023380940000, 0x0000023387530000]
CodeHeap 'non-nmethods': size=5760Kb used=1873Kb max_used=1890Kb free=3886Kb
 bounds [0x0000023387530000, 0x00000233877a0000, 0x0000023387ad0000]
CodeCache: size=245760Kb, used=14104Kb, max_used=14121Kb, free=231653Kb
 total_blobs=5641, nmethods=4897, adapters=648, full_count=0
Compilation: enabled, stopped_count=0, restarted_count=0

Compilation events (20 events):
Event: 301.014 Thread 0x00000233f7497a80 5121       3       com.google.common.collect.AbstractSetMultimap::get (9 bytes)
Event: 301.015 Thread 0x00000233f7497a80 nmethod 5121 0x00000233808a5d10 code [0x00000233808a5f00, 0x00000233808a6530]
Event: 301.015 Thread 0x00000233f7497a80 5122       3       org.gradle.internal.instantiation.generator.AsmBackedClassGenerator$ClassBuilderImpl$$Lambda/0x00000233901f9700::apply (8 bytes)
Event: 301.015 Thread 0x00000233f7497a80 nmethod 5122 0x00000233808a6690 code [0x00000233808a6840, 0x00000233808a6a70]
Event: 301.023 Thread 0x00000233f7497a80 5123       3       com.google.common.collect.LinkedHashMultimap$ValueEntry::<init> (18 bytes)
Event: 301.024 Thread 0x00000233f7497a80 nmethod 5123 0x00000233808a6b10 code [0x00000233808a6cc0, 0x00000233808a6ff8]
Event: 301.024 Thread 0x00000233f7497a80 5124 %     3       org.gradle.internal.instantiation.generator.AbstractClassGenerator::inspectType @ 559 (602 bytes)
Event: 301.027 Thread 0x00000233f7497a80 nmethod 5124% 0x00000233808a7110 code [0x00000233808a7a20, 0x00000233808ad688]
Event: 301.027 Thread 0x00000233f7497a80 5126       3       org.gradle.internal.instantiation.generator.AbstractClassGenerator$DslMixInPropertyType::findClosureOverload (109 bytes)
Event: 301.028 Thread 0x00000233f7497a80 nmethod 5126 0x00000233808af290 code [0x00000233808af500, 0x00000233808b0168]
Event: 301.028 Thread 0x00000233f7497a80 5125       3       org.gradle.model.internal.asm.MethodVisitorScope::_IFNULL (9 bytes)
Event: 301.028 Thread 0x00000233f7497a80 nmethod 5125 0x00000233808b0590 code [0x00000233808b0740, 0x00000233808b09b0]
Event: 301.060 Thread 0x00000233f7497a80 5128       3       jdk.internal.org.objectweb.asm.SymbolTable::addMergedType (164 bytes)
Event: 301.061 Thread 0x00000233f7497a80 nmethod 5128 0x00000233808b0a90 code [0x00000233808b0cc0, 0x00000233808b1330]
Event: 301.061 Thread 0x00000233f7497a80 5129       3       com.google.common.collect.ImmutableList::builder (8 bytes)
Event: 301.061 Thread 0x00000233f7497a80 nmethod 5129 0x00000233808b1710 code [0x00000233808b18e0, 0x00000233808b1c98]
Event: 301.061 Thread 0x00000233f7497a80 5130       3       com.google.common.collect.ImmutableList$Builder::<init> (6 bytes)
Event: 301.061 Thread 0x00000233f7497a80 nmethod 5130 0x00000233808b1e10 code [0x00000233808b1fc0, 0x00000233808b22e8]
Event: 301.061 Thread 0x00000233f7497a80 5131       3       java.lang.invoke.MethodHandles::constant (88 bytes)
Event: 301.062 Thread 0x00000233f7497a80 nmethod 5131 0x00000233808b2410 code [0x00000233808b2720, 0x00000233808b3640]

GC Heap History (20 events):
Event: 220.270 GC heap before
{Heap before GC invocations=6 (full 0):
 garbage-first heap   total 262144K, used 37045K [0x00000000e0000000, 0x0000000100000000)
  region size 1024K, 12 young (12288K), 1 survivors (1024K)
 Metaspace       used 23693K, committed 24512K, reserved 393216K
  class space    used 3437K, committed 3840K, reserved 327680K
}
Event: 220.277 GC heap after
{Heap after GC invocations=7 (full 0):
 garbage-first heap   total 262144K, used 26630K [0x00000000e0000000, 0x0000000100000000)
  region size 1024K, 2 young (2048K), 2 survivors (2048K)
 Metaspace       used 23693K, committed 24512K, reserved 393216K
  class space    used 3437K, committed 3840K, reserved 327680K
}
Event: 221.402 GC heap before
{Heap before GC invocations=7 (full 0):
 garbage-first heap   total 262144K, used 36870K [0x00000000e0000000, 0x0000000100000000)
  region size 1024K, 12 young (12288K), 2 survivors (2048K)
 Metaspace       used 25120K, committed 26112K, reserved 393216K
  class space    used 3689K, committed 4160K, reserved 327680K
}
Event: 221.404 GC heap after
{Heap after GC invocations=8 (full 0):
 garbage-first heap   total 262144K, used 27136K [0x00000000e0000000, 0x0000000100000000)
  region size 1024K, 2 young (2048K), 2 survivors (2048K)
 Metaspace       used 25120K, committed 26112K, reserved 393216K
  class space    used 3689K, committed 4160K, reserved 327680K
}
Event: 222.737 GC heap before
{Heap before GC invocations=8 (full 0):
 garbage-first heap   total 262144K, used 38400K [0x00000000e0000000, 0x0000000100000000)
  region size 1024K, 12 young (12288K), 2 survivors (2048K)
 Metaspace       used 27253K, committed 28224K, reserved 393216K
  class space    used 3906K, committed 4352K, reserved 327680K
}
Event: 222.740 GC heap after
{Heap after GC invocations=9 (full 0):
 garbage-first heap   total 262144K, used 27472K [0x00000000e0000000, 0x0000000100000000)
  region size 1024K, 1 young (1024K), 1 survivors (1024K)
 Metaspace       used 27253K, committed 28224K, reserved 393216K
  class space    used 3906K, committed 4352K, reserved 327680K
}
Event: 224.500 GC heap before
{Heap before GC invocations=9 (full 0):
 garbage-first heap   total 262144K, used 37712K [0x00000000e0000000, 0x0000000100000000)
  region size 1024K, 12 young (12288K), 1 survivors (1024K)
 Metaspace       used 28750K, committed 29760K, reserved 393216K
  class space    used 4120K, committed 4608K, reserved 327680K
}
Event: 224.502 GC heap after
{Heap after GC invocations=10 (full 0):
 garbage-first heap   total 262144K, used 27913K [0x00000000e0000000, 0x0000000100000000)
  region size 1024K, 2 young (2048K), 2 survivors (2048K)
 Metaspace       used 28750K, committed 29760K, reserved 393216K
  class space    used 4120K, committed 4608K, reserved 327680K
}
Event: 226.276 GC heap before
{Heap before GC invocations=10 (full 0):
 garbage-first heap   total 262144K, used 38153K [0x00000000e0000000, 0x0000000100000000)
  region size 1024K, 12 young (12288K), 2 survivors (2048K)
 Metaspace       used 30134K, committed 31232K, reserved 393216K
  class space    used 4354K, committed 4864K, reserved 327680K
}
Event: 226.277 GC heap after
{Heap after GC invocations=11 (full 0):
 garbage-first heap   total 262144K, used 28545K [0x00000000e0000000, 0x0000000100000000)
  region size 1024K, 2 young (2048K), 2 survivors (2048K)
 Metaspace       used 30134K, committed 31232K, reserved 393216K
  class space    used 4354K, committed 4864K, reserved 327680K
}
Event: 227.633 GC heap before
{Heap before GC invocations=11 (full 0):
 garbage-first heap   total 262144K, used 38785K [0x00000000e0000000, 0x0000000100000000)
  region size 1024K, 12 young (12288K), 2 survivors (2048K)
 Metaspace       used 31178K, committed 32384K, reserved 393216K
  class space    used 4540K, committed 5120K, reserved 327680K
}
Event: 227.635 GC heap after
{Heap after GC invocations=12 (full 0):
 garbage-first heap   total 262144K, used 29132K [0x00000000e0000000, 0x0000000100000000)
  region size 1024K, 2 young (2048K), 2 survivors (2048K)
 Metaspace       used 31178K, committed 32384K, reserved 393216K
  class space    used 4540K, committed 5120K, reserved 327680K
}
Event: 228.839 GC heap before
{Heap before GC invocations=12 (full 0):
 garbage-first heap   total 262144K, used 39372K [0x00000000e0000000, 0x0000000100000000)
  region size 1024K, 12 young (12288K), 2 survivors (2048K)
 Metaspace       used 32341K, committed 33664K, reserved 393216K
  class space    used 4735K, committed 5376K, reserved 327680K
}
Event: 228.840 GC heap after
{Heap after GC invocations=13 (full 0):
 garbage-first heap   total 262144K, used 29683K [0x00000000e0000000, 0x0000000100000000)
  region size 1024K, 2 young (2048K), 2 survivors (2048K)
 Metaspace       used 32341K, committed 33664K, reserved 393216K
  class space    used 4735K, committed 5376K, reserved 327680K
}
Event: 229.477 GC heap before
{Heap before GC invocations=13 (full 0):
 garbage-first heap   total 262144K, used 40947K [0x00000000e0000000, 0x0000000100000000)
  region size 1024K, 15 young (15360K), 2 survivors (2048K)
 Metaspace       used 34808K, committed 36096K, reserved 393216K
  class space    used 4971K, committed 5632K, reserved 327680K
}
Event: 229.482 GC heap after
{Heap after GC invocations=14 (full 0):
 garbage-first heap   total 262144K, used 30989K [0x00000000e0000000, 0x0000000100000000)
  region size 1024K, 3 young (3072K), 3 survivors (3072K)
 Metaspace       used 34808K, committed 36096K, reserved 393216K
  class space    used 4971K, committed 5632K, reserved 327680K
}
Event: 267.675 GC heap before
{Heap before GC invocations=15 (full 0):
 garbage-first heap   total 262144K, used 69901K [0x00000000e0000000, 0x0000000100000000)
  region size 1024K, 41 young (41984K), 3 survivors (3072K)
 Metaspace       used 39438K, committed 40960K, reserved 393216K
  class space    used 5731K, committed 6464K, reserved 327680K
}
Event: 268.105 GC heap after
{Heap after GC invocations=16 (full 0):
 garbage-first heap   total 262144K, used 34404K [0x00000000e0000000, 0x0000000100000000)
  region size 1024K, 6 young (6144K), 6 survivors (6144K)
 Metaspace       used 39438K, committed 40960K, reserved 393216K
  class space    used 5731K, committed 6464K, reserved 327680K
}
Event: 268.953 GC heap before
{Heap before GC invocations=16 (full 0):
 garbage-first heap   total 262144K, used 40548K [0x00000000e0000000, 0x0000000100000000)
  region size 1024K, 12 young (12288K), 6 survivors (6144K)
 Metaspace       used 40249K, committed 41792K, reserved 393216K
  class space    used 5859K, committed 6656K, reserved 327680K
}
Event: 268.962 GC heap after
{Heap after GC invocations=17 (full 0):
 garbage-first heap   total 262144K, used 34748K [0x00000000e0000000, 0x0000000100000000)
  region size 1024K, 1 young (1024K), 1 survivors (1024K)
 Metaspace       used 40249K, committed 41792K, reserved 393216K
  class space    used 5859K, committed 6656K, reserved 327680K
}

Dll operation events (20 events):
Event: 0.303 Attempting to load shared library C:\Users\harry\.vscode\extensions\redhat.java-1.56.0-win32-x64\jre\21.0.12.1-win32-x86_64\bin\nio.dll
Event: 0.310 Loaded shared library C:\Users\harry\.vscode\extensions\redhat.java-1.56.0-win32-x64\jre\21.0.12.1-win32-x86_64\bin\nio.dll
Event: 0.333 Attempting to load shared library C:\Users\harry\.vscode\extensions\redhat.java-1.56.0-win32-x64\jre\21.0.12.1-win32-x86_64\bin\zip.dll
Event: 0.333 Loaded shared library C:\Users\harry\.vscode\extensions\redhat.java-1.56.0-win32-x64\jre\21.0.12.1-win32-x86_64\bin\zip.dll
Event: 2.876 Attempting to load shared library C:\Users\harry\.vscode\extensions\redhat.java-1.56.0-win32-x64\jre\21.0.12.1-win32-x86_64\bin\jimage.dll
Event: 2.876 Loaded shared library C:\Users\harry\.vscode\extensions\redhat.java-1.56.0-win32-x64\jre\21.0.12.1-win32-x86_64\bin\jimage.dll
Event: 4.370 Attempting to load shared library C:\Users\harry\.vscode\extensions\redhat.java-1.56.0-win32-x64\jre\21.0.12.1-win32-x86_64\bin\verify.dll
Event: 4.371 Loaded shared library C:\Users\harry\.vscode\extensions\redhat.java-1.56.0-win32-x64\jre\21.0.12.1-win32-x86_64\bin\verify.dll
Event: 4.581 Attempting to load shared library C:\Users\harry\.gradle\native\660c5614fbf4a5f2a75b1949f50a0caf5cd603558e7d8a26e50b933a0cfb79d1\windows-amd64\native-platform.dll
Event: 4.583 Loaded shared library C:\Users\harry\.gradle\native\660c5614fbf4a5f2a75b1949f50a0caf5cd603558e7d8a26e50b933a0cfb79d1\windows-amd64\native-platform.dll
Event: 4.613 Attempting to load shared library C:\Users\harry\.gradle\native\0.2.8\x86_64-windows-gnu\gradle-fileevents.dll
Event: 4.623 Loaded shared library C:\Users\harry\.gradle\native\0.2.8\x86_64-windows-gnu\gradle-fileevents.dll
Event: 12.235 Attempting to load shared library C:\Users\harry\.vscode\extensions\redhat.java-1.56.0-win32-x64\jre\21.0.12.1-win32-x86_64\bin\management.dll
Event: 12.237 Loaded shared library C:\Users\harry\.vscode\extensions\redhat.java-1.56.0-win32-x64\jre\21.0.12.1-win32-x86_64\bin\management.dll
Event: 12.325 Attempting to load shared library C:\Users\harry\.vscode\extensions\redhat.java-1.56.0-win32-x64\jre\21.0.12.1-win32-x86_64\bin\management_ext.dll
Event: 12.327 Loaded shared library C:\Users\harry\.vscode\extensions\redhat.java-1.56.0-win32-x64\jre\21.0.12.1-win32-x86_64\bin\management_ext.dll
Event: 26.722 Attempting to load shared library C:\Users\harry\.vscode\extensions\redhat.java-1.56.0-win32-x64\jre\21.0.12.1-win32-x86_64\bin\extnet.dll
Event: 26.736 Loaded shared library C:\Users\harry\.vscode\extensions\redhat.java-1.56.0-win32-x64\jre\21.0.12.1-win32-x86_64\bin\extnet.dll
Event: 42.320 Attempting to load shared library C:\Users\harry\.vscode\extensions\redhat.java-1.56.0-win32-x64\jre\21.0.12.1-win32-x86_64\bin\sunmscapi.dll
Event: 42.885 Loaded shared library C:\Users\harry\.vscode\extensions\redhat.java-1.56.0-win32-x64\jre\21.0.12.1-win32-x86_64\bin\sunmscapi.dll

Deoptimization events (20 events):
Event: 300.766 Thread 0x00000233fd9876c0 Uncommon trap: trap_request=0xffffff45 fr.pc=0x0000023387d6fd64 relative=0x0000000000000364
Event: 300.766 Thread 0x00000233fd9876c0 Uncommon trap: reason=unstable_if action=reinterpret pc=0x0000023387d6fd64 method=org.gradle.internal.reflect.PropertyAccessorType.of(Ljava/lang/reflect/Method;)Lorg/gradle/internal/reflect/PropertyAccessorType; @ 56 c2
Event: 300.766 Thread 0x00000233fd9876c0 DEOPT PACKING pc=0x0000023387d6fd64 sp=0x000000a63eef7aa0
Event: 300.766 Thread 0x00000233fd9876c0 DEOPT UNPACKING pc=0x0000023387584422 sp=0x000000a63eef7a60 mode 2
Event: 300.816 Thread 0x00000233fd9876c0 Uncommon trap: trap_request=0xffffffc6 fr.pc=0x0000023387ca9c5c relative=0x00000000000002fc
Event: 300.816 Thread 0x00000233fd9876c0 Uncommon trap: reason=bimorphic_or_optimized_type_check action=maybe_recompile pc=0x0000023387ca9c5c method=com.google.common.base.CharMatcher.indexIn(Ljava/lang/CharSequence;I)I @ 31 c2
Event: 300.816 Thread 0x00000233fd9876c0 DEOPT PACKING pc=0x0000023387ca9c5c sp=0x000000a63eef8260
Event: 300.816 Thread 0x00000233fd9876c0 DEOPT UNPACKING pc=0x0000023387584422 sp=0x000000a63eef8208 mode 2
Event: 301.050 Thread 0x00000233fd9876c0 Uncommon trap: trap_request=0xffffff45 fr.pc=0x0000023387b58024 relative=0x0000000000000204
Event: 301.050 Thread 0x00000233fd9876c0 Uncommon trap: reason=unstable_if action=reinterpret pc=0x0000023387b58024 method=java.net.URI$Parser.scan(IILjava/lang/String;)I @ 26 c2
Event: 301.050 Thread 0x00000233fd9876c0 DEOPT PACKING pc=0x0000023387b58024 sp=0x000000a63eef74e0
Event: 301.050 Thread 0x00000233fd9876c0 DEOPT UNPACKING pc=0x0000023387584422 sp=0x000000a63eef7460 mode 2
Event: 301.050 Thread 0x00000233fd9876c0 Uncommon trap: trap_request=0xffffff45 fr.pc=0x0000023387b56970 relative=0x0000000000000250
Event: 301.050 Thread 0x00000233fd9876c0 Uncommon trap: reason=unstable_if action=reinterpret pc=0x0000023387b56970 method=java.net.URI.match(CJJ)Z @ 45 c2
Event: 301.050 Thread 0x00000233fd9876c0 DEOPT PACKING pc=0x0000023387b56970 sp=0x000000a63eef7240
Event: 301.050 Thread 0x00000233fd9876c0 DEOPT UNPACKING pc=0x0000023387584422 sp=0x000000a63eef7168 mode 2
Event: 301.051 Thread 0x00000233fd9876c0 Uncommon trap: trap_request=0xffffff45 fr.pc=0x0000023387af9f78 relative=0x0000000000000058
Event: 301.051 Thread 0x00000233fd9876c0 Uncommon trap: reason=unstable_if action=reinterpret pc=0x0000023387af9f78 method=java.net.URI.match(CJJ)Z @ 19 c2
Event: 301.051 Thread 0x00000233fd9876c0 DEOPT PACKING pc=0x0000023387af9f78 sp=0x000000a63eef7250
Event: 301.051 Thread 0x00000233fd9876c0 DEOPT UNPACKING pc=0x0000023387584422 sp=0x000000a63eef71e0 mode 2

Classes loaded (20 events):
Event: 268.986 Loading class java/util/TreeMap$KeySpliterator
Event: 268.986 Loading class java/util/TreeMap$TreeMapSpliterator
Event: 268.986 Loading class java/util/TreeMap$TreeMapSpliterator done
Event: 268.986 Loading class java/util/TreeMap$KeySpliterator done
Event: 269.014 Loading class java/util/PrimitiveIterator$OfInt
Event: 269.014 Loading class java/util/PrimitiveIterator$OfInt done
Event: 300.208 Loading class sun/reflect/generics/reflectiveObjects/GenericArrayTypeImpl
Event: 300.208 Loading class sun/reflect/generics/reflectiveObjects/GenericArrayTypeImpl done
Event: 300.224 Loading class com/sun/beans/finder/MethodFinder
Event: 300.225 Loading class com/sun/beans/finder/AbstractFinder
Event: 300.225 Loading class com/sun/beans/finder/AbstractFinder done
Event: 300.225 Loading class com/sun/beans/finder/MethodFinder done
Event: 300.225 Loading class com/sun/beans/finder/MethodFinder$1
Event: 300.225 Loading class com/sun/beans/finder/MethodFinder$1 done
Event: 300.225 Loading class com/sun/beans/finder/FinderUtils
Event: 300.225 Loading class com/sun/beans/finder/FinderUtils done
Event: 300.288 Loading class java/lang/invoke/BoundMethodHandle$Species_LLLLILLLLLL
Event: 300.288 Loading class java/lang/invoke/BoundMethodHandle$Species_LLLLILLLLLL done
Event: 300.980 Loading class sun/reflect/generics/tree/BooleanSignature
Event: 300.980 Loading class sun/reflect/generics/tree/BooleanSignature done

Classes unloaded (0 events):
No events

Classes redefined (0 events):
No events

Internal exceptions (20 events):
Event: 300.376 Thread 0x00000233fd9876c0 Implicit null exception at 0x0000023387b5b9aa to 0x0000023387b5bdac
Event: 300.441 Thread 0x00000233fd9876c0 Exception <a 'java/lang/ClassNotFoundException'{0x00000000ef4b0410}: org/gradle/internal/metaobject/ConfigureDelegateBeanInfo> (0x00000000ef4b0410) 
thrown [s\src\hotspot\share\classfile\systemDictionary.cpp, line 313]
Event: 300.441 Thread 0x00000233fd9876c0 Exception <a 'java/lang/ClassNotFoundException'{0x00000000ef4c12e0}: org/gradle/internal/metaobject/ConfigureDelegateCustomizer> (0x00000000ef4c12e0) 
thrown [s\src\hotspot\share\classfile\systemDictionary.cpp, line 313]
Event: 300.568 Thread 0x00000233fd9876c0 Exception <a 'java/lang/NoSuchMethodError'{0x00000000ef363e50}: 'java.lang.Object java.lang.invoke.Invokers$Holder.linkToCallSite(java.lang.Object, java.lang.Object, int, java.lang.Object)'> (0x00000000ef363e50) 
thrown [s\src\hotspot\share\interpreter\linkResolver.cpp, line 773]
Event: 300.577 Thread 0x00000233fd9876c0 Exception <a 'java/lang/NoSuchMethodError'{0x00000000ef389118}: 'java.lang.Object java.lang.invoke.DirectMethodHandle$Holder.invokeSpecial(java.lang.Object, java.lang.Object, java.lang.Object, java.lang.Object, java.lang.Object, int)'> (0x00000000ef389118) 
thrown [s\src\hotspot\share\interpreter\linkResolver.cpp, line 773]
Event: 300.577 Thread 0x00000233fd9876c0 Exception <a 'java/lang/NoSuchMethodError'{0x00000000ef38db78}: 'java.lang.Object java.lang.invoke.DelegatingMethodHandle$Holder.delegate(java.lang.Object, java.lang.Object, java.lang.Object, java.lang.Object, int)'> (0x00000000ef38db78) 
thrown [s\src\hotspot\share\interpreter\linkResolver.cpp, line 773]
Event: 300.593 Thread 0x00000233fd9876c0 Exception <a 'java/lang/ClassNotFoundException'{0x00000000ef3f3be8}: org/gradle/plugin/use/internal/PluginRequestCollector$PluginDependenciesSpecImplBeanInfo> (0x00000000ef3f3be8) 
thrown [s\src\hotspot\share\classfile\systemDictionary.cpp, line 313]
Event: 300.594 Thread 0x00000233fd9876c0 Exception <a 'java/lang/ClassNotFoundException'{0x00000000ef207368}: org/gradle/plugin/use/internal/PluginRequestCollector$PluginDependenciesSpecImplCustomizer> (0x00000000ef207368) 
thrown [s\src\hotspot\share\classfile\systemDictionary.cpp, line 313]
Event: 300.599 Thread 0x00000233fd9876c0 Exception <a 'java/lang/NoSuchMethodError'{0x00000000ef216280}: 'java.lang.Object java.lang.invoke.DirectMethodHandle$Holder.invokeVirtual(java.lang.Object, java.lang.Object, java.lang.Object, int)'> (0x00000000ef216280) 
thrown [s\src\hotspot\share\interpreter\linkResolver.cpp, line 773]
Event: 300.642 Thread 0x00000233fd9876c0 Exception <a 'java/lang/ClassNotFoundException'{0x00000000ef268c80}: org/gradle/plugin/use/internal/PluginRequestCollector$PluginDependencySpecImplBeanInfo> (0x00000000ef268c80) 
thrown [s\src\hotspot\share\classfile\systemDictionary.cpp, line 313]
Event: 300.642 Thread 0x00000233fd9876c0 Exception <a 'java/lang/ClassNotFoundException'{0x00000000ef27c378}: org/gradle/plugin/use/internal/PluginRequestCollector$PluginDependencySpecImplCustomizer> (0x00000000ef27c378) 
thrown [s\src\hotspot\share\classfile\systemDictionary.cpp, line 313]
Event: 300.659 Thread 0x00000233fd9876c0 Exception <a 'java/lang/NoSuchMethodError'{0x00000000ef2bdc90}: 'void java.lang.invoke.DirectMethodHandle$Holder.invokeStatic(java.lang.Object, java.lang.Object, java.lang.Object, java.lang.Object, java.lang.Object, java.lang.Object)'> (0x00000000ef2bdc90) 
thrown [s\src\hotspot\share\interpreter\linkResolver.cpp, line 773]
Event: 300.779 Thread 0x00000233fd9876c0 Exception <a 'java/lang/NoSuchMethodError'{0x00000000eefef448}: 'java.lang.Object java.lang.invoke.DirectMethodHandle$Holder.newInvokeSpecial(java.lang.Object, java.lang.Object, java.lang.Object, java.lang.Object, int)'> (0x00000000eefef448) 
thrown [s\src\hotspot\share\interpreter\linkResolver.cpp, line 773]
Event: 300.779 Thread 0x00000233fd9876c0 Exception <a 'java/lang/NoSuchMethodError'{0x00000000eeff3e78}: 'java.lang.Object java.lang.invoke.Invokers$Holder.linkToTargetMethod(java.lang.Object, java.lang.Object, java.lang.Object, int, java.lang.Object)'> (0x00000000eeff3e78) 
thrown [s\src\hotspot\share\interpreter\linkResolver.cpp, line 773]
Event: 300.783 Thread 0x00000233fd9876c0 Exception <a 'java/lang/NoSuchMethodError'{0x00000000eee1f408}: 'java.lang.Object java.lang.invoke.DirectMethodHandle$Holder.newInvokeSpecial(java.lang.Object, java.lang.Object, java.lang.Object, java.lang.Object, java.lang.Object, java.lang.Object, java.lang.Object, java.lang.Object, java.lang.Object, java.lang.Object, java.lang.Object, java.lang.Object, java.lang.Object, java.lang.Object, java.lang.Object, java.lang.Object, java.lang.Object, java.lang.Object, java.lang.Object)'> (0x00000000eee1f408) 
thr
Event: 300.784 Thread 0x00000233fd9876c0 Exception <a 'java/lang/NoSuchMethodError'{0x00000000eee26088}: 'java.lang.Object java.lang.invoke.DirectMethodHandle$Holder.invokeSpecial(java.lang.Object, java.lang.Object, java.lang.Object, java.lang.Object, java.lang.Object, java.lang.Object, java.lang.Object, java.lang.Object, java.lang.Object, java.lang.Object, java.lang.Object, java.lang.Object, java.lang.Object, java.lang.Object, java.lang.Object, java.lang.Object, java.lang.Object, java.lang.Object, java.lang.Object, java.lang.Object)'> (0x0000000
Event: 300.784 Thread 0x00000233fd9876c0 Exception <a 'java/lang/NoSuchMethodError'{0x00000000eee2bb88}: 'java.lang.Object java.lang.invoke.DelegatingMethodHandle$Holder.reinvoke_L(java.lang.Object, java.lang.Object, java.lang.Object, java.lang.Object, java.lang.Object, java.lang.Object, java.lang.Object, java.lang.Object, java.lang.Object, java.lang.Object, java.lang.Object, java.lang.Object, java.lang.Object, java.lang.Object, java.lang.Object, java.lang.Object, java.lang.Object, java.lang.Object, java.lang.Object)'> (0x00000000eee2bb88) 
throw
Event: 300.984 Thread 0x00000233fd9876c0 Exception <a 'java/lang/NoSuchMethodError'{0x00000000ee99aa70}: 'java.lang.Object java.lang.invoke.DelegatingMethodHandle$Holder.reinvoke_L(java.lang.Object, java.lang.Object, java.lang.Object, java.lang.Object, int, java.lang.Object, java.lang.Object, java.lang.Object, java.lang.Object, java.lang.Object, java.lang.Object, java.lang.Object, java.lang.Object)'> (0x00000000ee99aa70) 
thrown [s\src\hotspot\share\interpreter\linkResolver.cpp, line 773]
Event: 301.035 Thread 0x00000233fd9876c0 Exception <a 'java/lang/NoSuchMethodError'{0x00000000ee600688}: 'java.lang.Object java.lang.invoke.DirectMethodHandle$Holder.newInvokeSpecial(java.lang.Object, java.lang.Object, java.lang.Object, int, java.lang.Object)'> (0x00000000ee600688) 
thrown [s\src\hotspot\share\interpreter\linkResolver.cpp, line 773]
Event: 301.035 Thread 0x00000233fd9876c0 Exception <a 'java/lang/NoSuchMethodError'{0x00000000ee604b30}: 'java.lang.Object java.lang.invoke.Invokers$Holder.linkToTargetMethod(java.lang.Object, java.lang.Object, int, java.lang.Object, java.lang.Object)'> (0x00000000ee604b30) 
thrown [s\src\hotspot\share\interpreter\linkResolver.cpp, line 773]

ZGC Phase Switch (0 events):
No events

VM Operations (20 events):
Event: 268.943 Executing safepoint VM operation: G1CollectForAllocation (G1 Evacuation Pause)
Event: 268.962 Executing safepoint VM operation: G1CollectForAllocation (G1 Evacuation Pause) done
Event: 269.965 Executing safepoint VM operation: Cleanup
Event: 269.965 Executing safepoint VM operation: Cleanup done
Event: 280.067 Executing safepoint VM operation: Cleanup
Event: 280.067 Executing safepoint VM operation: Cleanup done
Event: 285.124 Executing safepoint VM operation: Cleanup
Event: 285.124 Executing safepoint VM operation: Cleanup done
Event: 286.134 Executing safepoint VM operation: Cleanup
Event: 286.134 Executing safepoint VM operation: Cleanup done
Event: 289.164 Executing safepoint VM operation: Cleanup
Event: 289.164 Executing safepoint VM operation: Cleanup done
Event: 295.245 Executing safepoint VM operation: Cleanup
Event: 295.245 Executing safepoint VM operation: Cleanup done
Event: 300.295 Executing safepoint VM operation: Cleanup
Event: 300.311 Executing safepoint VM operation: Cleanup done
Event: 300.668 Executing non-safepoint VM operation: HandshakeAllThreads (HandshakeForDeflation)
Event: 300.669 Executing non-safepoint VM operation: HandshakeAllThreads (HandshakeForDeflation) done
Event: 300.669 Executing non-safepoint VM operation: RendezvousGCThreads
Event: 300.669 Executing non-safepoint VM operation: RendezvousGCThreads done

Memory protections (0 events):
No events

Nmethod flushes (20 events):
Event: 229.503 Thread 0x00000233f7463aa0 flushing  nmethod 0x0000023380054f90
Event: 229.503 Thread 0x00000233f7463aa0 flushing  nmethod 0x0000023380055b90
Event: 229.503 Thread 0x00000233f7463aa0 flushing  nmethod 0x0000023380056790
Event: 229.503 Thread 0x00000233f7463aa0 flushing  nmethod 0x0000023380056b10
Event: 229.503 Thread 0x00000233f7463aa0 flushing  nmethod 0x0000023380056e90
Event: 229.503 Thread 0x00000233f7463aa0 flushing  nmethod 0x0000023380057690
Event: 229.503 Thread 0x00000233f7463aa0 flushing  nmethod 0x0000023380057a90
Event: 229.503 Thread 0x00000233f7463aa0 flushing  nmethod 0x0000023380057f90
Event: 229.503 Thread 0x00000233f7463aa0 flushing  nmethod 0x0000023380058490
Event: 229.503 Thread 0x00000233f7463aa0 flushing  nmethod 0x0000023380058d10
Event: 229.503 Thread 0x00000233f7463aa0 flushing  nmethod 0x000002338005b490
Event: 229.503 Thread 0x00000233f7463aa0 flushing  nmethod 0x00000233800aad90
Event: 229.503 Thread 0x00000233f7463aa0 flushing  nmethod 0x00000233800ab810
Event: 229.503 Thread 0x00000233f7463aa0 flushing  nmethod 0x00000233800acd10
Event: 229.503 Thread 0x00000233f7463aa0 flushing  nmethod 0x00000233800ad110
Event: 229.503 Thread 0x00000233f7463aa0 flushing  nmethod 0x00000233800ad490
Event: 229.503 Thread 0x00000233f7463aa0 flushing  nmethod 0x00000233800af290
Event: 229.503 Thread 0x00000233f7463aa0 flushing  nmethod 0x00000233800af790
Event: 229.503 Thread 0x00000233f7463aa0 flushing  nmethod 0x00000233800b2310
Event: 229.504 Thread 0x00000233f7463aa0 flushing  nmethod 0x00000233800bb990

Events (20 events):
Event: 133.882 Thread 0x00000233fcb50a80 Thread added: 0x00000233fcb503f0
Event: 193.907 Thread 0x00000233fcb503f0 Thread exited: 0x00000233fcb503f0
Event: 219.882 Thread 0x00000233fd9876c0 Thread added: 0x00000233ff3f3e70
Event: 220.182 Thread 0x00000233fd9876c0 Thread added: 0x00000233ff3f4500
Event: 220.462 Thread 0x00000233fcb50a80 Thread added: 0x00000233ff3f2430
Event: 221.915 Thread 0x00000233fd9876c0 Thread added: 0x00000233ff3f1080
Event: 222.005 Thread 0x00000233fd9876c0 Thread added: 0x00000233ff3f4b90
Event: 224.251 Thread 0x00000233fd9876c0 Thread added: 0x00000233ff3f1da0
Event: 224.853 Thread 0x00000233fd9876c0 Thread added: 0x00000233ff3f5220
Event: 226.267 Thread 0x00000233f7497a80 Thread added: 0x00000233fed5a080
Event: 226.435 Thread 0x00000233fed5a080 Thread exited: 0x00000233fed5a080
Event: 227.143 Thread 0x00000233fd9876c0 Thread added: 0x00000233ff3f58b0
Event: 228.132 Thread 0x00000233fd9876c0 Thread added: 0x00000233ff3f5f40
Event: 229.004 Thread 0x00000233f7497a80 Thread added: 0x00000233fed5b4f0
Event: 229.015 Thread 0x00000233f7496fe0 Thread added: 0x00000233fed5c960
Event: 229.326 Thread 0x00000233fed5c960 Thread exited: 0x00000233fed5c960
Event: 229.550 Thread 0x00000233fed5b4f0 Thread exited: 0x00000233fed5b4f0
Event: 240.150 Thread 0x00000233fd9876c0 Thread added: 0x00000233ff3f65d0
Event: 246.862 Thread 0x00000233fd9876c0 Thread added: 0x00000233ff3f3150
Event: 294.871 Thread 0x00000233fd9876c0 Thread added: 0x00000233ff3f6c60


Dynamic libraries:
0x00007ff61b8f0000 - 0x00007ff61b8fe000 	C:\Users\harry\.vscode\extensions\redhat.java-1.56.0-win32-x64\jre\21.0.12.1-win32-x86_64\bin\java.exe
0x00007ff880d60000 - 0x00007ff880fc7000 	C:\WINDOWS\SYSTEM32\ntdll.dll
0x00007ff87ef60000 - 0x00007ff87f02b000 	C:\WINDOWS\System32\KERNEL32.DLL
0x00007ff87e670000 - 0x00007ff87ea72000 	C:\WINDOWS\System32\KERNELBASE.dll
0x00007ff87e510000 - 0x00007ff87e65c000 	C:\WINDOWS\System32\ucrtbase.dll
0x00007ff8101c0000 - 0x00007ff8101de000 	C:\Users\harry\.vscode\extensions\redhat.java-1.56.0-win32-x64\jre\21.0.12.1-win32-x86_64\bin\VCRUNTIME140.dll
0x00007ff865630000 - 0x00007ff865648000 	C:\Users\harry\.vscode\extensions\redhat.java-1.56.0-win32-x64\jre\21.0.12.1-win32-x86_64\bin\jli.dll
0x00007ff87f300000 - 0x00007ff87f4cf000 	C:\WINDOWS\System32\USER32.dll
0x00007ff87e020000 - 0x00007ff87e047000 	C:\WINDOWS\System32\win32u.dll
0x00007ff87f260000 - 0x00007ff87f28b000 	C:\WINDOWS\System32\GDI32.dll
0x00007ff87e100000 - 0x00007ff87e229000 	C:\WINDOWS\System32\gdi32full.dll
0x00007ff87e050000 - 0x00007ff87e0f3000 	C:\WINDOWS\System32\msvcp_win.dll
0x00007ff864f90000 - 0x00007ff865220000 	C:\WINDOWS\WinSxS\amd64_microsoft.windows.common-controls_6595b64144ccf1df_6.0.26100.9278_none_3e0d1ba8e3303201\COMCTL32.dll
0x00007ff87f510000 - 0x00007ff87f5b9000 	C:\WINDOWS\System32\msvcrt.dll
0x00007ff87ee90000 - 0x00007ff87eec1000 	C:\WINDOWS\System32\IMM32.DLL
0x00007ff8787c0000 - 0x00007ff8787cc000 	C:\Users\harry\.vscode\extensions\redhat.java-1.56.0-win32-x64\jre\21.0.12.1-win32-x86_64\bin\vcruntime140_1.dll
0x00007ff810130000 - 0x00007ff8101bd000 	C:\Users\harry\.vscode\extensions\redhat.java-1.56.0-win32-x64\jre\21.0.12.1-win32-x86_64\bin\msvcp140.dll
0x00007ff80f380000 - 0x00007ff810122000 	C:\Users\harry\.vscode\extensions\redhat.java-1.56.0-win32-x64\jre\21.0.12.1-win32-x86_64\bin\server\jvm.dll
0x00007ff880c50000 - 0x00007ff880d0c000 	C:\WINDOWS\System32\ADVAPI32.dll
0x00007ff880b90000 - 0x00007ff880c39000 	C:\WINDOWS\System32\sechost.dll
0x00007ff87eae0000 - 0x00007ff87ebf8000 	C:\WINDOWS\System32\RPCRT4.dll
0x00007ff87eed0000 - 0x00007ff87ef50000 	C:\WINDOWS\System32\WS2_32.dll
0x00007ff87dde0000 - 0x00007ff87de3e000 	C:\WINDOWS\SYSTEM32\POWRPROF.dll
0x00007ff873ff0000 - 0x00007ff873ffb000 	C:\WINDOWS\SYSTEM32\VERSION.dll
0x00007ff873a90000 - 0x00007ff873ac6000 	C:\WINDOWS\SYSTEM32\WINMM.dll
0x00007ff87ddc0000 - 0x00007ff87ddd5000 	C:\WINDOWS\SYSTEM32\UMPDC.dll
0x00007ff87cc10000 - 0x00007ff87cc2b000 	C:\WINDOWS\SYSTEM32\kernel.appcore.dll
0x00007ff877a00000 - 0x00007ff877a0a000 	C:\Users\harry\.vscode\extensions\redhat.java-1.56.0-win32-x64\jre\21.0.12.1-win32-x86_64\bin\jimage.dll
0x00007ff87b3a0000 - 0x00007ff87b5ec000 	C:\WINDOWS\SYSTEM32\DBGHELP.DLL
0x00007ff880290000 - 0x00007ff880615000 	C:\WINDOWS\System32\combase.dll
0x00007ff87f7b0000 - 0x00007ff87f889000 	C:\WINDOWS\System32\OLEAUT32.dll
0x00007ff8638b0000 - 0x00007ff8638eb000 	C:\WINDOWS\SYSTEM32\dbgcore.DLL
0x00007ff87e450000 - 0x00007ff87e4fc000 	C:\WINDOWS\System32\bcryptPrimitives.dll
0x00007ff85acf0000 - 0x00007ff85acff000 	C:\Users\harry\.vscode\extensions\redhat.java-1.56.0-win32-x64\jre\21.0.12.1-win32-x86_64\bin\instrument.dll
0x00007ff80f360000 - 0x00007ff80f380000 	C:\Users\harry\.vscode\extensions\redhat.java-1.56.0-win32-x64\jre\21.0.12.1-win32-x86_64\bin\java.dll
0x00007ff87f910000 - 0x00007ff8800a8000 	C:\WINDOWS\System32\SHELL32.dll
0x00007ff87b980000 - 0x00007ff87c22e000 	C:\WINDOWS\SYSTEM32\windows.storage.dll
0x00007ff87ec90000 - 0x00007ff87ed8b000 	C:\WINDOWS\System32\SHCORE.dll
0x00007ff87f290000 - 0x00007ff87f2f6000 	C:\WINDOWS\System32\shlwapi.dll
0x00007ff87de80000 - 0x00007ff87dea9000 	C:\WINDOWS\SYSTEM32\profapi.dll
0x00007ff80f340000 - 0x00007ff80f358000 	C:\Users\harry\.vscode\extensions\redhat.java-1.56.0-win32-x64\jre\21.0.12.1-win32-x86_64\bin\zip.dll
0x00007ff854f90000 - 0x00007ff854fa0000 	C:\Users\harry\.vscode\extensions\redhat.java-1.56.0-win32-x64\jre\21.0.12.1-win32-x86_64\bin\net.dll
0x00007ff877d60000 - 0x00007ff877e8a000 	C:\WINDOWS\SYSTEM32\WINHTTP.dll
0x00007ff87d1f0000 - 0x00007ff87d25c000 	C:\WINDOWS\system32\mswsock.dll
0x00007ff80bbf0000 - 0x00007ff80bc06000 	C:\Users\harry\.vscode\extensions\redhat.java-1.56.0-win32-x64\jre\21.0.12.1-win32-x86_64\bin\nio.dll
0x00007ff8546c0000 - 0x00007ff8546d0000 	C:\Users\harry\.vscode\extensions\redhat.java-1.56.0-win32-x64\jre\21.0.12.1-win32-x86_64\bin\verify.dll
0x00007ff80a9a0000 - 0x00007ff80a9c7000 	C:\Users\harry\.gradle\native\660c5614fbf4a5f2a75b1949f50a0caf5cd603558e7d8a26e50b933a0cfb79d1\windows-amd64\native-platform.dll
0x00007ff874b00000 - 0x00007ff874b77000 	C:\Users\harry\.gradle\native\0.2.8\x86_64-windows-gnu\gradle-fileevents.dll
0x00007ff8785b0000 - 0x00007ff8785ba000 	C:\Users\harry\.vscode\extensions\redhat.java-1.56.0-win32-x64\jre\21.0.12.1-win32-x86_64\bin\management.dll
0x00007ff8785a0000 - 0x00007ff8785ac000 	C:\Users\harry\.vscode\extensions\redhat.java-1.56.0-win32-x64\jre\21.0.12.1-win32-x86_64\bin\management_ext.dll
0x00007ff87ec00000 - 0x00007ff87ec08000 	C:\WINDOWS\System32\PSAPI.DLL
0x00007ff87c580000 - 0x00007ff87c5b3000 	C:\WINDOWS\SYSTEM32\IPHLPAPI.DLL
0x00007ff880c40000 - 0x00007ff880c4a000 	C:\WINDOWS\System32\NSI.dll
0x00007ff878590000 - 0x00007ff878599000 	C:\Users\harry\.vscode\extensions\redhat.java-1.56.0-win32-x64\jre\21.0.12.1-win32-x86_64\bin\extnet.dll
0x00007ff87d4e0000 - 0x00007ff87d4fb000 	C:\WINDOWS\SYSTEM32\CRYPTSP.dll
0x00007ff87cb60000 - 0x00007ff87cb99000 	C:\WINDOWS\system32\rsaenh.dll
0x00007ff87d2a0000 - 0x00007ff87d2d4000 	C:\WINDOWS\SYSTEM32\USERENV.dll
0x00007ff87de50000 - 0x00007ff87de7a000 	C:\WINDOWS\SYSTEM32\bcrypt.dll
0x00007ff87d500000 - 0x00007ff87d50c000 	C:\WINDOWS\SYSTEM32\CRYPTBASE.dll
0x00007ff875bb0000 - 0x00007ff875bbe000 	C:\Users\harry\.vscode\extensions\redhat.java-1.56.0-win32-x64\jre\21.0.12.1-win32-x86_64\bin\sunmscapi.dll
0x00007ff87e2c0000 - 0x00007ff87e43e000 	C:\WINDOWS\System32\CRYPT32.dll
0x00007ff87d720000 - 0x00007ff87d750000 	C:\WINDOWS\SYSTEM32\ncrypt.dll
0x00007ff87d6d0000 - 0x00007ff87d70f000 	C:\WINDOWS\SYSTEM32\NTASN1.dll
0x00007ff856150000 - 0x00007ff856158000 	C:\WINDOWS\system32\wshunix.dll

JVMTI agents:
C:\Users\harry\.gradle\wrapper\dists\gradle-9.5.1-bin\iq79hdu3mqx29lgffhp8bfmx\gradle-9.5.1\lib\agents\gradle-instrumentation-agent-9.5.1.jar path:C:\Users\harry\.vscode\extensions\redhat.java-1.56.0-win32-x64\jre\21.0.12.1-win32-x86_64\bin\instrument.dll, loaded, initialized, instrumentlib options:none

dbghelp: loaded successfully - version: 4.0.5 - missing functions: none
symbol engine: initialized successfully - sym options: 0x614 - pdb path: .;C:\Users\harry\.vscode\extensions\redhat.java-1.56.0-win32-x64\jre\21.0.12.1-win32-x86_64\bin;C:\WINDOWS\SYSTEM32;C:\WINDOWS\WinSxS\amd64_microsoft.windows.common-controls_6595b64144ccf1df_6.0.26100.9278_none_3e0d1ba8e3303201;C:\Users\harry\.vscode\extensions\redhat.java-1.56.0-win32-x64\jre\21.0.12.1-win32-x86_64\bin\server;C:\Users\harry\.gradle\native\660c5614fbf4a5f2a75b1949f50a0caf5cd603558e7d8a26e50b933a0cfb79d1\windows-amd64;C:\Users\harry\.gradle\native\0.2.8\x86_64-windows-gnu

VM Arguments:
jvm_args: -Dfile.encoding=UTF-8 --add-opens=java.base/java.lang=ALL-UNNAMED --add-opens=java.base/java.lang.invoke=ALL-UNNAMED --add-opens=java.base/java.util=ALL-UNNAMED --add-opens=java.prefs/java.util.prefs=ALL-UNNAMED --add-exports=jdk.compiler/com.sun.tools.javac.api=ALL-UNNAMED --add-exports=jdk.compiler/com.sun.tools.javac.util=ALL-UNNAMED --add-opens=java.base/java.nio.charset=ALL-UNNAMED --add-opens=java.base/java.net=ALL-UNNAMED --add-opens=java.base/java.util.concurrent=ALL-UNNAMED --add-opens=java.base/java.util.concurrent.atomic=ALL-UNNAMED --add-opens=java.xml/javax.xml.namespace=ALL-UNNAMED --add-opens=java.base/java.time=ALL-UNNAMED -XX:MaxMetaspaceSize=384m -XX:+HeapDumpOnOutOfMemoryError -Xms256m -Xmx512m -Dfile.encoding=UTF-8 -Duser.country=KR -Duser.language=ko -Duser.variant -javaagent:C:\Users\harry\.gradle\wrapper\dists\gradle-9.5.1-bin\iq79hdu3mqx29lgffhp8bfmx\gradle-9.5.1\lib\agents\gradle-instrumentation-agent-9.5.1.jar 
java_command: org.gradle.launcher.daemon.bootstrap.GradleDaemon 9.5.1
java_class_path (initial): C:\Users\harry\.gradle\wrapper\dists\gradle-9.5.1-bin\iq79hdu3mqx29lgffhp8bfmx\gradle-9.5.1\lib\gradle-daemon-main-9.5.1.jar
Launcher Type: SUN_STANDARD

[Global flags]
     intx CICompilerCount                          = 4                                         {product} {ergonomic}
   size_t CompressedClassSpaceSize                 = 335544320                                 {product} {ergonomic}
     uint ConcGCThreads                            = 3                                         {product} {ergonomic}
     uint G1ConcRefinementThreads                  = 10                                        {product} {ergonomic}
   size_t G1HeapRegionSize                         = 1048576                                   {product} {ergonomic}
    uintx GCDrainStackTargetSize                   = 64                                        {product} {ergonomic}
     bool HeapDumpOnOutOfMemoryError               = true                                   {manageable} {command line}
   size_t InitialHeapSize                          = 268435456                                 {product} {command line}
   size_t MarkStackSize                            = 4194304                                   {product} {ergonomic}
   size_t MaxHeapSize                              = 536870912                                 {product} {command line}
   size_t MaxMetaspaceSize                         = 402653184                                 {product} {command line}
   size_t MaxNewSize                               = 321912832                                 {product} {ergonomic}
   size_t MinHeapDeltaBytes                        = 1048576                                   {product} {ergonomic}
   size_t MinHeapSize                              = 268435456                                 {product} {command line}
    uintx NonNMethodCodeHeapSize                   = 5839372                                {pd product} {ergonomic}
    uintx NonProfiledCodeHeapSize                  = 122909434                              {pd product} {ergonomic}
    uintx ProfiledCodeHeapSize                     = 122909434                              {pd product} {ergonomic}
    uintx ReservedCodeCacheSize                    = 251658240                              {pd product} {ergonomic}
     bool SegmentedCodeCache                       = true                                      {product} {ergonomic}
   size_t SoftMaxHeapSize                          = 536870912                              {manageable} {ergonomic}
     bool UseCompressedOops                        = true                           {product lp64_product} {ergonomic}
     bool UseG1GC                                  = true                                      {product} {ergonomic}
     bool UseLargePagesIndividualAllocation        = false                                  {pd product} {ergonomic}

Logging:
Log output configuration:
 #0: stdout all=warning uptime,level,tags foldmultilines=false
 #1: stderr all=off uptime,level,tags foldmultilines=false

Release file:
JAVA_VERSION="21.0.12.1" 
MODULES="java.base java.compiler java.datatransfer java.xml java.prefs java.desktop java.instrument java.logging java.management java.security.sasl java.naming java.rmi java.management.rmi java.net.http java.scripting java.security.jgss java.transaction.xa java.sql java.sql.rowset java.xml.crypto java.se java.smartcardio jdk.accessibility jdk.internal.jvmstat jdk.attach jdk.charsets jdk.internal.opt jdk.zipfs jdk.compiler jdk.crypto.ec jdk.crypto.cryptoki jdk.crypto.mscapi jdk.dynalink jdk.internal.ed jdk.editpad jdk.hotspot.agent jdk.httpserver jdk.internal.le jdk.internal.vm.ci jdk.internal.vm.compiler jdk.internal.vm.compiler.management jdk.jartool jdk.javadoc jdk.jcmd jdk.management jdk.management.agent jdk.jconsole jdk.jdeps jdk.jdwp.agent jdk.jdi jdk.jfr jdk.jshell jdk.jsobject jdk.jstatd jdk.localedata jdk.management.jfr jdk.naming.dns jdk.naming.rmi jdk.net jdk.nio.mapmode jdk.random jdk.sctp jdk.security.auth jdk.security.jgss jdk.unsupported jdk.unsupported.desktop jdk.xml.dom" 

Environment Variables:
JAVA_TOOL_OPTIONS=-Dfile.encoding=UTF-8
PATH=C:\Program Files\Common Files\Oracle\Java\javapath;C:\Program Files (x86)\VMware\VMware Workstation\bin\;C:\WINDOWS\system32;C:\WINDOWS;C:\WINDOWS\System32\Wbem;C:\WINDOWS\System32\WindowsPowerShell\v1.0\;C:\WINDOWS\System32\OpenSSH\;C:\Program Files\nodejs\;C:\Program Files\Git\cmd;C:\apache-maven-3.9.12-bin\apache-maven-3.9.12\bin;C:\Program Files\Microsoft SQL Server\Client SDK\ODBC\170\Tools\Binn\;C:\Program Files\Microsoft SQL Server\160\DTS\Binn\;C:\Program Files (x86)\cloudflared\;C:\Users\harry\.local\bin;C:\Users\harry\AppData\Local\Microsoft\WindowsApps;C:\Users\harry\AppData\Local\Programs\Microsoft VS Code\bin;C:\Users\harry\AppData\Roaming\npm;C:\Users\harry\AppData\Local\GitHubDesktop\bin;C:\Users\harry\.lmstudio\bin;C:\Program Files\JetBrains\IntelliJ IDEA 2026.2.1\bin;C:\Users\harry\AppData\Local\Programs\DockerDesktop\resources\bin
USERNAME=harry
OS=Windows_NT
PROCESSOR_IDENTIFIER=Intel64 Family 6 Model 186 Stepping 3, GenuineIntel
TMP=C:\Users\harry\AppData\Local\Temp
TEMP=C:\Users\harry\AppData\Local\Temp




Periodic native trim disabled

---------------  S Y S T E M  ---------------

OS:
 Windows 11 , 64 bit Build 26100 (10.0.26100.9444)
OS uptime: 5 days 0:54 hours
Hyper-V role detected

CPU: total 12 (initial active 12) (6 cores per cpu, 2 threads per core) family 6 model 186 stepping 3 microcode 0x411f, cx8, cmov, fxsr, ht, mmx, 3dnowpref, sse, sse2, sse3, ssse3, sse4.1, sse4.2, popcnt, lzcnt, tsc, tscinvbit, avx, avx2, aes, erms, clmul, bmi1, bmi2, adx, sha, fma, vzeroupper, clflush, clflushopt, clwb, hv, serialize, rdtscp, rdpid, fsrm, f16c, cet_ibt, cet_ss
Processor Information for processor 0
  Max Mhz: 1300, Current Mhz: 1300, Mhz Limit: 1300
Processor Information for processor 1
  Max Mhz: 1300, Current Mhz: 1300, Mhz Limit: 1300
Processor Information for processor 2
  Max Mhz: 1300, Current Mhz: 1300, Mhz Limit: 1300
Processor Information for processor 3
  Max Mhz: 1300, Current Mhz: 1300, Mhz Limit: 1300
Processor Information for processor 4
  Max Mhz: 1300, Current Mhz: 900, Mhz Limit: 897
Processor Information for processor 5
  Max Mhz: 1300, Current Mhz: 900, Mhz Limit: 897
Processor Information for processor 6
  Max Mhz: 1300, Current Mhz: 900, Mhz Limit: 897
Processor Information for processor 7
  Max Mhz: 1300, Current Mhz: 900, Mhz Limit: 897
Processor Information for processor 8
  Max Mhz: 1300, Current Mhz: 900, Mhz Limit: 897
Processor Information for processor 9
  Max Mhz: 1300, Current Mhz: 900, Mhz Limit: 897
Processor Information for processor 10
  Max Mhz: 1300, Current Mhz: 900, Mhz Limit: 897
Processor Information for processor 11
  Max Mhz: 1300, Current Mhz: 900, Mhz Limit: 897

Memory: 4k page, system-wide physical 16067M (394M free)
TotalPageFile size 65219M (AvailPageFile size 3906M)
current process WorkingSet (physical memory assigned to process): 183M, peak: 200M
current process commit charge ("private bytes"): 463M, peak: 468M

vm_info: OpenJDK 64-Bit Server VM (21.0.12.1+1-LTS) for windows-amd64 JRE (21.0.12.1+1-LTS), built on 2026-08-18T00:00:00Z by "admin" with MS VC++ 17.12 (VS2022)

END.
